Component: ARM Compiler 5.06 update 6 (build 750) Tool: armlink [4d35ed]

==============================================================================

Section Cross References

    main.o(i.blink_v1) refers to drv_leds.o(i.drv_led_establecer) for drv_led_establecer
    main.o(i.blink_v1) refers to drv_leds.o(i.drv_led_conmutar) for drv_led_conmutar
    main.o(i.blink_v2) refers to drv_leds.o(i.drv_led_establecer) for drv_led_establecer
    main.o(i.blink_v2) refers to drv_tiempo.o(i.drv_tiempo_actual_ms) for drv_tiempo_actual_ms
    main.o(i.blink_v2) refers to drv_tiempo.o(i.drv_tiempo_esperar_hasta_ms) for drv_tiempo_esperar_hasta_ms
    main.o(i.blink_v2) refers to drv_leds.o(i.drv_led_conmutar) for drv_led_conmutar
    main.o(i.blink_v3) refers to drv_consumo.o(i.drv_consumo_iniciar) for drv_consumo_iniciar
    main.o(i.blink_v3) refers to drv_leds.o(i.drv_led_establecer) for drv_led_establecer
    main.o(i.blink_v3) refers to drv_tiempo.o(i.drv_tiempo_periodico_ms) for drv_tiempo_periodico_ms
    main.o(i.blink_v3) refers to drv_consumo.o(i.drv_consumo_esperar) for drv_consumo_esperar
    main.o(i.blink_v3) refers to main.o(i.leds_c) for leds_c
    main.o(i.blink_v3_bis) refers to drv_monitor.o(i.drv_monitor_iniciar) for drv_monitor_iniciar
    main.o(i.blink_v3_bis) refers to drv_consumo.o(i.drv_consumo_iniciar) for drv_consumo_iniciar
    main.o(i.blink_v3_bis) refers to drv_botones.o(i.drv_botones_iniciar) for drv_botones_iniciar
    main.o(i.blink_v3_bis) refers to drv_tiempo.o(i.drv_tiempo_periodico_ms) for drv_tiempo_periodico_ms
    main.o(i.blink_v3_bis) refers to drv_consumo.o(i.drv_consumo_esperar) for drv_consumo_esperar
    main.o(i.blink_v3_bis) refers to drv_consumo.o(i.drv_consumo_dormir) for drv_consumo_dormir
    main.o(i.blink_v3_bis) refers to main.o(i.drv_boton_estado_actualizar) for drv_boton_estado_actualizar
    main.o(i.blink_v3_bis) refers to main.o(i.leds_c) for leds_c
    main.o(i.blink_v4) refers to drv_consumo.o(i.drv_consumo_iniciar) for drv_consumo_iniciar
    main.o(i.blink_v4) refers to drv_monitor.o(i.drv_monitor_iniciar) for drv_monitor_iniciar
    main.o(i.blink_v4) refers to rt_fifo.o(i.rt_FIFO_inicializar) for rt_FIFO_inicializar
    main.o(i.blink_v4) refers to drv_leds.o(i.drv_led_establecer) for drv_led_establecer
    main.o(i.blink_v4) refers to drv_tiempo.o(i.drv_tiempo_periodico_ms) for drv_tiempo_periodico_ms
    main.o(i.blink_v4) refers to rt_fifo.o(i.rt_FIFO_extraer) for rt_FIFO_extraer
    main.o(i.blink_v4) refers to drv_leds.o(i.drv_led_conmutar) for drv_led_conmutar
    main.o(i.blink_v4) refers to drv_consumo.o(i.drv_consumo_esperar) for drv_consumo_esperar
    main.o(i.blink_v4) refers to rt_fifo.o(i.rt_FIFO_encolar) for rt_FIFO_encolar
    main.o(i.leds_c) refers to drv_monitor.o(i.drv_monitor_desmarcar) for drv_monitor_desmarcar
    main.o(i.leds_c) refers to drv_leds.o(i.drv_led_conmutar) for drv_led_conmutar
    main.o(i.leds_c) refers to drv_monitor.o(i.drv_monitor_marcar) for drv_monitor_marcar
    main.o(i.main) refers to drv_tiempo.o(i.drv_tiempo_iniciar) for drv_tiempo_iniciar
    main.o(i.main) refers to hal_gpio_nrf.o(i.hal_gpio_iniciar) for hal_gpio_iniciar
    main.o(i.main) refers to drv_leds.o(i.drv_leds_iniciar) for drv_leds_iniciar
    main.o(i.main) refers to guitar_hero.o(i.guitar_hero) for guitar_hero
    drv_leds.o(i.drv_led_conmutar) refers to hal_gpio_nrf.o(i.hal_gpio_leer) for hal_gpio_leer
    drv_leds.o(i.drv_led_conmutar) refers to hal_gpio_nrf.o(i.hal_gpio_escribir) for hal_gpio_escribir
    drv_leds.o(i.drv_led_conmutar) refers to drv_leds.o(.constdata) for .constdata
    drv_leds.o(i.drv_led_establecer) refers to hal_gpio_nrf.o(i.hal_gpio_escribir) for hal_gpio_escribir
    drv_leds.o(i.drv_led_establecer) refers to drv_leds.o(.constdata) for .constdata
    drv_leds.o(i.drv_led_estado) refers to hal_gpio_nrf.o(i.hal_gpio_leer) for hal_gpio_leer
    drv_leds.o(i.drv_led_estado) refers to drv_leds.o(.constdata) for .constdata
    drv_leds.o(i.drv_leds_iniciar) refers to hal_gpio_nrf.o(i.hal_gpio_sentido) for hal_gpio_sentido
    drv_leds.o(i.drv_leds_iniciar) refers to hal_gpio_nrf.o(i.hal_gpio_escribir) for hal_gpio_escribir
    drv_leds.o(i.drv_leds_iniciar) refers to drv_leds.o(.constdata) for .constdata
    drv_tiempo.o(i.callback_wrapper_interno) refers to drv_tiempo.o(.data) for .data
    drv_tiempo.o(i.drv_tiempo_actual_ms) refers to hal_tiempo_nrf.o(i.hal_tiempo_actual_tick64) for hal_tiempo_actual_tick64
    drv_tiempo.o(i.drv_tiempo_actual_ms) refers to uldiv.o(.text) for __aeabi_uldivmod
    drv_tiempo.o(i.drv_tiempo_actual_ms) refers to drv_tiempo.o(.bss) for .bss
    drv_tiempo.o(i.drv_tiempo_actual_us) refers to hal_tiempo_nrf.o(i.hal_tiempo_actual_tick64) for hal_tiempo_actual_tick64
    drv_tiempo.o(i.drv_tiempo_actual_us) refers to uldiv.o(.text) for __aeabi_uldivmod
    drv_tiempo.o(i.drv_tiempo_actual_us) refers to drv_tiempo.o(.bss) for .bss
    drv_tiempo.o(i.drv_tiempo_esperar_hasta_ms) refers to hal_tiempo_nrf.o(i.hal_tiempo_actual_tick64) for hal_tiempo_actual_tick64
    drv_tiempo.o(i.drv_tiempo_esperar_hasta_ms) refers to uldiv.o(.text) for __aeabi_uldivmod
    drv_tiempo.o(i.drv_tiempo_esperar_hasta_ms) refers to drv_tiempo.o(.bss) for .bss
    drv_tiempo.o(i.drv_tiempo_esperar_ms) refers to hal_tiempo_nrf.o(i.hal_tiempo_actual_tick64) for hal_tiempo_actual_tick64
    drv_tiempo.o(i.drv_tiempo_esperar_ms) refers to uldiv.o(.text) for __aeabi_uldivmod
    drv_tiempo.o(i.drv_tiempo_esperar_ms) refers to drv_tiempo.o(.bss) for .bss
    drv_tiempo.o(i.drv_tiempo_iniciar) refers to hal_tiempo_nrf.o(i.hal_tiempo_iniciar_tick) for hal_tiempo_iniciar_tick
    drv_tiempo.o(i.drv_tiempo_iniciar) refers to drv_tiempo.o(.bss) for .bss
    drv_tiempo.o(i.drv_tiempo_periodico_ms) refers to hal_tiempo_nrf.o(i.hal_iniciar_T0) for hal_iniciar_T0
    drv_tiempo.o(i.drv_tiempo_periodico_ms) refers to hal_tiempo_nrf.o(i.hal_tiempo_reloj_periodico_tick) for hal_tiempo_reloj_periodico_tick
    drv_tiempo.o(i.drv_tiempo_periodico_ms) refers to drv_tiempo.o(.data) for .data
    drv_tiempo.o(i.drv_tiempo_periodico_ms) refers to drv_tiempo.o(.bss) for .bss
    drv_tiempo.o(i.drv_tiempo_periodico_ms) refers to drv_tiempo.o(i.callback_wrapper_interno) for callback_wrapper_interno
    drv_consumo.o(i.drv_consumo_dormir) refers to hal_ext_int_nrf.o(i.hal_ext_int_clear) for hal_ext_int_clear
    drv_consumo.o(i.drv_consumo_dormir) refers to hal_consumo_nrf.o(i.hal_consumo_dormir) for hal_consumo_dormir
    drv_consumo.o(i.drv_consumo_dormir) refers to drv_monitor.o(i.drv_monitor_marcar) for drv_monitor_marcar
    drv_consumo.o(i.drv_consumo_dormir) refers to drv_consumo.o(.data) for .data
    drv_consumo.o(i.drv_consumo_esperar) refers to drv_monitor.o(i.drv_monitor_desmarcar) for drv_monitor_desmarcar
    drv_consumo.o(i.drv_consumo_esperar) refers to hal_consumo_nrf.o(i.hal_consumo_esperar) for hal_consumo_esperar
    drv_consumo.o(i.drv_consumo_esperar) refers to drv_monitor.o(i.drv_monitor_marcar) for drv_monitor_marcar
    drv_consumo.o(i.drv_consumo_esperar) refers to drv_consumo.o(.data) for .data
    drv_consumo.o(i.drv_consumo_iniciar) refers to hal_consumo_nrf.o(i.hal_consumo_iniciar) for hal_consumo_iniciar
    drv_consumo.o(i.drv_consumo_iniciar) refers to drv_monitor.o(i.drv_monitor_iniciar) for drv_monitor_iniciar
    drv_consumo.o(i.drv_consumo_iniciar) refers to drv_consumo.o(.data) for .data
    drv_monitor.o(i.drv_monitor_desmarcar) refers to hal_gpio_nrf.o(i.hal_gpio_escribir) for hal_gpio_escribir
    drv_monitor.o(i.drv_monitor_desmarcar) refers to drv_monitor.o(.constdata) for .constdata
    drv_monitor.o(i.drv_monitor_iniciar) refers to hal_gpio_nrf.o(i.hal_gpio_sentido) for hal_gpio_sentido
    drv_monitor.o(i.drv_monitor_iniciar) refers to hal_gpio_nrf.o(i.hal_gpio_escribir) for hal_gpio_escribir
    drv_monitor.o(i.drv_monitor_iniciar) refers to drv_monitor.o(.constdata) for .constdata
    drv_monitor.o(i.drv_monitor_marcar) refers to hal_gpio_nrf.o(i.hal_gpio_escribir) for hal_gpio_escribir
    drv_monitor.o(i.drv_monitor_marcar) refers to drv_monitor.o(.constdata) for .constdata
    rt_fifo.o(i.rt_FIFO_encolar) refers to drv_monitor.o(i.drv_monitor_marcar) for drv_monitor_marcar
    rt_fifo.o(i.rt_FIFO_encolar) refers to drv_leds.o(i.drv_led_establecer) for drv_led_establecer
    rt_fifo.o(i.rt_FIFO_encolar) refers to drv_tiempo.o(i.drv_tiempo_actual_us) for drv_tiempo_actual_us
    rt_fifo.o(i.rt_FIFO_encolar) refers to rt_fifo.o(.bss) for .bss
    rt_fifo.o(i.rt_FIFO_estadisticas) refers to rt_fifo.o(.bss) for .bss
    rt_fifo.o(i.rt_FIFO_extraer) refers to rt_fifo.o(.bss) for .bss
    rt_fifo.o(i.rt_FIFO_inicializar) refers to rt_fifo.o(.bss) for .bss
    drv_botones.o(i.drv_botones_actualizar) refers to hal_ext_int_nrf.o(i.pin_to_eint) for pin_to_eint
    drv_botones.o(i.drv_botones_actualizar) refers to hal_ext_int_nrf.o(i.hal_ext_int_clear_flag) for hal_ext_int_clear_flag
    drv_botones.o(i.drv_botones_actualizar) refers to hal_ext_int_nrf.o(i.hal_ext_int_habilitar_int) for hal_ext_int_habilitar_int
    drv_botones.o(i.drv_botones_actualizar) refers to hal_ext_int_nrf.o(i.hal_ext_int_deshabilitar_int) for hal_ext_int_deshabilitar_int
    drv_botones.o(i.drv_botones_actualizar) refers to svc_alarma.o(i.svc_alarma_codificar) for svc_alarma_codificar
    drv_botones.o(i.drv_botones_actualizar) refers to svc_alarma.o(i.svc_alarma_activar) for svc_alarma_activar
    drv_botones.o(i.drv_botones_actualizar) refers to hal_ext_int_nrf.o(i.pin_to_gpio) for pin_to_gpio
    drv_botones.o(i.drv_botones_actualizar) refers to hal_gpio_nrf.o(i.hal_gpio_leer_in) for hal_gpio_leer_in
    drv_botones.o(i.drv_botones_actualizar) refers to drv_botones.o(.bss) for .bss
    drv_botones.o(i.drv_botones_iniciar) refers to hal_ext_int_nrf.o(i.hal_ext_int_iniciar) for hal_ext_int_iniciar
    drv_botones.o(i.drv_botones_iniciar) refers to svc_alarma.o(i.svc_alarma_iniciar) for svc_alarma_iniciar
    drv_botones.o(i.drv_botones_iniciar) refers to hal_ext_int_nrf.o(i.hal_ext_int_habilitar_int) for hal_ext_int_habilitar_int
    drv_botones.o(i.drv_botones_iniciar) refers to hal_ext_int_nrf.o(i.hal_ext_int_habilitar_despertar) for hal_ext_int_habilitar_despertar
    drv_botones.o(i.drv_botones_iniciar) refers to hal_gpio_nrf.o(i.hal_gpio_sentido) for hal_gpio_sentido
    drv_botones.o(i.drv_botones_iniciar) refers to rt_ge.o(i.svc_GE_suscribir) for svc_GE_suscribir
    drv_botones.o(i.drv_botones_iniciar) refers to rt_fifo.o(i.rt_FIFO_encolar) for rt_FIFO_encolar
    drv_botones.o(i.drv_botones_iniciar) refers to drv_botones.o(.bss) for .bss
    drv_botones.o(i.drv_botones_iniciar) refers to drv_botones.o(.constdata) for .constdata
    drv_botones.o(i.drv_botones_iniciar) refers to drv_botones.o(i.drv_botones_actualizar) for drv_botones_actualizar
    rt_ge.o(i.rt_GE_actualizar) refers to svc_alarma.o(i.svc_alarma_codificar) for svc_alarma_codificar
    rt_ge.o(i.rt_GE_actualizar) refers to svc_alarma.o(i.svc_alarma_activar) for svc_alarma_activar
    rt_ge.o(i.rt_GE_actualizar) refers to drv_consumo.o(i.drv_consumo_dormir) for drv_consumo_dormir
    rt_ge.o(i.rt_GE_actualizar) refers to rt_ge.o(.data) for .data
    rt_ge.o(i.rt_GE_iniciar) refers to rt_ge.o(i.svc_GE_suscribir) for svc_GE_suscribir
    rt_ge.o(i.rt_GE_iniciar) refers to drv_monitor.o(i.drv_monitor_marcar) for drv_monitor_marcar
    rt_ge.o(i.rt_GE_iniciar) refers to rt_ge.o(.data) for .data
    rt_ge.o(i.rt_GE_iniciar) refers to rt_ge.o(.bss) for .bss
    rt_ge.o(i.rt_GE_iniciar) refers to rt_ge.o(i.rt_GE_actualizar) for rt_GE_actualizar
    rt_ge.o(i.rt_GE_lanzador) refers to svc_alarma.o(i.svc_alarma_codificar) for svc_alarma_codificar
    rt_ge.o(i.rt_GE_lanzador) refers to svc_alarma.o(i.svc_alarma_activar) for svc_alarma_activar
    rt_ge.o(i.rt_GE_lanzador) refers to rt_fifo.o(i.rt_FIFO_extraer) for rt_FIFO_extraer
    rt_ge.o(i.rt_GE_lanzador) refers to drv_wdt.o(i.drv_wdt_feed) for drv_wdt_feed
    rt_ge.o(i.rt_GE_lanzador) refers to drv_consumo.o(i.drv_consumo_esperar) for drv_consumo_esperar
    rt_ge.o(i.rt_GE_lanzador) refers to rt_ge.o(.data) for .data
    rt_ge.o(i.rt_GE_lanzador) refers to rt_ge.o(.bss) for .bss
    rt_ge.o(i.svc_GE_cancelar) refers to rt_ge.o(.bss) for .bss
    rt_ge.o(i.svc_GE_suscribir) refers to drv_monitor.o(i.drv_monitor_marcar) for drv_monitor_marcar
    rt_ge.o(i.svc_GE_suscribir) refers to rt_ge.o(.bss) for .bss
    rt_ge.o(i.svc_GE_suscribir) refers to rt_ge.o(.data) for .data
    svc_alarma.o(i.svc_alarma_activar) refers to drv_monitor.o(i.drv_monitor_marcar) for drv_monitor_marcar
    svc_alarma.o(i.svc_alarma_activar) refers to drv_uart.o(i.drv_uart_puts) for drv_uart_puts
    svc_alarma.o(i.svc_alarma_activar) refers to svc_alarma.o(.bss) for .bss
    svc_alarma.o(i.svc_alarma_activar) refers to svc_alarma.o(.data) for .data
    svc_alarma.o(i.svc_alarma_actualizar) refers to svc_alarma.o(.data) for .data
    svc_alarma.o(i.svc_alarma_actualizar) refers to svc_alarma.o(.bss) for .bss
    svc_alarma.o(i.svc_alarma_iniciar) refers to drv_tiempo.o(i.drv_tiempo_periodico_ms) for drv_tiempo_periodico_ms
    svc_alarma.o(i.svc_alarma_iniciar) refers to rt_ge.o(i.svc_GE_suscribir) for svc_GE_suscribir
    svc_alarma.o(i.svc_alarma_iniciar) refers to svc_alarma.o(.data) for .data
    svc_alarma.o(i.svc_alarma_iniciar) refers to svc_alarma.o(.bss) for .bss
    svc_alarma.o(i.svc_alarma_iniciar) refers to svc_alarma.o(i.svc_alarma_actualizar) for svc_alarma_actualizar
    bit_counter_strike.o(i.actualizar_bit_counter_strike) refers to hal_random_nrf.o(i.random_value) for random_value
    bit_counter_strike.o(i.actualizar_bit_counter_strike) refers to drv_leds.o(i.drv_led_establecer) for drv_led_establecer
    bit_counter_strike.o(i.actualizar_bit_counter_strike) refers to svc_alarma.o(i.svc_alarma_codificar) for svc_alarma_codificar
    bit_counter_strike.o(i.actualizar_bit_counter_strike) refers to svc_alarma.o(i.svc_alarma_activar) for svc_alarma_activar
    bit_counter_strike.o(i.actualizar_bit_counter_strike) refers to bit_counter_strike.o(.data) for .data
    bit_counter_strike.o(i.bit_counter_strike) refers to drv_monitor.o(i.drv_monitor_iniciar) for drv_monitor_iniciar
    bit_counter_strike.o(i.bit_counter_strike) refers to drv_consumo.o(i.drv_consumo_iniciar) for drv_consumo_iniciar
    bit_counter_strike.o(i.bit_counter_strike) refers to rt_fifo.o(i.rt_FIFO_inicializar) for rt_FIFO_inicializar
    bit_counter_strike.o(i.bit_counter_strike) refers to rt_ge.o(i.rt_GE_iniciar) for rt_GE_iniciar
    bit_counter_strike.o(i.bit_counter_strike) refers to drv_botones.o(i.drv_botones_iniciar) for drv_botones_iniciar
    bit_counter_strike.o(i.bit_counter_strike) refers to svc_alarma.o(i.svc_alarma_codificar) for svc_alarma_codificar
    bit_counter_strike.o(i.bit_counter_strike) refers to svc_alarma.o(i.svc_alarma_activar) for svc_alarma_activar
    bit_counter_strike.o(i.bit_counter_strike) refers to rt_ge.o(i.svc_GE_suscribir) for svc_GE_suscribir
    bit_counter_strike.o(i.bit_counter_strike) refers to drv_tiempo.o(i.drv_tiempo_actual_us) for drv_tiempo_actual_us
    bit_counter_strike.o(i.bit_counter_strike) refers to hal_random_nrf.o(i.random_iniciar) for random_iniciar
    bit_counter_strike.o(i.bit_counter_strike) refers to drv_wdt.o(i.drv_wdt_iniciar) for drv_wdt_iniciar
    bit_counter_strike.o(i.bit_counter_strike) refers to drv_leds.o(i.drv_led_establecer) for drv_led_establecer
    bit_counter_strike.o(i.bit_counter_strike) refers to drv_consumo.o(i.drv_consumo_esperar) for drv_consumo_esperar
    bit_counter_strike.o(i.bit_counter_strike) refers to rt_ge.o(i.rt_GE_lanzador) for rt_GE_lanzador
    bit_counter_strike.o(i.bit_counter_strike) refers to bit_counter_strike.o(.data) for .data
    bit_counter_strike.o(i.bit_counter_strike) refers to bit_counter_strike.o(i.manejador_interrupcion_botones) for manejador_interrupcion_botones
    bit_counter_strike.o(i.bit_counter_strike) refers to bit_counter_strike.o(i.actualizar_bit_counter_strike) for actualizar_bit_counter_strike
    bit_counter_strike.o(i.bit_counter_strike) refers to bit_counter_strike.o(i.timeout_led) for timeout_led
    bit_counter_strike.o(i.iniciarBCS) refers to drv_leds.o(i.drv_led_establecer) for drv_led_establecer
    bit_counter_strike.o(i.iniciarBCS) refers to drv_consumo.o(i.drv_consumo_esperar) for drv_consumo_esperar
    bit_counter_strike.o(i.iniciarBCS) refers to bit_counter_strike.o(.data) for .data
    bit_counter_strike.o(i.manejador_interrupcion_botones) refers to drv_botones.o(i.drv_botones_actualizar) for drv_botones_actualizar
    bit_counter_strike.o(i.manejador_interrupcion_botones) refers to rt_fifo.o(i.rt_FIFO_encolar) for rt_FIFO_encolar
    bit_counter_strike.o(i.timeout_led) refers to drv_leds.o(i.drv_led_establecer) for drv_led_establecer
    bit_counter_strike.o(i.timeout_led) refers to bit_counter_strike.o(.data) for .data
    drv_sc.o(i.drv_sc_disable) refers to hal_sc_nrf.o(i.hal_sc_disable) for hal_sc_disable
    drv_sc.o(i.drv_sc_disable) refers to drv_sc.o(.data) for .data
    drv_sc.o(i.drv_sc_enable) refers to hal_sc_nrf.o(i.hal_sc_restaurar) for hal_sc_restaurar
    drv_sc.o(i.drv_sc_enable) refers to drv_sc.o(.data) for .data
    drv_wdt.o(i.drv_wdt_feed) refers to drv_sc.o(i.drv_sc_disable) for drv_sc_disable
    drv_wdt.o(i.drv_wdt_feed) refers to hal_wdt_nrf.o(i.hal_wdt_feed) for hal_wdt_feed
    drv_wdt.o(i.drv_wdt_feed) refers to drv_sc.o(i.drv_sc_enable) for drv_sc_enable
    drv_wdt.o(i.drv_wdt_iniciar) refers to drv_sc.o(i.drv_sc_disable) for drv_sc_disable
    drv_wdt.o(i.drv_wdt_iniciar) refers to hal_wdt_nrf.o(i.hal_wdt_iniciar) for hal_wdt_iniciar
    drv_wdt.o(i.drv_wdt_iniciar) refers to drv_sc.o(i.drv_sc_enable) for drv_sc_enable
    drv_uart.o(i.drv_uart_data_available) refers to hal_uart_nrf.o(i.hal_uart_data_available) for hal_uart_data_available
    drv_uart.o(i.drv_uart_getchar) refers to hal_uart_nrf.o(i.hal_uart_getchar) for hal_uart_getchar
    drv_uart.o(i.drv_uart_init) refers to hal_uart_nrf.o(i.hal_uart_init) for hal_uart_init
    drv_uart.o(i.drv_uart_putchar) refers to hal_uart_nrf.o(i.hal_uart_putchar) for hal_uart_putchar
    drv_uart.o(i.drv_uart_putint) refers to hal_uart_nrf.o(i.hal_uart_putchar) for hal_uart_putchar
    drv_uart.o(i.drv_uart_puts) refers to hal_uart_nrf.o(i.hal_uart_putchar) for hal_uart_putchar
    guitar_hero.o(i.comprobar_acierto) refers to guitar_hero.o(.data) for .data
    guitar_hero.o(i.estadisticas_guitar_hero) refers to drv_uart.o(i.drv_uart_puts) for drv_uart_puts
    guitar_hero.o(i.estadisticas_guitar_hero) refers to drv_uart.o(i.drv_uart_putint) for drv_uart_putint
    guitar_hero.o(i.estadisticas_guitar_hero) refers to guitar_hero.o(.data) for .data
    guitar_hero.o(i.evento_guitar_hero) refers to rt_fifo.o(i.rt_FIFO_encolar) for rt_FIFO_encolar
    guitar_hero.o(i.evento_guitar_hero) refers to guitar_hero.o(i.modificar_puntuacion) for modificar_puntuacion
    guitar_hero.o(i.evento_guitar_hero) refers to svc_alarma.o(i.svc_alarma_codificar) for svc_alarma_codificar
    guitar_hero.o(i.evento_guitar_hero) refers to svc_alarma.o(i.svc_alarma_activar) for svc_alarma_activar
    guitar_hero.o(i.evento_guitar_hero) refers to drv_leds.o(i.drv_led_establecer) for drv_led_establecer
    guitar_hero.o(i.evento_guitar_hero) refers to guitar_hero.o(.data) for .data
    guitar_hero.o(i.fin_partida_guitar_hero) refers to svc_alarma.o(i.svc_alarma_codificar) for svc_alarma_codificar
    guitar_hero.o(i.fin_partida_guitar_hero) refers to svc_alarma.o(i.svc_alarma_activar) for svc_alarma_activar
    guitar_hero.o(i.fin_partida_guitar_hero) refers to rt_ge.o(i.svc_GE_cancelar) for svc_GE_cancelar
    guitar_hero.o(i.fin_partida_guitar_hero) refers to drv_uart.o(i.drv_uart_puts) for drv_uart_puts
    guitar_hero.o(i.fin_partida_guitar_hero) refers to drv_uart.o(i.drv_uart_putint) for drv_uart_putint
    guitar_hero.o(i.fin_partida_guitar_hero) refers to rt_ge.o(i.svc_GE_suscribir) for svc_GE_suscribir
    guitar_hero.o(i.fin_partida_guitar_hero) refers to rt_ge.o(i.rt_GE_lanzador) for rt_GE_lanzador
    guitar_hero.o(i.fin_partida_guitar_hero) refers to guitar_hero.o(i.evento_guitar_hero) for evento_guitar_hero
    guitar_hero.o(i.fin_partida_guitar_hero) refers to guitar_hero.o(.data) for .data
    guitar_hero.o(i.fin_partida_guitar_hero) refers to guitar_hero.o(i.estadisticas_guitar_hero) for i.estadisticas_guitar_hero
    guitar_hero.o(i.fin_partida_guitar_hero) refers to guitar_hero.o(i.sec_inicio_gh) for sec_inicio_gh
    guitar_hero.o(i.guitar_hero) refers to drv_monitor.o(i.drv_monitor_iniciar) for drv_monitor_iniciar
    guitar_hero.o(i.guitar_hero) refers to drv_consumo.o(i.drv_consumo_iniciar) for drv_consumo_iniciar
    guitar_hero.o(i.guitar_hero) refers to rt_fifo.o(i.rt_FIFO_inicializar) for rt_FIFO_inicializar
    guitar_hero.o(i.guitar_hero) refers to rt_ge.o(i.rt_GE_iniciar) for rt_GE_iniciar
    guitar_hero.o(i.guitar_hero) refers to drv_wdt.o(i.drv_wdt_iniciar) for drv_wdt_iniciar
    guitar_hero.o(i.guitar_hero) refers to drv_botones.o(i.drv_botones_iniciar) for drv_botones_iniciar
    guitar_hero.o(i.guitar_hero) refers to rt_ge.o(i.svc_GE_suscribir) for svc_GE_suscribir
    guitar_hero.o(i.guitar_hero) refers to drv_uart.o(i.drv_uart_init) for drv_uart_init
    guitar_hero.o(i.guitar_hero) refers to svc_alarma.o(i.svc_alarma_codificar) for svc_alarma_codificar
    guitar_hero.o(i.guitar_hero) refers to svc_alarma.o(i.svc_alarma_activar) for svc_alarma_activar
    guitar_hero.o(i.guitar_hero) refers to rt_ge.o(i.rt_GE_lanzador) for rt_GE_lanzador
    guitar_hero.o(i.guitar_hero) refers to guitar_hero.o(.data) for .data
    guitar_hero.o(i.guitar_hero) refers to guitar_hero.o(i.manejador_interrupcion_botones_gh) for manejador_interrupcion_botones_gh
    guitar_hero.o(i.guitar_hero) refers to guitar_hero.o(i.fin_partida_guitar_hero) for fin_partida_guitar_hero
    guitar_hero.o(i.guitar_hero) refers to guitar_hero.o(i.evento_guitar_hero) for evento_guitar_hero
    guitar_hero.o(i.guitar_hero) refers to guitar_hero.o(i.sec_inicio_gh) for sec_inicio_gh
    guitar_hero.o(i.main_secuencias_gh) refers to svc_alarma.o(i.svc_alarma_codificar) for svc_alarma_codificar
    guitar_hero.o(i.main_secuencias_gh) refers to svc_alarma.o(i.svc_alarma_activar) for svc_alarma_activar
    guitar_hero.o(i.main_secuencias_gh) refers to rt_ge.o(i.svc_GE_suscribir) for svc_GE_suscribir
    guitar_hero.o(i.main_secuencias_gh) refers to guitar_hero.o(.data) for .data
    guitar_hero.o(i.main_secuencias_gh) refers to guitar_hero.o(i.sec_fin_gh) for sec_fin_gh
    guitar_hero.o(i.main_secuencias_gh) refers to guitar_hero.o(i.sec_inicio_gh) for sec_inicio_gh
    guitar_hero.o(i.manejador_interrupcion_botones_fin) refers to drv_leds.o(i.drv_led_establecer) for drv_led_establecer
    guitar_hero.o(i.manejador_interrupcion_botones_fin) refers to drv_consumo.o(i.drv_consumo_esperar) for drv_consumo_esperar
    guitar_hero.o(i.manejador_interrupcion_botones_fin) refers to guitar_hero.o(.data) for .data
    guitar_hero.o(i.manejador_interrupcion_botones_gh) refers to drv_botones.o(i.drv_botones_actualizar) for drv_botones_actualizar
    guitar_hero.o(i.manejador_interrupcion_botones_gh) refers to rt_fifo.o(i.rt_FIFO_encolar) for rt_FIFO_encolar
    guitar_hero.o(i.manejador_interrupcion_botones_gh) refers to drv_leds.o(i.drv_led_establecer) for drv_led_establecer
    guitar_hero.o(i.manejador_interrupcion_botones_gh) refers to drv_consumo.o(i.drv_consumo_esperar) for drv_consumo_esperar
    guitar_hero.o(i.manejador_interrupcion_botones_gh) refers to guitar_hero.o(.data) for .data
    guitar_hero.o(i.manejador_interrupcion_botones_juego) refers to drv_botones.o(i.drv_botones_actualizar) for drv_botones_actualizar
    guitar_hero.o(i.manejador_interrupcion_botones_juego) refers to rt_fifo.o(i.rt_FIFO_encolar) for rt_FIFO_encolar
    guitar_hero.o(i.manejador_interrupcion_botones_juego) refers to drv_leds.o(i.drv_led_establecer) for drv_led_establecer
    guitar_hero.o(i.manejador_interrupcion_botones_juego) refers to drv_consumo.o(i.drv_consumo_esperar) for drv_consumo_esperar
    guitar_hero.o(i.manejador_interrupcion_botones_juego) refers to guitar_hero.o(.data) for .data
    guitar_hero.o(i.modificar_puntuacion) refers to guitar_hero.o(.data) for .data
    guitar_hero.o(i.obtener_notas) refers to guitar_hero.o(.data) for .data
    guitar_hero.o(i.partida_guitar_hero) refers to svc_alarma.o(i.svc_alarma_codificar) for svc_alarma_codificar
    guitar_hero.o(i.partida_guitar_hero) refers to svc_alarma.o(i.svc_alarma_activar) for svc_alarma_activar
    guitar_hero.o(i.partida_guitar_hero) refers to rt_ge.o(i.svc_GE_suscribir) for svc_GE_suscribir
    guitar_hero.o(i.partida_guitar_hero) refers to rt_ge.o(i.rt_GE_lanzador) for rt_GE_lanzador
    guitar_hero.o(i.partida_guitar_hero) refers to guitar_hero.o(.data) for .data
    guitar_hero.o(i.partida_guitar_hero) refers to guitar_hero.o(i.sec_inicio_gh) for sec_inicio_gh
    guitar_hero.o(i.sec_fin_gh) refers to drv_leds.o(i.drv_led_establecer) for drv_led_establecer
    guitar_hero.o(i.sec_fin_gh) refers to drv_consumo.o(i.drv_consumo_esperar) for drv_consumo_esperar
    guitar_hero.o(i.sec_fin_gh) refers to guitar_hero.o(.data) for .data
    guitar_hero.o(i.sec_inicio_gh) refers to drv_leds.o(i.drv_led_establecer) for drv_led_establecer
    guitar_hero.o(i.sec_inicio_gh) refers to svc_alarma.o(i.svc_alarma_codificar) for svc_alarma_codificar
    guitar_hero.o(i.sec_inicio_gh) refers to svc_alarma.o(i.svc_alarma_activar) for svc_alarma_activar
    guitar_hero.o(i.sec_inicio_gh) refers to rt_ge.o(i.svc_GE_cancelar) for svc_GE_cancelar
    guitar_hero.o(i.sec_inicio_gh) refers to rt_ge.o(i.svc_GE_suscribir) for svc_GE_suscribir
    guitar_hero.o(i.sec_inicio_gh) refers to guitar_hero.o(.data) for .data
    guitar_hero.o(i.sec_inicio_gh) refers to guitar_hero.o(i.evento_guitar_hero) for evento_guitar_hero
    hal_tiempo_nrf.o(i.TIMER0_IRQHandler) refers to hal_tiempo_nrf.o(.data) for .data
    hal_tiempo_nrf.o(i.TIMER1_IRQHandler) refers to hal_tiempo_nrf.o(.data) for .data
    hal_tiempo_nrf.o(i.hal_tiempo_actual_tick64) refers to hal_tiempo_nrf.o(.data) for .data
    hal_tiempo_nrf.o(i.hal_tiempo_periodico_set_callback) refers to hal_tiempo_nrf.o(.data) for .data
    hal_tiempo_nrf.o(i.hal_tiempo_reloj_periodico_tick) refers to hal_tiempo_nrf.o(.data) for .data
    hal_ext_int_nrf.o(i.GPIOTE_IRQHandler) refers to hal_ext_int_nrf.o(.data) for .data
    hal_ext_int_nrf.o(i.hal_ext_int_habilitar_int) refers to hal_ext_int_nrf.o(.data) for .data
    hal_ext_int_nrf.o(i.hal_ext_int_iniciar) refers to hal_ext_int_nrf.o(.data) for .data
    hal_random_nrf.o(i.random_iniciar) refers to rand.o(.text) for srand
    hal_random_nrf.o(i.random_value) refers to rand.o(.text) for rand
    hal_uart_nrf.o(i.hal_uart_putchar) refers to hal_uart_nrf.o(.data) for .data
    arm_startup_nrf52840.o(RESET) refers to arm_startup_nrf52840.o(STACK) for __initial_sp
    arm_startup_nrf52840.o(RESET) refers to arm_startup_nrf52840.o(.text) for Reset_Handler
    arm_startup_nrf52840.o(RESET) refers to hal_ext_int_nrf.o(i.GPIOTE_IRQHandler) for GPIOTE_IRQHandler
    arm_startup_nrf52840.o(RESET) refers to hal_tiempo_nrf.o(i.TIMER0_IRQHandler) for TIMER0_IRQHandler
    arm_startup_nrf52840.o(RESET) refers to hal_tiempo_nrf.o(i.TIMER1_IRQHandler) for TIMER1_IRQHandler
    arm_startup_nrf52840.o(.text) refers to system_nrf52.o(i.SystemInit) for SystemInit
    arm_startup_nrf52840.o(.text) refers to entry.o(.ARM.Collect$$$$00000000) for __main
    system_nrf52.o(i.SystemCoreClockUpdate) refers to system_nrf52.o(.data) for .data
    system_nrf52.o(i.SystemInit) refers to system_nrf52.o(.data) for .data
    entry.o(.ARM.Collect$$$$00000000) refers (Special) to entry10a.o(.ARM.Collect$$$$0000000D) for __rt_final_cpp
    entry.o(.ARM.Collect$$$$00000000) refers (Special) to entry11a.o(.ARM.Collect$$$$0000000F) for __rt_final_exit
    entry.o(.ARM.Collect$$$$00000000) refers (Special) to entry7b.o(.ARM.Collect$$$$00000008) for _main_clock
    entry.o(.ARM.Collect$$$$00000000) refers (Special) to entry8b.o(.ARM.Collect$$$$0000000A) for _main_cpp_init
    entry.o(.ARM.Collect$$$$00000000) refers (Special) to entry9a.o(.ARM.Collect$$$$0000000B) for _main_init
    entry.o(.ARM.Collect$$$$00000000) refers (Special) to entry5.o(.ARM.Collect$$$$00000004) for _main_scatterload
    entry.o(.ARM.Collect$$$$00000000) refers (Special) to entry2.o(.ARM.Collect$$$$00000001) for _main_stk
    uldiv.o(.text) refers to llushr.o(.text) for __aeabi_llsr
    uldiv.o(.text) refers to llshl.o(.text) for __aeabi_llsl
    rand.o(.text) refers to rand.o(.data) for .data
    entry2.o(.ARM.Collect$$$$00000001) refers to entry2.o(.ARM.Collect$$$$00002712) for __lit__00000000
    entry2.o(.ARM.Collect$$$$00002712) refers to arm_startup_nrf52840.o(STACK) for __initial_sp
    entry2.o(__vectab_stack_and_reset_area) refers to arm_startup_nrf52840.o(STACK) for __initial_sp
    entry2.o(__vectab_stack_and_reset_area) refers to entry.o(.ARM.Collect$$$$00000000) for __main
    entry5.o(.ARM.Collect$$$$00000004) refers to init.o(.text) for __scatterload
    entry9a.o(.ARM.Collect$$$$0000000B) refers to main.o(i.main) for main
    entry9b.o(.ARM.Collect$$$$0000000C) refers to main.o(i.main) for main
    init.o(.text) refers to entry5.o(.ARM.Collect$$$$00000004) for __main_after_scatterload


==============================================================================

Removing Unused input sections from the image.

    Removing main.o(i.blink_v1), (44 bytes).
    Removing main.o(i.blink_v2), (34 bytes).
    Removing main.o(i.blink_v3), (40 bytes).
    Removing main.o(i.blink_v3_bis), (64 bytes).
    Removing main.o(i.blink_v4), (80 bytes).
    Removing main.o(i.drv_boton_estado_actualizar), (2 bytes).
    Removing main.o(i.leds_c), (28 bytes).
    Removing drv_leds.o(i.drv_led_conmutar), (92 bytes).
    Removing drv_leds.o(i.drv_led_estado), (56 bytes).
    Removing drv_tiempo.o(i.drv_tiempo_actual_ms), (32 bytes).
    Removing drv_tiempo.o(i.drv_tiempo_esperar_hasta_ms), (64 bytes).
    Removing drv_tiempo.o(i.drv_tiempo_esperar_ms), (64 bytes).
    Removing rt_fifo.o(i.rt_FIFO_estadisticas), (20 bytes).
    Removing bit_counter_strike.o(i.actualizar_bit_counter_strike), (188 bytes).
    Removing bit_counter_strike.o(i.bit_counter_strike), (180 bytes).
    Removing bit_counter_strike.o(i.iniciarBCS), (80 bytes).
    Removing bit_counter_strike.o(i.manejador_interrupcion_botones), (32 bytes).
    Removing bit_counter_strike.o(i.timeout_led), (56 bytes).
    Removing bit_counter_strike.o(.data), (12 bytes).
    Removing drv_uart.o(i.drv_uart_data_available), (4 bytes).
    Removing drv_uart.o(i.drv_uart_getchar), (4 bytes).
    Removing drv_uart.o(i.drv_uart_putchar), (4 bytes).
    Removing guitar_hero.o(i.comprobar_acierto), (32 bytes).
    Removing guitar_hero.o(i.main_secuencias_gh), (80 bytes).
    Removing guitar_hero.o(i.manejador_interrupcion_botones_fin), (76 bytes).
    Removing guitar_hero.o(i.manejador_interrupcion_botones_juego), (124 bytes).
    Removing guitar_hero.o(i.obtener_notas), (32 bytes).
    Removing guitar_hero.o(i.partida_guitar_hero), (56 bytes).
    Removing guitar_hero.o(i.sec_fin_gh), (80 bytes).
    Removing hal_gpio_nrf.o(.rev16_text), (4 bytes).
    Removing hal_gpio_nrf.o(.revsh_text), (4 bytes).
    Removing hal_gpio_nrf.o(.rrx_text), (6 bytes).
    Removing hal_gpio_nrf.o(i.hal_gpio_leer), (24 bytes).
    Removing hal_tiempo_nrf.o(.rev16_text), (4 bytes).
    Removing hal_tiempo_nrf.o(.revsh_text), (4 bytes).
    Removing hal_tiempo_nrf.o(.rrx_text), (6 bytes).
    Removing hal_tiempo_nrf.o(i.hal_tiempo_periodico_config_tick), (80 bytes).
    Removing hal_tiempo_nrf.o(i.hal_tiempo_periodico_enable), (44 bytes).
    Removing hal_tiempo_nrf.o(i.hal_tiempo_periodico_set_callback), (12 bytes).
    Removing hal_consumo_nrf.o(.rev16_text), (4 bytes).
    Removing hal_consumo_nrf.o(.revsh_text), (4 bytes).
    Removing hal_consumo_nrf.o(.rrx_text), (6 bytes).
    Removing hal_ext_int_nrf.o(.rev16_text), (4 bytes).
    Removing hal_ext_int_nrf.o(.revsh_text), (4 bytes).
    Removing hal_ext_int_nrf.o(.rrx_text), (6 bytes).
    Removing hal_ext_int_nrf.o(i.hal_ext_int_deshabilitar_despertar), (28 bytes).
    Removing hal_sc_nrf.o(.rev16_text), (4 bytes).
    Removing hal_sc_nrf.o(.revsh_text), (4 bytes).
    Removing hal_sc_nrf.o(.rrx_text), (6 bytes).
    Removing hal_wdt_nrf.o(.rev16_text), (4 bytes).
    Removing hal_wdt_nrf.o(.revsh_text), (4 bytes).
    Removing hal_wdt_nrf.o(.rrx_text), (6 bytes).
    Removing hal_random_nrf.o(i.random_iniciar), (4 bytes).
    Removing hal_random_nrf.o(i.random_value), (40 bytes).
    Removing hal_uart_nrf.o(.rev16_text), (4 bytes).
    Removing hal_uart_nrf.o(.revsh_text), (4 bytes).
    Removing hal_uart_nrf.o(.rrx_text), (6 bytes).
    Removing hal_uart_nrf.o(i.hal_uart_data_available), (20 bytes).
    Removing hal_uart_nrf.o(i.hal_uart_getchar), (56 bytes).
    Removing hal_uart_nrf.o(i.uarte_baudrate), (160 bytes).
    Removing arm_startup_nrf52840.o(HEAP), (16384 bytes).
    Removing system_nrf52.o(.rev16_text), (4 bytes).
    Removing system_nrf52.o(.revsh_text), (4 bytes).
    Removing system_nrf52.o(.rrx_text), (6 bytes).
    Removing system_nrf52.o(i.SystemCoreClockUpdate), (16 bytes).
    Removing system_nrf52.o(i.nvmc_config), (24 bytes).
    Removing system_nrf52.o(i.nvmc_wait), (16 bytes).

67 unused section(s) (total 18680 bytes) removed from the image.

==============================================================================

Image Symbol Table

    Local Symbols

    Symbol Name                              Value     Ov Type        Size  Object(Section)

    RESET                                    0x00000000   Section      512  arm_startup_nrf52840.o(RESET)
    ../clib/microlib/division.c              0x00000000   Number         0  uldiv.o ABSOLUTE
    ../clib/microlib/init/entry.s            0x00000000   Number         0  entry9b.o ABSOLUTE
    ../clib/microlib/init/entry.s            0x00000000   Number         0  entry10a.o ABSOLUTE
    ../clib/microlib/init/entry.s            0x00000000   Number         0  entry10b.o ABSOLUTE
    ../clib/microlib/init/entry.s            0x00000000   Number         0  entry2.o ABSOLUTE
    ../clib/microlib/init/entry.s            0x00000000   Number         0  entry11b.o ABSOLUTE
    ../clib/microlib/init/entry.s            0x00000000   Number         0  entry7a.o ABSOLUTE
    ../clib/microlib/init/entry.s            0x00000000   Number         0  entry.o ABSOLUTE
    ../clib/microlib/init/entry.s            0x00000000   Number         0  entry11a.o ABSOLUTE
    ../clib/microlib/init/entry.s            0x00000000   Number         0  entry5.o ABSOLUTE
    ../clib/microlib/init/entry.s            0x00000000   Number         0  entry9a.o ABSOLUTE
    ../clib/microlib/init/entry.s            0x00000000   Number         0  entry7b.o ABSOLUTE
    ../clib/microlib/init/entry.s            0x00000000   Number         0  entry8a.o ABSOLUTE
    ../clib/microlib/init/entry.s            0x00000000   Number         0  entry8b.o ABSOLUTE
    ../clib/microlib/longlong.c              0x00000000   Number         0  llushr.o ABSOLUTE
    ../clib/microlib/longlong.c              0x00000000   Number         0  llshl.o ABSOLUTE
    ../clib/microlib/stdlib/rand.c           0x00000000   Number         0  rand.o ABSOLUTE
    ..\..\src\bit_counter_strike.c           0x00000000   Number         0  bit_counter_strike.o ABSOLUTE
    ..\..\src\drv_botones.c                  0x00000000   Number         0  drv_botones.o ABSOLUTE
    ..\..\src\drv_consumo.c                  0x00000000   Number         0  drv_consumo.o ABSOLUTE
    ..\..\src\drv_leds.c                     0x00000000   Number         0  drv_leds.o ABSOLUTE
    ..\..\src\drv_monitor.c                  0x00000000   Number         0  drv_monitor.o ABSOLUTE
    ..\..\src\drv_sc.c                       0x00000000   Number         0  drv_sc.o ABSOLUTE
    ..\..\src\drv_tiempo.c                   0x00000000   Number         0  drv_tiempo.o ABSOLUTE
    ..\..\src\drv_uart.c                     0x00000000   Number         0  drv_uart.o ABSOLUTE
    ..\..\src\drv_wdt.c                      0x00000000   Number         0  drv_wdt.o ABSOLUTE
    ..\..\src\guitar_hero.c                  0x00000000   Number         0  guitar_hero.o ABSOLUTE
    ..\..\src\main.c                         0x00000000   Number         0  main.o ABSOLUTE
    ..\..\src\rt_GE.c                        0x00000000   Number         0  rt_ge.o ABSOLUTE
    ..\..\src\rt_fifo.c                      0x00000000   Number         0  rt_fifo.o ABSOLUTE
    ..\..\src\svc_alarma.c                   0x00000000   Number         0  svc_alarma.o ABSOLUTE
    ..\\src_nrf\\hal_consumo_nrf.c           0x00000000   Number         0  hal_consumo_nrf.o ABSOLUTE
    ..\\src_nrf\\hal_ext_int_nrf.c           0x00000000   Number         0  hal_ext_int_nrf.o ABSOLUTE
    ..\\src_nrf\\hal_gpio_nrf.c              0x00000000   Number         0  hal_gpio_nrf.o ABSOLUTE
    ..\\src_nrf\\hal_sc_nrf.c                0x00000000   Number         0  hal_sc_nrf.o ABSOLUTE
    ..\\src_nrf\\hal_tiempo_nrf.c            0x00000000   Number         0  hal_tiempo_nrf.o ABSOLUTE
    ..\\src_nrf\\hal_uart_nrf.c              0x00000000   Number         0  hal_uart_nrf.o ABSOLUTE
    ..\\src_nrf\\hal_wdt_nrf.c               0x00000000   Number         0  hal_wdt_nrf.o ABSOLUTE
    ..\src_nrf\hal_consumo_nrf.c             0x00000000   Number         0  hal_consumo_nrf.o ABSOLUTE
    ..\src_nrf\hal_ext_int_nrf.c             0x00000000   Number         0  hal_ext_int_nrf.o ABSOLUTE
    ..\src_nrf\hal_gpio_nrf.c                0x00000000   Number         0  hal_gpio_nrf.o ABSOLUTE
    ..\src_nrf\hal_random_nrf.c              0x00000000   Number         0  hal_random_nrf.o ABSOLUTE
    ..\src_nrf\hal_sc_nrf.c                  0x00000000   Number         0  hal_sc_nrf.o ABSOLUTE
    ..\src_nrf\hal_tiempo_nrf.c              0x00000000   Number         0  hal_tiempo_nrf.o ABSOLUTE
    ..\src_nrf\hal_uart_nrf.c                0x00000000   Number         0  hal_uart_nrf.o ABSOLUTE
    ..\src_nrf\hal_wdt_nrf.c                 0x00000000   Number         0  hal_wdt_nrf.o ABSOLUTE
    RTE\Device\nRF52840_xxAA\arm_startup_nrf52840.s 0x00000000   Number         0  arm_startup_nrf52840.o ABSOLUTE
    RTE\Device\nRF52840_xxAA\system_nrf52.c  0x00000000   Number         0  system_nrf52.o ABSOLUTE
    RTE\\Device\\nRF52840_xxAA\\system_nrf52.c 0x00000000   Number         0  system_nrf52.o ABSOLUTE
    dc.s                                     0x00000000   Number         0  dc.o ABSOLUTE
    handlers.s                               0x00000000   Number         0  handlers.o ABSOLUTE
    init.s                                   0x00000000   Number         0  init.o ABSOLUTE
    .ARM.Collect$$$$00000000                 0x00000200   Section        0  entry.o(.ARM.Collect$$$$00000000)
    .ARM.Collect$$$$00000001                 0x00000200   Section        4  entry2.o(.ARM.Collect$$$$00000001)
    .ARM.Collect$$$$00000004                 0x00000204   Section        4  entry5.o(.ARM.Collect$$$$00000004)
    .ARM.Collect$$$$00000008                 0x00000208   Section        0  entry7b.o(.ARM.Collect$$$$00000008)
    .ARM.Collect$$$$0000000A                 0x00000208   Section        0  entry8b.o(.ARM.Collect$$$$0000000A)
    .ARM.Collect$$$$0000000B                 0x00000208   Section        8  entry9a.o(.ARM.Collect$$$$0000000B)
    .ARM.Collect$$$$0000000D                 0x00000210   Section        0  entry10a.o(.ARM.Collect$$$$0000000D)
    .ARM.Collect$$$$0000000F                 0x00000210   Section        0  entry11a.o(.ARM.Collect$$$$0000000F)
    .ARM.Collect$$$$00002712                 0x00000210   Section        4  entry2.o(.ARM.Collect$$$$00002712)
    __lit__00000000                          0x00000210   Data           4  entry2.o(.ARM.Collect$$$$00002712)
    .text                                    0x00000214   Section       36  arm_startup_nrf52840.o(.text)
    $v0                                      0x00000214   Number         0  arm_startup_nrf52840.o(.text)
    .text                                    0x00000238   Section        0  uldiv.o(.text)
    .text                                    0x0000029a   Section        0  llshl.o(.text)
    .text                                    0x000002b8   Section        0  llushr.o(.text)
    .text                                    0x000002d8   Section       36  init.o(.text)
    i.GPIOTE_IRQHandler                      0x000002fc   Section        0  hal_ext_int_nrf.o(i.GPIOTE_IRQHandler)
    i.SystemInit                             0x000003a8   Section        0  system_nrf52.o(i.SystemInit)
    i.TIMER0_IRQHandler                      0x00000628   Section        0  hal_tiempo_nrf.o(i.TIMER0_IRQHandler)
    i.TIMER1_IRQHandler                      0x0000065c   Section        0  hal_tiempo_nrf.o(i.TIMER1_IRQHandler)
    i.__scatterload_copy                     0x0000069c   Section       14  handlers.o(i.__scatterload_copy)
    i.__scatterload_null                     0x000006aa   Section        2  handlers.o(i.__scatterload_null)
    i.__scatterload_zeroinit                 0x000006ac   Section       14  handlers.o(i.__scatterload_zeroinit)
    i.callback_wrapper_interno               0x000006bc   Section        0  drv_tiempo.o(i.callback_wrapper_interno)
    callback_wrapper_interno                 0x000006bd   Thumb Code    16  drv_tiempo.o(i.callback_wrapper_interno)
    i.drv_botones_actualizar                 0x000006d0   Section        0  drv_botones.o(i.drv_botones_actualizar)
    i.drv_botones_iniciar                    0x000007b4   Section        0  drv_botones.o(i.drv_botones_iniciar)
    i.drv_consumo_dormir                     0x00000824   Section        0  drv_consumo.o(i.drv_consumo_dormir)
    i.drv_consumo_esperar                    0x00000844   Section        0  drv_consumo.o(i.drv_consumo_esperar)
    i.drv_consumo_iniciar                    0x00000860   Section        0  drv_consumo.o(i.drv_consumo_iniciar)
    i.drv_led_establecer                     0x00000878   Section        0  drv_leds.o(i.drv_led_establecer)
    i.drv_leds_iniciar                       0x000008a4   Section        0  drv_leds.o(i.drv_leds_iniciar)
    i.drv_monitor_desmarcar                  0x000008d4   Section        0  drv_monitor.o(i.drv_monitor_desmarcar)
    i.drv_monitor_iniciar                    0x000008f8   Section        0  drv_monitor.o(i.drv_monitor_iniciar)
    i.drv_monitor_marcar                     0x00000928   Section        0  drv_monitor.o(i.drv_monitor_marcar)
    i.drv_sc_disable                         0x0000094c   Section        0  drv_sc.o(i.drv_sc_disable)
    i.drv_sc_enable                          0x00000964   Section        0  drv_sc.o(i.drv_sc_enable)
    i.drv_tiempo_actual_us                   0x00000984   Section        0  drv_tiempo.o(i.drv_tiempo_actual_us)
    i.drv_tiempo_iniciar                     0x0000099c   Section        0  drv_tiempo.o(i.drv_tiempo_iniciar)
    i.drv_tiempo_periodico_ms                0x000009b4   Section        0  drv_tiempo.o(i.drv_tiempo_periodico_ms)
    i.drv_uart_init                          0x000009e8   Section        0  drv_uart.o(i.drv_uart_init)
    i.drv_uart_putint                        0x000009ec   Section        0  drv_uart.o(i.drv_uart_putint)
    i.drv_uart_puts                          0x00000a60   Section        0  drv_uart.o(i.drv_uart_puts)
    i.drv_wdt_feed                           0x00000a7c   Section        0  drv_wdt.o(i.drv_wdt_feed)
    i.drv_wdt_iniciar                        0x00000a8e   Section        0  drv_wdt.o(i.drv_wdt_iniciar)
    i.estadisticas_guitar_hero               0x00000aa4   Section        0  guitar_hero.o(i.estadisticas_guitar_hero)
    i.evento_guitar_hero                     0x00000bc4   Section        0  guitar_hero.o(i.evento_guitar_hero)
    i.fin_partida_guitar_hero                0x00000c90   Section        0  guitar_hero.o(i.fin_partida_guitar_hero)
    i.guitar_hero                            0x00000d7c   Section        0  guitar_hero.o(i.guitar_hero)
    i.hal_consumo_dormir                     0x00000e18   Section        0  hal_consumo_nrf.o(i.hal_consumo_dormir)
    i.hal_consumo_esperar                    0x00000e38   Section        0  hal_consumo_nrf.o(i.hal_consumo_esperar)
    i.hal_consumo_iniciar                    0x00000e3c   Section        0  hal_consumo_nrf.o(i.hal_consumo_iniciar)
    i.hal_ext_int_clear                      0x00000e40   Section        0  hal_ext_int_nrf.o(i.hal_ext_int_clear)
    i.hal_ext_int_clear_flag                 0x00000e50   Section        0  hal_ext_int_nrf.o(i.hal_ext_int_clear_flag)
    i.hal_ext_int_deshabilitar_int           0x00000e84   Section        0  hal_ext_int_nrf.o(i.hal_ext_int_deshabilitar_int)
    i.hal_ext_int_habilitar_despertar        0x00000ec8   Section        0  hal_ext_int_nrf.o(i.hal_ext_int_habilitar_despertar)
    i.hal_ext_int_habilitar_int              0x00000ee8   Section        0  hal_ext_int_nrf.o(i.hal_ext_int_habilitar_int)
    i.hal_ext_int_iniciar                    0x00000f58   Section        0  hal_ext_int_nrf.o(i.hal_ext_int_iniciar)
    i.hal_gpio_escribir                      0x00001000   Section        0  hal_gpio_nrf.o(i.hal_gpio_escribir)
    i.hal_gpio_iniciar                       0x0000101c   Section        0  hal_gpio_nrf.o(i.hal_gpio_iniciar)
    i.hal_gpio_leer_in                       0x00001028   Section        0  hal_gpio_nrf.o(i.hal_gpio_leer_in)
    i.hal_gpio_sentido                       0x00001040   Section        0  hal_gpio_nrf.o(i.hal_gpio_sentido)
    i.hal_iniciar_T0                         0x0000105c   Section        0  hal_tiempo_nrf.o(i.hal_iniciar_T0)
    i.hal_sc_disable                         0x0000106c   Section        0  hal_sc_nrf.o(i.hal_sc_disable)
    i.hal_sc_restaurar                       0x0000107c   Section        0  hal_sc_nrf.o(i.hal_sc_restaurar)
    i.hal_tiempo_actual_tick64               0x00001080   Section        0  hal_tiempo_nrf.o(i.hal_tiempo_actual_tick64)
    i.hal_tiempo_iniciar_tick                0x000010c0   Section        0  hal_tiempo_nrf.o(i.hal_tiempo_iniciar_tick)
    i.hal_tiempo_reloj_periodico_tick        0x00001124   Section        0  hal_tiempo_nrf.o(i.hal_tiempo_reloj_periodico_tick)
    i.hal_uart_init                          0x000011b0   Section        0  hal_uart_nrf.o(i.hal_uart_init)
    i.hal_uart_putchar                       0x0000128c   Section        0  hal_uart_nrf.o(i.hal_uart_putchar)
    i.hal_wdt_feed                           0x000012c0   Section        0  hal_wdt_nrf.o(i.hal_wdt_feed)
    i.hal_wdt_iniciar                        0x000012d0   Section        0  hal_wdt_nrf.o(i.hal_wdt_iniciar)
    i.main                                   0x00001300   Section        0  main.o(i.main)
    i.manejador_interrupcion_botones_gh      0x00001320   Section        0  guitar_hero.o(i.manejador_interrupcion_botones_gh)
    i.modificar_puntuacion                   0x000013f0   Section        0  guitar_hero.o(i.modificar_puntuacion)
    i.pin_to_eint                            0x00001454   Section        0  hal_ext_int_nrf.o(i.pin_to_eint)
    i.pin_to_gpio                            0x00001456   Section        0  hal_ext_int_nrf.o(i.pin_to_gpio)
    i.rt_FIFO_encolar                        0x00001458   Section        0  rt_fifo.o(i.rt_FIFO_encolar)
    i.rt_FIFO_extraer                        0x000014c4   Section        0  rt_fifo.o(i.rt_FIFO_extraer)
    i.rt_FIFO_inicializar                    0x0000150c   Section        0  rt_fifo.o(i.rt_FIFO_inicializar)
    i.rt_GE_actualizar                       0x0000156c   Section        0  rt_ge.o(i.rt_GE_actualizar)
    i.rt_GE_iniciar                          0x000015b8   Section        0  rt_ge.o(i.rt_GE_iniciar)
    i.rt_GE_lanzador                         0x00001690   Section        0  rt_ge.o(i.rt_GE_lanzador)
    i.sec_inicio_gh                          0x00001720   Section        0  guitar_hero.o(i.sec_inicio_gh)
    i.svc_GE_cancelar                        0x0000179c   Section        0  rt_ge.o(i.svc_GE_cancelar)
    i.svc_GE_suscribir                       0x00001840   Section        0  rt_ge.o(i.svc_GE_suscribir)
    i.svc_alarma_activar                     0x000018d0   Section        0  svc_alarma.o(i.svc_alarma_activar)
    i.svc_alarma_actualizar                  0x000019c0   Section        0  svc_alarma.o(i.svc_alarma_actualizar)
    i.svc_alarma_codificar                   0x00001a18   Section        0  svc_alarma.o(i.svc_alarma_codificar)
    i.svc_alarma_iniciar                     0x00001a30   Section        0  svc_alarma.o(i.svc_alarma_iniciar)
    .constdata                               0x00001a74   Section       16  drv_leds.o(.constdata)
    s_led_list                               0x00001a74   Data          16  drv_leds.o(.constdata)
    .constdata                               0x00001a84   Section       16  drv_monitor.o(.constdata)
    s_monitor_list                           0x00001a84   Data          16  drv_monitor.o(.constdata)
    .constdata                               0x00001a94   Section       16  drv_botones.o(.constdata)
    lista_botones                            0x00001a94   Data          16  drv_botones.o(.constdata)
    .data                                    0x20000000   Section        8  drv_tiempo.o(.data)
    s_callback_usuario                       0x20000000   Data           4  drv_tiempo.o(.data)
    s_ID_evento_guardado                     0x20000004   Data           4  drv_tiempo.o(.data)
    .data                                    0x20000008   Section        4  drv_consumo.o(.data)
    .data                                    0x2000000c   Section        8  rt_ge.o(.data)
    monitor_overflow                         0x2000000c   Data           4  rt_ge.o(.data)
    contador_inactividad                     0x20000010   Data           4  rt_ge.o(.data)
    .data                                    0x20000014   Section        8  svc_alarma.o(.data)
    monitor_overflow                         0x20000014   Data           4  svc_alarma.o(.data)
    f_cb                                     0x20000018   Data           4  svc_alarma.o(.data)
    .data                                    0x2000001c   Section        8  drv_sc.o(.data)
    restaurar                                0x2000001c   Data           1  drv_sc.o(.data)
    anid_sc                                  0x20000020   Data           4  drv_sc.o(.data)
    .data                                    0x20000024   Section       94  guitar_hero.o(.data)
    leds                                     0x20000024   Data           4  guitar_hero.o(.data)
    periodo_leds                             0x20000028   Data           4  guitar_hero.o(.data)
    led_1_encendido                          0x2000002c   Data           4  guitar_hero.o(.data)
    led_2_encendido                          0x20000030   Data           4  guitar_hero.o(.data)
    notas_restantes                          0x20000034   Data           4  guitar_hero.o(.data)
    margen_pulsar                            0x20000038   Data           4  guitar_hero.o(.data)
    en_partida                               0x2000003c   Data           4  guitar_hero.o(.data)
    num_partidas                             0x20000040   Data           4  guitar_hero.o(.data)
    puntos_acierto                           0x20000044   Data           4  guitar_hero.o(.data)
    puntos_fallo                             0x20000048   Data           4  guitar_hero.o(.data)
    puntuacion                               0x2000004c   Data           4  guitar_hero.o(.data)
    aciertos                                 0x20000050   Data           4  guitar_hero.o(.data)
    fallos                                   0x20000054   Data           4  guitar_hero.o(.data)
    puntuacion_total                         0x20000058   Data           4  guitar_hero.o(.data)
    racha                                    0x2000005c   Data           4  guitar_hero.o(.data)
    palpitaciones                            0x20000060   Data           4  guitar_hero.o(.data)
    partitura                                0x20000064   Data          30  guitar_hero.o(.data)
    .data                                    0x20000088   Section       16  hal_tiempo_nrf.o(.data)
    s_cb                                     0x20000088   Data           4  hal_tiempo_nrf.o(.data)
    irq_count_t1                             0x20000090   Data           8  hal_tiempo_nrf.o(.data)
    .data                                    0x20000098   Section       28  hal_ext_int_nrf.o(.data)
    nvic_habilitado                          0x20000098   Data           1  hal_ext_int_nrf.o(.data)
    num_eint                                 0x2000009c   Data           4  hal_ext_int_nrf.o(.data)
    f_cb                                     0x200000a0   Data           4  hal_ext_int_nrf.o(.data)
    pines_eint                               0x200000a4   Data          16  hal_ext_int_nrf.o(.data)
    .data                                    0x200000b4   Section        1  hal_uart_nrf.o(.data)
    tx_buf                                   0x200000b4   Data           1  hal_uart_nrf.o(.data)
    .data                                    0x200000b8   Section        4  system_nrf52.o(.data)
    __tagsym$$used                           0x200000b8   Number         0  system_nrf52.o(.data)
    .bss                                     0x200000bc   Section       12  drv_tiempo.o(.bss)
    info                                     0x200000bc   Data          12  drv_tiempo.o(.bss)
    .bss                                     0x200000c8   Section     2112  rt_fifo.o(.bss)
    fifo                                     0x200000c8   Data        2056  rt_fifo.o(.bss)
    estadisticas                             0x200008d0   Data          56  rt_fifo.o(.bss)
    .bss                                     0x20000908   Section       32  drv_botones.o(.bss)
    botones                                  0x20000908   Data          32  drv_botones.o(.bss)
    .bss                                     0x20000928   Section      336  rt_ge.o(.bss)
    tabla_suscripciones                      0x20000928   Data         336  rt_ge.o(.bss)
    .bss                                     0x20000a78   Section      800  svc_alarma.o(.bss)
    alarmas                                  0x20000a78   Data         800  svc_alarma.o(.bss)
    STACK                                    0x20000d98   Section    16384  arm_startup_nrf52840.o(STACK)

    Global Symbols

    Symbol Name                              Value     Ov Type        Size  Object(Section)

    BuildAttributes$$THM_ISAv4$E$P$D$K$B$S$7EM$VFPi3$EXTD16$VFPS$VFMA$PE$A:L22UL41UL21$X:L11$S22US41US21$IEEE1$IW$USESV6$~STKCKD$USESV7$~SHL$OTIME$EBA8$MICROLIB$REQ8$PRES8$EABIv2 0x00000000   Number         0  anon$$obj.o ABSOLUTE
    __ARM_use_no_argv                        0x00000000   Number         0  main.o ABSOLUTE
    __Vectors                                0x00000000   Data           4  arm_startup_nrf52840.o(RESET)
    __cpp_initialize__aeabi_                  - Undefined Weak Reference
    __cxa_finalize                            - Undefined Weak Reference
    __decompress                              - Undefined Weak Reference
    _clock_init                               - Undefined Weak Reference
    _microlib_exit                            - Undefined Weak Reference
    __Vectors_End                            0x00000200   Data           0  arm_startup_nrf52840.o(RESET)
    __Vectors_Size                           0x00000200   Number         0  arm_startup_nrf52840.o ABSOLUTE
    __main                                   0x00000201   Thumb Code     0  entry.o(.ARM.Collect$$$$00000000)
    _main_stk                                0x00000201   Thumb Code     0  entry2.o(.ARM.Collect$$$$00000001)
    _main_scatterload                        0x00000205   Thumb Code     0  entry5.o(.ARM.Collect$$$$00000004)
    __main_after_scatterload                 0x00000209   Thumb Code     0  entry5.o(.ARM.Collect$$$$00000004)
    _main_clock                              0x00000209   Thumb Code     0  entry7b.o(.ARM.Collect$$$$00000008)
    _main_cpp_init                           0x00000209   Thumb Code     0  entry8b.o(.ARM.Collect$$$$0000000A)
    _main_init                               0x00000209   Thumb Code     0  entry9a.o(.ARM.Collect$$$$0000000B)
    __rt_final_cpp                           0x00000211   Thumb Code     0  entry10a.o(.ARM.Collect$$$$0000000D)
    __rt_final_exit                          0x00000211   Thumb Code     0  entry11a.o(.ARM.Collect$$$$0000000F)
    Reset_Handler                            0x00000215   Thumb Code     8  arm_startup_nrf52840.o(.text)
    NMI_Handler                              0x0000021d   Thumb Code     2  arm_startup_nrf52840.o(.text)
    HardFault_Handler                        0x0000021f   Thumb Code     2  arm_startup_nrf52840.o(.text)
    MemoryManagement_Handler                 0x00000221   Thumb Code     2  arm_startup_nrf52840.o(.text)
    BusFault_Handler                         0x00000223   Thumb Code     2  arm_startup_nrf52840.o(.text)
    UsageFault_Handler                       0x00000225   Thumb Code     2  arm_startup_nrf52840.o(.text)
    SVC_Handler                              0x00000227   Thumb Code     2  arm_startup_nrf52840.o(.text)
    DebugMon_Handler                         0x00000229   Thumb Code     2  arm_startup_nrf52840.o(.text)
    PendSV_Handler                           0x0000022b   Thumb Code     2  arm_startup_nrf52840.o(.text)
    SysTick_Handler                          0x0000022d   Thumb Code     2  arm_startup_nrf52840.o(.text)
    CCM_AAR_IRQHandler                       0x0000022f   Thumb Code     0  arm_startup_nrf52840.o(.text)
    COMP_LPCOMP_IRQHandler                   0x0000022f   Thumb Code     0  arm_startup_nrf52840.o(.text)
    CRYPTOCELL_IRQHandler                    0x0000022f   Thumb Code     0  arm_startup_nrf52840.o(.text)
    ECB_IRQHandler                           0x0000022f   Thumb Code     0  arm_startup_nrf52840.o(.text)
    FPU_IRQHandler                           0x0000022f   Thumb Code     0  arm_startup_nrf52840.o(.text)
    I2S_IRQHandler                           0x0000022f   Thumb Code     0  arm_startup_nrf52840.o(.text)
    MWU_IRQHandler                           0x0000022f   Thumb Code     0  arm_startup_nrf52840.o(.text)
    NFCT_IRQHandler                          0x0000022f   Thumb Code     0  arm_startup_nrf52840.o(.text)
    PDM_IRQHandler                           0x0000022f   Thumb Code     0  arm_startup_nrf52840.o(.text)
    POWER_CLOCK_IRQHandler                   0x0000022f   Thumb Code     0  arm_startup_nrf52840.o(.text)
    PWM0_IRQHandler                          0x0000022f   Thumb Code     0  arm_startup_nrf52840.o(.text)
    PWM1_IRQHandler                          0x0000022f   Thumb Code     0  arm_startup_nrf52840.o(.text)
    PWM2_IRQHandler                          0x0000022f   Thumb Code     0  arm_startup_nrf52840.o(.text)
    PWM3_IRQHandler                          0x0000022f   Thumb Code     0  arm_startup_nrf52840.o(.text)
    QDEC_IRQHandler                          0x0000022f   Thumb Code     0  arm_startup_nrf52840.o(.text)
    QSPI_IRQHandler                          0x0000022f   Thumb Code     0  arm_startup_nrf52840.o(.text)
    RADIO_IRQHandler                         0x0000022f   Thumb Code     0  arm_startup_nrf52840.o(.text)
    RNG_IRQHandler                           0x0000022f   Thumb Code     0  arm_startup_nrf52840.o(.text)
    RTC0_IRQHandler                          0x0000022f   Thumb Code     0  arm_startup_nrf52840.o(.text)
    RTC1_IRQHandler                          0x0000022f   Thumb Code     0  arm_startup_nrf52840.o(.text)
    RTC2_IRQHandler                          0x0000022f   Thumb Code     0  arm_startup_nrf52840.o(.text)
    SAADC_IRQHandler                         0x0000022f   Thumb Code     0  arm_startup_nrf52840.o(.text)
    SPIM0_SPIS0_TWIM0_TWIS0_SPI0_TWI0_IRQHandler 0x0000022f   Thumb Code     0  arm_startup_nrf52840.o(.text)
    SPIM1_SPIS1_TWIM1_TWIS1_SPI1_TWI1_IRQHandler 0x0000022f   Thumb Code     0  arm_startup_nrf52840.o(.text)
    SPIM2_SPIS2_SPI2_IRQHandler              0x0000022f   Thumb Code     0  arm_startup_nrf52840.o(.text)
    SPIM3_IRQHandler                         0x0000022f   Thumb Code     0  arm_startup_nrf52840.o(.text)
    SWI0_EGU0_IRQHandler                     0x0000022f   Thumb Code     0  arm_startup_nrf52840.o(.text)
    SWI1_EGU1_IRQHandler                     0x0000022f   Thumb Code     0  arm_startup_nrf52840.o(.text)
    SWI2_EGU2_IRQHandler                     0x0000022f   Thumb Code     0  arm_startup_nrf52840.o(.text)
    SWI3_EGU3_IRQHandler                     0x0000022f   Thumb Code     0  arm_startup_nrf52840.o(.text)
    SWI4_EGU4_IRQHandler                     0x0000022f   Thumb Code     0  arm_startup_nrf52840.o(.text)
    SWI5_EGU5_IRQHandler                     0x0000022f   Thumb Code     0  arm_startup_nrf52840.o(.text)
    TEMP_IRQHandler                          0x0000022f   Thumb Code     0  arm_startup_nrf52840.o(.text)
    TIMER2_IRQHandler                        0x0000022f   Thumb Code     0  arm_startup_nrf52840.o(.text)
    TIMER3_IRQHandler                        0x0000022f   Thumb Code     0  arm_startup_nrf52840.o(.text)
    TIMER4_IRQHandler                        0x0000022f   Thumb Code     0  arm_startup_nrf52840.o(.text)
    UARTE0_UART0_IRQHandler                  0x0000022f   Thumb Code     0  arm_startup_nrf52840.o(.text)
    UARTE1_IRQHandler                        0x0000022f   Thumb Code     0  arm_startup_nrf52840.o(.text)
    USBD_IRQHandler                          0x0000022f   Thumb Code     0  arm_startup_nrf52840.o(.text)
    WDT_IRQHandler                           0x0000022f   Thumb Code     0  arm_startup_nrf52840.o(.text)
    __aeabi_uldivmod                         0x00000239   Thumb Code    98  uldiv.o(.text)
    __aeabi_llsl                             0x0000029b   Thumb Code    30  llshl.o(.text)
    _ll_shift_l                              0x0000029b   Thumb Code     0  llshl.o(.text)
    __aeabi_llsr                             0x000002b9   Thumb Code    32  llushr.o(.text)
    _ll_ushift_r                             0x000002b9   Thumb Code     0  llushr.o(.text)
    __scatterload                            0x000002d9   Thumb Code    28  init.o(.text)
    __scatterload_rt2                        0x000002d9   Thumb Code     0  init.o(.text)
    GPIOTE_IRQHandler                        0x000002fd   Thumb Code   162  hal_ext_int_nrf.o(i.GPIOTE_IRQHandler)
    SystemInit                               0x000003a9   Thumb Code   500  system_nrf52.o(i.SystemInit)
    TIMER0_IRQHandler                        0x00000629   Thumb Code    44  hal_tiempo_nrf.o(i.TIMER0_IRQHandler)
    TIMER1_IRQHandler                        0x0000065d   Thumb Code    56  hal_tiempo_nrf.o(i.TIMER1_IRQHandler)
    __scatterload_copy                       0x0000069d   Thumb Code    14  handlers.o(i.__scatterload_copy)
    __scatterload_null                       0x000006ab   Thumb Code     2  handlers.o(i.__scatterload_null)
    __scatterload_zeroinit                   0x000006ad   Thumb Code    14  handlers.o(i.__scatterload_zeroinit)
    drv_botones_actualizar                   0x000006d1   Thumb Code   222  drv_botones.o(i.drv_botones_actualizar)
    drv_botones_iniciar                      0x000007b5   Thumb Code    96  drv_botones.o(i.drv_botones_iniciar)
    drv_consumo_dormir                       0x00000825   Thumb Code    26  drv_consumo.o(i.drv_consumo_dormir)
    drv_consumo_esperar                      0x00000845   Thumb Code    24  drv_consumo.o(i.drv_consumo_esperar)
    drv_consumo_iniciar                      0x00000861   Thumb Code    18  drv_consumo.o(i.drv_consumo_iniciar)
    drv_led_establecer                       0x00000879   Thumb Code    38  drv_leds.o(i.drv_led_establecer)
    drv_leds_iniciar                         0x000008a5   Thumb Code    44  drv_leds.o(i.drv_leds_iniciar)
    drv_monitor_desmarcar                    0x000008d5   Thumb Code    32  drv_monitor.o(i.drv_monitor_desmarcar)
    drv_monitor_iniciar                      0x000008f9   Thumb Code    42  drv_monitor.o(i.drv_monitor_iniciar)
    drv_monitor_marcar                       0x00000929   Thumb Code    32  drv_monitor.o(i.drv_monitor_marcar)
    drv_sc_disable                           0x0000094d   Thumb Code    18  drv_sc.o(i.drv_sc_disable)
    drv_sc_enable                            0x00000965   Thumb Code    26  drv_sc.o(i.drv_sc_enable)
    drv_tiempo_actual_us                     0x00000985   Thumb Code    18  drv_tiempo.o(i.drv_tiempo_actual_us)
    drv_tiempo_iniciar                       0x0000099d   Thumb Code    20  drv_tiempo.o(i.drv_tiempo_iniciar)
    drv_tiempo_periodico_ms                  0x000009b5   Thumb Code    38  drv_tiempo.o(i.drv_tiempo_periodico_ms)
    drv_uart_init                            0x000009e9   Thumb Code     4  drv_uart.o(i.drv_uart_init)
    drv_uart_putint                          0x000009ed   Thumb Code   110  drv_uart.o(i.drv_uart_putint)
    drv_uart_puts                            0x00000a61   Thumb Code    28  drv_uart.o(i.drv_uart_puts)
    drv_wdt_feed                             0x00000a7d   Thumb Code    18  drv_wdt.o(i.drv_wdt_feed)
    drv_wdt_iniciar                          0x00000a8f   Thumb Code    22  drv_wdt.o(i.drv_wdt_iniciar)
    estadisticas_guitar_hero                 0x00000aa5   Thumb Code    98  guitar_hero.o(i.estadisticas_guitar_hero)
    evento_guitar_hero                       0x00000bc5   Thumb Code   194  guitar_hero.o(i.evento_guitar_hero)
    fin_partida_guitar_hero                  0x00000c91   Thumb Code   188  guitar_hero.o(i.fin_partida_guitar_hero)
    guitar_hero                              0x00000d7d   Thumb Code   136  guitar_hero.o(i.guitar_hero)
    hal_consumo_dormir                       0x00000e19   Thumb Code    22  hal_consumo_nrf.o(i.hal_consumo_dormir)
    hal_consumo_esperar                      0x00000e39   Thumb Code     4  hal_consumo_nrf.o(i.hal_consumo_esperar)
    hal_consumo_iniciar                      0x00000e3d   Thumb Code     2  hal_consumo_nrf.o(i.hal_consumo_iniciar)
    hal_ext_int_clear                        0x00000e41   Thumb Code    12  hal_ext_int_nrf.o(i.hal_ext_int_clear)
    hal_ext_int_clear_flag                   0x00000e51   Thumb Code    50  hal_ext_int_nrf.o(i.hal_ext_int_clear_flag)
    hal_ext_int_deshabilitar_int             0x00000e85   Thumb Code    62  hal_ext_int_nrf.o(i.hal_ext_int_deshabilitar_int)
    hal_ext_int_habilitar_despertar          0x00000ec9   Thumb Code    32  hal_ext_int_nrf.o(i.hal_ext_int_habilitar_despertar)
    hal_ext_int_habilitar_int                0x00000ee9   Thumb Code   100  hal_ext_int_nrf.o(i.hal_ext_int_habilitar_int)
    hal_ext_int_iniciar                      0x00000f59   Thumb Code   156  hal_ext_int_nrf.o(i.hal_ext_int_iniciar)
    hal_gpio_escribir                        0x00001001   Thumb Code    20  hal_gpio_nrf.o(i.hal_gpio_escribir)
    hal_gpio_iniciar                         0x0000101d   Thumb Code     8  hal_gpio_nrf.o(i.hal_gpio_iniciar)
    hal_gpio_leer_in                         0x00001029   Thumb Code    18  hal_gpio_nrf.o(i.hal_gpio_leer_in)
    hal_gpio_sentido                         0x00001041   Thumb Code    18  hal_gpio_nrf.o(i.hal_gpio_sentido)
    hal_iniciar_T0                           0x0000105d   Thumb Code    16  hal_tiempo_nrf.o(i.hal_iniciar_T0)
    hal_sc_disable                           0x0000106d   Thumb Code    16  hal_sc_nrf.o(i.hal_sc_disable)
    hal_sc_restaurar                         0x0000107d   Thumb Code     4  hal_sc_nrf.o(i.hal_sc_restaurar)
    hal_tiempo_actual_tick64                 0x00001081   Thumb Code    52  hal_tiempo_nrf.o(i.hal_tiempo_actual_tick64)
    hal_tiempo_iniciar_tick                  0x000010c1   Thumb Code    82  hal_tiempo_nrf.o(i.hal_tiempo_iniciar_tick)
    hal_tiempo_reloj_periodico_tick          0x00001125   Thumb Code   120  hal_tiempo_nrf.o(i.hal_tiempo_reloj_periodico_tick)
    hal_uart_init                            0x000011b1   Thumb Code   178  hal_uart_nrf.o(i.hal_uart_init)
    hal_uart_putchar                         0x0000128d   Thumb Code    38  hal_uart_nrf.o(i.hal_uart_putchar)
    hal_wdt_feed                             0x000012c1   Thumb Code     8  hal_wdt_nrf.o(i.hal_wdt_feed)
    hal_wdt_iniciar                          0x000012d1   Thumb Code    36  hal_wdt_nrf.o(i.hal_wdt_iniciar)
    main                                     0x00001301   Thumb Code    32  main.o(i.main)
    manejador_interrupcion_botones_gh        0x00001321   Thumb Code   204  guitar_hero.o(i.manejador_interrupcion_botones_gh)
    modificar_puntuacion                     0x000013f1   Thumb Code    96  guitar_hero.o(i.modificar_puntuacion)
    pin_to_eint                              0x00001455   Thumb Code     2  hal_ext_int_nrf.o(i.pin_to_eint)
    pin_to_gpio                              0x00001457   Thumb Code     2  hal_ext_int_nrf.o(i.pin_to_gpio)
    rt_FIFO_encolar                          0x00001459   Thumb Code    98  rt_fifo.o(i.rt_FIFO_encolar)
    rt_FIFO_extraer                          0x000014c5   Thumb Code    66  rt_fifo.o(i.rt_FIFO_extraer)
    rt_FIFO_inicializar                      0x0000150d   Thumb Code    86  rt_fifo.o(i.rt_FIFO_inicializar)
    rt_GE_actualizar                         0x0000156d   Thumb Code    72  rt_ge.o(i.rt_GE_actualizar)
    rt_GE_iniciar                            0x000015b9   Thumb Code   198  rt_ge.o(i.rt_GE_iniciar)
    rt_GE_lanzador                           0x00001691   Thumb Code   130  rt_ge.o(i.rt_GE_lanzador)
    sec_inicio_gh                            0x00001721   Thumb Code   116  guitar_hero.o(i.sec_inicio_gh)
    svc_GE_cancelar                          0x0000179d   Thumb Code   158  rt_ge.o(i.svc_GE_cancelar)
    svc_GE_suscribir                         0x00001841   Thumb Code   136  rt_ge.o(i.svc_GE_suscribir)
    svc_alarma_activar                       0x000018d1   Thumb Code   190  svc_alarma.o(i.svc_alarma_activar)
    svc_alarma_actualizar                    0x000019c1   Thumb Code    78  svc_alarma.o(i.svc_alarma_actualizar)
    svc_alarma_codificar                     0x00001a19   Thumb Code    22  svc_alarma.o(i.svc_alarma_codificar)
    svc_alarma_iniciar                       0x00001a31   Thumb Code    54  svc_alarma.o(i.svc_alarma_iniciar)
    Region$$Table$$Base                      0x00001aa4   Number         0  anon$$obj.o(Region$$Table)
    Region$$Table$$Limit                     0x00001ac4   Number         0  anon$$obj.o(Region$$Table)
    monitor_id                               0x20000008   Data           4  drv_consumo.o(.data)
    SystemCoreClock                          0x200000b8   Data           4  system_nrf52.o(.data)
    __initial_sp                             0x20004d98   Data           0  arm_startup_nrf52840.o(STACK)



==============================================================================

Memory Map of the image

  Image Entry point : 0x00000201

  Load Region LR_IROM1 (Base: 0x00000000, Size: 0x00001b80, Max: 0x00100000, ABSOLUTE)

    Execution Region ER_IROM1 (Exec base: 0x00000000, Load base: 0x00000000, Size: 0x00001ac4, Max: 0x00100000, ABSOLUTE)

    Exec Addr    Load Addr    Size         Type   Attr      Idx    E Section Name        Object

    0x00000000   0x00000000   0x00000200   Data   RO         1079    RESET               arm_startup_nrf52840.o
    0x00000200   0x00000200   0x00000000   Code   RO         1149  * .ARM.Collect$$$$00000000  mc_w.l(entry.o)
    0x00000200   0x00000200   0x00000004   Code   RO         1157    .ARM.Collect$$$$00000001  mc_w.l(entry2.o)
    0x00000204   0x00000204   0x00000004   Code   RO         1160    .ARM.Collect$$$$00000004  mc_w.l(entry5.o)
    0x00000208   0x00000208   0x00000000   Code   RO         1162    .ARM.Collect$$$$00000008  mc_w.l(entry7b.o)
    0x00000208   0x00000208   0x00000000   Code   RO         1164    .ARM.Collect$$$$0000000A  mc_w.l(entry8b.o)
    0x00000208   0x00000208   0x00000008   Code   RO         1165    .ARM.Collect$$$$0000000B  mc_w.l(entry9a.o)
    0x00000210   0x00000210   0x00000000   Code   RO         1167    .ARM.Collect$$$$0000000D  mc_w.l(entry10a.o)
    0x00000210   0x00000210   0x00000000   Code   RO         1169    .ARM.Collect$$$$0000000F  mc_w.l(entry11a.o)
    0x00000210   0x00000210   0x00000004   Code   RO         1158    .ARM.Collect$$$$00002712  mc_w.l(entry2.o)
    0x00000214   0x00000214   0x00000024   Code   RO         1080    .text               arm_startup_nrf52840.o
    0x00000238   0x00000238   0x00000062   Code   RO         1152    .text               mc_w.l(uldiv.o)
    0x0000029a   0x0000029a   0x0000001e   Code   RO         1171    .text               mc_w.l(llshl.o)
    0x000002b8   0x000002b8   0x00000020   Code   RO         1173    .text               mc_w.l(llushr.o)
    0x000002d8   0x000002d8   0x00000024   Code   RO         1175    .text               mc_w.l(init.o)
    0x000002fc   0x000002fc   0x000000ac   Code   RO          841    i.GPIOTE_IRQHandler  hal_ext_int_nrf.o
    0x000003a8   0x000003a8   0x00000280   Code   RO         1088    i.SystemInit        system_nrf52.o
    0x00000628   0x00000628   0x00000034   Code   RO          723    i.TIMER0_IRQHandler  hal_tiempo_nrf.o
    0x0000065c   0x0000065c   0x00000040   Code   RO          724    i.TIMER1_IRQHandler  hal_tiempo_nrf.o
    0x0000069c   0x0000069c   0x0000000e   Code   RO         1179    i.__scatterload_copy  mc_w.l(handlers.o)
    0x000006aa   0x000006aa   0x00000002   Code   RO         1180    i.__scatterload_null  mc_w.l(handlers.o)
    0x000006ac   0x000006ac   0x0000000e   Code   RO         1181    i.__scatterload_zeroinit  mc_w.l(handlers.o)
    0x000006ba   0x000006ba   0x00000002   PAD
    0x000006bc   0x000006bc   0x00000014   Code   RO          161    i.callback_wrapper_interno  drv_tiempo.o
    0x000006d0   0x000006d0   0x000000e4   Code   RO          311    i.drv_botones_actualizar  drv_botones.o
    0x000007b4   0x000007b4   0x00000070   Code   RO          312    i.drv_botones_iniciar  drv_botones.o
    0x00000824   0x00000824   0x00000020   Code   RO          213    i.drv_consumo_dormir  drv_consumo.o
    0x00000844   0x00000844   0x0000001c   Code   RO          214    i.drv_consumo_esperar  drv_consumo.o
    0x00000860   0x00000860   0x00000018   Code   RO          215    i.drv_consumo_iniciar  drv_consumo.o
    0x00000878   0x00000878   0x0000002c   Code   RO          128    i.drv_led_establecer  drv_leds.o
    0x000008a4   0x000008a4   0x00000030   Code   RO          130    i.drv_leds_iniciar  drv_leds.o
    0x000008d4   0x000008d4   0x00000024   Code   RO          246    i.drv_monitor_desmarcar  drv_monitor.o
    0x000008f8   0x000008f8   0x00000030   Code   RO          247    i.drv_monitor_iniciar  drv_monitor.o
    0x00000928   0x00000928   0x00000024   Code   RO          248    i.drv_monitor_marcar  drv_monitor.o
    0x0000094c   0x0000094c   0x00000018   Code   RO          453    i.drv_sc_disable    drv_sc.o
    0x00000964   0x00000964   0x00000020   Code   RO          454    i.drv_sc_enable     drv_sc.o
    0x00000984   0x00000984   0x00000018   Code   RO          163    i.drv_tiempo_actual_us  drv_tiempo.o
    0x0000099c   0x0000099c   0x00000018   Code   RO          166    i.drv_tiempo_iniciar  drv_tiempo.o
    0x000009b4   0x000009b4   0x00000034   Code   RO          167    i.drv_tiempo_periodico_ms  drv_tiempo.o
    0x000009e8   0x000009e8   0x00000004   Code   RO          499    i.drv_uart_init     drv_uart.o
    0x000009ec   0x000009ec   0x00000074   Code   RO          501    i.drv_uart_putint   drv_uart.o
    0x00000a60   0x00000a60   0x0000001c   Code   RO          502    i.drv_uart_puts     drv_uart.o
    0x00000a7c   0x00000a7c   0x00000012   Code   RO          476    i.drv_wdt_feed      drv_wdt.o
    0x00000a8e   0x00000a8e   0x00000016   Code   RO          477    i.drv_wdt_iniciar   drv_wdt.o
    0x00000aa4   0x00000aa4   0x00000120   Code   RO          543    i.estadisticas_guitar_hero  guitar_hero.o
    0x00000bc4   0x00000bc4   0x000000cc   Code   RO          544    i.evento_guitar_hero  guitar_hero.o
    0x00000c90   0x00000c90   0x000000ec   Code   RO          545    i.fin_partida_guitar_hero  guitar_hero.o
    0x00000d7c   0x00000d7c   0x0000009c   Code   RO          546    i.guitar_hero       guitar_hero.o
    0x00000e18   0x00000e18   0x00000020   Code   RO          802    i.hal_consumo_dormir  hal_consumo_nrf.o
    0x00000e38   0x00000e38   0x00000004   Code   RO          803    i.hal_consumo_esperar  hal_consumo_nrf.o
    0x00000e3c   0x00000e3c   0x00000002   Code   RO          804    i.hal_consumo_iniciar  hal_consumo_nrf.o
    0x00000e3e   0x00000e3e   0x00000002   PAD
    0x00000e40   0x00000e40   0x00000010   Code   RO          842    i.hal_ext_int_clear  hal_ext_int_nrf.o
    0x00000e50   0x00000e50   0x00000032   Code   RO          843    i.hal_ext_int_clear_flag  hal_ext_int_nrf.o
    0x00000e82   0x00000e82   0x00000002   PAD
    0x00000e84   0x00000e84   0x00000044   Code   RO          845    i.hal_ext_int_deshabilitar_int  hal_ext_int_nrf.o
    0x00000ec8   0x00000ec8   0x00000020   Code   RO          846    i.hal_ext_int_habilitar_despertar  hal_ext_int_nrf.o
    0x00000ee8   0x00000ee8   0x00000070   Code   RO          847    i.hal_ext_int_habilitar_int  hal_ext_int_nrf.o
    0x00000f58   0x00000f58   0x000000a8   Code   RO          848    i.hal_ext_int_iniciar  hal_ext_int_nrf.o
    0x00001000   0x00001000   0x0000001c   Code   RO          633    i.hal_gpio_escribir  hal_gpio_nrf.o
    0x0000101c   0x0000101c   0x0000000c   Code   RO          634    i.hal_gpio_iniciar  hal_gpio_nrf.o
    0x00001028   0x00001028   0x00000018   Code   RO          636    i.hal_gpio_leer_in  hal_gpio_nrf.o
    0x00001040   0x00001040   0x0000001c   Code   RO          637    i.hal_gpio_sentido  hal_gpio_nrf.o
    0x0000105c   0x0000105c   0x00000010   Code   RO          725    i.hal_iniciar_T0    hal_tiempo_nrf.o
    0x0000106c   0x0000106c   0x00000010   Code   RO          931    i.hal_sc_disable    hal_sc_nrf.o
    0x0000107c   0x0000107c   0x00000004   Code   RO          932    i.hal_sc_restaurar  hal_sc_nrf.o
    0x00001080   0x00001080   0x00000040   Code   RO          726    i.hal_tiempo_actual_tick64  hal_tiempo_nrf.o
    0x000010c0   0x000010c0   0x00000064   Code   RO          727    i.hal_tiempo_iniciar_tick  hal_tiempo_nrf.o
    0x00001124   0x00001124   0x0000008c   Code   RO          731    i.hal_tiempo_reloj_periodico_tick  hal_tiempo_nrf.o
    0x000011b0   0x000011b0   0x000000dc   Code   RO         1029    i.hal_uart_init     hal_uart_nrf.o
    0x0000128c   0x0000128c   0x00000034   Code   RO         1030    i.hal_uart_putchar  hal_uart_nrf.o
    0x000012c0   0x000012c0   0x00000010   Code   RO          970    i.hal_wdt_feed      hal_wdt_nrf.o
    0x000012d0   0x000012d0   0x00000030   Code   RO          971    i.hal_wdt_iniciar   hal_wdt_nrf.o
    0x00001300   0x00001300   0x00000020   Code   RO            8    i.main              main.o
    0x00001320   0x00001320   0x000000d0   Code   RO          549    i.manejador_interrupcion_botones_gh  guitar_hero.o
    0x000013f0   0x000013f0   0x00000064   Code   RO          551    i.modificar_puntuacion  guitar_hero.o
    0x00001454   0x00001454   0x00000002   Code   RO          849    i.pin_to_eint       hal_ext_int_nrf.o
    0x00001456   0x00001456   0x00000002   Code   RO          850    i.pin_to_gpio       hal_ext_int_nrf.o
    0x00001458   0x00001458   0x0000006c   Code   RO          272    i.rt_FIFO_encolar   rt_fifo.o
    0x000014c4   0x000014c4   0x00000048   Code   RO          274    i.rt_FIFO_extraer   rt_fifo.o
    0x0000150c   0x0000150c   0x00000060   Code   RO          275    i.rt_FIFO_inicializar  rt_fifo.o
    0x0000156c   0x0000156c   0x0000004c   Code   RO          332    i.rt_GE_actualizar  rt_ge.o
    0x000015b8   0x000015b8   0x000000d8   Code   RO          333    i.rt_GE_iniciar     rt_ge.o
    0x00001690   0x00001690   0x00000090   Code   RO          334    i.rt_GE_lanzador    rt_ge.o
    0x00001720   0x00001720   0x0000007c   Code   RO          555    i.sec_inicio_gh     guitar_hero.o
    0x0000179c   0x0000179c   0x000000a4   Code   RO          335    i.svc_GE_cancelar   rt_ge.o
    0x00001840   0x00001840   0x00000090   Code   RO          336    i.svc_GE_suscribir  rt_ge.o
    0x000018d0   0x000018d0   0x000000f0   Code   RO          374    i.svc_alarma_activar  svc_alarma.o
    0x000019c0   0x000019c0   0x00000058   Code   RO          375    i.svc_alarma_actualizar  svc_alarma.o
    0x00001a18   0x00001a18   0x00000016   Code   RO          376    i.svc_alarma_codificar  svc_alarma.o
    0x00001a2e   0x00001a2e   0x00000002   PAD
    0x00001a30   0x00001a30   0x00000044   Code   RO          377    i.svc_alarma_iniciar  svc_alarma.o
    0x00001a74   0x00001a74   0x00000010   Data   RO          131    .constdata          drv_leds.o
    0x00001a84   0x00001a84   0x00000010   Data   RO          249    .constdata          drv_monitor.o
    0x00001a94   0x00001a94   0x00000010   Data   RO          314    .constdata          drv_botones.o
    0x00001aa4   0x00001aa4   0x00000020   Data   RO         1177    Region$$Table       anon$$obj.o


    Execution Region RW_IRAM1 (Exec base: 0x20000000, Load base: 0x00001ac4, Size: 0x00004d98, Max: 0x00040000, ABSOLUTE)

    Exec Addr    Load Addr    Size         Type   Attr      Idx    E Section Name        Object

    0x20000000   0x00001ac4   0x00000008   Data   RW          169    .data               drv_tiempo.o
    0x20000008   0x00001acc   0x00000004   Data   RW          216    .data               drv_consumo.o
    0x2000000c   0x00001ad0   0x00000008   Data   RW          338    .data               rt_ge.o
    0x20000014   0x00001ad8   0x00000008   Data   RW          379    .data               svc_alarma.o
    0x2000001c   0x00001ae0   0x00000008   Data   RW          455    .data               drv_sc.o
    0x20000024   0x00001ae8   0x0000005e   Data   RW          556    .data               guitar_hero.o
    0x20000082   0x00001b46   0x00000006   PAD
    0x20000088   0x00001b4c   0x00000010   Data   RW          732    .data               hal_tiempo_nrf.o
    0x20000098   0x00001b5c   0x0000001c   Data   RW          851    .data               hal_ext_int_nrf.o
    0x200000b4   0x00001b78   0x00000001   Data   RW         1032    .data               hal_uart_nrf.o
    0x200000b5   0x00001b79   0x00000003   PAD
    0x200000b8   0x00001b7c   0x00000004   Data   RW         1091    .data               system_nrf52.o
    0x200000bc        -       0x0000000c   Zero   RW          168    .bss                drv_tiempo.o
    0x200000c8        -       0x00000840   Zero   RW          276    .bss                rt_fifo.o
    0x20000908        -       0x00000020   Zero   RW          313    .bss                drv_botones.o
    0x20000928        -       0x00000150   Zero   RW          337    .bss                rt_ge.o
    0x20000a78        -       0x00000320   Zero   RW          378    .bss                svc_alarma.o
    0x20000d98        -       0x00004000   Zero   RW         1077    STACK               arm_startup_nrf52840.o


==============================================================================

Image component sizes


      Code (inc. data)   RO Data    RW Data    ZI Data      Debug   Object Name

        36          8        512          0      16384        852   arm_startup_nrf52840.o
       340         22         16          0         32       2415   drv_botones.o
        84         16          0          4          0       1734   drv_consumo.o
        92         10         16          0          0       2119   drv_leds.o
       120         14         16          0          0       2479   drv_monitor.o
        56         12          0          8          0       1109   drv_sc.o
       120         28          0          8         12       3319   drv_tiempo.o
       148          6          0          0          0       2457   drv_uart.o
        40          0          0          0          0       1009   drv_wdt.o
      1316        284          0         94          0       7927   guitar_hero.o
        38         10          0          0          0       1393   hal_consumo_nrf.o
       622         44          0         28          0      36987   hal_ext_int_nrf.o
        92         28          0          0          0      37657   hal_gpio_nrf.o
        20          0          0          0          0       6568   hal_sc_nrf.o
       436         66          0         16          0      35908   hal_tiempo_nrf.o
       272         56          0          1          0       2064   hal_uart_nrf.o
        64         20          0          0          0        997   hal_wdt_nrf.o
        32          0          0          0          0       9991   main.o
       276         26          0          0       2112       3138   rt_fifo.o
       744         50          0          8        336       5785   rt_ge.o
       418         74          0          8        800       4173   svc_alarma.o
       640        140          0          4          0      61768   system_nrf52.o

    ----------------------------------------------------------------------
      6012        914        592        188      19676     231849   Object Totals
         0          0         32          0          0          0   (incl. Generated)
         6          0          0          9          0          0   (incl. Padding)

    ----------------------------------------------------------------------

      Code (inc. data)   RO Data    RW Data    ZI Data      Debug   Library Member Name

         0          0          0          0          0          0   entry.o
         0          0          0          0          0          0   entry10a.o
         0          0          0          0          0          0   entry11a.o
         8          4          0          0          0          0   entry2.o
         4          0          0          0          0          0   entry5.o
         0          0          0          0          0          0   entry7b.o
         0          0          0          0          0          0   entry8b.o
         8          4          0          0          0          0   entry9a.o
        30          0          0          0          0          0   handlers.o
        36          8          0          0          0         68   init.o
        30          0          0          0          0         68   llshl.o
        32          0          0          0          0         68   llushr.o
        98          0          0          0          0         92   uldiv.o

    ----------------------------------------------------------------------
       248         16          0          0          0        296   Library Totals
         2          0          0          0          0          0   (incl. Padding)

    ----------------------------------------------------------------------

      Code (inc. data)   RO Data    RW Data    ZI Data      Debug   Library Name

       246         16          0          0          0        296   mc_w.l

    ----------------------------------------------------------------------
       248         16          0          0          0        296   Library Totals

    ----------------------------------------------------------------------

==============================================================================


      Code (inc. data)   RO Data    RW Data    ZI Data      Debug   

      6260        930        592        188      19676     225997   Grand Totals
      6260        930        592        188      19676     225997   ELF Image Totals
      6260        930        592        188          0          0   ROM Totals

==============================================================================

    Total RO  Size (Code + RO Data)                 6852 (   6.69kB)
    Total RW  Size (RW Data + ZI Data)             19864 (  19.40kB)
    Total ROM Size (Code + RO Data + RW Data)       7040 (   6.88kB)

==============================================================================

