Component: ARM Compiler 5.06 update 6 (build 750) Tool: armlink [4d35ed]

==============================================================================

Section Cross References

    main.o(i.blink_v1) refers to drv_leds.o(i.drv_led_establecer) for drv_led_establecer
    main.o(i.blink_v1) refers to drv_leds.o(i.drv_led_conmutar) for drv_led_conmutar
    main.o(i.blink_v2) refers to drv_leds.o(i.drv_led_establecer) for drv_led_establecer
    main.o(i.blink_v2) refers to drv_tiempo.o(i.drv_tiempo_actual_ms) for drv_tiempo_actual_ms
    main.o(i.blink_v2) refers to drv_tiempo.o(i.drv_tiempo_esperar_hasta_ms) for drv_tiempo_esperar_hasta_ms
    main.o(i.blink_v2) refers to drv_leds.o(i.drv_led_conmutar) for drv_led_conmutar
    main.o(i.blink_v3) refers to drv_consumo.o(i.drv_consumo_iniciar) for drv_consumo_iniciar
    main.o(i.blink_v3) refers to drv_leds.o(i.drv_led_establecer) for drv_led_establecer
    main.o(i.blink_v3) refers to drv_tiempo.o(i.drv_tiempo_periodico_ms) for drv_tiempo_periodico_ms
    main.o(i.blink_v3) refers to drv_consumo.o(i.drv_consumo_esperar) for drv_consumo_esperar
    main.o(i.blink_v3) refers to main.o(i.leds_c) for leds_c
    main.o(i.blink_v3_bis) refers to drv_monitor.o(i.drv_monitor_iniciar) for drv_monitor_iniciar
    main.o(i.blink_v3_bis) refers to drv_consumo.o(i.drv_consumo_iniciar) for drv_consumo_iniciar
    main.o(i.blink_v3_bis) refers to drv_botones.o(i.drv_botones_iniciar) for drv_botones_iniciar
    main.o(i.blink_v3_bis) refers to drv_tiempo.o(i.drv_tiempo_periodico_ms) for drv_tiempo_periodico_ms
    main.o(i.blink_v3_bis) refers to drv_consumo.o(i.drv_consumo_esperar) for drv_consumo_esperar
    main.o(i.blink_v3_bis) refers to drv_consumo.o(i.drv_consumo_dormir) for drv_consumo_dormir
    main.o(i.blink_v3_bis) refers to main.o(i.drv_boton_estado_actualizar) for drv_boton_estado_actualizar
    main.o(i.blink_v3_bis) refers to main.o(i.leds_c) for leds_c
    main.o(i.blink_v4) refers to drv_consumo.o(i.drv_consumo_iniciar) for drv_consumo_iniciar
    main.o(i.blink_v4) refers to drv_monitor.o(i.drv_monitor_iniciar) for drv_monitor_iniciar
    main.o(i.blink_v4) refers to rt_fifo.o(i.rt_FIFO_inicializar) for rt_FIFO_inicializar
    main.o(i.blink_v4) refers to drv_leds.o(i.drv_led_establecer) for drv_led_establecer
    main.o(i.blink_v4) refers to drv_tiempo.o(i.drv_tiempo_periodico_ms) for drv_tiempo_periodico_ms
    main.o(i.blink_v4) refers to rt_fifo.o(i.rt_FIFO_extraer) for rt_FIFO_extraer
    main.o(i.blink_v4) refers to drv_leds.o(i.drv_led_conmutar) for drv_led_conmutar
    main.o(i.blink_v4) refers to drv_consumo.o(i.drv_consumo_esperar) for drv_consumo_esperar
    main.o(i.blink_v4) refers to rt_fifo.o(i.rt_FIFO_encolar) for rt_FIFO_encolar
    main.o(i.boton_pulsado) refers to drv_leds.o(i.drv_led_conmutar) for drv_led_conmutar
    main.o(i.boton_pulsado) refers to drv_sc.o(i.drv_sc_disable) for drv_sc_disable
    main.o(i.boton_pulsado) refers to drv_botones.o(i.drv_botones_actualizar) for drv_botones_actualizar
    main.o(i.boton_pulsado) refers to drv_sc.o(i.drv_sc_enable) for drv_sc_enable
    main.o(i.leds_c) refers to drv_monitor.o(i.drv_monitor_desmarcar) for drv_monitor_desmarcar
    main.o(i.leds_c) refers to drv_leds.o(i.drv_led_conmutar) for drv_led_conmutar
    main.o(i.leds_c) refers to drv_monitor.o(i.drv_monitor_marcar) for drv_monitor_marcar
    main.o(i.main) refers to drv_tiempo.o(i.drv_tiempo_iniciar) for drv_tiempo_iniciar
    main.o(i.main) refers to hal_gpio_lpc.o(i.hal_gpio_iniciar) for hal_gpio_iniciar
    main.o(i.main) refers to drv_leds.o(i.drv_leds_iniciar) for drv_leds_iniciar
    main.o(i.main) refers to guitar_hero.o(i.guitar_hero) for guitar_hero
    main.o(i.test_botones) refers to drv_consumo.o(i.drv_consumo_iniciar) for drv_consumo_iniciar
    main.o(i.test_botones) refers to drv_monitor.o(i.drv_monitor_iniciar) for drv_monitor_iniciar
    main.o(i.test_botones) refers to rt_ge.o(i.rt_GE_iniciar) for rt_GE_iniciar
    main.o(i.test_botones) refers to rt_fifo.o(i.rt_FIFO_inicializar) for rt_FIFO_inicializar
    main.o(i.test_botones) refers to drv_botones.o(i.drv_botones_iniciar) for drv_botones_iniciar
    main.o(i.test_botones) refers to rt_ge.o(i.rt_GE_lanzador) for rt_GE_lanzador
    main.o(i.test_botones) refers to main.o(i.boton_pulsado) for boton_pulsado
    main.o(i.test_overflow) refers to drv_monitor.o(i.drv_monitor_iniciar) for drv_monitor_iniciar
    main.o(i.test_overflow) refers to rt_fifo.o(i.rt_FIFO_inicializar) for rt_FIFO_inicializar
    main.o(i.test_overflow) refers to rt_fifo.o(i.rt_FIFO_encolar) for rt_FIFO_encolar
    main.o(i.test_watchdog) refers to drv_wdt.o(i.drv_wdt_iniciar) for drv_wdt_iniciar
    main.o(i.test_watchdog) refers to rt_ge.o(i.rt_GE_iniciar) for rt_GE_iniciar
    main.o(i.test_watchdog) refers to main.o(i.test_overflow) for test_overflow
    drv_leds.o(i.drv_led_conmutar) refers to drv_leds.o(i.led_id_valido) for led_id_valido
[...]
    hal_ext_int_lpc.o(i.hal_ext_int_iniciar) refers to hal_ext_int_lpc.o(i.EINT_Handler) for EINT_Handler
    hal_ext_int_lpc.o(i.hal_ext_int_leer) refers to hal_ext_int_lpc.o(i.pin_a_eint) for pin_a_eint
    hal_wdt_lpc.o(i.hal_wdt_iniciar) refers to hal_wdt_lpc.o(i.hal_wdt_feed) for hal_wdt_feed
    hal_random_lpc.o(i.random_iniciar) refers to rand.o(.text) for srand
    hal_random_lpc.o(i.random_value) refers to rand.o(.emb_text) for rand
    hal_random_lpc.o(i.random_value) refers to aeabi_sdiv.o(.text_udiv) for __aeabi_uidivmod
    hal_uart_lpc.o(i.hal_uart_init) refers to aeabi_sdiv.o(.text_udiv) for __aeabi_uidivmod
    startup.o(STACK) refers (Special) to heapauxi.o(.text) for __use_two_region_memory
    startup.o(HEAP) refers (Special) to heapauxi.o(.text) for __use_two_region_memory
    startup.o(RESET) refers (Special) to heapauxi.o(.text) for __use_two_region_memory
    startup.o(RESET) refers to startup.o(STACK) for Stack_Top
    startup.o(RESET) refers to __main.o(!!!main) for __main
    startup.o(.text) refers (Special) to heapauxi.o(.text) for __use_two_region_memory
    startup.o(.text) refers to startup.o(HEAP) for Heap_Mem
    startup.o(.text) refers to startup.o(STACK) for Stack_Mem
    rand.o(.emb_text) refers (Special) to libinit2.o(.ARM.Collect$$libinit$$0000000D) for __rt_lib_init_rand_2
    rand.o(.emb_text) refers to rand.o(.text) for _rand_init
    rand.o(.emb_text) refers to rand.o(.bss) for _random_number_data
    rand.o(.text) refers (Special) to libinit2.o(.ARM.Collect$$libinit$$0000000D) for __rt_lib_init_rand_2
    rand.o(.text) refers to rand.o(.bss) for .bss
    rand.o(.bss) refers (Special) to libinit2.o(.ARM.Collect$$libinit$$0000000D) for __rt_lib_init_rand_2
    aeabi_sdiv.o(.text_udiv) refers to aeabi_sdiv.o(.text) for __arm_div2
    aeabi_sdiv_div0.o(.text_udiv) refers to aeabi_sdiv_div0.o(.text) for __arm_div2
    __main.o(!!!main) refers to __rtentry.o(.ARM.Collect$$rtentry$$00000000) for __rt_entry
    __rtentry.o(.ARM.Collect$$rtentry$$00000000) refers (Special) to __rtentry2.o(.ARM.Collect$$rtentry$$0000000A) for __rt_entry_li
    __rtentry.o(.ARM.Collect$$rtentry$$00000000) refers (Special) to __rtentry2.o(.ARM.Collect$$rtentry$$0000000D) for __rt_entry_main
    __rtentry.o(.ARM.Collect$$rtentry$$00000000) refers (Special) to __rtentry2.o(.ARM.Collect$$rtentry$$0000000C) for __rt_entry_postli_1
    __rtentry.o(.ARM.Collect$$rtentry$$00000000) refers (Special) to __rtentry2.o(.ARM.Collect$$rtentry$$00000009) for __rt_entry_postsh_1
    __rtentry.o(.ARM.Collect$$rtentry$$00000000) refers (Special) to __rtentry2.o(.ARM.Collect$$rtentry$$00000002) for __rt_entry_presh_1
    __rtentry.o(.ARM.Collect$$rtentry$$00000000) refers (Special) to __rtentry4.o(.ARM.Collect$$rtentry$$00000004) for __rt_entry_sh
    aeabi_idiv0_sigfpe.o(.text) refers to rt_div0.o(.text) for __rt_div0
    aeabi_ldiv0_sigfpe.o(.text) refers to rt_div0.o(.text) for __rt_div0
    libinit2.o(.ARM.Collect$$libinit$$00000001) refers to fpinit.o(x$fpl$fpinit) for _fp_init
    libinit2.o(.ARM.Collect$$libinit$$0000000D) refers (Weak) to rand.o(.text) for _rand_init
    libinit2.o(.ARM.Collect$$libinit$$00000010) refers to libinit2.o(.ARM.Collect$$libinit$$0000000F) for .ARM.Collect$$libinit$$0000000F
    libinit2.o(.ARM.Collect$$libinit$$00000012) refers to libinit2.o(.ARM.Collect$$libinit$$0000000F) for .ARM.Collect$$libinit$$0000000F
    libinit2.o(.ARM.Collect$$libinit$$00000014) refers to libinit2.o(.ARM.Collect$$libinit$$0000000F) for .ARM.Collect$$libinit$$0000000F
    libinit2.o(.ARM.Collect$$libinit$$00000016) refers to libinit2.o(.ARM.Collect$$libinit$$0000000F) for .ARM.Collect$$libinit$$0000000F
    libinit2.o(.ARM.Collect$$libinit$$00000018) refers to libinit2.o(.ARM.Collect$$libinit$$0000000F) for .ARM.Collect$$libinit$$0000000F
    libinit2.o(.ARM.Collect$$libinit$$00000026) refers to argv_veneer.o(.emb_text) for __ARM_argv_veneer
    libinit2.o(.ARM.Collect$$libinit$$00000027) refers to argv_veneer.o(.emb_text) for __ARM_argv_veneer
    __rtentry2.o(.ARM.Collect$$rtentry$$00000008) refers to boardinit2.o(.text) for _platform_post_stackheap_init
    __rtentry2.o(.ARM.Collect$$rtentry$$0000000A) refers to libinit.o(.ARM.Collect$$libinit$$00000000) for __rt_lib_init
    __rtentry2.o(.ARM.Collect$$rtentry$$0000000B) refers to boardinit3.o(.text) for _platform_post_lib_init
    __rtentry2.o(.ARM.Collect$$rtentry$$0000000D) refers to exit.o(.text) for exit
    __rtentry2.o(.ARM.Collect$$rtentry$$0000000D) refers to main.o(i.main) for main
    __rtentry2.o(.ARM.exidx) refers to __rtentry2.o(.ARM.Collect$$rtentry$$00000001) for .ARM.Collect$$rtentry$$00000001
    __rtentry2.o(.ARM.exidx) refers to __rtentry2.o(.ARM.Collect$$rtentry$$00000008) for .ARM.Collect$$rtentry$$00000008
    __rtentry2.o(.ARM.exidx) refers to __rtentry2.o(.ARM.Collect$$rtentry$$0000000A) for .ARM.Collect$$rtentry$$0000000A
    __rtentry2.o(.ARM.exidx) refers to __rtentry2.o(.ARM.Collect$$rtentry$$0000000B) for .ARM.Collect$$rtentry$$0000000B
    __rtentry2.o(.ARM.exidx) refers to __rtentry2.o(.ARM.Collect$$rtentry$$0000000D) for .ARM.Collect$$rtentry$$0000000D
    __rtentry4.o(.ARM.Collect$$rtentry$$00000004) refers to sys_stackheap_outer.o(.text) for __user_setup_stackheap
    __rtentry4.o(.ARM.exidx) refers to __rtentry4.o(.ARM.Collect$$rtentry$$00000004) for .ARM.Collect$$rtentry$$00000004
    rt_div0.o(.text) refers to defsig_fpe_outer.o(.text) for __rt_SIGFPE
    argv_veneer.o(.emb_text) refers to no_argv.o(.text) for __ARM_get_argv
    sys_stackheap_outer.o(.text) refers to libspace.o(.text) for __user_perproc_libspace
    sys_stackheap_outer.o(.text) refers to startup.o(.text) for __user_initial_stackheap
    exit.o(.text) refers to rtexit.o(.ARM.Collect$$rtexit$$00000000) for __rt_exit
    defsig_fpe_outer.o(.text) refers to defsig_fpe_inner.o(.text) for __rt_SIGFPE_inner
    defsig_fpe_outer.o(.text) refers to defsig_exit.o(.text) for __sig_exit
    defsig_fpe_formal.o(.text) refers to rt_raise.o(.text) for __rt_raise
    _get_argv_nomalloc.o(.text) refers (Special) to hrguard.o(.text) for __heap_region$guard
    _get_argv_nomalloc.o(.text) refers to defsig_rtmem_outer.o(.text) for __rt_SIGRTMEM
    _get_argv_nomalloc.o(.text) refers to sys_command.o(.text) for _sys_command_string
    libinit.o(.ARM.Collect$$libinit$$00000000) refers (Special) to libinit2.o(.ARM.Collect$$libinit$$0000002E) for __rt_lib_init_alloca_1
    libinit.o(.ARM.Collect$$libinit$$00000000) refers (Special) to libinit2.o(.ARM.Collect$$libinit$$0000002C) for __rt_lib_init_argv_1
    libinit.o(.ARM.Collect$$libinit$$00000000) refers (Special) to libinit2.o(.ARM.Collect$$libinit$$0000001B) for __rt_lib_init_atexit_1
    libinit.o(.ARM.Collect$$libinit$$00000000) refers (Special) to libinit2.o(.ARM.Collect$$libinit$$00000021) for __rt_lib_init_clock_1
    libinit.o(.ARM.Collect$$libinit$$00000000) refers (Special) to libinit2.o(.ARM.Collect$$libinit$$00000032) for __rt_lib_init_cpp_1
    libinit.o(.ARM.Collect$$libinit$$00000000) refers (Special) to libinit2.o(.ARM.Collect$$libinit$$00000030) for __rt_lib_init_exceptions_1
    libinit.o(.ARM.Collect$$libinit$$00000000) refers (Special) to libinit2.o(.ARM.Collect$$libinit$$00000002) for __rt_lib_init_fp_1
    libinit.o(.ARM.Collect$$libinit$$00000000) refers (Special) to libinit2.o(.ARM.Collect$$libinit$$0000001F) for __rt_lib_init_fp_trap_1
    libinit.o(.ARM.Collect$$libinit$$00000000) refers (Special) to libinit2.o(.ARM.Collect$$libinit$$00000023) for __rt_lib_init_getenv_1
    libinit.o(.ARM.Collect$$libinit$$00000000) refers (Special) to libinit2.o(.ARM.Collect$$libinit$$0000000A) for __rt_lib_init_heap_1
    libinit.o(.ARM.Collect$$libinit$$00000000) refers (Special) to libinit2.o(.ARM.Collect$$libinit$$00000011) for __rt_lib_init_lc_collate_1
    libinit.o(.ARM.Collect$$libinit$$00000000) refers (Special) to libinit2.o(.ARM.Collect$$libinit$$00000013) for __rt_lib_init_lc_ctype_1
    libinit.o(.ARM.Collect$$libinit$$00000000) refers (Special) to libinit2.o(.ARM.Collect$$libinit$$00000015) for __rt_lib_init_lc_monetary_1
    libinit.o(.ARM.Collect$$libinit$$00000000) refers (Special) to libinit2.o(.ARM.Collect$$libinit$$00000017) for __rt_lib_init_lc_numeric_1
    libinit.o(.ARM.Collect$$libinit$$00000000) refers (Special) to libinit2.o(.ARM.Collect$$libinit$$00000019) for __rt_lib_init_lc_time_1
    libinit.o(.ARM.Collect$$libinit$$00000000) refers (Special) to libinit2.o(.ARM.Collect$$libinit$$00000004) for __rt_lib_init_preinit_1
    libinit.o(.ARM.Collect$$libinit$$00000000) refers (Special) to libinit2.o(.ARM.Collect$$libinit$$0000000E) for __rt_lib_init_rand_1
    libinit.o(.ARM.Collect$$libinit$$00000000) refers (Special) to libinit2.o(.ARM.Collect$$libinit$$00000033) for __rt_lib_init_return
    libinit.o(.ARM.Collect$$libinit$$00000000) refers (Special) to libinit2.o(.ARM.Collect$$libinit$$0000001D) for __rt_lib_init_signal_1
    libinit.o(.ARM.Collect$$libinit$$00000000) refers (Special) to libinit2.o(.ARM.Collect$$libinit$$00000025) for __rt_lib_init_stdio_1
    libinit.o(.ARM.Collect$$libinit$$00000000) refers (Special) to libinit2.o(.ARM.Collect$$libinit$$0000000C) for __rt_lib_init_user_alloc_1
    sys_command.o(.text) refers (Special) to use_no_semi.o(.text) for __I$use$semihosting
    sys_command.o(.text) refers (Special) to indicate_semi.o(.text) for __semihosting_library_function
    libspace.o(.text) refers to libspace.o(.bss) for __libspace_start
    rtexit.o(.ARM.Collect$$rtexit$$00000000) refers (Special) to rtexit2.o(.ARM.Collect$$rtexit$$00000004) for __rt_exit_exit
    rtexit.o(.ARM.Collect$$rtexit$$00000000) refers (Special) to rtexit2.o(.ARM.Collect$$rtexit$$00000003) for __rt_exit_ls
    rtexit.o(.ARM.Collect$$rtexit$$00000000) refers (Special) to rtexit2.o(.ARM.Collect$$rtexit$$00000002) for __rt_exit_prels_1
    rtexit.o(.ARM.exidx) refers (Special) to rtexit2.o(.ARM.Collect$$rtexit$$00000004) for __rt_exit_exit
    rtexit.o(.ARM.exidx) refers (Special) to rtexit2.o(.ARM.Collect$$rtexit$$00000003) for __rt_exit_ls
    rtexit.o(.ARM.exidx) refers (Special) to rtexit2.o(.ARM.Collect$$rtexit$$00000002) for __rt_exit_prels_1
    rtexit.o(.ARM.exidx) refers to rtexit.o(.ARM.Collect$$rtexit$$00000000) for .ARM.Collect$$rtexit$$00000000
    rt_raise.o(.text) refers to __raise.o(.text) for __raise
    rt_raise.o(.text) refers to sys_exit.o(.text) for _sys_exit
    defsig_exit.o(.text) refers to sys_exit.o(.text) for _sys_exit
    defsig_fpe_inner.o(.text) refers to defsig_general.o(.text) for __default_signal_display
    defsig_rtmem_outer.o(.text) refers to defsig_rtmem_inner.o(.text) for __rt_SIGRTMEM_inner
    defsig_rtmem_outer.o(.text) refers to defsig_exit.o(.text) for __sig_exit
    defsig_rtmem_formal.o(.text) refers to rt_raise.o(.text) for __rt_raise
    sys_exit.o(.text) refers (Special) to use_no_semi.o(.text) for __I$use$semihosting
    sys_exit.o(.text) refers (Special) to indicate_semi.o(.text) for __semihosting_library_function
    rtexit2.o(.ARM.Collect$$rtexit$$00000003) refers to libshutdown.o(.ARM.Collect$$libshutdown$$00000000) for __rt_lib_shutdown
    rtexit2.o(.ARM.Collect$$rtexit$$00000004) refers to sys_exit.o(.text) for _sys_exit
    rtexit2.o(.ARM.exidx) refers to rtexit2.o(.ARM.Collect$$rtexit$$00000001) for .ARM.Collect$$rtexit$$00000001
    rtexit2.o(.ARM.exidx) refers to rtexit2.o(.ARM.Collect$$rtexit$$00000003) for .ARM.Collect$$rtexit$$00000003
    rtexit2.o(.ARM.exidx) refers to rtexit2.o(.ARM.Collect$$rtexit$$00000004) for .ARM.Collect$$rtexit$$00000004
    __raise.o(.text) refers to __raise.o(i.__ARM_common_call_via_r2) for __ARM_common_call_via_r2
    __raise.o(.text) refers to defsig.o(CL$$defsig) for __default_signal_handler
    defsig_general.o(.text) refers to sys_wrch.o(.text) for _ttywrch
    defsig_rtmem_inner.o(.text) refers to defsig_general.o(.text) for __default_signal_display
    sys_wrch.o(.text) refers (Special) to use_no_semi.o(.text) for __I$use$semihosting
    sys_wrch.o(.text) refers (Special) to indicate_semi.o(.text) for __semihosting_library_function
    defsig.o(CL$$defsig) refers to defsig_fpe_inner.o(.text) for __rt_SIGFPE_inner
    defsig.o(CL$$defsig) refers to defsig_rtmem_inner.o(.text) for __rt_SIGRTMEM_inner
    libshutdown.o(.ARM.Collect$$libshutdown$$00000000) refers (Special) to libshutdown2.o(.ARM.Collect$$libshutdown$$00000002) for __rt_lib_shutdown_cpp_1
    libshutdown.o(.ARM.Collect$$libshutdown$$00000000) refers (Special) to libshutdown2.o(.ARM.Collect$$libshutdown$$00000007) for __rt_lib_shutdown_fp_trap_1
    libshutdown.o(.ARM.Collect$$libshutdown$$00000000) refers (Special) to libshutdown2.o(.ARM.Collect$$libshutdown$$0000000F) for __rt_lib_shutdown_heap_1
    libshutdown.o(.ARM.Collect$$libshutdown$$00000000) refers (Special) to libshutdown2.o(.ARM.Collect$$libshutdown$$00000010) for __rt_lib_shutdown_return
    libshutdown.o(.ARM.Collect$$libshutdown$$00000000) refers (Special) to libshutdown2.o(.ARM.Collect$$libshutdown$$0000000A) for __rt_lib_shutdown_signal_1
    libshutdown.o(.ARM.Collect$$libshutdown$$00000000) refers (Special) to libshutdown2.o(.ARM.Collect$$libshutdown$$00000004) for __rt_lib_shutdown_stdio_1
    libshutdown.o(.ARM.Collect$$libshutdown$$00000000) refers (Special) to libshutdown2.o(.ARM.Collect$$libshutdown$$0000000C) for __rt_lib_shutdown_user_alloc_1
    defsig_abrt_inner.o(.text) refers to defsig_general.o(.text) for __default_signal_display
    defsig_rtred_inner.o(.text) refers to defsig_general.o(.text) for __default_signal_display
    defsig_stak_inner.o(.text) refers to defsig_general.o(.text) for __default_signal_display
    defsig_pvfn_inner.o(.text) refers to defsig_general.o(.text) for __default_signal_display
    defsig_cppl_inner.o(.text) refers to defsig_general.o(.text) for __default_signal_display
    defsig_segv_inner.o(.text) refers to defsig_general.o(.text) for __default_signal_display
    defsig_other.o(.text) refers to defsig_general.o(.text) for __default_signal_display


==============================================================================

Removing Unused input sections from the image.

    Removing main.o(i.blink_v1), (76 bytes).
    Removing main.o(i.blink_v2), (52 bytes).
    Removing main.o(i.blink_v3), (56 bytes).
    Removing main.o(i.blink_v3_bis), (88 bytes).
    Removing main.o(i.blink_v4), (120 bytes).
    Removing main.o(i.boton_pulsado), (52 bytes).
    Removing main.o(i.drv_boton_estado_actualizar), (4 bytes).
    Removing main.o(i.leds_c), (44 bytes).
    Removing main.o(i.test_botones), (56 bytes).
    Removing main.o(i.test_overflow), (56 bytes).
    Removing main.o(i.test_watchdog), (28 bytes).
    Removing drv_leds.o(i.drv_led_conmutar), (104 bytes).
    Removing drv_leds.o(i.drv_led_estado), (136 bytes).
    Removing drv_tiempo.o(i.drv_tiempo_actual_ms), (32 bytes).
    Removing drv_tiempo.o(i.drv_tiempo_esperar_hasta_ms), (36 bytes).
    Removing drv_tiempo.o(i.drv_tiempo_esperar_ms), (40 bytes).
    Removing rt_fifo.o(i.rt_FIFO_estadisticas), (36 bytes).
    Removing bit_counter_strike.o(i.actualizar_bit_counter_strike), (432 bytes).
    Removing bit_counter_strike.o(i.bit_counter_strike), (172 bytes).
    Removing bit_counter_strike.o(i.iniciarBCS), (120 bytes).
    Removing bit_counter_strike.o(i.manejador_interrupcion_botones), (52 bytes).
    Removing bit_counter_strike.o(i.timeout_led), (140 bytes).
    Removing bit_counter_strike.o(.data), (13 bytes).
    Removing drv_uart.o(i.drv_uart_data_available), (16 bytes).
    Removing drv_uart.o(i.drv_uart_getchar), (16 bytes).
    Removing hal_ext_int_lpc.o(i.hal_ext_int_deshabilitar_despertar), (64 bytes).
    Removing hal_ext_int_lpc.o(i.hal_ext_int_leer), (88 bytes).
    Removing hal_random_lpc.o(i.random_iniciar), (28 bytes).
    Removing hal_random_lpc.o(i.random_value), (68 bytes).
    Removing hal_uart_lpc.o(i.hal_uart_data_available), (20 bytes).
    Removing hal_uart_lpc.o(i.hal_uart_getchar), (40 bytes).

31 unused section(s) (total 2285 bytes) removed from the image.

==============================================================================

Adding Veneers to the image

    Adding AT veneer (8 bytes, Inline) for call to '__rt_lib_init' from __rtentry2.o(.ARM.Collect$$rtentry$$0000000A).
    Adding AT veneer (8 bytes, Inline) for call to '__rt_lib_shutdown' from rtexit2.o(.ARM.Collect$$rtexit$$00000003).
    Adding TA veneer (4 bytes, Inline) for call to '__rt_exit' from exit.o(.text).
    Adding AT veneer (8 bytes, Inline) for call to '_sys_exit' from rtexit2.o(.ARM.Collect$$rtexit$$00000004).

4 Veneer(s) (total 28 bytes) added to the image.

==============================================================================

Image Symbol Table

    Local Symbols

    Symbol Name                              Value     Ov Type        Size  Object(Section)

    RESET                                    0x00000000   Section      272  startup.o(RESET)
    ../clib/angel/boardlib.s                 0x00000000   Number         0  boardinit1.o ABSOLUTE
    ../clib/angel/boardlib.s                 0x00000000   Number         0  boardinit2.o ABSOLUTE
    ../clib/angel/boardlib.s                 0x00000000   Number         0  boardinit3.o ABSOLUTE
    ../clib/angel/boardlib.s                 0x00000000   Number         0  boardshut.o ABSOLUTE
    ../clib/angel/handlers.s                 0x00000000   Number         0  __scatter_copy.o ABSOLUTE
    ../clib/angel/handlers.s                 0x00000000   Number         0  __scatter_zi.o ABSOLUTE
    ../clib/angel/kernel.s                   0x00000000   Number         0  rtexit2.o ABSOLUTE
    ../clib/angel/kernel.s                   0x00000000   Number         0  __rtentry2.o ABSOLUTE
    ../clib/angel/kernel.s                   0x00000000   Number         0  __rtentry.o ABSOLUTE
    ../clib/angel/kernel.s                   0x00000000   Number         0  rtexit.o ABSOLUTE
    ../clib/angel/kernel.s                   0x00000000   Number         0  __rtentry4.o ABSOLUTE
    ../clib/angel/rt.s                       0x00000000   Number         0  rt_div0.o ABSOLUTE
    ../clib/angel/rt.s                       0x00000000   Number         0  aeabi_ldiv0_sigfpe.o ABSOLUTE
    ../clib/angel/rt.s                       0x00000000   Number         0  aeabi_idiv0_sigfpe.o ABSOLUTE
    ../clib/angel/rt.s                       0x00000000   Number         0  aeabi_idiv0.o ABSOLUTE
    ../clib/angel/rt.s                       0x00000000   Number         0  aeabi_ldiv0.o ABSOLUTE
    ../clib/angel/rt.s                       0x00000000   Number         0  rt_raise.o ABSOLUTE
    ../clib/angel/scatter.s                  0x00000000   Number         0  __scatter.o ABSOLUTE
    ../clib/angel/startup.s                  0x00000000   Number         0  __main.o ABSOLUTE
    ../clib/angel/sys.s                      0x00000000   Number         0  libspace.o ABSOLUTE
    ../clib/angel/sys.s                      0x00000000   Number         0  sys_stackheap_outer.o ABSOLUTE
    ../clib/angel/sys.s                      0x00000000   Number         0  use_no_semi.o ABSOLUTE
    ../clib/angel/sys.s                      0x00000000   Number         0  indicate_semi.o ABSOLUTE
    ../clib/angel/sysapp.c                   0x00000000   Number         0  sys_wrch.o ABSOLUTE
    ../clib/angel/sysapp.c                   0x00000000   Number         0  sys_command.o ABSOLUTE
    ../clib/angel/sysapp.c                   0x00000000   Number         0  sys_exit.o ABSOLUTE
    ../clib/armsys.c                         0x00000000   Number         0  argv_veneer.o ABSOLUTE
    ../clib/armsys.c                         0x00000000   Number         0  _get_argv_nomalloc.o ABSOLUTE
    ../clib/armsys.c                         0x00000000   Number         0  no_argv.o ABSOLUTE
    ../clib/armsys.c                         0x00000000   Number         0  argv_veneer.o ABSOLUTE
    ../clib/division.s                       0x00000000   Number         0  aeabi_sdiv.o ABSOLUTE
    ../clib/division.s                       0x00000000   Number         0  aeabi_sdiv_div0.o ABSOLUTE
    ../clib/divrt.s                          0x00000000   Number         0  divrt_7tdmi_div0.o ABSOLUTE
    ../clib/divrt.s                          0x00000000   Number         0  divrt_7tdmi.o ABSOLUTE
    ../clib/heapalloc.c                      0x00000000   Number         0  hrguard.o ABSOLUTE
    ../clib/heapaux.c                        0x00000000   Number         0  heapauxi.o ABSOLUTE
    ../clib/libinit.s                        0x00000000   Number         0  libshutdown.o ABSOLUTE
    ../clib/libinit.s                        0x00000000   Number         0  libinit.o ABSOLUTE
    ../clib/libinit.s                        0x00000000   Number         0  libinit2.o ABSOLUTE
    ../clib/libinit.s                        0x00000000   Number         0  libshutdown2.o ABSOLUTE
    ../clib/longlong.s                       0x00000000   Number         0  lludiv.o ABSOLUTE
    ../clib/memcpset.s                       0x00000000   Number         0  rt_memcpy_w.o ABSOLUTE
    ../clib/signal.c                         0x00000000   Number         0  defsig_fpe_formal.o ABSOLUTE
    ../clib/signal.c                         0x00000000   Number         0  defsig_rtmem_formal.o ABSOLUTE
    ../clib/signal.c                         0x00000000   Number         0  defsig_fpe_inner.o ABSOLUTE
    ../clib/signal.c                         0x00000000   Number         0  __raise.o ABSOLUTE
    ../clib/signal.c                         0x00000000   Number         0  defsig_general.o ABSOLUTE
    ../clib/signal.c                         0x00000000   Number         0  defsig_rtmem_inner.o ABSOLUTE
    ../clib/signal.c                         0x00000000   Number         0  defsig_exit.o ABSOLUTE
    ../clib/signal.c                         0x00000000   Number         0  defsig_pvfn_inner.o ABSOLUTE
    ../clib/signal.c                         0x00000000   Number         0  defsig_other.o ABSOLUTE
    ../clib/signal.c                         0x00000000   Number         0  defsig_segv_inner.o ABSOLUTE
    ../clib/signal.c                         0x00000000   Number         0  defsig_stak_inner.o ABSOLUTE
    ../clib/signal.c                         0x00000000   Number         0  defsig_rtmem_outer.o ABSOLUTE
    ../clib/signal.c                         0x00000000   Number         0  defsig_abrt_inner.o ABSOLUTE
    ../clib/signal.c                         0x00000000   Number         0  defsig_rtred_inner.o ABSOLUTE
    ../clib/signal.c                         0x00000000   Number         0  defsig_fpe_outer.o ABSOLUTE
    ../clib/signal.c                         0x00000000   Number         0  defsig_cppl_inner.o ABSOLUTE
    ../clib/signal.s                         0x00000000   Number         0  defsig.o ABSOLUTE
    ../clib/stdlib.c                         0x00000000   Number         0  rand.o ABSOLUTE
    ../clib/stdlib.c                         0x00000000   Number         0  rand.o ABSOLUTE
    ../clib/stdlib.c                         0x00000000   Number         0  exit.o ABSOLUTE
    ../fplib/fpinit.s                        0x00000000   Number         0  fpinit.o ABSOLUTE
    ..\..\src\bit_counter_strike.c           0x00000000   Number         0  bit_counter_strike.o ABSOLUTE
    ..\..\src\drv_botones.c                  0x00000000   Number         0  drv_botones.o ABSOLUTE
    ..\..\src\drv_consumo.c                  0x00000000   Number         0  drv_consumo.o ABSOLUTE
    ..\..\src\drv_leds.c                     0x00000000   Number         0  drv_leds.o ABSOLUTE
    ..\..\src\drv_monitor.c                  0x00000000   Number         0  drv_monitor.o ABSOLUTE
    ..\..\src\drv_sc.c                       0x00000000   Number         0  drv_sc.o ABSOLUTE
    ..\..\src\drv_tiempo.c                   0x00000000   Number         0  drv_tiempo.o ABSOLUTE
    ..\..\src\drv_uart.c                     0x00000000   Number         0  drv_uart.o ABSOLUTE
    ..\..\src\drv_wdt.c                      0x00000000   Number         0  drv_wdt.o ABSOLUTE
    ..\..\src\guitar_hero.c                  0x00000000   Number         0  guitar_hero.o ABSOLUTE
    ..\..\src\main.c                         0x00000000   Number         0  main.o ABSOLUTE
    ..\..\src\rt_GE.c                        0x00000000   Number         0  rt_ge.o ABSOLUTE
    ..\..\src\rt_fifo.c                      0x00000000   Number         0  rt_fifo.o ABSOLUTE
    ..\..\src\svc_alarma.c                   0x00000000   Number         0  svc_alarma.o ABSOLUTE
    ..\src_lpc\Startup.s                     0x00000000   Number         0  startup.o ABSOLUTE
    ..\src_lpc\hal_consumo_lpc.c             0x00000000   Number         0  hal_consumo_lpc.o ABSOLUTE
    ..\src_lpc\hal_ext_int_lpc.c             0x00000000   Number         0  hal_ext_int_lpc.o ABSOLUTE
    ..\src_lpc\hal_gpio_lpc.c                0x00000000   Number         0  hal_gpio_lpc.o ABSOLUTE
    ..\src_lpc\hal_random_lpc.c              0x00000000   Number         0  hal_random_lpc.o ABSOLUTE
    ..\src_lpc\hal_sc_lpc.c                  0x00000000   Number         0  hal_sc_lpc.o ABSOLUTE
    ..\src_lpc\hal_tiempo_lpc.c              0x00000000   Number         0  hal_tiempo_lpc.o ABSOLUTE
    ..\src_lpc\hal_uart_lpc.c                0x00000000   Number         0  hal_uart_lpc.o ABSOLUTE
    ..\src_lpc\hal_wdt_lpc.c                 0x00000000   Number         0  hal_wdt_lpc.o ABSOLUTE
    dc.s                                     0x00000000   Number         0  dc.o ABSOLUTE
    Undef_Handler                            0x00000040   ARM Code       4  startup.o(RESET)
    SWI_Handler                              0x00000044   ARM Code       4  startup.o(RESET)
    PAbt_Handler                             0x00000048   ARM Code       4  startup.o(RESET)
    DAbt_Handler                             0x0000004c   ARM Code       4  startup.o(RESET)
    IRQ_Handler                              0x00000050   ARM Code       4  startup.o(RESET)
    FIQ_Handler                              0x00000054   ARM Code       4  startup.o(RESET)
    !!!main                                  0x00000110   Section        8  __main.o(!!!main)
    !!!scatter                               0x00000118   Section       60  __scatter.o(!!!scatter)
    !!handler_copy                           0x00000154   Section       40  __scatter_copy.o(!!handler_copy)
    !!handler_zi                             0x0000017c   Section       44  __scatter_zi.o(!!handler_zi)
    .ARM.Collect$$libinit$$00000000          0x000001b0   Section        2  libinit.o(.ARM.Collect$$libinit$$00000000)
    .ARM.Collect$$libinit$$00000002          0x000001b2   Section        0  libinit2.o(.ARM.Collect$$libinit$$00000002)
    .ARM.Collect$$libinit$$00000004          0x000001b2   Section        0  libinit2.o(.ARM.Collect$$libinit$$00000004)
    .ARM.Collect$$libinit$$0000000A          0x000001b2   Section        0  libinit2.o(.ARM.Collect$$libinit$$0000000A)
    .ARM.Collect$$libinit$$0000000C          0x000001b2   Section        0  libinit2.o(.ARM.Collect$$libinit$$0000000C)
    .ARM.Collect$$libinit$$0000000E          0x000001b2   Section        0  libinit2.o(.ARM.Collect$$libinit$$0000000E)
    .ARM.Collect$$libinit$$00000011          0x000001b2   Section        0  libinit2.o(.ARM.Collect$$libinit$$00000011)
    .ARM.Collect$$libinit$$00000013          0x000001b2   Section        0  libinit2.o(.ARM.Collect$$libinit$$00000013)
    .ARM.Collect$$libinit$$00000015          0x000001b2   Section        0  libinit2.o(.ARM.Collect$$libinit$$00000015)
    .ARM.Collect$$libinit$$00000017          0x000001b2   Section        0  libinit2.o(.ARM.Collect$$libinit$$00000017)
    .ARM.Collect$$libinit$$00000019          0x000001b2   Section        0  libinit2.o(.ARM.Collect$$libinit$$00000019)
    .ARM.Collect$$libinit$$0000001B          0x000001b2   Section        0  libinit2.o(.ARM.Collect$$libinit$$0000001B)
    .ARM.Collect$$libinit$$0000001D          0x000001b2   Section        0  libinit2.o(.ARM.Collect$$libinit$$0000001D)
    .ARM.Collect$$libinit$$0000001F          0x000001b2   Section        0  libinit2.o(.ARM.Collect$$libinit$$0000001F)
    .ARM.Collect$$libinit$$00000021          0x000001b2   Section        0  libinit2.o(.ARM.Collect$$libinit$$00000021)
    .ARM.Collect$$libinit$$00000023          0x000001b2   Section        0  libinit2.o(.ARM.Collect$$libinit$$00000023)
    .ARM.Collect$$libinit$$00000025          0x000001b2   Section        0  libinit2.o(.ARM.Collect$$libinit$$00000025)
    .ARM.Collect$$libinit$$0000002C          0x000001b2   Section        0  libinit2.o(.ARM.Collect$$libinit$$0000002C)
    .ARM.Collect$$libinit$$0000002E          0x000001b2   Section        0  libinit2.o(.ARM.Collect$$libinit$$0000002E)
    .ARM.Collect$$libinit$$00000030          0x000001b2   Section        0  libinit2.o(.ARM.Collect$$libinit$$00000030)
    .ARM.Collect$$libinit$$00000032          0x000001b2   Section        0  libinit2.o(.ARM.Collect$$libinit$$00000032)
    .ARM.Collect$$libinit$$00000033          0x000001b2   Section       12  libinit2.o(.ARM.Collect$$libinit$$00000033)
    .ARM.Collect$$libshutdown$$00000000      0x000001c8   Section        4  libshutdown.o(.ARM.Collect$$libshutdown$$00000000)
    .ARM.Collect$$libshutdown$$00000002      0x000001cc   Section        0  libshutdown2.o(.ARM.Collect$$libshutdown$$00000002)
    .ARM.Collect$$libshutdown$$00000004      0x000001cc   Section        0  libshutdown2.o(.ARM.Collect$$libshutdown$$00000004)
    .ARM.Collect$$libshutdown$$00000007      0x000001cc   Section        0  libshutdown2.o(.ARM.Collect$$libshutdown$$00000007)
    .ARM.Collect$$libshutdown$$0000000A      0x000001cc   Section        0  libshutdown2.o(.ARM.Collect$$libshutdown$$0000000A)
    .ARM.Collect$$libshutdown$$0000000C      0x000001cc   Section        0  libshutdown2.o(.ARM.Collect$$libshutdown$$0000000C)
    .ARM.Collect$$libshutdown$$0000000F      0x000001cc   Section        0  libshutdown2.o(.ARM.Collect$$libshutdown$$0000000F)
    .ARM.Collect$$libshutdown$$00000010      0x000001cc   Section        6  libshutdown2.o(.ARM.Collect$$libshutdown$$00000010)
    .ARM.Collect$$rtentry$$00000000          0x000001d4   Section        0  __rtentry.o(.ARM.Collect$$rtentry$$00000000)
    .ARM.Collect$$rtentry$$00000002          0x000001d4   Section        0  __rtentry2.o(.ARM.Collect$$rtentry$$00000002)
    .ARM.Collect$$rtentry$$00000004          0x000001d4   Section        8  __rtentry4.o(.ARM.Collect$$rtentry$$00000004)
    .ARM.Collect$$rtentry$$00000009          0x000001dc   Section        0  __rtentry2.o(.ARM.Collect$$rtentry$$00000009)
    .ARM.Collect$$rtentry$$0000000A          0x000001dc   Section        4  __rtentry2.o(.ARM.Collect$$rtentry$$0000000A)
    .ARM.Collect$$rtentry$$0000000C          0x000001e0   Section        0  __rtentry2.o(.ARM.Collect$$rtentry$$0000000C)
    .ARM.Collect$$rtentry$$0000000D          0x000001e0   Section       40  __rtentry2.o(.ARM.Collect$$rtentry$$0000000D)
    .ARM.Collect$$rtexit$$00000000           0x0000020c   Section        4  rtexit.o(.ARM.Collect$$rtexit$$00000000)
    .ARM.Collect$$rtexit$$00000002           0x00000210   Section        0  rtexit2.o(.ARM.Collect$$rtexit$$00000002)
    .ARM.Collect$$rtexit$$00000003           0x00000210   Section        4  rtexit2.o(.ARM.Collect$$rtexit$$00000003)
    .ARM.Collect$$rtexit$$00000004           0x00000214   Section        8  rtexit2.o(.ARM.Collect$$rtexit$$00000004)
    .text                                    0x0000021c   Section      104  startup.o(.text)
    .text                                    0x00000284   Section      720  lludiv.o(.text)
    .text                                    0x00000554   Section      100  rt_memcpy_w.o(.text)
    .text                                    0x000005b8   Section      384  aeabi_sdiv.o(.text)
    __arm_div8                               0x000005e4   ARM Code       0  aeabi_sdiv.o(.text)
    __arm_div5                               0x00000608   ARM Code       0  aeabi_sdiv.o(.text)
    __arm_div2                               0x0000062c   ARM Code       0  aeabi_sdiv.o(.text)
    __arm_div_large                          0x00000668   ARM Code       0  aeabi_sdiv.o(.text)
    .text                                    0x00000738   Section        0  heapauxi.o(.text)
    .text                                    0x00000740   Section       96  sys_stackheap_outer.o(.text)
    .text                                    0x000007a0   Section        0  exit.o(.text)
    .text                                    0x000007b4   Section       12  libspace.o(.text)
    .text                                    0x000007c8   Section        0  sys_exit.o(.text)
    .text                                    0x000007d4   Section        4  use_no_semi.o(.text)
    .text                                    0x000007d8   Section        0  indicate_semi.o(.text)
    .text_udiv                               0x000007d8   Section       36  aeabi_sdiv.o(.text_udiv)
    i.EINT_Handler                           0x000007fc   Section        0  hal_ext_int_lpc.o(i.EINT_Handler)
    i.T0_ISR                                 0x000008b0   Section        0  hal_tiempo_lpc.o(i.T0_ISR)
    i.T1_ISR                                 0x000008f8   Section        0  hal_tiempo_lpc.o(i.T1_ISR)
    i.callback_wrapper_interno               0x00000934   Section        0  drv_tiempo.o(i.callback_wrapper_interno)
    callback_wrapper_interno                 0x00000934   ARM Code      56  drv_tiempo.o(i.callback_wrapper_interno)
    i.comprobar_acierto                      0x00000974   Section        0  guitar_hero.o(i.comprobar_acierto)
    i.drv_botones_actualizar                 0x000009c0   Section        0  drv_botones.o(i.drv_botones_actualizar)
    i.drv_botones_encontrar_indice           0x00000b24   Section        0  drv_botones.o(i.drv_botones_encontrar_indice)
    drv_botones_encontrar_indice             0x00000b24   ARM Code      56  drv_botones.o(i.drv_botones_encontrar_indice)
    i.drv_botones_iniciar                    0x00000b60   Section        0  drv_botones.o(i.drv_botones_iniciar)
    i.drv_consumo_dormir                     0x00000c14   Section        0  drv_consumo.o(i.drv_consumo_dormir)
    i.drv_consumo_esperar                    0x00000c3c   Section        0  drv_consumo.o(i.drv_consumo_esperar)
    i.drv_consumo_iniciar                    0x00000c68   Section        0  drv_consumo.o(i.drv_consumo_iniciar)
    i.drv_led_establecer                     0x00000c8c   Section        0  drv_leds.o(i.drv_led_establecer)
    i.drv_leds_iniciar                       0x00000ce0   Section        0  drv_leds.o(i.drv_leds_iniciar)
    i.drv_monitor_desmarcar                  0x00000d40   Section        0  drv_monitor.o(i.drv_monitor_desmarcar)
    i.drv_monitor_iniciar                    0x00000d90   Section        0  drv_monitor.o(i.drv_monitor_iniciar)
    i.drv_monitor_marcar                     0x00000dec   Section        0  drv_monitor.o(i.drv_monitor_marcar)
    i.drv_sc_disable                         0x00000e3c   Section        0  drv_sc.o(i.drv_sc_disable)
    i.drv_sc_enable                          0x00000e70   Section        0  drv_sc.o(i.drv_sc_enable)
    i.drv_tiempo_actual_us                   0x00000ecc   Section        0  drv_tiempo.o(i.drv_tiempo_actual_us)
    i.drv_tiempo_iniciar                     0x00000efc   Section        0  drv_tiempo.o(i.drv_tiempo_iniciar)
    i.drv_tiempo_periodico_ms                0x00000f30   Section        0  drv_tiempo.o(i.drv_tiempo_periodico_ms)
    i.drv_uart_init                          0x00000f8c   Section        0  drv_uart.o(i.drv_uart_init)
    i.drv_uart_putchar                       0x00000fa4   Section        0  drv_uart.o(i.drv_uart_putchar)
    i.drv_uart_putint                        0x00000fbc   Section        0  drv_uart.o(i.drv_uart_putint)
    i.drv_uart_puts                          0x00001064   Section        0  drv_uart.o(i.drv_uart_puts)
    i.drv_wdt_feed                           0x0000108c   Section        0  drv_wdt.o(i.drv_wdt_feed)
    i.drv_wdt_iniciar                        0x000010a4   Section        0  drv_wdt.o(i.drv_wdt_iniciar)
    i.estadisticas_guitar_hero               0x000010c4   Section        0  guitar_hero.o(i.estadisticas_guitar_hero)
    i.evento_guitar_hero                     0x00001228   Section        0  guitar_hero.o(i.evento_guitar_hero)
    i.fin_partida_guitar_hero                0x000013c8   Section        0  guitar_hero.o(i.fin_partida_guitar_hero)
    i.guitar_hero                            0x00001480   Section        0  guitar_hero.o(i.guitar_hero)
    i.hal_consumo_dormir                     0x00001540   Section        0  hal_consumo_lpc.o(i.hal_consumo_dormir)
    i.hal_consumo_esperar                    0x00001570   Section        0  hal_consumo_lpc.o(i.hal_consumo_esperar)
    i.hal_consumo_iniciar                    0x00001594   Section        0  hal_consumo_lpc.o(i.hal_consumo_iniciar)
    i.hal_ext_int_clear                      0x000015a8   Section        0  hal_ext_int_lpc.o(i.hal_ext_int_clear)
    i.hal_ext_int_clear_flag                 0x000015bc   Section        0  hal_ext_int_lpc.o(i.hal_ext_int_clear_flag)
    i.hal_ext_int_deshabilitar_int           0x000015f4   Section        0  hal_ext_int_lpc.o(i.hal_ext_int_deshabilitar_int)
    i.hal_ext_int_habilitar_despertar        0x0000162c   Section        0  hal_ext_int_lpc.o(i.hal_ext_int_habilitar_despertar)
    i.hal_ext_int_habilitar_int              0x0000166c   Section        0  hal_ext_int_lpc.o(i.hal_ext_int_habilitar_int)
    i.hal_ext_int_iniciar                    0x000016a4   Section        0  hal_ext_int_lpc.o(i.hal_ext_int_iniciar)
    i.hal_gpio_escribir                      0x00001760   Section        0  hal_gpio_lpc.o(i.hal_gpio_escribir)
    i.hal_gpio_iniciar                       0x00001790   Section        0  hal_gpio_lpc.o(i.hal_gpio_iniciar)
    i.hal_gpio_leer                          0x000017a4   Section        0  hal_gpio_lpc.o(i.hal_gpio_leer)
    i.hal_gpio_sentido                       0x000017d8   Section        0  hal_gpio_lpc.o(i.hal_gpio_sentido)
    i.hal_iniciar_T0                         0x00001824   Section        0  hal_tiempo_lpc.o(i.hal_iniciar_T0)
    i.hal_sc_disable                         0x00001840   Section        0  hal_sc_lpc.o(i.hal_sc_disable)
    i.hal_sc_restaurar                       0x00001854   Section        0  hal_sc_lpc.o(i.hal_sc_restaurar)
    i.hal_tiempo_actual_tick64               0x00001864   Section        0  hal_tiempo_lpc.o(i.hal_tiempo_actual_tick64)
    i.hal_tiempo_iniciar_tick                0x000018d0   Section        0  hal_tiempo_lpc.o(i.hal_tiempo_iniciar_tick)
    i.hal_tiempo_periodico_config_tick       0x0000196c   Section        0  hal_tiempo_lpc.o(i.hal_tiempo_periodico_config_tick)
    i.hal_tiempo_periodico_enable            0x000019bc   Section        0  hal_tiempo_lpc.o(i.hal_tiempo_periodico_enable)
    i.hal_tiempo_periodico_set_callback      0x00001a10   Section        0  hal_tiempo_lpc.o(i.hal_tiempo_periodico_set_callback)
    i.hal_tiempo_reloj_periodico_tick        0x00001a20   Section        0  hal_tiempo_lpc.o(i.hal_tiempo_reloj_periodico_tick)
    i.hal_uart_init                          0x00001a6c   Section        0  hal_uart_lpc.o(i.hal_uart_init)
    i.hal_uart_putchar                       0x00001ad8   Section        0  hal_uart_lpc.o(i.hal_uart_putchar)
    i.hal_wdt_feed                           0x00001b00   Section        0  hal_wdt_lpc.o(i.hal_wdt_feed)
    i.hal_wdt_iniciar                        0x00001b18   Section        0  hal_wdt_lpc.o(i.hal_wdt_iniciar)
    i.hw_level_from_state                    0x00001b48   Section        0  drv_monitor.o(i.hw_level_from_state)
    hw_level_from_state                      0x00001b48   ARM Code      28  drv_monitor.o(i.hw_level_from_state)
    i.hw_level_from_status                   0x00001b64   Section        0  drv_leds.o(i.hw_level_from_status)
    hw_level_from_status                     0x00001b64   ARM Code      28  drv_leds.o(i.hw_level_from_status)
    i.led_id_valido                          0x00001b80   Section        0  drv_leds.o(i.led_id_valido)
    led_id_valido                            0x00001b80   ARM Code      36  drv_leds.o(i.led_id_valido)
    i.main                                   0x00001ba4   Section        0  main.o(i.main)
    i.main_secuencias_gh                     0x00001be4   Section        0  guitar_hero.o(i.main_secuencias_gh)
    i.manejador_interrupcion_botones_fin     0x00001c64   Section        0  guitar_hero.o(i.manejador_interrupcion_botones_fin)
    i.manejador_interrupcion_botones_gh      0x00001c70   Section        0  guitar_hero.o(i.manejador_interrupcion_botones_gh)
    i.manejador_interrupcion_botones_juego   0x00001cbc   Section        0  guitar_hero.o(i.manejador_interrupcion_botones_juego)
    i.modificar_puntuacion                   0x00001d10   Section        0  guitar_hero.o(i.modificar_puntuacion)
    i.monitor_id_valido                      0x00001e34   Section        0  drv_monitor.o(i.monitor_id_valido)
    monitor_id_valido                        0x00001e34   ARM Code      36  drv_monitor.o(i.monitor_id_valido)
    i.obtener_notas                          0x00001e58   Section        0  guitar_hero.o(i.obtener_notas)
    i.partida_guitar_hero                    0x00001ed0   Section        0  guitar_hero.o(i.partida_guitar_hero)
    i.pin_a_eint                             0x00001ee8   Section        0  hal_ext_int_lpc.o(i.pin_a_eint)
    pin_a_eint                               0x00001ee8   ARM Code      72  hal_ext_int_lpc.o(i.pin_a_eint)
    i.pin_to_eint                            0x00001f30   Section        0  hal_ext_int_lpc.o(i.pin_to_eint)
    i.pin_to_gpio                            0x00001f94   Section        0  hal_ext_int_lpc.o(i.pin_to_gpio)
    i.rt_FIFO_encolar                        0x00001ff8   Section        0  rt_fifo.o(i.rt_FIFO_encolar)
    i.rt_FIFO_extraer                        0x000020c4   Section        0  rt_fifo.o(i.rt_FIFO_extraer)
    i.rt_FIFO_inicializar                    0x00002150   Section        0  rt_fifo.o(i.rt_FIFO_inicializar)
    i.rt_GE_actualizar                       0x000021d4   Section        0  rt_ge.o(i.rt_GE_actualizar)
    i.rt_GE_iniciar                          0x000022a8   Section        0  rt_ge.o(i.rt_GE_iniciar)
    i.rt_GE_lanzador                         0x0000235c   Section        0  rt_ge.o(i.rt_GE_lanzador)
    i.sec_fin_gh                             0x00002458   Section        0  guitar_hero.o(i.sec_fin_gh)
    i.sec_inicio_gh                          0x000024cc   Section        0  guitar_hero.o(i.sec_inicio_gh)
    i.svc_GE_cancelar                        0x000025d4   Section        0  rt_ge.o(i.svc_GE_cancelar)
    i.svc_GE_suscribir                       0x000026b4   Section        0  rt_ge.o(i.svc_GE_suscribir)
    i.svc_alarma_activar                     0x000027ac   Section        0  svc_alarma.o(i.svc_alarma_activar)
    i.svc_alarma_actualizar                  0x00002920   Section        0  svc_alarma.o(i.svc_alarma_actualizar)
    i.svc_alarma_codificar                   0x00002a20   Section        0  svc_alarma.o(i.svc_alarma_codificar)
    i.svc_alarma_iniciar                     0x00002a40   Section        0  svc_alarma.o(i.svc_alarma_iniciar)
    i.vic_channel                            0x00002abc   Section        0  hal_ext_int_lpc.o(i.vic_channel)
    vic_channel                              0x00002abc   ARM Code      72  hal_ext_int_lpc.o(i.vic_channel)
    .constdata                               0x00002b04   Section       12  drv_leds.o(.constdata)
    s_led_list                               0x00002b04   Data          12  drv_leds.o(.constdata)
    .constdata                               0x00002b10   Section       16  drv_monitor.o(.constdata)
    s_monitor_list                           0x00002b10   Data          16  drv_monitor.o(.constdata)
    .constdata                               0x00002b20   Section       12  drv_botones.o(.constdata)
    lista_botones                            0x00002b20   Data          12  drv_botones.o(.constdata)
    .data                                    0x40000000   Section        8  drv_tiempo.o(.data)
    s_callback_usuario                       0x40000000   Data           4  drv_tiempo.o(.data)
    s_ID_evento_guardado                     0x40000004   Data           4  drv_tiempo.o(.data)
    .data                                    0x40000008   Section        4  drv_consumo.o(.data)
    .data                                    0x4000000c   Section        8  rt_ge.o(.data)
    monitor_overflow                         0x4000000c   Data           4  rt_ge.o(.data)
    contador_inactividad                     0x40000010   Data           4  rt_ge.o(.data)
    .data                                    0x40000014   Section        8  svc_alarma.o(.data)
    monitor_overflow                         0x40000014   Data           4  svc_alarma.o(.data)
    f_cb                                     0x40000018   Data           4  svc_alarma.o(.data)
    .data                                    0x4000001c   Section        5  drv_sc.o(.data)
    anid_sc                                  0x4000001c   Data           4  drv_sc.o(.data)
    restaurar                                0x40000020   Data           1  drv_sc.o(.data)
    .data                                    0x40000024   Section       64  guitar_hero.o(.data)
    leds                                     0x40000024   Data           4  guitar_hero.o(.data)
    periodo_leds                             0x40000028   Data           4  guitar_hero.o(.data)
    led_1_encendido                          0x4000002c   Data           4  guitar_hero.o(.data)
    led_2_encendido                          0x40000030   Data           4  guitar_hero.o(.data)
    notas_restantes                          0x40000034   Data           4  guitar_hero.o(.data)
    margen_pulsar                            0x40000038   Data           4  guitar_hero.o(.data)
    en_partida                               0x4000003c   Data           4  guitar_hero.o(.data)
    num_partidas                             0x40000040   Data           4  guitar_hero.o(.data)
    puntos_acierto                           0x40000044   Data           4  guitar_hero.o(.data)
    puntos_fallo                             0x40000048   Data           4  guitar_hero.o(.data)
    puntuacion                               0x4000004c   Data           4  guitar_hero.o(.data)
    aciertos                                 0x40000050   Data           4  guitar_hero.o(.data)
    fallos                                   0x40000054   Data           4  guitar_hero.o(.data)
    puntuacion_total                         0x40000058   Data           4  guitar_hero.o(.data)
    racha                                    0x4000005c   Data           4  guitar_hero.o(.data)
    palpitaciones                            0x40000060   Data           4  guitar_hero.o(.data)
    .data                                    0x40000064   Section        8  hal_tiempo_lpc.o(.data)
    s_overflows_t1                           0x40000064   Data           4  hal_tiempo_lpc.o(.data)
    s_cb                                     0x40000068   Data           4  hal_tiempo_lpc.o(.data)
    .data                                    0x4000006c   Section        4  hal_ext_int_lpc.o(.data)
    f_cb                                     0x4000006c   Data           4  hal_ext_int_lpc.o(.data)
    .bss                                     0x40000070   Section       12  drv_tiempo.o(.bss)
    info                                     0x40000070   Data          12  drv_tiempo.o(.bss)
    .bss                                     0x40000080   Section     2108  rt_fifo.o(.bss)
    fifo                                     0x40000080   Data        2056  rt_fifo.o(.bss)
    estadisticas                             0x40000888   Data          52  rt_fifo.o(.bss)
    .bss                                     0x400008bc   Section       24  drv_botones.o(.bss)
    botones                                  0x400008bc   Data          24  drv_botones.o(.bss)
    .bss                                     0x400008d4   Section      312  rt_ge.o(.bss)
    tabla_suscripciones                      0x400008d4   Data         312  rt_ge.o(.bss)
    .bss                                     0x40000a0c   Section       80  svc_alarma.o(.bss)
    alarmas                                  0x40000a0c   Data          80  svc_alarma.o(.bss)
    .bss                                     0x40000a5c   Section       12  hal_tiempo_lpc.o(.bss)
    s_info                                   0x40000a5c   Data          12  hal_tiempo_lpc.o(.bss)
    .bss                                     0x40000a68   Section       96  libspace.o(.bss)
    HEAP                                     0x40000ac8   Section        0  startup.o(HEAP)
    STACK                                    0x40000ac8   Section     2176  startup.o(STACK)
    Heap_Mem                                 0x40000ac8   Data           0  startup.o(HEAP)
    Stack_Mem                                0x40000ac8   Data        1024  startup.o(STACK)
    Stack_Top                                0x40001348   Data           0  startup.o(STACK)

    Global Symbols

    Symbol Name                              Value     Ov Type        Size  Object(Section)

    BuildAttributes$$THM_ISAv1$ARM_ISAv4$S$PE$A:L22$X:L11$S22$IEEE1$IW$USESV6$~STKCKD$USESV7$~SHL$OSPACE$ROPI$EBA8$UX$STANDARDLIB$REQ8$PRES8$EABIv2 0x00000000   Number         0  anon$$obj.o ABSOLUTE
    __ARM_use_no_argv                        0x00000000   Number         0  main.o ABSOLUTE
    __ARM_exceptions_init                     - Undefined Weak Reference
    __alloca_initialize                       - Undefined Weak Reference
    __arm_preinit_                            - Undefined Weak Reference
    __cpp_initialize__aeabi_                  - Undefined Weak Reference
    __cxa_finalize                            - Undefined Weak Reference
    __rt_locale                               - Undefined Weak Reference
    __sigvec_lookup                           - Undefined Weak Reference
    _atexit_init                              - Undefined Weak Reference
    _call_atexit_fns                          - Undefined Weak Reference
    _clock_init                               - Undefined Weak Reference
    _fp_trap_init                             - Undefined Weak Reference
    _fp_trap_shutdown                         - Undefined Weak Reference
    _get_lc_collate                           - Undefined Weak Reference
    _get_lc_ctype                             - Undefined Weak Reference
    _get_lc_monetary                          - Undefined Weak Reference
    _get_lc_numeric                           - Undefined Weak Reference
    _get_lc_time                              - Undefined Weak Reference
    _getenv_init                              - Undefined Weak Reference
    _handle_redirection                       - Undefined Weak Reference
    _init_alloc                               - Undefined Weak Reference
    _init_user_alloc                          - Undefined Weak Reference
    _initio                                   - Undefined Weak Reference
    _signal_finish                            - Undefined Weak Reference
    _signal_init                              - Undefined Weak Reference
    _terminate_alloc                          - Undefined Weak Reference
    _terminate_user_alloc                     - Undefined Weak Reference
    _terminateio                              - Undefined Weak Reference
    Reset_Handler                            0x00000058   ARM Code       0  startup.o(RESET)
    __main                                   0x00000110   ARM Code       8  __main.o(!!!main)
    __scatterload                            0x00000118   ARM Code       0  __scatter.o(!!!scatter)
    __scatterload_rt2                        0x00000118   ARM Code      52  __scatter.o(!!!scatter)
    __scatterload_null                       0x0000012c   ARM Code       0  __scatter.o(!!!scatter)
    __scatterload_copy                       0x00000154   ARM Code      40  __scatter_copy.o(!!handler_copy)
    __scatterload_zeroinit                   0x0000017c   ARM Code      44  __scatter_zi.o(!!handler_zi)
    Inline ARM to Thumb Veneer to __rt_lib_init 0x000001a8   ARM Code       8  libinit.o(.ARM.Collect$$libinit$$00000000)
    __rt_lib_init                            0x000001b1   Thumb Code     0  libinit.o(.ARM.Collect$$libinit$$00000000)
    __rt_lib_init_alloca_1                   0x000001b3   Thumb Code     0  libinit2.o(.ARM.Collect$$libinit$$0000002E)
    __rt_lib_init_argv_1                     0x000001b3   Thumb Code     0  libinit2.o(.ARM.Collect$$libinit$$0000002C)
    __rt_lib_init_atexit_1                   0x000001b3   Thumb Code     0  libinit2.o(.ARM.Collect$$libinit$$0000001B)
    __rt_lib_init_clock_1                    0x000001b3   Thumb Code     0  libinit2.o(.ARM.Collect$$libinit$$00000021)
    __rt_lib_init_cpp_1                      0x000001b3   Thumb Code     0  libinit2.o(.ARM.Collect$$libinit$$00000032)
    __rt_lib_init_exceptions_1               0x000001b3   Thumb Code     0  libinit2.o(.ARM.Collect$$libinit$$00000030)
    __rt_lib_init_fp_1                       0x000001b3   Thumb Code     0  libinit2.o(.ARM.Collect$$libinit$$00000002)
    __rt_lib_init_fp_trap_1                  0x000001b3   Thumb Code     0  libinit2.o(.ARM.Collect$$libinit$$0000001F)
    __rt_lib_init_getenv_1                   0x000001b3   Thumb Code     0  libinit2.o(.ARM.Collect$$libinit$$00000023)
    __rt_lib_init_heap_1                     0x000001b3   Thumb Code     0  libinit2.o(.ARM.Collect$$libinit$$0000000A)
    __rt_lib_init_lc_collate_1               0x000001b3   Thumb Code     0  libinit2.o(.ARM.Collect$$libinit$$00000011)
    __rt_lib_init_lc_ctype_1                 0x000001b3   Thumb Code     0  libinit2.o(.ARM.Collect$$libinit$$00000013)
    __rt_lib_init_lc_monetary_1              0x000001b3   Thumb Code     0  libinit2.o(.ARM.Collect$$libinit$$00000015)
    __rt_lib_init_lc_numeric_1               0x000001b3   Thumb Code     0  libinit2.o(.ARM.Collect$$libinit$$00000017)
    __rt_lib_init_lc_time_1                  0x000001b3   Thumb Code     0  libinit2.o(.ARM.Collect$$libinit$$00000019)
    __rt_lib_init_preinit_1                  0x000001b3   Thumb Code     0  libinit2.o(.ARM.Collect$$libinit$$00000004)
    __rt_lib_init_rand_1                     0x000001b3   Thumb Code     0  libinit2.o(.ARM.Collect$$libinit$$0000000E)
    __rt_lib_init_return                     0x000001b3   Thumb Code     0  libinit2.o(.ARM.Collect$$libinit$$00000033)
    __rt_lib_init_signal_1                   0x000001b3   Thumb Code     0  libinit2.o(.ARM.Collect$$libinit$$0000001D)
    __rt_lib_init_stdio_1                    0x000001b3   Thumb Code     0  libinit2.o(.ARM.Collect$$libinit$$00000025)
    __rt_lib_init_user_alloc_1               0x000001b3   Thumb Code     0  libinit2.o(.ARM.Collect$$libinit$$0000000C)
    Inline ARM to Thumb Veneer to __rt_lib_shutdown 0x000001c0   ARM Code       8  libshutdown.o(.ARM.Collect$$libshutdown$$00000000)
    __rt_lib_shutdown                        0x000001c9   Thumb Code     0  libshutdown.o(.ARM.Collect$$libshutdown$$00000000)
    __rt_lib_shutdown_cpp_1                  0x000001cd   Thumb Code     0  libshutdown2.o(.ARM.Collect$$libshutdown$$00000002)
    __rt_lib_shutdown_fp_trap_1              0x000001cd   Thumb Code     0  libshutdown2.o(.ARM.Collect$$libshutdown$$00000007)
    __rt_lib_shutdown_heap_1                 0x000001cd   Thumb Code     0  libshutdown2.o(.ARM.Collect$$libshutdown$$0000000F)
    __rt_lib_shutdown_return                 0x000001cd   Thumb Code     0  libshutdown2.o(.ARM.Collect$$libshutdown$$00000010)
    __rt_lib_shutdown_signal_1               0x000001cd   Thumb Code     0  libshutdown2.o(.ARM.Collect$$libshutdown$$0000000A)
    __rt_lib_shutdown_stdio_1                0x000001cd   Thumb Code     0  libshutdown2.o(.ARM.Collect$$libshutdown$$00000004)
    __rt_lib_shutdown_user_alloc_1           0x000001cd   Thumb Code     0  libshutdown2.o(.ARM.Collect$$libshutdown$$0000000C)
    __rt_entry                               0x000001d4   ARM Code       0  __rtentry.o(.ARM.Collect$$rtentry$$00000000)
    __rt_entry_presh_1                       0x000001d4   ARM Code       0  __rtentry2.o(.ARM.Collect$$rtentry$$00000002)
    __rt_entry_sh                            0x000001d4   ARM Code       0  __rtentry4.o(.ARM.Collect$$rtentry$$00000004)
    __rt_entry_li                            0x000001dc   ARM Code       0  __rtentry2.o(.ARM.Collect$$rtentry$$0000000A)
    __rt_entry_postsh_1                      0x000001dc   ARM Code       0  __rtentry2.o(.ARM.Collect$$rtentry$$00000009)
    __rt_entry_main                          0x000001e0   ARM Code       0  __rtentry2.o(.ARM.Collect$$rtentry$$0000000D)
    __rt_entry_postli_1                      0x000001e0   ARM Code       0  __rtentry2.o(.ARM.Collect$$rtentry$$0000000C)
    Inline Thumb to ARM Veneer to __rt_exit  0x00000209   Thumb Code     4  rtexit.o(.ARM.Collect$$rtexit$$00000000)
    __rt_exit                                0x0000020c   ARM Code       0  rtexit.o(.ARM.Collect$$rtexit$$00000000)
    __rt_exit_ls                             0x00000210   ARM Code       0  rtexit2.o(.ARM.Collect$$rtexit$$00000003)
    __rt_exit_prels_1                        0x00000210   ARM Code       0  rtexit2.o(.ARM.Collect$$rtexit$$00000002)
    __rt_exit_exit                           0x00000214   ARM Code       0  rtexit2.o(.ARM.Collect$$rtexit$$00000004)
    __user_initial_stackheap                 0x0000021c   ARM Code       0  startup.o(.text)
    switch_to_PLL                            0x00000230   ARM Code       0  startup.o(.text)
    __aeabi_uldivmod                         0x00000284   ARM Code       0  lludiv.o(.text)
    _ll_udiv                                 0x00000284   ARM Code     720  lludiv.o(.text)
    _ll_udiv_donemoving                      0x00000298   ARM Code       0  lludiv.o(.text)
    __aeabi_memcpy4                          0x00000554   ARM Code       0  rt_memcpy_w.o(.text)
    __aeabi_memcpy8                          0x00000554   ARM Code       0  rt_memcpy_w.o(.text)
    __rt_memcpy_w                            0x00000554   ARM Code     100  rt_memcpy_w.o(.text)
    _memcpy_lastbytes_aligned                0x000005a0   ARM Code       0  rt_memcpy_w.o(.text)
    __aeabi_idiv                             0x000005b8   ARM Code       0  aeabi_sdiv.o(.text)
    __aeabi_idivmod                          0x000005b8   ARM Code     384  aeabi_sdiv.o(.text)
    __use_two_region_memory                  0x00000739   Thumb Code     2  heapauxi.o(.text)
    __rt_heap_escrow$2region                 0x0000073b   Thumb Code     2  heapauxi.o(.text)
    __rt_heap_expand$2region                 0x0000073d   Thumb Code     2  heapauxi.o(.text)
    __user_setup_stackheap                   0x00000740   ARM Code      96  sys_stackheap_outer.o(.text)
    exit                                     0x000007a1   Thumb Code    20  exit.o(.text)
    __user_libspace                          0x000007b4   ARM Code      12  libspace.o(.text)
    __user_perproc_libspace                  0x000007b4   ARM Code       0  libspace.o(.text)
    __user_perthread_libspace                0x000007b4   ARM Code       0  libspace.o(.text)
    Inline ARM to Thumb Veneer to _sys_exit  0x000007c0   ARM Code       8  sys_exit.o(.text)
    _sys_exit                                0x000007c9   Thumb Code     8  sys_exit.o(.text)
    __I$use$semihosting                      0x000007d4   ARM Code       0  use_no_semi.o(.text)
    __use_no_semihosting_swi                 0x000007d4   ARM Code       4  use_no_semi.o(.text)
    __aeabi_uidiv                            0x000007d8   ARM Code       0  aeabi_sdiv.o(.text_udiv)
    __aeabi_uidivmod                         0x000007d8   ARM Code      36  aeabi_sdiv.o(.text_udiv)
    __semihosting_library_function           0x000007d8   ARM Code       0  indicate_semi.o(.text)
    EINT_Handler                             0x000007fc   ARM Code     172  hal_ext_int_lpc.o(i.EINT_Handler)
    T0_ISR                                   0x000008b0   ARM Code      64  hal_tiempo_lpc.o(i.T0_ISR)
    T1_ISR                                   0x000008f8   ARM Code      52  hal_tiempo_lpc.o(i.T1_ISR)
    comprobar_acierto                        0x00000974   ARM Code      68  guitar_hero.o(i.comprobar_acierto)
    drv_botones_actualizar                   0x000009c0   ARM Code     352  drv_botones.o(i.drv_botones_actualizar)
    drv_botones_iniciar                      0x00000b60   ARM Code     164  drv_botones.o(i.drv_botones_iniciar)
    drv_consumo_dormir                       0x00000c14   ARM Code      36  drv_consumo.o(i.drv_consumo_dormir)
    drv_consumo_esperar                      0x00000c3c   ARM Code      40  drv_consumo.o(i.drv_consumo_esperar)
    drv_consumo_iniciar                      0x00000c68   ARM Code      32  drv_consumo.o(i.drv_consumo_iniciar)
    drv_led_establecer                       0x00000c8c   ARM Code      80  drv_leds.o(i.drv_led_establecer)
    drv_leds_iniciar                         0x00000ce0   ARM Code      92  drv_leds.o(i.drv_leds_iniciar)
    drv_monitor_desmarcar                    0x00000d40   ARM Code      76  drv_monitor.o(i.drv_monitor_desmarcar)
    drv_monitor_iniciar                      0x00000d90   ARM Code      88  drv_monitor.o(i.drv_monitor_iniciar)
    drv_monitor_marcar                       0x00000dec   ARM Code      76  drv_monitor.o(i.drv_monitor_marcar)
    drv_sc_disable                           0x00000e3c   ARM Code      44  drv_sc.o(i.drv_sc_disable)
    drv_sc_enable                            0x00000e70   ARM Code      84  drv_sc.o(i.drv_sc_enable)
    drv_tiempo_actual_us                     0x00000ecc   ARM Code      44  drv_tiempo.o(i.drv_tiempo_actual_us)
    drv_tiempo_iniciar                       0x00000efc   ARM Code      48  drv_tiempo.o(i.drv_tiempo_iniciar)
    drv_tiempo_periodico_ms                  0x00000f30   ARM Code      76  drv_tiempo.o(i.drv_tiempo_periodico_ms)
    drv_uart_init                            0x00000f8c   ARM Code      24  drv_uart.o(i.drv_uart_init)
    drv_uart_putchar                         0x00000fa4   ARM Code      24  drv_uart.o(i.drv_uart_putchar)
    drv_uart_putint                          0x00000fbc   ARM Code     168  drv_uart.o(i.drv_uart_putint)
    drv_uart_puts                            0x00001064   ARM Code      40  drv_uart.o(i.drv_uart_puts)
    drv_wdt_feed                             0x0000108c   ARM Code      24  drv_wdt.o(i.drv_wdt_feed)
    drv_wdt_iniciar                          0x000010a4   ARM Code      32  drv_wdt.o(i.drv_wdt_iniciar)
    estadisticas_guitar_hero                 0x000010c4   ARM Code     152  guitar_hero.o(i.estadisticas_guitar_hero)
    evento_guitar_hero                       0x00001228   ARM Code     396  guitar_hero.o(i.evento_guitar_hero)
    fin_partida_guitar_hero                  0x000013c8   ARM Code     160  guitar_hero.o(i.fin_partida_guitar_hero)
    guitar_hero                              0x00001480   ARM Code     160  guitar_hero.o(i.guitar_hero)
    hal_consumo_dormir                       0x00001540   ARM Code      44  hal_consumo_lpc.o(i.hal_consumo_dormir)
    hal_consumo_esperar                      0x00001570   ARM Code      32  hal_consumo_lpc.o(i.hal_consumo_esperar)
    hal_consumo_iniciar                      0x00001594   ARM Code      16  hal_consumo_lpc.o(i.hal_consumo_iniciar)
    hal_ext_int_clear                        0x000015a8   ARM Code      16  hal_ext_int_lpc.o(i.hal_ext_int_clear)
    hal_ext_int_clear_flag                   0x000015bc   ARM Code      52  hal_ext_int_lpc.o(i.hal_ext_int_clear_flag)
    hal_ext_int_deshabilitar_int             0x000015f4   ARM Code      56  hal_ext_int_lpc.o(i.hal_ext_int_deshabilitar_int)
    hal_ext_int_habilitar_despertar          0x0000162c   ARM Code      60  hal_ext_int_lpc.o(i.hal_ext_int_habilitar_despertar)
    hal_ext_int_habilitar_int                0x0000166c   ARM Code      56  hal_ext_int_lpc.o(i.hal_ext_int_habilitar_int)
    hal_ext_int_iniciar                      0x000016a4   ARM Code     176  hal_ext_int_lpc.o(i.hal_ext_int_iniciar)
    hal_gpio_escribir                        0x00001760   ARM Code      44  hal_gpio_lpc.o(i.hal_gpio_escribir)
    hal_gpio_iniciar                         0x00001790   ARM Code      16  hal_gpio_lpc.o(i.hal_gpio_iniciar)
    hal_gpio_leer                            0x000017a4   ARM Code      48  hal_gpio_lpc.o(i.hal_gpio_leer)
    hal_gpio_sentido                         0x000017d8   ARM Code      72  hal_gpio_lpc.o(i.hal_gpio_sentido)
    hal_iniciar_T0                           0x00001824   ARM Code      28  hal_tiempo_lpc.o(i.hal_iniciar_T0)
    hal_sc_disable                           0x00001840   ARM Code      20  hal_sc_lpc.o(i.hal_sc_disable)
    hal_sc_restaurar                         0x00001854   ARM Code      16  hal_sc_lpc.o(i.hal_sc_restaurar)
    hal_tiempo_actual_tick64                 0x00001864   ARM Code     100  hal_tiempo_lpc.o(i.hal_tiempo_actual_tick64)
    hal_tiempo_iniciar_tick                  0x000018d0   ARM Code     140  hal_tiempo_lpc.o(i.hal_tiempo_iniciar_tick)
    hal_tiempo_periodico_config_tick         0x0000196c   ARM Code      72  hal_tiempo_lpc.o(i.hal_tiempo_periodico_config_tick)
    hal_tiempo_periodico_enable              0x000019bc   ARM Code      80  hal_tiempo_lpc.o(i.hal_tiempo_periodico_enable)
    hal_tiempo_periodico_set_callback        0x00001a10   ARM Code      12  hal_tiempo_lpc.o(i.hal_tiempo_periodico_set_callback)
    hal_tiempo_reloj_periodico_tick          0x00001a20   ARM Code      76  hal_tiempo_lpc.o(i.hal_tiempo_reloj_periodico_tick)
    hal_uart_init                            0x00001a6c   ARM Code      96  hal_uart_lpc.o(i.hal_uart_init)
    hal_uart_putchar                         0x00001ad8   ARM Code      36  hal_uart_lpc.o(i.hal_uart_putchar)
    hal_wdt_feed                             0x00001b00   ARM Code      24  hal_wdt_lpc.o(i.hal_wdt_feed)
    hal_wdt_iniciar                          0x00001b18   ARM Code      44  hal_wdt_lpc.o(i.hal_wdt_iniciar)
    main                                     0x00001ba4   ARM Code      64  main.o(i.main)
    main_secuencias_gh                       0x00001be4   ARM Code     116  guitar_hero.o(i.main_secuencias_gh)
    manejador_interrupcion_botones_fin       0x00001c64   ARM Code      12  guitar_hero.o(i.manejador_interrupcion_botones_fin)
    manejador_interrupcion_botones_gh        0x00001c70   ARM Code      72  guitar_hero.o(i.manejador_interrupcion_botones_gh)
    manejador_interrupcion_botones_juego     0x00001cbc   ARM Code      80  guitar_hero.o(i.manejador_interrupcion_botones_juego)
    modificar_puntuacion                     0x00001d10   ARM Code     268  guitar_hero.o(i.modificar_puntuacion)
    obtener_notas                            0x00001e58   ARM Code      84  guitar_hero.o(i.obtener_notas)
    partida_guitar_hero                      0x00001ed0   ARM Code      24  guitar_hero.o(i.partida_guitar_hero)
    pin_to_eint                              0x00001f30   ARM Code      96  hal_ext_int_lpc.o(i.pin_to_eint)
    pin_to_gpio                              0x00001f94   ARM Code      96  hal_ext_int_lpc.o(i.pin_to_gpio)
    rt_FIFO_encolar                          0x00001ff8   ARM Code     196  rt_fifo.o(i.rt_FIFO_encolar)
    rt_FIFO_extraer                          0x000020c4   ARM Code     136  rt_fifo.o(i.rt_FIFO_extraer)
    rt_FIFO_inicializar                      0x00002150   ARM Code     124  rt_fifo.o(i.rt_FIFO_inicializar)
    rt_GE_actualizar                         0x000021d4   ARM Code     204  rt_ge.o(i.rt_GE_actualizar)
    rt_GE_iniciar                            0x000022a8   ARM Code     160  rt_ge.o(i.rt_GE_iniciar)
    rt_GE_lanzador                           0x0000235c   ARM Code     236  rt_ge.o(i.rt_GE_lanzador)
    sec_fin_gh                               0x00002458   ARM Code     112  guitar_hero.o(i.sec_fin_gh)
    sec_inicio_gh                            0x000024cc   ARM Code     244  guitar_hero.o(i.sec_inicio_gh)
    svc_GE_cancelar                          0x000025d4   ARM Code     220  rt_ge.o(i.svc_GE_cancelar)
    svc_GE_suscribir                         0x000026b4   ARM Code     240  rt_ge.o(i.svc_GE_suscribir)
    svc_alarma_activar                       0x000027ac   ARM Code     364  svc_alarma.o(i.svc_alarma_activar)
    svc_alarma_actualizar                    0x00002920   ARM Code     248  svc_alarma.o(i.svc_alarma_actualizar)
    svc_alarma_codificar                     0x00002a20   ARM Code      32  svc_alarma.o(i.svc_alarma_codificar)
    svc_alarma_iniciar                       0x00002a40   ARM Code     108  svc_alarma.o(i.svc_alarma_iniciar)
    Region$$Table$$Base                      0x00002b2c   Number         0  anon$$obj.o(Region$$Table)
    Region$$Table$$Limit                     0x00002b4c   Number         0  anon$$obj.o(Region$$Table)
    monitor_id                               0x40000008   Data           4  drv_consumo.o(.data)
    __libspace_start                         0x40000a68   Data          96  libspace.o(.bss)
    __temporary_stack_top$libspace           0x40000ac8   Data           0  libspace.o(.bss)



==============================================================================

Memory Map of the image

  Image Entry point : 0x00000110

  Load Region LR_IROM1 (Base: 0x00000000, Size: 0x00002bbc, Max: 0x00020000, ABSOLUTE)

    Execution Region ER_IROM1 (Exec base: 0x00000000, Load base: 0x00000000, Size: 0x00002b4c, Max: 0x00020000, ABSOLUTE)

    Exec Addr    Load Addr    Size         Type   Attr      Idx    E Section Name        Object

    0x00000000   0x00000000   0x00000110   Code   RO         1005    RESET               startup.o
    0x00000110   0x00000110   0x00000008   Code   RO         1041  * !!!main             c_t.l(__main.o)
    0x00000118   0x00000118   0x0000003c   Code   RO         1214    !!!scatter          c_t.l(__scatter.o)
    0x00000154   0x00000154   0x00000028   Code   RO         1216    !!handler_copy      c_t.l(__scatter_copy.o)
    0x0000017c   0x0000017c   0x0000002c   Code   RO         1218    !!handler_zi        c_t.l(__scatter_zi.o)
    0x000001a8   0x000001a8   0x00000008   Ven    RO         1135    .ARM.Collect$$libinit$$00000000  c_t.l(libinit.o)
    0x000001b0   0x000001b0   0x00000002   Code   RO         1135    .ARM.Collect$$libinit$$00000000  c_t.l(libinit.o)
    0x000001b2   0x000001b2   0x00000000   Code   RO         1053    .ARM.Collect$$libinit$$00000002  c_t.l(libinit2.o)
    0x000001b2   0x000001b2   0x00000000   Code   RO         1055    .ARM.Collect$$libinit$$00000004  c_t.l(libinit2.o)
    0x000001b2   0x000001b2   0x00000000   Code   RO         1058    .ARM.Collect$$libinit$$0000000A  c_t.l(libinit2.o)
    0x000001b2   0x000001b2   0x00000000   Code   RO         1060    .ARM.Collect$$libinit$$0000000C  c_t.l(libinit2.o)
    0x000001b2   0x000001b2   0x00000000   Code   RO         1062    .ARM.Collect$$libinit$$0000000E  c_t.l(libinit2.o)
    0x000001b2   0x000001b2   0x00000000   Code   RO         1065    .ARM.Collect$$libinit$$00000011  c_t.l(libinit2.o)
    0x000001b2   0x000001b2   0x00000000   Code   RO         1067    .ARM.Collect$$libinit$$00000013  c_t.l(libinit2.o)
    0x000001b2   0x000001b2   0x00000000   Code   RO         1069    .ARM.Collect$$libinit$$00000015  c_t.l(libinit2.o)
    0x000001b2   0x000001b2   0x00000000   Code   RO         1071    .ARM.Collect$$libinit$$00000017  c_t.l(libinit2.o)
    0x000001b2   0x000001b2   0x00000000   Code   RO         1073    .ARM.Collect$$libinit$$00000019  c_t.l(libinit2.o)
    0x000001b2   0x000001b2   0x00000000   Code   RO         1075    .ARM.Collect$$libinit$$0000001B  c_t.l(libinit2.o)
    0x000001b2   0x000001b2   0x00000000   Code   RO         1077    .ARM.Collect$$libinit$$0000001D  c_t.l(libinit2.o)
    0x000001b2   0x000001b2   0x00000000   Code   RO         1079    .ARM.Collect$$libinit$$0000001F  c_t.l(libinit2.o)
    0x000001b2   0x000001b2   0x00000000   Code   RO         1081    .ARM.Collect$$libinit$$00000021  c_t.l(libinit2.o)
    0x000001b2   0x000001b2   0x00000000   Code   RO         1083    .ARM.Collect$$libinit$$00000023  c_t.l(libinit2.o)
    0x000001b2   0x000001b2   0x00000000   Code   RO         1085    .ARM.Collect$$libinit$$00000025  c_t.l(libinit2.o)
    0x000001b2   0x000001b2   0x00000000   Code   RO         1089    .ARM.Collect$$libinit$$0000002C  c_t.l(libinit2.o)
    0x000001b2   0x000001b2   0x00000000   Code   RO         1091    .ARM.Collect$$libinit$$0000002E  c_t.l(libinit2.o)
    0x000001b2   0x000001b2   0x00000000   Code   RO         1093    .ARM.Collect$$libinit$$00000030  c_t.l(libinit2.o)
    0x000001b2   0x000001b2   0x00000000   Code   RO         1095    .ARM.Collect$$libinit$$00000032  c_t.l(libinit2.o)
    0x000001b2   0x000001b2   0x0000000c   Code   RO         1096    .ARM.Collect$$libinit$$00000033  c_t.l(libinit2.o)
    0x000001be   0x000001be   0x00000002   PAD
    0x000001c0   0x000001c0   0x00000008   Ven    RO         1181    .ARM.Collect$$libshutdown$$00000000  c_t.l(libshutdown.o)
    0x000001c8   0x000001c8   0x00000004   Code   RO         1181    .ARM.Collect$$libshutdown$$00000000  c_t.l(libshutdown.o)
    0x000001cc   0x000001cc   0x00000000   Code   RO         1197    .ARM.Collect$$libshutdown$$00000002  c_t.l(libshutdown2.o)
    0x000001cc   0x000001cc   0x00000000   Code   RO         1199    .ARM.Collect$$libshutdown$$00000004  c_t.l(libshutdown2.o)
    0x000001cc   0x000001cc   0x00000000   Code   RO         1202    .ARM.Collect$$libshutdown$$00000007  c_t.l(libshutdown2.o)
    0x000001cc   0x000001cc   0x00000000   Code   RO         1205    .ARM.Collect$$libshutdown$$0000000A  c_t.l(libshutdown2.o)
    0x000001cc   0x000001cc   0x00000000   Code   RO         1207    .ARM.Collect$$libshutdown$$0000000C  c_t.l(libshutdown2.o)
    0x000001cc   0x000001cc   0x00000000   Code   RO         1210    .ARM.Collect$$libshutdown$$0000000F  c_t.l(libshutdown2.o)
    0x000001cc   0x000001cc   0x00000006   Code   RO         1211    .ARM.Collect$$libshutdown$$00000010  c_t.l(libshutdown2.o)
    0x000001d2   0x000001d2   0x00000002   PAD
    0x000001d4   0x000001d4   0x00000000   Code   RO         1043    .ARM.Collect$$rtentry$$00000000  c_t.l(__rtentry.o)
    0x000001d4   0x000001d4   0x00000000   Code   RO         1098    .ARM.Collect$$rtentry$$00000002  c_t.l(__rtentry2.o)
    0x000001d4   0x000001d4   0x00000008   Code   RO         1110    .ARM.Collect$$rtentry$$00000004  c_t.l(__rtentry4.o)
    0x000001dc   0x000001dc   0x00000000   Code   RO         1100    .ARM.Collect$$rtentry$$00000009  c_t.l(__rtentry2.o)
    0x000001dc   0x000001dc   0x00000004   Code   RO         1101    .ARM.Collect$$rtentry$$0000000A  c_t.l(__rtentry2.o)
    0x000001e0   0x000001e0   0x00000000   Code   RO         1103    .ARM.Collect$$rtentry$$0000000C  c_t.l(__rtentry2.o)
    0x000001e0   0x000001e0   0x00000028   Code   RO         1104    .ARM.Collect$$rtentry$$0000000D  c_t.l(__rtentry2.o)
    0x00000208   0x00000208   0x00000004   Ven    RO         1141    .ARM.Collect$$rtexit$$00000000  c_t.l(rtexit.o)
    0x0000020c   0x0000020c   0x00000004   Code   RO         1141    .ARM.Collect$$rtexit$$00000000  c_t.l(rtexit.o)
    0x00000210   0x00000210   0x00000000   Code   RO         1161    .ARM.Collect$$rtexit$$00000002  c_t.l(rtexit2.o)
    0x00000210   0x00000210   0x00000004   Code   RO         1162    .ARM.Collect$$rtexit$$00000003  c_t.l(rtexit2.o)
    0x00000214   0x00000214   0x00000008   Code   RO         1163    .ARM.Collect$$rtexit$$00000004  c_t.l(rtexit2.o)
    0x0000021c   0x0000021c   0x00000068   Code   RO         1006    .text               startup.o
    0x00000284   0x00000284   0x000002d0   Code   RO         1014    .text               c_t.l(lludiv.o)
    0x00000554   0x00000554   0x00000064   Code   RO         1021    .text               c_t.l(rt_memcpy_w.o)
    0x000005b8   0x000005b8   0x00000180   Code   RO         1023    .text               c_t.l(aeabi_sdiv.o)
    0x00000738   0x00000738   0x00000006   Code   RO         1039    .text               c_t.l(heapauxi.o)
    0x0000073e   0x0000073e   0x00000002   PAD
    0x00000740   0x00000740   0x00000060   Code   RO         1118    .text               c_t.l(sys_stackheap_outer.o)
    0x000007a0   0x000007a0   0x00000014   Code   RO         1120    .text               c_t.l(exit.o)
    0x000007b4   0x000007b4   0x0000000c   Code   RO         1138    .text               c_t.l(libspace.o)
    0x000007c0   0x000007c0   0x00000008   Ven    RO         1155    .text               c_t.l(sys_exit.o)
    0x000007c8   0x000007c8   0x0000000c   Code   RO         1155    .text               c_t.l(sys_exit.o)
    0x000007d4   0x000007d4   0x00000004   Code   RO         1157    .text               c_t.l(use_no_semi.o)
    0x000007d8   0x000007d8   0x00000000   Code   RO         1159    .text               c_t.l(indicate_semi.o)
    0x000007d8   0x000007d8   0x00000024   Code   RO         1024    .text_udiv          c_t.l(aeabi_sdiv.o)
    0x000007fc   0x000007fc   0x000000b4   Code   RO          814    i.EINT_Handler      hal_ext_int_lpc.o
    0x000008b0   0x000008b0   0x00000048   Code   RO          721    i.T0_ISR            hal_tiempo_lpc.o
    0x000008f8   0x000008f8   0x0000003c   Code   RO          722    i.T1_ISR            hal_tiempo_lpc.o
    0x00000934   0x00000934   0x00000040   Code   RO          189    i.callback_wrapper_interno  drv_tiempo.o
    0x00000974   0x00000974   0x0000004c   Code   RO          544    i.comprobar_acierto  guitar_hero.o
    0x000009c0   0x000009c0   0x00000164   Code   RO          350    i.drv_botones_actualizar  drv_botones.o
    0x00000b24   0x00000b24   0x0000003c   Code   RO          351    i.drv_botones_encontrar_indice  drv_botones.o
    0x00000b60   0x00000b60   0x000000b4   Code   RO          352    i.drv_botones_iniciar  drv_botones.o
    0x00000c14   0x00000c14   0x00000028   Code   RO          242    i.drv_consumo_dormir  drv_consumo.o
    0x00000c3c   0x00000c3c   0x0000002c   Code   RO          243    i.drv_consumo_esperar  drv_consumo.o
    0x00000c68   0x00000c68   0x00000024   Code   RO          244    i.drv_consumo_iniciar  drv_consumo.o
    0x00000c8c   0x00000c8c   0x00000054   Code   RO          148    i.drv_led_establecer  drv_leds.o
    0x00000ce0   0x00000ce0   0x00000060   Code   RO          150    i.drv_leds_iniciar  drv_leds.o
    0x00000d40   0x00000d40   0x00000050   Code   RO          275    i.drv_monitor_desmarcar  drv_monitor.o
    0x00000d90   0x00000d90   0x0000005c   Code   RO          276    i.drv_monitor_iniciar  drv_monitor.o
    0x00000dec   0x00000dec   0x00000050   Code   RO          277    i.drv_monitor_marcar  drv_monitor.o
    0x00000e3c   0x00000e3c   0x00000034   Code   RO          500    i.drv_sc_disable    drv_sc.o
    0x00000e70   0x00000e70   0x0000005c   Code   RO          501    i.drv_sc_enable     drv_sc.o
    0x00000ecc   0x00000ecc   0x00000030   Code   RO          191    i.drv_tiempo_actual_us  drv_tiempo.o
    0x00000efc   0x00000efc   0x00000034   Code   RO          194    i.drv_tiempo_iniciar  drv_tiempo.o
    0x00000f30   0x00000f30   0x0000005c   Code   RO          195    i.drv_tiempo_periodico_ms  drv_tiempo.o
    0x00000f8c   0x00000f8c   0x00000018   Code   RO          645    i.drv_uart_init     drv_uart.o
    0x00000fa4   0x00000fa4   0x00000018   Code   RO          646    i.drv_uart_putchar  drv_uart.o
    0x00000fbc   0x00000fbc   0x000000a8   Code   RO          647    i.drv_uart_putint   drv_uart.o
    0x00001064   0x00001064   0x00000028   Code   RO          648    i.drv_uart_puts     drv_uart.o
    0x0000108c   0x0000108c   0x00000018   Code   RO          523    i.drv_wdt_feed      drv_wdt.o
    0x000010a4   0x000010a4   0x00000020   Code   RO          524    i.drv_wdt_iniciar   drv_wdt.o
    0x000010c4   0x000010c4   0x00000164   Code   RO          545    i.estadisticas_guitar_hero  guitar_hero.o
    0x00001228   0x00001228   0x000001a0   Code   RO          546    i.evento_guitar_hero  guitar_hero.o
    0x000013c8   0x000013c8   0x000000b8   Code   RO          547    i.fin_partida_guitar_hero  guitar_hero.o
    0x00001480   0x00001480   0x000000c0   Code   RO          548    i.guitar_hero       guitar_hero.o
    0x00001540   0x00001540   0x00000030   Code   RO          787    i.hal_consumo_dormir  hal_consumo_lpc.o
    0x00001570   0x00001570   0x00000024   Code   RO          788    i.hal_consumo_esperar  hal_consumo_lpc.o
    0x00001594   0x00001594   0x00000014   Code   RO          789    i.hal_consumo_iniciar  hal_consumo_lpc.o
    0x000015a8   0x000015a8   0x00000014   Code   RO          815    i.hal_ext_int_clear  hal_ext_int_lpc.o
    0x000015bc   0x000015bc   0x00000038   Code   RO          816    i.hal_ext_int_clear_flag  hal_ext_int_lpc.o
    0x000015f4   0x000015f4   0x00000038   Code   RO          818    i.hal_ext_int_deshabilitar_int  hal_ext_int_lpc.o
    0x0000162c   0x0000162c   0x00000040   Code   RO          819    i.hal_ext_int_habilitar_despertar  hal_ext_int_lpc.o
    0x0000166c   0x0000166c   0x00000038   Code   RO          820    i.hal_ext_int_habilitar_int  hal_ext_int_lpc.o
    0x000016a4   0x000016a4   0x000000bc   Code   RO          821    i.hal_ext_int_iniciar  hal_ext_int_lpc.o
    0x00001760   0x00001760   0x00000030   Code   RO          688    i.hal_gpio_escribir  hal_gpio_lpc.o
    0x00001790   0x00001790   0x00000014   Code   RO          689    i.hal_gpio_iniciar  hal_gpio_lpc.o
    0x000017a4   0x000017a4   0x00000034   Code   RO          690    i.hal_gpio_leer     hal_gpio_lpc.o
    0x000017d8   0x000017d8   0x0000004c   Code   RO          691    i.hal_gpio_sentido  hal_gpio_lpc.o
    0x00001824   0x00001824   0x0000001c   Code   RO          723    i.hal_iniciar_T0    hal_tiempo_lpc.o
    0x00001840   0x00001840   0x00000014   Code   RO          904    i.hal_sc_disable    hal_sc_lpc.o
    0x00001854   0x00001854   0x00000010   Code   RO          905    i.hal_sc_restaurar  hal_sc_lpc.o
    0x00001864   0x00001864   0x0000006c   Code   RO          724    i.hal_tiempo_actual_tick64  hal_tiempo_lpc.o
    0x000018d0   0x000018d0   0x0000009c   Code   RO          725    i.hal_tiempo_iniciar_tick  hal_tiempo_lpc.o
    0x0000196c   0x0000196c   0x00000050   Code   RO          726    i.hal_tiempo_periodico_config_tick  hal_tiempo_lpc.o
    0x000019bc   0x000019bc   0x00000054   Code   RO          727    i.hal_tiempo_periodico_enable  hal_tiempo_lpc.o
    0x00001a10   0x00001a10   0x00000010   Code   RO          728    i.hal_tiempo_periodico_set_callback  hal_tiempo_lpc.o
    0x00001a20   0x00001a20   0x0000004c   Code   RO          729    i.hal_tiempo_reloj_periodico_tick  hal_tiempo_lpc.o
    0x00001a6c   0x00001a6c   0x0000006c   Code   RO          972    i.hal_uart_init     hal_uart_lpc.o
    0x00001ad8   0x00001ad8   0x00000028   Code   RO          973    i.hal_uart_putchar  hal_uart_lpc.o
    0x00001b00   0x00001b00   0x00000018   Code   RO          925    i.hal_wdt_feed      hal_wdt_lpc.o
    0x00001b18   0x00001b18   0x00000030   Code   RO          926    i.hal_wdt_iniciar   hal_wdt_lpc.o
    0x00001b48   0x00001b48   0x0000001c   Code   RO          278    i.hw_level_from_state  drv_monitor.o
    0x00001b64   0x00001b64   0x0000001c   Code   RO          151    i.hw_level_from_status  drv_leds.o
    0x00001b80   0x00001b80   0x00000024   Code   RO          152    i.led_id_valido     drv_leds.o
    0x00001ba4   0x00001ba4   0x00000040   Code   RO            9    i.main              main.o
    0x00001be4   0x00001be4   0x00000080   Code   RO          549    i.main_secuencias_gh  guitar_hero.o
    0x00001c64   0x00001c64   0x0000000c   Code   RO          550    i.manejador_interrupcion_botones_fin  guitar_hero.o
    0x00001c70   0x00001c70   0x0000004c   Code   RO          551    i.manejador_interrupcion_botones_gh  guitar_hero.o
    0x00001cbc   0x00001cbc   0x00000054   Code   RO          552    i.manejador_interrupcion_botones_juego  guitar_hero.o
    0x00001d10   0x00001d10   0x00000124   Code   RO          553    i.modificar_puntuacion  guitar_hero.o
    0x00001e34   0x00001e34   0x00000024   Code   RO          279    i.monitor_id_valido  drv_monitor.o
    0x00001e58   0x00001e58   0x00000078   Code   RO          554    i.obtener_notas     guitar_hero.o
    0x00001ed0   0x00001ed0   0x00000018   Code   RO          555    i.partida_guitar_hero  guitar_hero.o
    0x00001ee8   0x00001ee8   0x00000048   Code   RO          823    i.pin_a_eint        hal_ext_int_lpc.o
    0x00001f30   0x00001f30   0x00000064   Code   RO          824    i.pin_to_eint       hal_ext_int_lpc.o
    0x00001f94   0x00001f94   0x00000064   Code   RO          825    i.pin_to_gpio       hal_ext_int_lpc.o
    0x00001ff8   0x00001ff8   0x000000cc   Code   RO          311    i.rt_FIFO_encolar   rt_fifo.o
    0x000020c4   0x000020c4   0x0000008c   Code   RO          313    i.rt_FIFO_extraer   rt_fifo.o
    0x00002150   0x00002150   0x00000084   Code   RO          314    i.rt_FIFO_inicializar  rt_fifo.o
    0x000021d4   0x000021d4   0x000000d4   Code   RO          376    i.rt_GE_actualizar  rt_ge.o
    0x000022a8   0x000022a8   0x000000b4   Code   RO          377    i.rt_GE_iniciar     rt_ge.o
    0x0000235c   0x0000235c   0x000000fc   Code   RO          378    i.rt_GE_lanzador    rt_ge.o
    0x00002458   0x00002458   0x00000074   Code   RO          556    i.sec_fin_gh        guitar_hero.o
    0x000024cc   0x000024cc   0x00000108   Code   RO          557    i.sec_inicio_gh     guitar_hero.o
    0x000025d4   0x000025d4   0x000000e0   Code   RO          379    i.svc_GE_cancelar   rt_ge.o
    0x000026b4   0x000026b4   0x000000f8   Code   RO          380    i.svc_GE_suscribir  rt_ge.o
    0x000027ac   0x000027ac   0x00000174   Code   RO          418    i.svc_alarma_activar  svc_alarma.o
    0x00002920   0x00002920   0x00000100   Code   RO          419    i.svc_alarma_actualizar  svc_alarma.o
    0x00002a20   0x00002a20   0x00000020   Code   RO          420    i.svc_alarma_codificar  svc_alarma.o
    0x00002a40   0x00002a40   0x0000007c   Code   RO          421    i.svc_alarma_iniciar  svc_alarma.o
    0x00002abc   0x00002abc   0x00000048   Code   RO          826    i.vic_channel       hal_ext_int_lpc.o
    0x00002b04   0x00002b04   0x0000000c   Data   RO          153    .constdata          drv_leds.o
    0x00002b10   0x00002b10   0x00000010   Data   RO          280    .constdata          drv_monitor.o
    0x00002b20   0x00002b20   0x0000000c   Data   RO          354    .constdata          drv_botones.o
    0x00002b2c   0x00002b2c   0x00000020   Data   RO         1212    Region$$Table       anon$$obj.o


    Execution Region RW_IRAM1 (Exec base: 0x40000000, Load base: 0x00002b4c, Size: 0x00001348, Max: 0x00008000, ABSOLUTE)

    Exec Addr    Load Addr    Size         Type   Attr      Idx    E Section Name        Object

    0x40000000   0x00002b4c   0x00000008   Data   RW          197    .data               drv_tiempo.o
    0x40000008   0x00002b54   0x00000004   Data   RW          245    .data               drv_consumo.o
    0x4000000c   0x00002b58   0x00000008   Data   RW          382    .data               rt_ge.o
    0x40000014   0x00002b60   0x00000008   Data   RW          423    .data               svc_alarma.o
    0x4000001c   0x00002b68   0x00000005   Data   RW          502    .data               drv_sc.o
    0x40000021   0x00002b6d   0x00000003   PAD
    0x40000024   0x00002b70   0x00000040   Data   RW          558    .data               guitar_hero.o
    0x40000064   0x00002bb0   0x00000008   Data   RW          731    .data               hal_tiempo_lpc.o
    0x4000006c   0x00002bb8   0x00000004   Data   RW          827    .data               hal_ext_int_lpc.o
    0x40000070        -       0x0000000c   Zero   RW          196    .bss                drv_tiempo.o
    0x4000007c   0x00002bbc   0x00000004   PAD
    0x40000080        -       0x0000083c   Zero   RW          315    .bss                rt_fifo.o
    0x400008bc        -       0x00000018   Zero   RW          353    .bss                drv_botones.o
    0x400008d4        -       0x00000138   Zero   RW          381    .bss                rt_ge.o
    0x40000a0c        -       0x00000050   Zero   RW          422    .bss                svc_alarma.o
    0x40000a5c        -       0x0000000c   Zero   RW          730    .bss                hal_tiempo_lpc.o
    0x40000a68        -       0x00000060   Zero   RW         1139    .bss                c_t.l(libspace.o)
    0x40000ac8        -       0x00000000   Zero   RW         1004    HEAP                startup.o
    0x40000ac8        -       0x00000880   Zero   RW         1003    STACK               startup.o


==============================================================================

Image component sizes


      Code (inc. data)   RO Data    RW Data    ZI Data      Debug   Object Name

       596         24         12          0         24       2851   drv_botones.o
       120         12          0          4          0       1698   drv_consumo.o
       244          8         12          0          0       2976   drv_leds.o
       316         12         16          0          0       3447   drv_monitor.o
       144         16          0          5          0       1129   drv_sc.o
       256         32          0          8         12       3326   drv_tiempo.o
       256          0          0          0          0       2265   drv_uart.o
        56          0          0          0          0        957   drv_wdt.o
      2340        392          0         64          0      10219   guitar_hero.o
       104         12          0          0          0       1373   hal_consumo_lpc.o
       964         40          0          4          0       6851   hal_ext_int_lpc.o
       196         16          0          0          0       2526   hal_gpio_lpc.o
        36          0          0          0          0        872   hal_sc_lpc.o
       680         56          0          8         12       6155   hal_tiempo_lpc.o
       148         16          0          0          0       1063   hal_uart_lpc.o
        72          4          0          0          0        945   hal_wdt_lpc.o
        64          0          0          0          0       9843   main.o
       476         20          0          0       2108       2962   rt_fifo.o
      1116         56          0          8        312       5105   rt_ge.o
       376         64          0          0       2176        628   startup.o
       784         32          0          8         80       3961   svc_alarma.o

    ----------------------------------------------------------------------
      9344        812         72        112       4728      71152   Object Totals
         0          0         32          0          0          0   (incl. Generated)
         0          0          0          3          4          0   (incl. Padding)

    ----------------------------------------------------------------------

      Code (inc. data)   RO Data    RW Data    ZI Data      Debug   Library Member Name

         8          0          0          0          0         68   __main.o
         0          0          0          0          0          0   __rtentry.o
        44          4          0          0          0          0   __rtentry2.o
         8          0          0          0          0          0   __rtentry4.o
        60          8          0          0          0          0   __scatter.o
        40          0          0          0          0          0   __scatter_copy.o
        44          0          0          0          0          0   __scatter_zi.o
       420          0          0          0          0        148   aeabi_sdiv.o
        20          0          0          0          0         80   exit.o
         6          0          0          0          0        136   heapauxi.o
         0          0          0          0          0          0   indicate_semi.o
        10          0          0          0          0          0   libinit.o
        12          0          0          0          0          0   libinit2.o
        12          0          0          0          0          0   libshutdown.o
         6          0          0          0          0          0   libshutdown2.o
        12          4          0          0         96         68   libspace.o
       720         64          0          0          0        156   lludiv.o
       100          0          0          0          0         80   rt_memcpy_w.o
         8          0          0          0          0          0   rtexit.o
        12          0          0          0          0          0   rtexit2.o
        20          4          0          0          0         60   sys_exit.o
        96          0          0          0          0         80   sys_stackheap_outer.o
         4          0          0          0          0         68   use_no_semi.o

    ----------------------------------------------------------------------
      1668         84          0          0         96        944   Library Totals
         6          0          0          0          0          0   (incl. Padding)

    ----------------------------------------------------------------------

      Code (inc. data)   RO Data    RW Data    ZI Data      Debug   Library Name

      1662         84          0          0         96        944   c_t.l

    ----------------------------------------------------------------------
      1668         84          0          0         96        944   Library Totals

    ----------------------------------------------------------------------

==============================================================================


      Code (inc. data)   RO Data    RW Data    ZI Data      Debug   

     11012        896         72        112       4824      67584   Grand Totals
     11012        896         72        112       4824      67584   ELF Image Totals
     11012        896         72        112          0          0   ROM Totals

==============================================================================

    Total RO  Size (Code + RO Data)                11084 (  10.82kB)
    Total RW  Size (RW Data + ZI Data)              4936 (   4.82kB)
    Total ROM Size (Code + RO Data + RW Data)      11196 (  10.93kB)

==============================================================================

