Component: ARM Compiler 5.06 update 6 (build 750) Tool: armlink [4d35ed]

==============================================================================

Section Cross References

    main.o(i.blink_v1) refers to drv_leds.o(i.drv_led_establecer) for drv_led_establecer
    main.o(i.blink_v1) refers to drv_leds.o(i.drv_led_conmutar) for drv_led_conmutar
    main.o(i.blink_v2) refers to drv_leds.o(i.drv_led_establecer) for drv_led_establecer
    main.o(i.blink_v2) refers to drv_tiempo.o(i.drv_tiempo_actual_ms) for drv_tiempo_actual_ms
    main.o(i.blink_v2) refers to drv_tiempo.o(i.drv_tiempo_esperar_hasta_ms) for drv_tiempo_esperar_hasta_ms
    main.o(i.blink_v2) refers to drv_leds.o(i.drv_led_conmutar) for drv_led_conmutar
    main.o(i.blink_v3) refers to drv_consumo.o(i.drv_consumo_iniciar) for drv_consumo_iniciar
    main.o(i.blink_v3) refers to drv_leds.o(i.drv_led_establecer) for drv_led_establecer
    main.o(i.blink_v3) refers to drv_tiempo.o(i.drv_tiempo_periodico_ms) for drv_tiempo_periodico_ms
    main.o(i.blink_v3) refers to drv_consumo.o(i.drv_consumo_esperar) for drv_consumo_esperar
    main.o(i.blink_v3) refers to main.o(i.leds_c) for leds_c
    main.o(i.blink_v3_bis) refers to drv_monitor.o(i.drv_monitor_iniciar) for drv_monitor_iniciar
    main.o(i.blink_v3_bis) refers to drv_consumo.o(i.drv_consumo_iniciar) for drv_consumo_iniciar
    main.o(i.blink_v3_bis) refers to drv_botones.o(i.drv_botones_iniciar) for drv_botones_iniciar
    main.o(i.blink_v3_bis) refers to drv_tiempo.o(i.drv_tiempo_periodico_ms) for drv_tiempo_periodico_ms
    main.o(i.blink_v3_bis) refers to drv_consumo.o(i.drv_consumo_esperar) for drv_consumo_esperar
    main.o(i.blink_v3_bis) refers to drv_consumo.o(i.drv_consumo_dormir) for drv_consumo_dormir
    main.o(i.blink_v3_bis) refers to main.o(i.drv_boton_estado_actualizar) for drv_boton_estado_actualizar
    main.o(i.blink_v3_bis) refers to main.o(i.leds_c) for leds_c
    main.o(i.blink_v4) refers to drv_consumo.o(i.drv_consumo_iniciar) for drv_consumo_iniciar
    main.o(i.blink_v4) refers to drv_monitor.o(i.drv_monitor_iniciar) for drv_monitor_iniciar
    main.o(i.blink_v4) refers to rt_fifo.o(i.rt_FIFO_inicializar) for rt_FIFO_inicializar
    main.o(i.blink_v4) refers to drv_leds.o(i.drv_led_establecer) for drv_led_establecer
    main.o(i.blink_v4) refers to drv_tiempo.o(i.drv_tiempo_periodico_ms) for drv_tiempo_periodico_ms
    main.o(i.blink_v4) refers to rt_fifo.o(i.rt_FIFO_extraer) for rt_FIFO_extraer
    main.o(i.blink_v4) refers to drv_leds.o(i.drv_led_conmutar) for drv_led_conmutar
    main.o(i.blink_v4) refers to drv_consumo.o(i.drv_consumo_esperar) for drv_consumo_esperar
    main.o(i.blink_v4) refers to rt_fifo.o(i.rt_FIFO_encolar) for rt_FIFO_encolar
    main.o(i.boton_pulsado) refers to drv_leds.o(i.drv_led_conmutar) for drv_led_conmutar
    main.o(i.boton_pulsado) refers to drv_sc.o(i.drv_sc_disable) for drv_sc_disable
    main.o(i.boton_pulsado) refers to drv_botones.o(i.drv_botones_actualizar) for drv_botones_actualizar
    main.o(i.boton_pulsado) refers to drv_sc.o(i.drv_sc_enable) for drv_sc_enable
    main.o(i.crear_partitura_aleatoria) refers to _printf_percent.o(.ARM.Collect$$_printf_percent$$00000000) for _printf_percent
    main.o(i.crear_partitura_aleatoria) refers to _printf_d.o(.ARM.Collect$$_printf_percent$$00000009) for _printf_d
    main.o(i.crear_partitura_aleatoria) refers to _printf_dec.o(.text) for _printf_int_dec
    main.o(i.crear_partitura_aleatoria) refers to _printf_c.o(.ARM.Collect$$_printf_percent$$00000013) for _printf_c
    main.o(i.crear_partitura_aleatoria) refers to _printf_str.o(.text) for _printf_str
    main.o(i.crear_partitura_aleatoria) refers to drv_uart.o(i.drv_uart_init) for drv_uart_init
    main.o(i.crear_partitura_aleatoria) refers to drv_tiempo.o(i.drv_tiempo_actual_us) for drv_tiempo_actual_us
    main.o(i.crear_partitura_aleatoria) refers to hal_random_lpc.o(i.random_iniciar) for random_iniciar
    main.o(i.crear_partitura_aleatoria) refers to noretval__2sprintf.o(.text) for __2sprintf
    main.o(i.crear_partitura_aleatoria) refers to drv_uart.o(i.drv_uart_puts) for drv_uart_puts
    main.o(i.crear_partitura_aleatoria) refers to hal_random_lpc.o(i.random_value) for random_value
    main.o(i.crear_partitura_aleatoria) refers to aeabi_sdiv.o(.text) for __aeabi_idivmod
    main.o(i.leds_c) refers to drv_monitor.o(i.drv_monitor_desmarcar) for drv_monitor_desmarcar
    main.o(i.leds_c) refers to drv_leds.o(i.drv_led_conmutar) for drv_led_conmutar
    main.o(i.leds_c) refers to drv_monitor.o(i.drv_monitor_marcar) for drv_monitor_marcar
    main.o(i.main) refers to svc_estadisticas.o(i.svc_estadisticas_set_tmp) for svc_estadisticas_set_tmp
    main.o(i.main) refers to drv_tiempo.o(i.drv_tiempo_iniciar) for drv_tiempo_iniciar
    main.o(i.main) refers to hal_gpio_lpc.o(i.hal_gpio_iniciar) for hal_gpio_iniciar
    main.o(i.main) refers to drv_leds.o(i.drv_leds_iniciar) for drv_leds_iniciar
[...]
    libshutdown.o(.ARM.Collect$$libshutdown$$00000000) refers (Special) to libshutdown2.o(.ARM.Collect$$libshutdown$$00000002) for __rt_lib_shutdown_cpp_1
    libshutdown.o(.ARM.Collect$$libshutdown$$00000000) refers (Special) to libshutdown2.o(.ARM.Collect$$libshutdown$$00000007) for __rt_lib_shutdown_fp_trap_1
    libshutdown.o(.ARM.Collect$$libshutdown$$00000000) refers (Special) to libshutdown2.o(.ARM.Collect$$libshutdown$$0000000F) for __rt_lib_shutdown_heap_1
    libshutdown.o(.ARM.Collect$$libshutdown$$00000000) refers (Special) to libshutdown2.o(.ARM.Collect$$libshutdown$$00000010) for __rt_lib_shutdown_return
    libshutdown.o(.ARM.Collect$$libshutdown$$00000000) refers (Special) to libshutdown2.o(.ARM.Collect$$libshutdown$$0000000A) for __rt_lib_shutdown_signal_1
    libshutdown.o(.ARM.Collect$$libshutdown$$00000000) refers (Special) to libshutdown2.o(.ARM.Collect$$libshutdown$$00000004) for __rt_lib_shutdown_stdio_1
    libshutdown.o(.ARM.Collect$$libshutdown$$00000000) refers (Special) to libshutdown2.o(.ARM.Collect$$libshutdown$$0000000C) for __rt_lib_shutdown_user_alloc_1
    defsig_abrt_inner.o(.text) refers to defsig_general.o(.text) for __default_signal_display
    defsig_rtred_inner.o(.text) refers to defsig_general.o(.text) for __default_signal_display
    defsig_stak_inner.o(.text) refers to defsig_general.o(.text) for __default_signal_display
    defsig_pvfn_inner.o(.text) refers to defsig_general.o(.text) for __default_signal_display
    defsig_cppl_inner.o(.text) refers to defsig_general.o(.text) for __default_signal_display
    defsig_segv_inner.o(.text) refers to defsig_general.o(.text) for __default_signal_display
    defsig_other.o(.text) refers to defsig_general.o(.text) for __default_signal_display


==============================================================================

Removing Unused input sections from the image.

    Removing main.o(i.blink_v1), (76 bytes).
    Removing main.o(i.blink_v2), (52 bytes).
    Removing main.o(i.blink_v3), (56 bytes).
    Removing main.o(i.blink_v3_bis), (88 bytes).
    Removing main.o(i.blink_v4), (120 bytes).
    Removing main.o(i.boton_pulsado), (52 bytes).
    Removing main.o(i.crear_partitura_aleatoria), (360 bytes).
    Removing main.o(i.drv_boton_estado_actualizar), (4 bytes).
    Removing main.o(i.leds_c), (44 bytes).
    Removing main.o(i.test_botones), (56 bytes).
    Removing main.o(i.test_overflow), (56 bytes).
    Removing main.o(i.test_uart), (216 bytes).
    Removing main.o(i.test_watchdog), (28 bytes).
    Removing drv_leds.o(i.drv_led_conmutar), (104 bytes).
    Removing drv_leds.o(i.drv_led_estado), (136 bytes).
    Removing drv_leds.o(i.drv_leds_cantidad), (8 bytes).
    Removing drv_tiempo.o(i.drv_tiempo_esperar_ms), (40 bytes).
    Removing rt_fifo.o(i.rt_FIFO_estadisticas), (36 bytes).
    Removing rt_ge.o(i.svc_GE_cancelar), (224 bytes).
    Removing app_bit_counter_strike.o(i.actualizar_bit_counter_strike), (432 bytes).
    Removing app_bit_counter_strike.o(i.bit_counter_strike), (172 bytes).
    Removing app_bit_counter_strike.o(i.iniciarBCS), (120 bytes).
    Removing app_bit_counter_strike.o(i.manejador_interrupcion_botones), (52 bytes).
    Removing app_bit_counter_strike.o(i.timeout_led), (140 bytes).
    Removing app_bit_counter_strike.o(.data), (13 bytes).
    Removing svc_estadisticas.o(i.svc_estadisticas_iniciar), (344 bytes).
    Removing svc_estadisticas.o(i.svc_estadisticas_print), (832 bytes).
    Removing svc_estadisticas.o(i.svc_estadisticas_set_tmp_fifo), (492 bytes).
    Removing hal_ext_int_lpc.o(i.hal_ext_int_deshabilitar_despertar), (64 bytes).
    Removing hal_ext_int_lpc.o(i.hal_ext_int_leer), (88 bytes).
    Removing hal_random_lpc.o(i.random_value), (68 bytes).
    Removing hal_uart_lpc.o(i.hal_uart_data_available), (20 bytes).
    Removing hal_uart_lpc.o(i.hal_uart_getchar), (40 bytes).

33 unused section(s) (total 4633 bytes) removed from the image.

==============================================================================

Adding Veneers to the image

    Adding TA veneer (4 bytes, Inline) for call to '_printf_percent' from __printf.o(.text).
    Adding AT veneer (8 bytes, Inline) for call to '__rt_lib_init' from __rtentry2.o(.ARM.Collect$$rtentry$$0000000A).
    Adding AT veneer (8 bytes, Inline) for call to '__rt_lib_shutdown' from rtexit2.o(.ARM.Collect$$rtexit$$00000003).
    Adding TA veneer (4 bytes, Inline) for call to '__rt_exit' from exit.o(.text).
    Adding AT veneer (8 bytes, Inline) for call to '__2sprintf' from app_guitar_hero_fsm.o(i.estado_boton_guitar_hero).
    Adding AT veneer (8 bytes, Inline) for call to '_printf_int_dec' from _printf_d.o(.ARM.Collect$$_printf_percent$$00000009).
    Adding AT veneer (8 bytes, Inline) for call to 'srand' from hal_random_lpc.o(i.random_iniciar).
    Adding TA veneer (4 bytes, Inline) for call to '__rt_udiv10' from _printf_dec.o(.text).
    Adding AT veneer (8 bytes, Inline) for call to '_sys_exit' from rtexit2.o(.ARM.Collect$$rtexit$$00000004).

9 Veneer(s) (total 60 bytes) added to the image.

==============================================================================

Image Symbol Table

    Local Symbols

    Symbol Name                              Value     Ov Type        Size  Object(Section)

    RESET                                    0x00000000   Section      272  startup.o(RESET)
    ../clib/angel/boardlib.s                 0x00000000   Number         0  boardinit3.o ABSOLUTE
    ../clib/angel/boardlib.s                 0x00000000   Number         0  boardinit2.o ABSOLUTE
    ../clib/angel/boardlib.s                 0x00000000   Number         0  boardinit1.o ABSOLUTE
    ../clib/angel/boardlib.s                 0x00000000   Number         0  boardshut.o ABSOLUTE
    ../clib/angel/handlers.s                 0x00000000   Number         0  __scatter_zi.o ABSOLUTE
    ../clib/angel/handlers.s                 0x00000000   Number         0  __scatter_copy.o ABSOLUTE
    ../clib/angel/kernel.s                   0x00000000   Number         0  rtexit2.o ABSOLUTE
    ../clib/angel/kernel.s                   0x00000000   Number         0  __rtentry.o ABSOLUTE
    ../clib/angel/kernel.s                   0x00000000   Number         0  rtexit.o ABSOLUTE
    ../clib/angel/kernel.s                   0x00000000   Number         0  __rtentry4.o ABSOLUTE
    ../clib/angel/kernel.s                   0x00000000   Number         0  __rtentry2.o ABSOLUTE
    ../clib/angel/rt.s                       0x00000000   Number         0  aeabi_idiv0.o ABSOLUTE
    ../clib/angel/rt.s                       0x00000000   Number         0  aeabi_ldiv0.o ABSOLUTE
    ../clib/angel/rt.s                       0x00000000   Number         0  rt_div0.o ABSOLUTE
    ../clib/angel/rt.s                       0x00000000   Number         0  aeabi_idiv0_sigfpe.o ABSOLUTE
    ../clib/angel/rt.s                       0x00000000   Number         0  rt_raise.o ABSOLUTE
    ../clib/angel/rt.s                       0x00000000   Number         0  aeabi_ldiv0_sigfpe.o ABSOLUTE
    ../clib/angel/scatter.s                  0x00000000   Number         0  __scatter.o ABSOLUTE
    ../clib/angel/startup.s                  0x00000000   Number         0  __main.o ABSOLUTE
    ../clib/angel/sys.s                      0x00000000   Number         0  indicate_semi.o ABSOLUTE
    ../clib/angel/sys.s                      0x00000000   Number         0  sys_stackheap_outer.o ABSOLUTE
    ../clib/angel/sys.s                      0x00000000   Number         0  libspace.o ABSOLUTE
    ../clib/angel/sys.s                      0x00000000   Number         0  use_no_semi.o ABSOLUTE
    ../clib/angel/sysapp.c                   0x00000000   Number         0  sys_command.o ABSOLUTE
    ../clib/angel/sysapp.c                   0x00000000   Number         0  sys_exit.o ABSOLUTE
    ../clib/angel/sysapp.c                   0x00000000   Number         0  sys_wrch.o ABSOLUTE
    ../clib/armsys.c                         0x00000000   Number         0  argv_veneer.o ABSOLUTE
    ../clib/armsys.c                         0x00000000   Number         0  argv_veneer.o ABSOLUTE
    ../clib/armsys.c                         0x00000000   Number         0  no_argv.o ABSOLUTE
    ../clib/armsys.c                         0x00000000   Number         0  _get_argv_nomalloc.o ABSOLUTE
    ../clib/division.s                       0x00000000   Number         0  aeabi_sdiv.o ABSOLUTE
    ../clib/division.s                       0x00000000   Number         0  aeabi_sdiv_div0.o ABSOLUTE
    ../clib/division.s                       0x00000000   Number         0  rtudiv10.o ABSOLUTE
    ../clib/divrt.s                          0x00000000   Number         0  divrt_7tdmi_div0.o ABSOLUTE
    ../clib/divrt.s                          0x00000000   Number         0  divrt_7tdmi.o ABSOLUTE
    ../clib/heapalloc.c                      0x00000000   Number         0  hrguard.o ABSOLUTE
    ../clib/heapaux.c                        0x00000000   Number         0  heapauxi.o ABSOLUTE
    ../clib/libinit.s                        0x00000000   Number         0  libinit.o ABSOLUTE
    ../clib/libinit.s                        0x00000000   Number         0  libshutdown2.o ABSOLUTE
    ../clib/libinit.s                        0x00000000   Number         0  libshutdown.o ABSOLUTE
    ../clib/libinit.s                        0x00000000   Number         0  libinit2.o ABSOLUTE
    ../clib/longlong.s                       0x00000000   Number         0  lludiv.o ABSOLUTE
    ../clib/longlong.s                       0x00000000   Number         0  llsdiv.o ABSOLUTE
    ../clib/printf.c                         0x00000000   Number         0  _printf_char.o ABSOLUTE
    ../clib/printf.c                         0x00000000   Number         0  __printf_flags_ss_wp.o ABSOLUTE
    ../clib/printf.c                         0x00000000   Number         0  __printf_flags_wp.o ABSOLUTE
    ../clib/printf.c                         0x00000000   Number         0  __printf_wp.o ABSOLUTE
    ../clib/printf.c                         0x00000000   Number         0  _sputc.o ABSOLUTE
    ../clib/printf.c                         0x00000000   Number         0  _printf_str.o ABSOLUTE
    ../clib/printf.c                         0x00000000   Number         0  __printf_nopercent.o ABSOLUTE
    ../clib/printf.c                         0x00000000   Number         0  _printf_intcommon.o ABSOLUTE
    ../clib/printf.c                         0x00000000   Number         0  __printf_flags_ss.o ABSOLUTE
    ../clib/printf.c                         0x00000000   Number         0  _printf_char_common.o ABSOLUTE
    ../clib/printf.c                         0x00000000   Number         0  __2sprintf.o ABSOLUTE
    ../clib/printf.c                         0x00000000   Number         0  noretval__2sprintf.o ABSOLUTE
    ../clib/printf.c                         0x00000000   Number         0  __printf.o ABSOLUTE
    ../clib/printf.c                         0x00000000   Number         0  _printf_dec.o ABSOLUTE
    ../clib/printf.c                         0x00000000   Number         0  __printf_ss_wp.o ABSOLUTE
    ../clib/printf.c                         0x00000000   Number         0  __printf_ss.o ABSOLUTE
    ../clib/printf.c                         0x00000000   Number         0  __printf_flags.o ABSOLUTE
    ../clib/printf_percent.s                 0x00000000   Number         0  _printf_percent_end.o ABSOLUTE
    ../clib/printf_percent.s                 0x00000000   Number         0  _printf_c.o ABSOLUTE
    ../clib/printf_percent.s                 0x00000000   Number         0  _printf_d.o ABSOLUTE
    ../clib/printf_percent.s                 0x00000000   Number         0  _printf_percent.o ABSOLUTE
    ../clib/signal.c                         0x00000000   Number         0  defsig_fpe_formal.o ABSOLUTE
    ../clib/signal.c                         0x00000000   Number         0  defsig_fpe_outer.o ABSOLUTE
    ../clib/signal.c                         0x00000000   Number         0  defsig_segv_inner.o ABSOLUTE
    ../clib/signal.c                         0x00000000   Number         0  defsig_cppl_inner.o ABSOLUTE
    ../clib/signal.c                         0x00000000   Number         0  defsig_other.o ABSOLUTE
    ../clib/signal.c                         0x00000000   Number         0  defsig_stak_inner.o ABSOLUTE
    ../clib/signal.c                         0x00000000   Number         0  defsig_fpe_inner.o ABSOLUTE
    ../clib/signal.c                         0x00000000   Number         0  defsig_rtmem_outer.o ABSOLUTE
    ../clib/signal.c                         0x00000000   Number         0  defsig_rtmem_formal.o ABSOLUTE
    ../clib/signal.c                         0x00000000   Number         0  __raise.o ABSOLUTE
    ../clib/signal.c                         0x00000000   Number         0  defsig_abrt_inner.o ABSOLUTE
    ../clib/signal.c                         0x00000000   Number         0  defsig_exit.o ABSOLUTE
    ../clib/signal.c                         0x00000000   Number         0  defsig_general.o ABSOLUTE
    ../clib/signal.c                         0x00000000   Number         0  defsig_rtmem_inner.o ABSOLUTE
    ../clib/signal.c                         0x00000000   Number         0  defsig_pvfn_inner.o ABSOLUTE
    ../clib/signal.c                         0x00000000   Number         0  defsig_rtred_inner.o ABSOLUTE
    ../clib/signal.s                         0x00000000   Number         0  defsig.o ABSOLUTE
    ../clib/stdlib.c                         0x00000000   Number         0  exit.o ABSOLUTE
    ../clib/stdlib.c                         0x00000000   Number         0  rand.o ABSOLUTE
    ../clib/stdlib.c                         0x00000000   Number         0  rand.o ABSOLUTE
    ../fplib/fpinit.s                        0x00000000   Number         0  fpinit.o ABSOLUTE
    ..\..\src\app_bit_counter_strike.c       0x00000000   Number         0  app_bit_counter_strike.o ABSOLUTE
    ..\..\src\app_guitar_hero.c              0x00000000   Number         0  app_guitar_hero.o ABSOLUTE
    ..\..\src\app_guitar_hero_FSM.c          0x00000000   Number         0  app_guitar_hero_fsm.o ABSOLUTE
    ..\..\src\drv_botones.c                  0x00000000   Number         0  drv_botones.o ABSOLUTE
    ..\..\src\drv_consumo.c                  0x00000000   Number         0  drv_consumo.o ABSOLUTE
    ..\..\src\drv_leds.c                     0x00000000   Number         0  drv_leds.o ABSOLUTE
    ..\..\src\drv_monitor.c                  0x00000000   Number         0  drv_monitor.o ABSOLUTE
    ..\..\src\drv_sc.c                       0x00000000   Number         0  drv_sc.o ABSOLUTE
    ..\..\src\drv_tiempo.c                   0x00000000   Number         0  drv_tiempo.o ABSOLUTE
    ..\..\src\drv_uart.c                     0x00000000   Number         0  drv_uart.o ABSOLUTE
    ..\..\src\drv_wdt.c                      0x00000000   Number         0  drv_wdt.o ABSOLUTE
    ..\..\src\main.c                         0x00000000   Number         0  main.o ABSOLUTE
    ..\..\src\rt_GE.c                        0x00000000   Number         0  rt_ge.o ABSOLUTE
    ..\..\src\rt_fifo.c                      0x00000000   Number         0  rt_fifo.o ABSOLUTE
    ..\..\src\svc_alarma.c                   0x00000000   Number         0  svc_alarma.o ABSOLUTE
    ..\..\src\svc_estadisticas.c             0x00000000   Number         0  svc_estadisticas.o ABSOLUTE
    ..\src_lpc\Startup.s                     0x00000000   Number         0  startup.o ABSOLUTE
    ..\src_lpc\hal_consumo_lpc.c             0x00000000   Number         0  hal_consumo_lpc.o ABSOLUTE
    ..\src_lpc\hal_ext_int_lpc.c             0x00000000   Number         0  hal_ext_int_lpc.o ABSOLUTE
    ..\src_lpc\hal_gpio_lpc.c                0x00000000   Number         0  hal_gpio_lpc.o ABSOLUTE
    ..\src_lpc\hal_random_lpc.c              0x00000000   Number         0  hal_random_lpc.o ABSOLUTE
    ..\src_lpc\hal_sc_lpc.c                  0x00000000   Number         0  hal_sc_lpc.o ABSOLUTE
    ..\src_lpc\hal_tiempo_lpc.c              0x00000000   Number         0  hal_tiempo_lpc.o ABSOLUTE
    ..\src_lpc\hal_uart_lpc.c                0x00000000   Number         0  hal_uart_lpc.o ABSOLUTE
    ..\src_lpc\hal_wdt_lpc.c                 0x00000000   Number         0  hal_wdt_lpc.o ABSOLUTE
    dc.s                                     0x00000000   Number         0  dc.o ABSOLUTE
    Undef_Handler                            0x00000040   ARM Code       4  startup.o(RESET)
    SWI_Handler                              0x00000044   ARM Code       4  startup.o(RESET)
    PAbt_Handler                             0x00000048   ARM Code       4  startup.o(RESET)
    DAbt_Handler                             0x0000004c   ARM Code       4  startup.o(RESET)
    IRQ_Handler                              0x00000050   ARM Code       4  startup.o(RESET)
    FIQ_Handler                              0x00000054   ARM Code       4  startup.o(RESET)
    !!!main                                  0x00000110   Section        8  __main.o(!!!main)
    !!!scatter                               0x00000118   Section       60  __scatter.o(!!!scatter)
    !!handler_copy                           0x00000154   Section       40  __scatter_copy.o(!!handler_copy)
    !!handler_zi                             0x0000017c   Section       44  __scatter_zi.o(!!handler_zi)
    .ARM.Collect$$_printf_percent$$00000000  0x000001ac   Section        0  _printf_percent.o(.ARM.Collect$$_printf_percent$$00000000)
    .ARM.Collect$$_printf_percent$$00000009  0x000001ac   Section        8  _printf_d.o(.ARM.Collect$$_printf_percent$$00000009)
    .ARM.Collect$$_printf_percent$$00000017  0x000001b4   Section        8  _printf_percent_end.o(.ARM.Collect$$_printf_percent$$00000017)
    .ARM.Collect$$libinit$$00000000          0x000001c4   Section        2  libinit.o(.ARM.Collect$$libinit$$00000000)
    .ARM.Collect$$libinit$$00000002          0x000001c6   Section        0  libinit2.o(.ARM.Collect$$libinit$$00000002)
    .ARM.Collect$$libinit$$00000004          0x000001c6   Section        0  libinit2.o(.ARM.Collect$$libinit$$00000004)
    .ARM.Collect$$libinit$$0000000A          0x000001c6   Section        0  libinit2.o(.ARM.Collect$$libinit$$0000000A)
    .ARM.Collect$$libinit$$0000000C          0x000001c6   Section        0  libinit2.o(.ARM.Collect$$libinit$$0000000C)
    .ARM.Collect$$libinit$$0000000D          0x000001c6   Section        4  libinit2.o(.ARM.Collect$$libinit$$0000000D)
    .ARM.Collect$$libinit$$0000000E          0x000001ca   Section        0  libinit2.o(.ARM.Collect$$libinit$$0000000E)
    .ARM.Collect$$libinit$$00000011          0x000001ca   Section        0  libinit2.o(.ARM.Collect$$libinit$$00000011)
    .ARM.Collect$$libinit$$00000013          0x000001ca   Section        0  libinit2.o(.ARM.Collect$$libinit$$00000013)
    .ARM.Collect$$libinit$$00000015          0x000001ca   Section        0  libinit2.o(.ARM.Collect$$libinit$$00000015)
    .ARM.Collect$$libinit$$00000017          0x000001ca   Section        0  libinit2.o(.ARM.Collect$$libinit$$00000017)
    .ARM.Collect$$libinit$$00000019          0x000001ca   Section        0  libinit2.o(.ARM.Collect$$libinit$$00000019)
    .ARM.Collect$$libinit$$0000001B          0x000001ca   Section        0  libinit2.o(.ARM.Collect$$libinit$$0000001B)
    .ARM.Collect$$libinit$$0000001D          0x000001ca   Section        0  libinit2.o(.ARM.Collect$$libinit$$0000001D)
    .ARM.Collect$$libinit$$0000001F          0x000001ca   Section        0  libinit2.o(.ARM.Collect$$libinit$$0000001F)
    .ARM.Collect$$libinit$$00000021          0x000001ca   Section        0  libinit2.o(.ARM.Collect$$libinit$$00000021)
    .ARM.Collect$$libinit$$00000023          0x000001ca   Section        0  libinit2.o(.ARM.Collect$$libinit$$00000023)
    .ARM.Collect$$libinit$$00000025          0x000001ca   Section        0  libinit2.o(.ARM.Collect$$libinit$$00000025)
    .ARM.Collect$$libinit$$0000002C          0x000001ca   Section        0  libinit2.o(.ARM.Collect$$libinit$$0000002C)
    .ARM.Collect$$libinit$$0000002E          0x000001ca   Section        0  libinit2.o(.ARM.Collect$$libinit$$0000002E)
    .ARM.Collect$$libinit$$00000030          0x000001ca   Section        0  libinit2.o(.ARM.Collect$$libinit$$00000030)
    .ARM.Collect$$libinit$$00000032          0x000001ca   Section        0  libinit2.o(.ARM.Collect$$libinit$$00000032)
    .ARM.Collect$$libinit$$00000033          0x000001ca   Section       12  libinit2.o(.ARM.Collect$$libinit$$00000033)
    .ARM.Collect$$libshutdown$$00000000      0x000001e0   Section        4  libshutdown.o(.ARM.Collect$$libshutdown$$00000000)
    .ARM.Collect$$libshutdown$$00000002      0x000001e4   Section        0  libshutdown2.o(.ARM.Collect$$libshutdown$$00000002)
    .ARM.Collect$$libshutdown$$00000004      0x000001e4   Section        0  libshutdown2.o(.ARM.Collect$$libshutdown$$00000004)
    .ARM.Collect$$libshutdown$$00000007      0x000001e4   Section        0  libshutdown2.o(.ARM.Collect$$libshutdown$$00000007)
    .ARM.Collect$$libshutdown$$0000000A      0x000001e4   Section        0  libshutdown2.o(.ARM.Collect$$libshutdown$$0000000A)
    .ARM.Collect$$libshutdown$$0000000C      0x000001e4   Section        0  libshutdown2.o(.ARM.Collect$$libshutdown$$0000000C)
    .ARM.Collect$$libshutdown$$0000000F      0x000001e4   Section        0  libshutdown2.o(.ARM.Collect$$libshutdown$$0000000F)
    .ARM.Collect$$libshutdown$$00000010      0x000001e4   Section        6  libshutdown2.o(.ARM.Collect$$libshutdown$$00000010)
    .ARM.Collect$$rtentry$$00000000          0x000001ec   Section        0  __rtentry.o(.ARM.Collect$$rtentry$$00000000)
    .ARM.Collect$$rtentry$$00000002          0x000001ec   Section        0  __rtentry2.o(.ARM.Collect$$rtentry$$00000002)
    .ARM.Collect$$rtentry$$00000004          0x000001ec   Section        8  __rtentry4.o(.ARM.Collect$$rtentry$$00000004)
    .ARM.Collect$$rtentry$$00000009          0x000001f4   Section        0  __rtentry2.o(.ARM.Collect$$rtentry$$00000009)
    .ARM.Collect$$rtentry$$0000000A          0x000001f4   Section        4  __rtentry2.o(.ARM.Collect$$rtentry$$0000000A)
    .ARM.Collect$$rtentry$$0000000C          0x000001f8   Section        0  __rtentry2.o(.ARM.Collect$$rtentry$$0000000C)
    .ARM.Collect$$rtentry$$0000000D          0x000001f8   Section       40  __rtentry2.o(.ARM.Collect$$rtentry$$0000000D)
    .ARM.Collect$$rtexit$$00000000           0x00000224   Section        4  rtexit.o(.ARM.Collect$$rtexit$$00000000)
    .ARM.Collect$$rtexit$$00000002           0x00000228   Section        0  rtexit2.o(.ARM.Collect$$rtexit$$00000002)
    .ARM.Collect$$rtexit$$00000003           0x00000228   Section        4  rtexit2.o(.ARM.Collect$$rtexit$$00000003)
    .ARM.Collect$$rtexit$$00000004           0x0000022c   Section        8  rtexit2.o(.ARM.Collect$$rtexit$$00000004)
    .text                                    0x00000234   Section      104  startup.o(.text)
    .text                                    0x0000029c   Section      720  lludiv.o(.text)
    .text                                    0x00000574   Section        0  noretval__2sprintf.o(.text)
    .text                                    0x0000059c   Section        0  __printf.o(.text)
    .text                                    0x0000061c   Section        0  _printf_dec.o(.text)
    .text                                    0x00000694   Section        0  rand.o(.text)
    .text                                    0x000006d4   Section      384  aeabi_sdiv.o(.text)
    __arm_div8                               0x00000700   ARM Code       0  aeabi_sdiv.o(.text)
    __arm_div5                               0x00000724   ARM Code       0  aeabi_sdiv.o(.text)
    __arm_div2                               0x00000748   ARM Code       0  aeabi_sdiv.o(.text)
    __arm_div_large                          0x00000784   ARM Code       0  aeabi_sdiv.o(.text)
    .text                                    0x00000854   Section        0  heapauxi.o(.text)
    .text                                    0x0000085a   Section        0  _printf_intcommon.o(.text)
    .text                                    0x00000914   Section        0  _printf_char_common.o(.text)
    _printf_input_char                       0x00000915   Thumb Code    10  _printf_char_common.o(.text)
    .text                                    0x00000944   Section        0  _sputc.o(.text)
    .text                                    0x00000954   Section       44  rtudiv10.o(.text)
    .text                                    0x00000980   Section       96  sys_stackheap_outer.o(.text)
    .text                                    0x000009e0   Section        0  exit.o(.text)
    .text                                    0x000009f4   Section       12  libspace.o(.text)
    .text                                    0x00000a08   Section        0  sys_exit.o(.text)
    .text                                    0x00000a14   Section        4  use_no_semi.o(.text)
    .text                                    0x00000a18   Section        0  indicate_semi.o(.text)
    .text_udiv                               0x00000a18   Section       36  aeabi_sdiv.o(.text_udiv)
    i.EINT_Handler                           0x00000a3c   Section        0  hal_ext_int_lpc.o(i.EINT_Handler)
    i.T0_ISR                                 0x00000af8   Section        0  hal_tiempo_lpc.o(i.T0_ISR)
    i.T1_ISR                                 0x00000b40   Section        0  hal_tiempo_lpc.o(i.T1_ISR)
    i.__ARM_common_call_via_r1               0x00000b7c   Section        0  __printf.o(i.__ARM_common_call_via_r1)
    i.__ARM_common_call_via_r2               0x00000b7e   Section        0  __printf.o(i.__ARM_common_call_via_r2)
    i.app_guitar_hero_actualizar             0x00000b80   Section        0  app_guitar_hero_fsm.o(i.app_guitar_hero_actualizar)
    i.app_guitar_hero_iniciar                0x00000c28   Section        0  app_guitar_hero_fsm.o(i.app_guitar_hero_iniciar)
    i.callback_wrapper_interno               0x00000c90   Section        0  drv_tiempo.o(i.callback_wrapper_interno)
    callback_wrapper_interno                 0x00000c90   ARM Code      56  drv_tiempo.o(i.callback_wrapper_interno)
    i.comprobar_acierto                      0x00000cd0   Section        0  app_guitar_hero_fsm.o(i.comprobar_acierto)
    i.drv_botones_actualizar                 0x00000cf0   Section        0  drv_botones.o(i.drv_botones_actualizar)
    i.drv_botones_cantidad                   0x00000ec8   Section        0  drv_botones.o(i.drv_botones_cantidad)
    i.drv_botones_encontrar_indice           0x00000ed0   Section        0  drv_botones.o(i.drv_botones_encontrar_indice)
    drv_botones_encontrar_indice             0x00000ed0   ARM Code      56  drv_botones.o(i.drv_botones_encontrar_indice)
    i.drv_botones_iniciar                    0x00000f0c   Section        0  drv_botones.o(i.drv_botones_iniciar)
    i.drv_consumo_dormir                     0x00000fc0   Section        0  drv_consumo.o(i.drv_consumo_dormir)
    i.drv_consumo_esperar                    0x00001008   Section        0  drv_consumo.o(i.drv_consumo_esperar)
    i.drv_consumo_iniciar                    0x00001054   Section        0  drv_consumo.o(i.drv_consumo_iniciar)
    i.drv_led_establecer                     0x00001078   Section        0  drv_leds.o(i.drv_led_establecer)
    i.drv_leds_apagar_todos                  0x000010cc   Section        0  drv_leds.o(i.drv_leds_apagar_todos)
    i.drv_leds_encender_todos                0x00001114   Section        0  drv_leds.o(i.drv_leds_encender_todos)
    i.drv_leds_iniciar                       0x0000115c   Section        0  drv_leds.o(i.drv_leds_iniciar)
    i.drv_monitor_desmarcar                  0x000011bc   Section        0  drv_monitor.o(i.drv_monitor_desmarcar)
    i.drv_monitor_iniciar                    0x0000120c   Section        0  drv_monitor.o(i.drv_monitor_iniciar)
    i.drv_monitor_marcar                     0x00001268   Section        0  drv_monitor.o(i.drv_monitor_marcar)
    i.drv_sc_disable                         0x000012b8   Section        0  drv_sc.o(i.drv_sc_disable)
    i.drv_sc_enable                          0x000012ec   Section        0  drv_sc.o(i.drv_sc_enable)
    i.drv_tiempo_actual_ms                   0x00001348   Section        0  drv_tiempo.o(i.drv_tiempo_actual_ms)
    i.drv_tiempo_actual_us                   0x00001368   Section        0  drv_tiempo.o(i.drv_tiempo_actual_us)
    i.drv_tiempo_esperar_hasta_ms            0x00001398   Section        0  drv_tiempo.o(i.drv_tiempo_esperar_hasta_ms)
    i.drv_tiempo_iniciar                     0x000013bc   Section        0  drv_tiempo.o(i.drv_tiempo_iniciar)
    i.drv_tiempo_periodico_ms                0x000013f0   Section        0  drv_tiempo.o(i.drv_tiempo_periodico_ms)
    i.drv_uart_init                          0x0000144c   Section        0  drv_uart.o(i.drv_uart_init)
    i.drv_uart_putchar                       0x00001464   Section        0  drv_uart.o(i.drv_uart_putchar)
    i.drv_uart_putint                        0x0000147c   Section        0  drv_uart.o(i.drv_uart_putint)
    i.drv_uart_puts                          0x00001524   Section        0  drv_uart.o(i.drv_uart_puts)
    i.drv_wdt_feed                           0x0000154c   Section        0  drv_wdt.o(i.drv_wdt_feed)
    i.drv_wdt_iniciar                        0x00001564   Section        0  drv_wdt.o(i.drv_wdt_iniciar)
    i.encolar_EM                             0x00001584   Section        0  app_guitar_hero_fsm.o(i.encolar_EM)
    i.estadisticas_guitar_hero               0x000015ac   Section        0  app_guitar_hero_fsm.o(i.estadisticas_guitar_hero)
    i.estado_boton_guitar_hero               0x00001714   Section        0  app_guitar_hero_fsm.o(i.estado_boton_guitar_hero)
    i.estado_fin_partida_guitar_hero         0x000017ac   Section        0  app_guitar_hero_fsm.o(i.estado_fin_partida_guitar_hero)
    i.estado_inicio_gh                       0x00001860   Section        0  app_guitar_hero_fsm.o(i.estado_inicio_gh)
    i.estado_leds_guitar_hero                0x00001900   Section        0  app_guitar_hero_fsm.o(i.estado_leds_guitar_hero)
    i.estado_timeout_guitar_hero             0x00001adc   Section        0  app_guitar_hero_fsm.o(i.estado_timeout_guitar_hero)
    i.hal_consumo_dormir                     0x00001b60   Section        0  hal_consumo_lpc.o(i.hal_consumo_dormir)
    i.hal_consumo_esperar                    0x00001b90   Section        0  hal_consumo_lpc.o(i.hal_consumo_esperar)
    i.hal_consumo_iniciar                    0x00001bb4   Section        0  hal_consumo_lpc.o(i.hal_consumo_iniciar)
    i.hal_ext_int_clear                      0x00001bc8   Section        0  hal_ext_int_lpc.o(i.hal_ext_int_clear)
    i.hal_ext_int_clear_flag                 0x00001bdc   Section        0  hal_ext_int_lpc.o(i.hal_ext_int_clear_flag)
    i.hal_ext_int_deshabilitar_int           0x00001c14   Section        0  hal_ext_int_lpc.o(i.hal_ext_int_deshabilitar_int)
    i.hal_ext_int_habilitar_despertar        0x00001c4c   Section        0  hal_ext_int_lpc.o(i.hal_ext_int_habilitar_despertar)
    i.hal_ext_int_habilitar_int              0x00001c8c   Section        0  hal_ext_int_lpc.o(i.hal_ext_int_habilitar_int)
    i.hal_ext_int_iniciar                    0x00001cc4   Section        0  hal_ext_int_lpc.o(i.hal_ext_int_iniciar)
    i.hal_gpio_escribir                      0x00001d80   Section        0  hal_gpio_lpc.o(i.hal_gpio_escribir)
    i.hal_gpio_iniciar                       0x00001db0   Section        0  hal_gpio_lpc.o(i.hal_gpio_iniciar)
    i.hal_gpio_leer                          0x00001dc4   Section        0  hal_gpio_lpc.o(i.hal_gpio_leer)
    i.hal_gpio_leer_in                       0x00001df8   Section        0  hal_gpio_lpc.o(i.hal_gpio_leer_in)
    i.hal_gpio_sentido                       0x00001e10   Section        0  hal_gpio_lpc.o(i.hal_gpio_sentido)
    i.hal_iniciar_T0                         0x00001e5c   Section        0  hal_tiempo_lpc.o(i.hal_iniciar_T0)
    i.hal_sc_disable                         0x00001e78   Section        0  hal_sc_lpc.o(i.hal_sc_disable)
    i.hal_sc_restaurar                       0x00001e8c   Section        0  hal_sc_lpc.o(i.hal_sc_restaurar)
    i.hal_tiempo_actual_tick64               0x00001e9c   Section        0  hal_tiempo_lpc.o(i.hal_tiempo_actual_tick64)
    i.hal_tiempo_iniciar_tick                0x00001f08   Section        0  hal_tiempo_lpc.o(i.hal_tiempo_iniciar_tick)
    i.hal_tiempo_periodico_config_tick       0x00001fa4   Section        0  hal_tiempo_lpc.o(i.hal_tiempo_periodico_config_tick)
    i.hal_tiempo_periodico_enable            0x00001ff4   Section        0  hal_tiempo_lpc.o(i.hal_tiempo_periodico_enable)
    i.hal_tiempo_periodico_set_callback      0x00002048   Section        0  hal_tiempo_lpc.o(i.hal_tiempo_periodico_set_callback)
    i.hal_tiempo_reloj_periodico_tick        0x00002058   Section        0  hal_tiempo_lpc.o(i.hal_tiempo_reloj_periodico_tick)
    i.hal_uart_init                          0x000020a4   Section        0  hal_uart_lpc.o(i.hal_uart_init)
    i.hal_uart_putchar                       0x00002140   Section        0  hal_uart_lpc.o(i.hal_uart_putchar)
    i.hal_wdt_feed                           0x00002168   Section        0  hal_wdt_lpc.o(i.hal_wdt_feed)
    i.hal_wdt_iniciar                        0x00002190   Section        0  hal_wdt_lpc.o(i.hal_wdt_iniciar)
    i.hw_level_from_state                    0x000021c0   Section        0  drv_monitor.o(i.hw_level_from_state)
    hw_level_from_state                      0x000021c0   ARM Code      28  drv_monitor.o(i.hw_level_from_state)
    i.hw_level_from_status                   0x000021dc   Section        0  drv_leds.o(i.hw_level_from_status)
    hw_level_from_status                     0x000021dc   ARM Code      28  drv_leds.o(i.hw_level_from_status)
    i.led_id_valido                          0x000021f8   Section        0  drv_leds.o(i.led_id_valido)
    led_id_valido                            0x000021f8   ARM Code      36  drv_leds.o(i.led_id_valido)
    i.main                                   0x0000221c   Section        0  main.o(i.main)
    i.manejador_botones_guitar_hero          0x000022a8   Section        0  app_guitar_hero_fsm.o(i.manejador_botones_guitar_hero)
    i.modificar_puntuacion                   0x00002354   Section        0  app_guitar_hero_fsm.o(i.modificar_puntuacion)
    i.monitor_id_valido                      0x000024b8   Section        0  drv_monitor.o(i.monitor_id_valido)
    monitor_id_valido                        0x000024b8   ARM Code      36  drv_monitor.o(i.monitor_id_valido)
    i.pin_a_eint                             0x000024dc   Section        0  hal_ext_int_lpc.o(i.pin_a_eint)
    pin_a_eint                               0x000024dc   ARM Code      72  hal_ext_int_lpc.o(i.pin_a_eint)
    i.pin_to_eint                            0x00002524   Section        0  hal_ext_int_lpc.o(i.pin_to_eint)
    i.pin_to_gpio                            0x00002588   Section        0  hal_ext_int_lpc.o(i.pin_to_gpio)
    i.random_iniciar                         0x000025ec   Section        0  hal_random_lpc.o(i.random_iniciar)
    i.rt_FIFO_encolar                        0x00002608   Section        0  rt_fifo.o(i.rt_FIFO_encolar)
    i.rt_FIFO_extraer                        0x000026dc   Section        0  rt_fifo.o(i.rt_FIFO_extraer)
    i.rt_FIFO_inicializar                    0x00002774   Section        0  rt_fifo.o(i.rt_FIFO_inicializar)
    i.rt_GE_actualizar                       0x000027f8   Section        0  rt_ge.o(i.rt_GE_actualizar)
    i.rt_GE_iniciar                          0x00002900   Section        0  rt_ge.o(i.rt_GE_iniciar)
    i.rt_GE_lanzador                         0x000029b4   Section        0  rt_ge.o(i.rt_GE_lanzador)
    i.svc_GE_suscribir                       0x00002ab0   Section        0  rt_ge.o(i.svc_GE_suscribir)
    i.svc_alarma_activar                     0x00002ba8   Section        0  svc_alarma.o(i.svc_alarma_activar)
    i.svc_alarma_actualizar                  0x00002d64   Section        0  svc_alarma.o(i.svc_alarma_actualizar)
    i.svc_alarma_codificar                   0x00002e64   Section        0  svc_alarma.o(i.svc_alarma_codificar)
    i.svc_alarma_iniciar                     0x00002e84   Section        0  svc_alarma.o(i.svc_alarma_iniciar)
    i.svc_estadisticas_set_tmp               0x00002f00   Section        0  svc_estadisticas.o(i.svc_estadisticas_set_tmp)
    i.vic_channel                            0x000032d4   Section        0  hal_ext_int_lpc.o(i.vic_channel)
    vic_channel                              0x000032d4   ARM Code      72  hal_ext_int_lpc.o(i.vic_channel)
    .constdata                               0x0000331c   Section       16  drv_leds.o(.constdata)
    s_led_list                               0x0000331c   Data          16  drv_leds.o(.constdata)
    .constdata                               0x0000332c   Section       16  drv_monitor.o(.constdata)
    s_monitor_list                           0x0000332c   Data          16  drv_monitor.o(.constdata)
    .constdata                               0x0000333c   Section       12  drv_botones.o(.constdata)
    lista_botones                            0x0000333c   Data          12  drv_botones.o(.constdata)
    .data                                    0x40000000   Section        8  drv_tiempo.o(.data)
    s_callback_usuario                       0x40000000   Data           4  drv_tiempo.o(.data)
    s_ID_evento_guardado                     0x40000004   Data           4  drv_tiempo.o(.data)
    .data                                    0x40000008   Section        4  drv_consumo.o(.data)
    .data                                    0x4000000c   Section        8  rt_ge.o(.data)
    monitor_overflow                         0x4000000c   Data           4  rt_ge.o(.data)
    contador_inactividad                     0x40000010   Data           4  rt_ge.o(.data)
    .data                                    0x40000014   Section        8  svc_alarma.o(.data)
    monitor_overflow                         0x40000014   Data           4  svc_alarma.o(.data)
    f_cb                                     0x40000018   Data           4  svc_alarma.o(.data)
    .data                                    0x4000001c   Section        5  drv_sc.o(.data)
    anid_sc                                  0x4000001c   Data           4  drv_sc.o(.data)
    restaurar                                0x40000020   Data           1  drv_sc.o(.data)
    .data                                    0x40000024   Section       42  app_guitar_hero_fsm.o(.data)
    leds                                     0x40000024   Data           4  app_guitar_hero_fsm.o(.data)
    estados_notas                            0x40000028   Data           3  app_guitar_hero_fsm.o(.data)
    notas_tocadas                            0x4000002c   Data           4  app_guitar_hero_fsm.o(.data)
    num_partidas                             0x40000030   Data           4  app_guitar_hero_fsm.o(.data)
    puntuacion                               0x40000034   Data           4  app_guitar_hero_fsm.o(.data)
    aciertos                                 0x40000038   Data           4  app_guitar_hero_fsm.o(.data)
    fallos                                   0x4000003c   Data           4  app_guitar_hero_fsm.o(.data)
    puntuacion_total                         0x40000040   Data           4  app_guitar_hero_fsm.o(.data)
    racha                                    0x40000044   Data           4  app_guitar_hero_fsm.o(.data)
    partitura                                0x40000048   Data           5  app_guitar_hero_fsm.o(.data)
    estado_actual                            0x4000004d   Data           1  app_guitar_hero_fsm.o(.data)
    .data                                    0x40000050   Section        8  hal_tiempo_lpc.o(.data)
    s_overflows_t1                           0x40000050   Data           4  hal_tiempo_lpc.o(.data)
    s_cb                                     0x40000054   Data           4  hal_tiempo_lpc.o(.data)
    .data                                    0x40000058   Section        4  hal_ext_int_lpc.o(.data)
    f_cb                                     0x40000058   Data           4  hal_ext_int_lpc.o(.data)
    .bss                                     0x4000005c   Section       12  drv_tiempo.o(.bss)
    info                                     0x4000005c   Data          12  drv_tiempo.o(.bss)
    .bss                                     0x40000068   Section      580  rt_fifo.o(.bss)
    fifo                                     0x40000068   Data         520  rt_fifo.o(.bss)
    estadisticas_eventos                     0x40000270   Data          60  rt_fifo.o(.bss)
    .bss                                     0x400002ac   Section       24  drv_botones.o(.bss)
    botones                                  0x400002ac   Data          24  drv_botones.o(.bss)
    .bss                                     0x400002c4   Section      360  rt_ge.o(.bss)
    tabla_suscripciones                      0x400002c4   Data         360  rt_ge.o(.bss)
    .bss                                     0x4000042c   Section       80  svc_alarma.o(.bss)
    alarmas                                  0x4000042c   Data          80  svc_alarma.o(.bss)
    .bss                                     0x40000480   Section      760  svc_estadisticas.o(.bss)
    .bss                                     0x40000778   Section       12  hal_tiempo_lpc.o(.bss)
    s_info                                   0x40000778   Data          12  hal_tiempo_lpc.o(.bss)
    .bss                                     0x40000784   Section      228  rand.o(.bss)
    .bss                                     0x40000868   Section       96  libspace.o(.bss)
    HEAP                                     0x400008c8   Section        0  startup.o(HEAP)
    STACK                                    0x400008c8   Section     2176  startup.o(STACK)
    Heap_Mem                                 0x400008c8   Data           0  startup.o(HEAP)
    Stack_Mem                                0x400008c8   Data        1024  startup.o(STACK)
    Stack_Top                                0x40001148   Data           0  startup.o(STACK)

    Global Symbols

    Symbol Name                              Value     Ov Type        Size  Object(Section)

    BuildAttributes$$THM_ISAv1$ARM_ISAv4$S$PE$A:L22$X:L11$S22$IEEE1$IW$USESV6$~STKCKD$USESV7$~SHL$OSPACE$ROPI$EBA8$UX$STANDARDLIB$REQ8$PRES8$EABIv2 0x00000000   Number         0  anon$$obj.o ABSOLUTE
    __ARM_use_no_argv                        0x00000000   Number         0  main.o ABSOLUTE
    __ARM_exceptions_init                     - Undefined Weak Reference
    __alloca_initialize                       - Undefined Weak Reference
    __arm_preinit_                            - Undefined Weak Reference
    __cpp_initialize__aeabi_                  - Undefined Weak Reference
    __cxa_finalize                            - Undefined Weak Reference
    __rt_locale                               - Undefined Weak Reference
    __sigvec_lookup                           - Undefined Weak Reference
    _atexit_init                              - Undefined Weak Reference
    _call_atexit_fns                          - Undefined Weak Reference
    _clock_init                               - Undefined Weak Reference
    _fp_trap_init                             - Undefined Weak Reference
    _fp_trap_shutdown                         - Undefined Weak Reference
    _get_lc_collate                           - Undefined Weak Reference
    _get_lc_ctype                             - Undefined Weak Reference
    _get_lc_monetary                          - Undefined Weak Reference
    _get_lc_numeric                           - Undefined Weak Reference
    _get_lc_time                              - Undefined Weak Reference
    _getenv_init                              - Undefined Weak Reference
    _handle_redirection                       - Undefined Weak Reference
    _init_alloc                               - Undefined Weak Reference
    _init_user_alloc                          - Undefined Weak Reference
    _initio                                   - Undefined Weak Reference
    _printf_mbtowc                            - Undefined Weak Reference
    _printf_post_padding                      - Undefined Weak Reference
    _printf_pre_padding                       - Undefined Weak Reference
    _printf_truncate_signed                   - Undefined Weak Reference
    _printf_truncate_unsigned                 - Undefined Weak Reference
    _signal_finish                            - Undefined Weak Reference
    _signal_init                              - Undefined Weak Reference
    _terminate_alloc                          - Undefined Weak Reference
    _terminate_user_alloc                     - Undefined Weak Reference
    _terminateio                              - Undefined Weak Reference
    Reset_Handler                            0x00000058   ARM Code       0  startup.o(RESET)
    __main                                   0x00000110   ARM Code       8  __main.o(!!!main)
    __scatterload                            0x00000118   ARM Code       0  __scatter.o(!!!scatter)
    __scatterload_rt2                        0x00000118   ARM Code      52  __scatter.o(!!!scatter)
    __scatterload_null                       0x0000012c   ARM Code       0  __scatter.o(!!!scatter)
    __scatterload_copy                       0x00000154   ARM Code      40  __scatter_copy.o(!!handler_copy)
    __scatterload_zeroinit                   0x0000017c   ARM Code      44  __scatter_zi.o(!!handler_zi)
    Inline Thumb to ARM Veneer to _printf_percent 0x000001a9   Thumb Code     4  _printf_percent.o(.ARM.Collect$$_printf_percent$$00000000)
    _printf_d                                0x000001ac   ARM Code       0  _printf_d.o(.ARM.Collect$$_printf_percent$$00000009)
    _printf_percent                          0x000001ac   ARM Code       0  _printf_percent.o(.ARM.Collect$$_printf_percent$$00000000)
    _printf_percent_end                      0x000001b4   ARM Code       0  _printf_percent_end.o(.ARM.Collect$$_printf_percent$$00000017)
    Inline ARM to Thumb Veneer to __rt_lib_init 0x000001bc   ARM Code       8  libinit.o(.ARM.Collect$$libinit$$00000000)
    __rt_lib_init                            0x000001c5   Thumb Code     0  libinit.o(.ARM.Collect$$libinit$$00000000)
    __rt_lib_init_fp_1                       0x000001c7   Thumb Code     0  libinit2.o(.ARM.Collect$$libinit$$00000002)
    __rt_lib_init_heap_1                     0x000001c7   Thumb Code     0  libinit2.o(.ARM.Collect$$libinit$$0000000A)
    __rt_lib_init_preinit_1                  0x000001c7   Thumb Code     0  libinit2.o(.ARM.Collect$$libinit$$00000004)
    __rt_lib_init_rand_2                     0x000001c7   Thumb Code     0  libinit2.o(.ARM.Collect$$libinit$$0000000D)
    __rt_lib_init_user_alloc_1               0x000001c7   Thumb Code     0  libinit2.o(.ARM.Collect$$libinit$$0000000C)
    __rt_lib_init_alloca_1                   0x000001cb   Thumb Code     0  libinit2.o(.ARM.Collect$$libinit$$0000002E)
    __rt_lib_init_argv_1                     0x000001cb   Thumb Code     0  libinit2.o(.ARM.Collect$$libinit$$0000002C)
    __rt_lib_init_atexit_1                   0x000001cb   Thumb Code     0  libinit2.o(.ARM.Collect$$libinit$$0000001B)
    __rt_lib_init_clock_1                    0x000001cb   Thumb Code     0  libinit2.o(.ARM.Collect$$libinit$$00000021)
    __rt_lib_init_cpp_1                      0x000001cb   Thumb Code     0  libinit2.o(.ARM.Collect$$libinit$$00000032)
    __rt_lib_init_exceptions_1               0x000001cb   Thumb Code     0  libinit2.o(.ARM.Collect$$libinit$$00000030)
    __rt_lib_init_fp_trap_1                  0x000001cb   Thumb Code     0  libinit2.o(.ARM.Collect$$libinit$$0000001F)
    __rt_lib_init_getenv_1                   0x000001cb   Thumb Code     0  libinit2.o(.ARM.Collect$$libinit$$00000023)
    __rt_lib_init_lc_collate_1               0x000001cb   Thumb Code     0  libinit2.o(.ARM.Collect$$libinit$$00000011)
    __rt_lib_init_lc_ctype_1                 0x000001cb   Thumb Code     0  libinit2.o(.ARM.Collect$$libinit$$00000013)
    __rt_lib_init_lc_monetary_1              0x000001cb   Thumb Code     0  libinit2.o(.ARM.Collect$$libinit$$00000015)
    __rt_lib_init_lc_numeric_1               0x000001cb   Thumb Code     0  libinit2.o(.ARM.Collect$$libinit$$00000017)
    __rt_lib_init_lc_time_1                  0x000001cb   Thumb Code     0  libinit2.o(.ARM.Collect$$libinit$$00000019)
    __rt_lib_init_rand_1                     0x000001cb   Thumb Code     0  libinit2.o(.ARM.Collect$$libinit$$0000000E)
    __rt_lib_init_return                     0x000001cb   Thumb Code     0  libinit2.o(.ARM.Collect$$libinit$$00000033)
    __rt_lib_init_signal_1                   0x000001cb   Thumb Code     0  libinit2.o(.ARM.Collect$$libinit$$0000001D)
    __rt_lib_init_stdio_1                    0x000001cb   Thumb Code     0  libinit2.o(.ARM.Collect$$libinit$$00000025)
    Inline ARM to Thumb Veneer to __rt_lib_shutdown 0x000001d8   ARM Code       8  libshutdown.o(.ARM.Collect$$libshutdown$$00000000)
    __rt_lib_shutdown                        0x000001e1   Thumb Code     0  libshutdown.o(.ARM.Collect$$libshutdown$$00000000)
    __rt_lib_shutdown_cpp_1                  0x000001e5   Thumb Code     0  libshutdown2.o(.ARM.Collect$$libshutdown$$00000002)
    __rt_lib_shutdown_fp_trap_1              0x000001e5   Thumb Code     0  libshutdown2.o(.ARM.Collect$$libshutdown$$00000007)
    __rt_lib_shutdown_heap_1                 0x000001e5   Thumb Code     0  libshutdown2.o(.ARM.Collect$$libshutdown$$0000000F)
    __rt_lib_shutdown_return                 0x000001e5   Thumb Code     0  libshutdown2.o(.ARM.Collect$$libshutdown$$00000010)
    __rt_lib_shutdown_signal_1               0x000001e5   Thumb Code     0  libshutdown2.o(.ARM.Collect$$libshutdown$$0000000A)
    __rt_lib_shutdown_stdio_1                0x000001e5   Thumb Code     0  libshutdown2.o(.ARM.Collect$$libshutdown$$00000004)
    __rt_lib_shutdown_user_alloc_1           0x000001e5   Thumb Code     0  libshutdown2.o(.ARM.Collect$$libshutdown$$0000000C)
    __rt_entry                               0x000001ec   ARM Code       0  __rtentry.o(.ARM.Collect$$rtentry$$00000000)
    __rt_entry_presh_1                       0x000001ec   ARM Code       0  __rtentry2.o(.ARM.Collect$$rtentry$$00000002)
    __rt_entry_sh                            0x000001ec   ARM Code       0  __rtentry4.o(.ARM.Collect$$rtentry$$00000004)
    __rt_entry_li                            0x000001f4   ARM Code       0  __rtentry2.o(.ARM.Collect$$rtentry$$0000000A)
    __rt_entry_postsh_1                      0x000001f4   ARM Code       0  __rtentry2.o(.ARM.Collect$$rtentry$$00000009)
    __rt_entry_main                          0x000001f8   ARM Code       0  __rtentry2.o(.ARM.Collect$$rtentry$$0000000D)
    __rt_entry_postli_1                      0x000001f8   ARM Code       0  __rtentry2.o(.ARM.Collect$$rtentry$$0000000C)
    Inline Thumb to ARM Veneer to __rt_exit  0x00000221   Thumb Code     4  rtexit.o(.ARM.Collect$$rtexit$$00000000)
    __rt_exit                                0x00000224   ARM Code       0  rtexit.o(.ARM.Collect$$rtexit$$00000000)
    __rt_exit_ls                             0x00000228   ARM Code       0  rtexit2.o(.ARM.Collect$$rtexit$$00000003)
    __rt_exit_prels_1                        0x00000228   ARM Code       0  rtexit2.o(.ARM.Collect$$rtexit$$00000002)
    __rt_exit_exit                           0x0000022c   ARM Code       0  rtexit2.o(.ARM.Collect$$rtexit$$00000004)
    __user_initial_stackheap                 0x00000234   ARM Code       0  startup.o(.text)
    switch_to_PLL                            0x00000248   ARM Code       0  startup.o(.text)
    __aeabi_uldivmod                         0x0000029c   ARM Code       0  lludiv.o(.text)
    _ll_udiv                                 0x0000029c   ARM Code     720  lludiv.o(.text)
    _ll_udiv_donemoving                      0x000002b0   ARM Code       0  lludiv.o(.text)
    Inline ARM to Thumb Veneer to __2sprintf 0x0000056c   ARM Code       8  noretval__2sprintf.o(.text)
    __2sprintf                               0x00000575   Thumb Code    36  noretval__2sprintf.o(.text)
    __printf                                 0x0000059d   Thumb Code   118  __printf.o(.text)
    Inline ARM to Thumb Veneer to _printf_int_dec 0x00000614   ARM Code       8  _printf_dec.o(.text)
    _printf_int_dec                          0x0000061d   Thumb Code    94  _printf_dec.o(.text)
    Inline ARM to Thumb Veneer to srand      0x0000068c   ARM Code       8  rand.o(.text)
    srand                                    0x00000695   Thumb Code    46  rand.o(.text)
    _rand_init                               0x000006c3   Thumb Code     4  rand.o(.text)
    __aeabi_idiv                             0x000006d4   ARM Code       0  aeabi_sdiv.o(.text)
    __aeabi_idivmod                          0x000006d4   ARM Code     384  aeabi_sdiv.o(.text)
    __use_two_region_memory                  0x00000855   Thumb Code     2  heapauxi.o(.text)
    __rt_heap_escrow$2region                 0x00000857   Thumb Code     2  heapauxi.o(.text)
    __rt_heap_expand$2region                 0x00000859   Thumb Code     2  heapauxi.o(.text)
    _printf_int_common                       0x0000085b   Thumb Code   186  _printf_intcommon.o(.text)
    _printf_char_common                      0x0000091f   Thumb Code    34  _printf_char_common.o(.text)
    _sputc                                   0x00000945   Thumb Code    10  _sputc.o(.text)
    Inline Thumb to ARM Veneer to __rt_udiv10 0x00000951   Thumb Code     4  rtudiv10.o(.text)
    __rt_udiv10                              0x00000954   ARM Code      44  rtudiv10.o(.text)
    __user_setup_stackheap                   0x00000980   ARM Code      96  sys_stackheap_outer.o(.text)
    exit                                     0x000009e1   Thumb Code    20  exit.o(.text)
    __user_libspace                          0x000009f4   ARM Code      12  libspace.o(.text)
    __user_perproc_libspace                  0x000009f4   ARM Code       0  libspace.o(.text)
    __user_perthread_libspace                0x000009f4   ARM Code       0  libspace.o(.text)
    Inline ARM to Thumb Veneer to _sys_exit  0x00000a00   ARM Code       8  sys_exit.o(.text)
    _sys_exit                                0x00000a09   Thumb Code     8  sys_exit.o(.text)
    __I$use$semihosting                      0x00000a14   ARM Code       0  use_no_semi.o(.text)
    __use_no_semihosting_swi                 0x00000a14   ARM Code       4  use_no_semi.o(.text)
    __aeabi_uidiv                            0x00000a18   ARM Code       0  aeabi_sdiv.o(.text_udiv)
    __aeabi_uidivmod                         0x00000a18   ARM Code      36  aeabi_sdiv.o(.text_udiv)
    __semihosting_library_function           0x00000a18   ARM Code       0  indicate_semi.o(.text)
    EINT_Handler                             0x00000a3c   ARM Code     180  hal_ext_int_lpc.o(i.EINT_Handler)
    T0_ISR                                   0x00000af8   ARM Code      64  hal_tiempo_lpc.o(i.T0_ISR)
    T1_ISR                                   0x00000b40   ARM Code      52  hal_tiempo_lpc.o(i.T1_ISR)
    __ARM_common_call_via_r1                 0x00000b7d   Thumb Code     2  __printf.o(i.__ARM_common_call_via_r1)
    __ARM_common_call_via_r2                 0x00000b7f   Thumb Code     2  __printf.o(i.__ARM_common_call_via_r2)
    app_guitar_hero_actualizar               0x00000b80   ARM Code     164  app_guitar_hero_fsm.o(i.app_guitar_hero_actualizar)
    app_guitar_hero_iniciar                  0x00000c28   ARM Code      88  app_guitar_hero_fsm.o(i.app_guitar_hero_iniciar)
    comprobar_acierto                        0x00000cd0   ARM Code      28  app_guitar_hero_fsm.o(i.comprobar_acierto)
    drv_botones_actualizar                   0x00000cf0   ARM Code     428  drv_botones.o(i.drv_botones_actualizar)
    drv_botones_cantidad                     0x00000ec8   ARM Code       8  drv_botones.o(i.drv_botones_cantidad)
    drv_botones_iniciar                      0x00000f0c   ARM Code     164  drv_botones.o(i.drv_botones_iniciar)
    drv_consumo_dormir                       0x00000fc0   ARM Code      68  drv_consumo.o(i.drv_consumo_dormir)
    drv_consumo_esperar                      0x00001008   ARM Code      72  drv_consumo.o(i.drv_consumo_esperar)
    drv_consumo_iniciar                      0x00001054   ARM Code      32  drv_consumo.o(i.drv_consumo_iniciar)
    drv_led_establecer                       0x00001078   ARM Code      80  drv_leds.o(i.drv_led_establecer)
    drv_leds_apagar_todos                    0x000010cc   ARM Code      68  drv_leds.o(i.drv_leds_apagar_todos)
    drv_leds_encender_todos                  0x00001114   ARM Code      68  drv_leds.o(i.drv_leds_encender_todos)
    drv_leds_iniciar                         0x0000115c   ARM Code      92  drv_leds.o(i.drv_leds_iniciar)
    drv_monitor_desmarcar                    0x000011bc   ARM Code      76  drv_monitor.o(i.drv_monitor_desmarcar)
    drv_monitor_iniciar                      0x0000120c   ARM Code      88  drv_monitor.o(i.drv_monitor_iniciar)
    drv_monitor_marcar                       0x00001268   ARM Code      76  drv_monitor.o(i.drv_monitor_marcar)
    drv_sc_disable                           0x000012b8   ARM Code      44  drv_sc.o(i.drv_sc_disable)
    drv_sc_enable                            0x000012ec   ARM Code      84  drv_sc.o(i.drv_sc_enable)
    drv_tiempo_actual_ms                     0x00001348   ARM Code      32  drv_tiempo.o(i.drv_tiempo_actual_ms)
    drv_tiempo_actual_us                     0x00001368   ARM Code      44  drv_tiempo.o(i.drv_tiempo_actual_us)
    drv_tiempo_esperar_hasta_ms              0x00001398   ARM Code      36  drv_tiempo.o(i.drv_tiempo_esperar_hasta_ms)
    drv_tiempo_iniciar                       0x000013bc   ARM Code      48  drv_tiempo.o(i.drv_tiempo_iniciar)
    drv_tiempo_periodico_ms                  0x000013f0   ARM Code      76  drv_tiempo.o(i.drv_tiempo_periodico_ms)
    drv_uart_init                            0x0000144c   ARM Code      24  drv_uart.o(i.drv_uart_init)
    drv_uart_putchar                         0x00001464   ARM Code      24  drv_uart.o(i.drv_uart_putchar)
    drv_uart_putint                          0x0000147c   ARM Code     168  drv_uart.o(i.drv_uart_putint)
    drv_uart_puts                            0x00001524   ARM Code      40  drv_uart.o(i.drv_uart_puts)
    drv_wdt_feed                             0x0000154c   ARM Code      24  drv_wdt.o(i.drv_wdt_feed)
    drv_wdt_iniciar                          0x00001564   ARM Code      32  drv_wdt.o(i.drv_wdt_iniciar)
    encolar_EM                               0x00001584   ARM Code      40  app_guitar_hero_fsm.o(i.encolar_EM)
    estadisticas_guitar_hero                 0x000015ac   ARM Code     152  app_guitar_hero_fsm.o(i.estadisticas_guitar_hero)
    estado_boton_guitar_hero                 0x00001714   ARM Code     112  app_guitar_hero_fsm.o(i.estado_boton_guitar_hero)
    estado_fin_partida_guitar_hero           0x000017ac   ARM Code     148  app_guitar_hero_fsm.o(i.estado_fin_partida_guitar_hero)
    estado_inicio_gh                         0x00001860   ARM Code     152  app_guitar_hero_fsm.o(i.estado_inicio_gh)
    estado_leds_guitar_hero                  0x00001900   ARM Code     424  app_guitar_hero_fsm.o(i.estado_leds_guitar_hero)
    estado_timeout_guitar_hero               0x00001adc   ARM Code      84  app_guitar_hero_fsm.o(i.estado_timeout_guitar_hero)
    hal_consumo_dormir                       0x00001b60   ARM Code      44  hal_consumo_lpc.o(i.hal_consumo_dormir)
    hal_consumo_esperar                      0x00001b90   ARM Code      32  hal_consumo_lpc.o(i.hal_consumo_esperar)
    hal_consumo_iniciar                      0x00001bb4   ARM Code      16  hal_consumo_lpc.o(i.hal_consumo_iniciar)
    hal_ext_int_clear                        0x00001bc8   ARM Code      16  hal_ext_int_lpc.o(i.hal_ext_int_clear)
    hal_ext_int_clear_flag                   0x00001bdc   ARM Code      52  hal_ext_int_lpc.o(i.hal_ext_int_clear_flag)
    hal_ext_int_deshabilitar_int             0x00001c14   ARM Code      56  hal_ext_int_lpc.o(i.hal_ext_int_deshabilitar_int)
    hal_ext_int_habilitar_despertar          0x00001c4c   ARM Code      60  hal_ext_int_lpc.o(i.hal_ext_int_habilitar_despertar)
    hal_ext_int_habilitar_int                0x00001c8c   ARM Code      56  hal_ext_int_lpc.o(i.hal_ext_int_habilitar_int)
    hal_ext_int_iniciar                      0x00001cc4   ARM Code     176  hal_ext_int_lpc.o(i.hal_ext_int_iniciar)
    hal_gpio_escribir                        0x00001d80   ARM Code      44  hal_gpio_lpc.o(i.hal_gpio_escribir)
    hal_gpio_iniciar                         0x00001db0   ARM Code      16  hal_gpio_lpc.o(i.hal_gpio_iniciar)
    hal_gpio_leer                            0x00001dc4   ARM Code      48  hal_gpio_lpc.o(i.hal_gpio_leer)
    hal_gpio_leer_in                         0x00001df8   ARM Code      24  hal_gpio_lpc.o(i.hal_gpio_leer_in)
    hal_gpio_sentido                         0x00001e10   ARM Code      72  hal_gpio_lpc.o(i.hal_gpio_sentido)
    hal_iniciar_T0                           0x00001e5c   ARM Code      28  hal_tiempo_lpc.o(i.hal_iniciar_T0)
    hal_sc_disable                           0x00001e78   ARM Code      20  hal_sc_lpc.o(i.hal_sc_disable)
    hal_sc_restaurar                         0x00001e8c   ARM Code      16  hal_sc_lpc.o(i.hal_sc_restaurar)
    hal_tiempo_actual_tick64                 0x00001e9c   ARM Code     100  hal_tiempo_lpc.o(i.hal_tiempo_actual_tick64)
    hal_tiempo_iniciar_tick                  0x00001f08   ARM Code     140  hal_tiempo_lpc.o(i.hal_tiempo_iniciar_tick)
    hal_tiempo_periodico_config_tick         0x00001fa4   ARM Code      72  hal_tiempo_lpc.o(i.hal_tiempo_periodico_config_tick)
    hal_tiempo_periodico_enable              0x00001ff4   ARM Code      80  hal_tiempo_lpc.o(i.hal_tiempo_periodico_enable)
    hal_tiempo_periodico_set_callback        0x00002048   ARM Code      12  hal_tiempo_lpc.o(i.hal_tiempo_periodico_set_callback)
    hal_tiempo_reloj_periodico_tick          0x00002058   ARM Code      76  hal_tiempo_lpc.o(i.hal_tiempo_reloj_periodico_tick)
    hal_uart_init                            0x000020a4   ARM Code     144  hal_uart_lpc.o(i.hal_uart_init)
    hal_uart_putchar                         0x00002140   ARM Code      36  hal_uart_lpc.o(i.hal_uart_putchar)
    hal_wdt_feed                             0x00002168   ARM Code      40  hal_wdt_lpc.o(i.hal_wdt_feed)
    hal_wdt_iniciar                          0x00002190   ARM Code      44  hal_wdt_lpc.o(i.hal_wdt_iniciar)
    main                                     0x0000221c   ARM Code     136  main.o(i.main)
    manejador_botones_guitar_hero            0x000022a8   ARM Code     168  app_guitar_hero_fsm.o(i.manejador_botones_guitar_hero)
    modificar_puntuacion                     0x00002354   ARM Code     292  app_guitar_hero_fsm.o(i.modificar_puntuacion)
    pin_to_eint                              0x00002524   ARM Code      96  hal_ext_int_lpc.o(i.pin_to_eint)
    pin_to_gpio                              0x00002588   ARM Code      96  hal_ext_int_lpc.o(i.pin_to_gpio)
    random_iniciar                           0x000025ec   ARM Code      28  hal_random_lpc.o(i.random_iniciar)
    rt_FIFO_encolar                          0x00002608   ARM Code     204  rt_fifo.o(i.rt_FIFO_encolar)
    rt_FIFO_extraer                          0x000026dc   ARM Code     148  rt_fifo.o(i.rt_FIFO_extraer)
    rt_FIFO_inicializar                      0x00002774   ARM Code     124  rt_fifo.o(i.rt_FIFO_inicializar)
    rt_GE_actualizar                         0x000027f8   ARM Code     216  rt_ge.o(i.rt_GE_actualizar)
    rt_GE_iniciar                            0x00002900   ARM Code     160  rt_ge.o(i.rt_GE_iniciar)
    rt_GE_lanzador                           0x000029b4   ARM Code     236  rt_ge.o(i.rt_GE_lanzador)
    svc_GE_suscribir                         0x00002ab0   ARM Code     240  rt_ge.o(i.svc_GE_suscribir)
    svc_alarma_activar                       0x00002ba8   ARM Code     396  svc_alarma.o(i.svc_alarma_activar)
    svc_alarma_actualizar                    0x00002d64   ARM Code     248  svc_alarma.o(i.svc_alarma_actualizar)
    svc_alarma_codificar                     0x00002e64   ARM Code      32  svc_alarma.o(i.svc_alarma_codificar)
    svc_alarma_iniciar                       0x00002e84   ARM Code     108  svc_alarma.o(i.svc_alarma_iniciar)
    svc_estadisticas_set_tmp                 0x00002f00   ARM Code     976  svc_estadisticas.o(i.svc_estadisticas_set_tmp)
    Region$$Table$$Base                      0x00003348   Number         0  anon$$obj.o(Region$$Table)
    Region$$Table$$Limit                     0x00003368   Number         0  anon$$obj.o(Region$$Table)
    monitor_id                               0x40000008   Data           4  drv_consumo.o(.data)
    estadisticas                             0x40000480   Data         760  svc_estadisticas.o(.bss)
    _random_number_data                      0x40000784   Data         228  rand.o(.bss)
    __libspace_start                         0x40000868   Data          96  libspace.o(.bss)
    __temporary_stack_top$libspace           0x400008c8   Data           0  libspace.o(.bss)



==============================================================================

Memory Map of the image

  Image Entry point : 0x00000110

  Load Region LR_IROM1 (Base: 0x00000000, Size: 0x000033c4, Max: 0x00020000, ABSOLUTE)

    Execution Region ER_IROM1 (Exec base: 0x00000000, Load base: 0x00000000, Size: 0x00003368, Max: 0x00020000, ABSOLUTE)

    Exec Addr    Load Addr    Size         Type   Attr      Idx    E Section Name        Object

    0x00000000   0x00000000   0x00000110   Code   RO         1098    RESET               startup.o
    0x00000110   0x00000110   0x00000008   Code   RO         1171  * !!!main             c_t.l(__main.o)
    0x00000118   0x00000118   0x0000003c   Code   RO         1359    !!!scatter          c_t.l(__scatter.o)
    0x00000154   0x00000154   0x00000028   Code   RO         1361    !!handler_copy      c_t.l(__scatter_copy.o)
    0x0000017c   0x0000017c   0x0000002c   Code   RO         1363    !!handler_zi        c_t.l(__scatter_zi.o)
    0x000001a8   0x000001a8   0x00000004   Ven    RO         1147    .ARM.Collect$$_printf_percent$$00000000  c_t.l(_printf_percent.o)
    0x000001ac   0x000001ac   0x00000000   Code   RO         1147    .ARM.Collect$$_printf_percent$$00000000  c_t.l(_printf_percent.o)
    0x000001ac   0x000001ac   0x00000008   Code   RO         1146    .ARM.Collect$$_printf_percent$$00000009  c_t.l(_printf_d.o)
    0x000001b4   0x000001b4   0x00000008   Code   RO         1190    .ARM.Collect$$_printf_percent$$00000017  c_t.l(_printf_percent_end.o)
    0x000001bc   0x000001bc   0x00000008   Ven    RO         1282    .ARM.Collect$$libinit$$00000000  c_t.l(libinit.o)
    0x000001c4   0x000001c4   0x00000002   Code   RO         1282    .ARM.Collect$$libinit$$00000000  c_t.l(libinit.o)
    0x000001c6   0x000001c6   0x00000000   Code   RO         1194    .ARM.Collect$$libinit$$00000002  c_t.l(libinit2.o)
    0x000001c6   0x000001c6   0x00000000   Code   RO         1196    .ARM.Collect$$libinit$$00000004  c_t.l(libinit2.o)
    0x000001c6   0x000001c6   0x00000000   Code   RO         1199    .ARM.Collect$$libinit$$0000000A  c_t.l(libinit2.o)
    0x000001c6   0x000001c6   0x00000000   Code   RO         1201    .ARM.Collect$$libinit$$0000000C  c_t.l(libinit2.o)
    0x000001c6   0x000001c6   0x00000004   Code   RO         1202    .ARM.Collect$$libinit$$0000000D  c_t.l(libinit2.o)
    0x000001ca   0x000001ca   0x00000000   Code   RO         1203    .ARM.Collect$$libinit$$0000000E  c_t.l(libinit2.o)
    0x000001ca   0x000001ca   0x00000000   Code   RO         1206    .ARM.Collect$$libinit$$00000011  c_t.l(libinit2.o)
    0x000001ca   0x000001ca   0x00000000   Code   RO         1208    .ARM.Collect$$libinit$$00000013  c_t.l(libinit2.o)
    0x000001ca   0x000001ca   0x00000000   Code   RO         1210    .ARM.Collect$$libinit$$00000015  c_t.l(libinit2.o)
    0x000001ca   0x000001ca   0x00000000   Code   RO         1212    .ARM.Collect$$libinit$$00000017  c_t.l(libinit2.o)
    0x000001ca   0x000001ca   0x00000000   Code   RO         1214    .ARM.Collect$$libinit$$00000019  c_t.l(libinit2.o)
    0x000001ca   0x000001ca   0x00000000   Code   RO         1216    .ARM.Collect$$libinit$$0000001B  c_t.l(libinit2.o)
    0x000001ca   0x000001ca   0x00000000   Code   RO         1218    .ARM.Collect$$libinit$$0000001D  c_t.l(libinit2.o)
    0x000001ca   0x000001ca   0x00000000   Code   RO         1220    .ARM.Collect$$libinit$$0000001F  c_t.l(libinit2.o)
    0x000001ca   0x000001ca   0x00000000   Code   RO         1222    .ARM.Collect$$libinit$$00000021  c_t.l(libinit2.o)
    0x000001ca   0x000001ca   0x00000000   Code   RO         1224    .ARM.Collect$$libinit$$00000023  c_t.l(libinit2.o)
    0x000001ca   0x000001ca   0x00000000   Code   RO         1226    .ARM.Collect$$libinit$$00000025  c_t.l(libinit2.o)
    0x000001ca   0x000001ca   0x00000000   Code   RO         1230    .ARM.Collect$$libinit$$0000002C  c_t.l(libinit2.o)
    0x000001ca   0x000001ca   0x00000000   Code   RO         1232    .ARM.Collect$$libinit$$0000002E  c_t.l(libinit2.o)
    0x000001ca   0x000001ca   0x00000000   Code   RO         1234    .ARM.Collect$$libinit$$00000030  c_t.l(libinit2.o)
    0x000001ca   0x000001ca   0x00000000   Code   RO         1236    .ARM.Collect$$libinit$$00000032  c_t.l(libinit2.o)
    0x000001ca   0x000001ca   0x0000000c   Code   RO         1237    .ARM.Collect$$libinit$$00000033  c_t.l(libinit2.o)
    0x000001d6   0x000001d6   0x00000002   PAD
    0x000001d8   0x000001d8   0x00000008   Ven    RO         1326    .ARM.Collect$$libshutdown$$00000000  c_t.l(libshutdown.o)
    0x000001e0   0x000001e0   0x00000004   Code   RO         1326    .ARM.Collect$$libshutdown$$00000000  c_t.l(libshutdown.o)
    0x000001e4   0x000001e4   0x00000000   Code   RO         1342    .ARM.Collect$$libshutdown$$00000002  c_t.l(libshutdown2.o)
    0x000001e4   0x000001e4   0x00000000   Code   RO         1344    .ARM.Collect$$libshutdown$$00000004  c_t.l(libshutdown2.o)
    0x000001e4   0x000001e4   0x00000000   Code   RO         1347    .ARM.Collect$$libshutdown$$00000007  c_t.l(libshutdown2.o)
    0x000001e4   0x000001e4   0x00000000   Code   RO         1350    .ARM.Collect$$libshutdown$$0000000A  c_t.l(libshutdown2.o)
    0x000001e4   0x000001e4   0x00000000   Code   RO         1352    .ARM.Collect$$libshutdown$$0000000C  c_t.l(libshutdown2.o)
    0x000001e4   0x000001e4   0x00000000   Code   RO         1355    .ARM.Collect$$libshutdown$$0000000F  c_t.l(libshutdown2.o)
    0x000001e4   0x000001e4   0x00000006   Code   RO         1356    .ARM.Collect$$libshutdown$$00000010  c_t.l(libshutdown2.o)
    0x000001ea   0x000001ea   0x00000002   PAD
    0x000001ec   0x000001ec   0x00000000   Code   RO         1173    .ARM.Collect$$rtentry$$00000000  c_t.l(__rtentry.o)
    0x000001ec   0x000001ec   0x00000000   Code   RO         1239    .ARM.Collect$$rtentry$$00000002  c_t.l(__rtentry2.o)
    0x000001ec   0x000001ec   0x00000008   Code   RO         1251    .ARM.Collect$$rtentry$$00000004  c_t.l(__rtentry4.o)
    0x000001f4   0x000001f4   0x00000000   Code   RO         1241    .ARM.Collect$$rtentry$$00000009  c_t.l(__rtentry2.o)
    0x000001f4   0x000001f4   0x00000004   Code   RO         1242    .ARM.Collect$$rtentry$$0000000A  c_t.l(__rtentry2.o)
    0x000001f8   0x000001f8   0x00000000   Code   RO         1244    .ARM.Collect$$rtentry$$0000000C  c_t.l(__rtentry2.o)
    0x000001f8   0x000001f8   0x00000028   Code   RO         1245    .ARM.Collect$$rtentry$$0000000D  c_t.l(__rtentry2.o)
    0x00000220   0x00000220   0x00000004   Ven    RO         1288    .ARM.Collect$$rtexit$$00000000  c_t.l(rtexit.o)
    0x00000224   0x00000224   0x00000004   Code   RO         1288    .ARM.Collect$$rtexit$$00000000  c_t.l(rtexit.o)
    0x00000228   0x00000228   0x00000000   Code   RO         1308    .ARM.Collect$$rtexit$$00000002  c_t.l(rtexit2.o)
    0x00000228   0x00000228   0x00000004   Code   RO         1309    .ARM.Collect$$rtexit$$00000003  c_t.l(rtexit2.o)
    0x0000022c   0x0000022c   0x00000008   Code   RO         1310    .ARM.Collect$$rtexit$$00000004  c_t.l(rtexit2.o)
    0x00000234   0x00000234   0x00000068   Code   RO         1099    .text               startup.o
    0x0000029c   0x0000029c   0x000002d0   Code   RO         1109    .text               c_t.l(lludiv.o)
    0x0000056c   0x0000056c   0x00000008   Ven    RO         1113    .text               c_t.l(noretval__2sprintf.o)
    0x00000574   0x00000574   0x00000028   Code   RO         1113    .text               c_t.l(noretval__2sprintf.o)
    0x0000059c   0x0000059c   0x00000076   Code   RO         1115    .text               c_t.l(__printf.o)
    0x00000612   0x00000612   0x00000002   PAD
    0x00000614   0x00000614   0x00000008   Ven    RO         1123    .text               c_t.l(_printf_dec.o)
    0x0000061c   0x0000061c   0x00000070   Code   RO         1123    .text               c_t.l(_printf_dec.o)
    0x0000068c   0x0000068c   0x00000008   Ven    RO         1149    .text               c_t.l(rand.o)
    0x00000694   0x00000694   0x00000040   Code   RO         1149    .text               c_t.l(rand.o)
    0x000006d4   0x000006d4   0x00000180   Code   RO         1153    .text               c_t.l(aeabi_sdiv.o)
    0x00000854   0x00000854   0x00000006   Code   RO         1169    .text               c_t.l(heapauxi.o)
    0x0000085a   0x0000085a   0x000000ba   Code   RO         1182    .text               c_t.l(_printf_intcommon.o)
    0x00000914   0x00000914   0x00000030   Code   RO         1184    .text               c_t.l(_printf_char_common.o)
    0x00000944   0x00000944   0x0000000a   Code   RO         1186    .text               c_t.l(_sputc.o)
    0x0000094e   0x0000094e   0x00000002   PAD
    0x00000950   0x00000950   0x00000004   Ven    RO         1191    .text               c_t.l(rtudiv10.o)
    0x00000954   0x00000954   0x0000002c   Code   RO         1191    .text               c_t.l(rtudiv10.o)
    0x00000980   0x00000980   0x00000060   Code   RO         1265    .text               c_t.l(sys_stackheap_outer.o)
    0x000009e0   0x000009e0   0x00000014   Code   RO         1267    .text               c_t.l(exit.o)
    0x000009f4   0x000009f4   0x0000000c   Code   RO         1285    .text               c_t.l(libspace.o)
    0x00000a00   0x00000a00   0x00000008   Ven    RO         1302    .text               c_t.l(sys_exit.o)
    0x00000a08   0x00000a08   0x0000000c   Code   RO         1302    .text               c_t.l(sys_exit.o)
    0x00000a14   0x00000a14   0x00000004   Code   RO         1304    .text               c_t.l(use_no_semi.o)
    0x00000a18   0x00000a18   0x00000000   Code   RO         1306    .text               c_t.l(indicate_semi.o)
    0x00000a18   0x00000a18   0x00000024   Code   RO         1154    .text_udiv          c_t.l(aeabi_sdiv.o)
    0x00000a3c   0x00000a3c   0x000000bc   Code   RO          894    i.EINT_Handler      hal_ext_int_lpc.o
    0x00000af8   0x00000af8   0x00000048   Code   RO          801    i.T0_ISR            hal_tiempo_lpc.o
    0x00000b40   0x00000b40   0x0000003c   Code   RO          802    i.T1_ISR            hal_tiempo_lpc.o
    0x00000b7c   0x00000b7c   0x00000002   Code   RO         1119    i.__ARM_common_call_via_r1  c_t.l(__printf.o)
    0x00000b7e   0x00000b7e   0x00000002   Code   RO         1117    i.__ARM_common_call_via_r2  c_t.l(__printf.o)
    0x00000b80   0x00000b80   0x000000a8   Code   RO          672    i.app_guitar_hero_actualizar  app_guitar_hero_fsm.o
    0x00000c28   0x00000c28   0x00000068   Code   RO          673    i.app_guitar_hero_iniciar  app_guitar_hero_fsm.o
    0x00000c90   0x00000c90   0x00000040   Code   RO          239    i.callback_wrapper_interno  drv_tiempo.o
    0x00000cd0   0x00000cd0   0x00000020   Code   RO          674    i.comprobar_acierto  app_guitar_hero_fsm.o
    0x00000cf0   0x00000cf0   0x000001d8   Code   RO          397    i.drv_botones_actualizar  drv_botones.o
    0x00000ec8   0x00000ec8   0x00000008   Code   RO          398    i.drv_botones_cantidad  drv_botones.o
    0x00000ed0   0x00000ed0   0x0000003c   Code   RO          399    i.drv_botones_encontrar_indice  drv_botones.o
    0x00000f0c   0x00000f0c   0x000000b4   Code   RO          400    i.drv_botones_iniciar  drv_botones.o
    0x00000fc0   0x00000fc0   0x00000048   Code   RO          292    i.drv_consumo_dormir  drv_consumo.o
    0x00001008   0x00001008   0x0000004c   Code   RO          293    i.drv_consumo_esperar  drv_consumo.o
    0x00001054   0x00001054   0x00000024   Code   RO          294    i.drv_consumo_iniciar  drv_consumo.o
    0x00001078   0x00001078   0x00000054   Code   RO          177    i.drv_led_establecer  drv_leds.o
    0x000010cc   0x000010cc   0x00000048   Code   RO          179    i.drv_leds_apagar_todos  drv_leds.o
    0x00001114   0x00001114   0x00000048   Code   RO          181    i.drv_leds_encender_todos  drv_leds.o
    0x0000115c   0x0000115c   0x00000060   Code   RO          182    i.drv_leds_iniciar  drv_leds.o
    0x000011bc   0x000011bc   0x00000050   Code   RO          325    i.drv_monitor_desmarcar  drv_monitor.o
    0x0000120c   0x0000120c   0x0000005c   Code   RO          326    i.drv_monitor_iniciar  drv_monitor.o
    0x00001268   0x00001268   0x00000050   Code   RO          327    i.drv_monitor_marcar  drv_monitor.o
    0x000012b8   0x000012b8   0x00000034   Code   RO          504    i.drv_sc_disable    drv_sc.o
    0x000012ec   0x000012ec   0x0000005c   Code   RO          505    i.drv_sc_enable     drv_sc.o
    0x00001348   0x00001348   0x00000020   Code   RO          240    i.drv_tiempo_actual_ms  drv_tiempo.o
    0x00001368   0x00001368   0x00000030   Code   RO          241    i.drv_tiempo_actual_us  drv_tiempo.o
    0x00001398   0x00001398   0x00000024   Code   RO          242    i.drv_tiempo_esperar_hasta_ms  drv_tiempo.o
    0x000013bc   0x000013bc   0x00000034   Code   RO          244    i.drv_tiempo_iniciar  drv_tiempo.o
    0x000013f0   0x000013f0   0x0000005c   Code   RO          245    i.drv_tiempo_periodico_ms  drv_tiempo.o
    0x0000144c   0x0000144c   0x00000018   Code   RO          548    i.drv_uart_init     drv_uart.o
    0x00001464   0x00001464   0x00000018   Code   RO          549    i.drv_uart_putchar  drv_uart.o
    0x0000147c   0x0000147c   0x000000a8   Code   RO          550    i.drv_uart_putint   drv_uart.o
    0x00001524   0x00001524   0x00000028   Code   RO          551    i.drv_uart_puts     drv_uart.o
    0x0000154c   0x0000154c   0x00000018   Code   RO          527    i.drv_wdt_feed      drv_wdt.o
    0x00001564   0x00001564   0x00000020   Code   RO          528    i.drv_wdt_iniciar   drv_wdt.o
    0x00001584   0x00001584   0x00000028   Code   RO          675    i.encolar_EM        app_guitar_hero_fsm.o
    0x000015ac   0x000015ac   0x00000168   Code   RO          676    i.estadisticas_guitar_hero  app_guitar_hero_fsm.o
    0x00001714   0x00001714   0x00000098   Code   RO          677    i.estado_boton_guitar_hero  app_guitar_hero_fsm.o
    0x000017ac   0x000017ac   0x000000b4   Code   RO          678    i.estado_fin_partida_guitar_hero  app_guitar_hero_fsm.o
    0x00001860   0x00001860   0x000000a0   Code   RO          679    i.estado_inicio_gh  app_guitar_hero_fsm.o
    0x00001900   0x00001900   0x000001dc   Code   RO          680    i.estado_leds_guitar_hero  app_guitar_hero_fsm.o
    0x00001adc   0x00001adc   0x00000084   Code   RO          681    i.estado_timeout_guitar_hero  app_guitar_hero_fsm.o
    0x00001b60   0x00001b60   0x00000030   Code   RO          867    i.hal_consumo_dormir  hal_consumo_lpc.o
    0x00001b90   0x00001b90   0x00000024   Code   RO          868    i.hal_consumo_esperar  hal_consumo_lpc.o
    0x00001bb4   0x00001bb4   0x00000014   Code   RO          869    i.hal_consumo_iniciar  hal_consumo_lpc.o
    0x00001bc8   0x00001bc8   0x00000014   Code   RO          895    i.hal_ext_int_clear  hal_ext_int_lpc.o
    0x00001bdc   0x00001bdc   0x00000038   Code   RO          896    i.hal_ext_int_clear_flag  hal_ext_int_lpc.o
    0x00001c14   0x00001c14   0x00000038   Code   RO          898    i.hal_ext_int_deshabilitar_int  hal_ext_int_lpc.o
    0x00001c4c   0x00001c4c   0x00000040   Code   RO          899    i.hal_ext_int_habilitar_despertar  hal_ext_int_lpc.o
    0x00001c8c   0x00001c8c   0x00000038   Code   RO          900    i.hal_ext_int_habilitar_int  hal_ext_int_lpc.o
    0x00001cc4   0x00001cc4   0x000000bc   Code   RO          901    i.hal_ext_int_iniciar  hal_ext_int_lpc.o
    0x00001d80   0x00001d80   0x00000030   Code   RO          762    i.hal_gpio_escribir  hal_gpio_lpc.o
    0x00001db0   0x00001db0   0x00000014   Code   RO          763    i.hal_gpio_iniciar  hal_gpio_lpc.o
    0x00001dc4   0x00001dc4   0x00000034   Code   RO          764    i.hal_gpio_leer     hal_gpio_lpc.o
    0x00001df8   0x00001df8   0x00000018   Code   RO          765    i.hal_gpio_leer_in  hal_gpio_lpc.o
    0x00001e10   0x00001e10   0x0000004c   Code   RO          766    i.hal_gpio_sentido  hal_gpio_lpc.o
    0x00001e5c   0x00001e5c   0x0000001c   Code   RO          803    i.hal_iniciar_T0    hal_tiempo_lpc.o
    0x00001e78   0x00001e78   0x00000014   Code   RO          997    i.hal_sc_disable    hal_sc_lpc.o
    0x00001e8c   0x00001e8c   0x00000010   Code   RO          998    i.hal_sc_restaurar  hal_sc_lpc.o
    0x00001e9c   0x00001e9c   0x0000006c   Code   RO          804    i.hal_tiempo_actual_tick64  hal_tiempo_lpc.o
    0x00001f08   0x00001f08   0x0000009c   Code   RO          805    i.hal_tiempo_iniciar_tick  hal_tiempo_lpc.o
    0x00001fa4   0x00001fa4   0x00000050   Code   RO          806    i.hal_tiempo_periodico_config_tick  hal_tiempo_lpc.o
    0x00001ff4   0x00001ff4   0x00000054   Code   RO          807    i.hal_tiempo_periodico_enable  hal_tiempo_lpc.o
    0x00002048   0x00002048   0x00000010   Code   RO          808    i.hal_tiempo_periodico_set_callback  hal_tiempo_lpc.o
    0x00002058   0x00002058   0x0000004c   Code   RO          809    i.hal_tiempo_reloj_periodico_tick  hal_tiempo_lpc.o
    0x000020a4   0x000020a4   0x0000009c   Code   RO         1065    i.hal_uart_init     hal_uart_lpc.o
    0x00002140   0x00002140   0x00000028   Code   RO         1066    i.hal_uart_putchar  hal_uart_lpc.o
    0x00002168   0x00002168   0x00000028   Code   RO         1018    i.hal_wdt_feed      hal_wdt_lpc.o
    0x00002190   0x00002190   0x00000030   Code   RO         1019    i.hal_wdt_iniciar   hal_wdt_lpc.o
    0x000021c0   0x000021c0   0x0000001c   Code   RO          328    i.hw_level_from_state  drv_monitor.o
    0x000021dc   0x000021dc   0x0000001c   Code   RO          183    i.hw_level_from_status  drv_leds.o
    0x000021f8   0x000021f8   0x00000024   Code   RO          184    i.led_id_valido     drv_leds.o
    0x0000221c   0x0000221c   0x0000008c   Code   RO           10    i.main              main.o
    0x000022a8   0x000022a8   0x000000ac   Code   RO          682    i.manejador_botones_guitar_hero  app_guitar_hero_fsm.o
    0x00002354   0x00002354   0x00000164   Code   RO          683    i.modificar_puntuacion  app_guitar_hero_fsm.o
    0x000024b8   0x000024b8   0x00000024   Code   RO          329    i.monitor_id_valido  drv_monitor.o
    0x000024dc   0x000024dc   0x00000048   Code   RO          903    i.pin_a_eint        hal_ext_int_lpc.o
    0x00002524   0x00002524   0x00000064   Code   RO          904    i.pin_to_eint       hal_ext_int_lpc.o
    0x00002588   0x00002588   0x00000064   Code   RO          905    i.pin_to_gpio       hal_ext_int_lpc.o
    0x000025ec   0x000025ec   0x0000001c   Code   RO         1042    i.random_iniciar    hal_random_lpc.o
    0x00002608   0x00002608   0x000000d4   Code   RO          361    i.rt_FIFO_encolar   rt_fifo.o
    0x000026dc   0x000026dc   0x00000098   Code   RO          363    i.rt_FIFO_extraer   rt_fifo.o
    0x00002774   0x00002774   0x00000084   Code   RO          364    i.rt_FIFO_inicializar  rt_fifo.o
    0x000027f8   0x000027f8   0x00000108   Code   RO          429    i.rt_GE_actualizar  rt_ge.o
    0x00002900   0x00002900   0x000000b4   Code   RO          430    i.rt_GE_iniciar     rt_ge.o
    0x000029b4   0x000029b4   0x000000fc   Code   RO          431    i.rt_GE_lanzador    rt_ge.o
    0x00002ab0   0x00002ab0   0x000000f8   Code   RO          433    i.svc_GE_suscribir  rt_ge.o
    0x00002ba8   0x00002ba8   0x000001bc   Code   RO          471    i.svc_alarma_activar  svc_alarma.o
    0x00002d64   0x00002d64   0x00000100   Code   RO          472    i.svc_alarma_actualizar  svc_alarma.o
    0x00002e64   0x00002e64   0x00000020   Code   RO          473    i.svc_alarma_codificar  svc_alarma.o
    0x00002e84   0x00002e84   0x0000007c   Code   RO          474    i.svc_alarma_iniciar  svc_alarma.o
    0x00002f00   0x00002f00   0x000003d4   Code   RO          634    i.svc_estadisticas_set_tmp  svc_estadisticas.o
    0x000032d4   0x000032d4   0x00000048   Code   RO          906    i.vic_channel       hal_ext_int_lpc.o
    0x0000331c   0x0000331c   0x00000010   Data   RO          185    .constdata          drv_leds.o
    0x0000332c   0x0000332c   0x00000010   Data   RO          330    .constdata          drv_monitor.o
    0x0000333c   0x0000333c   0x0000000c   Data   RO          402    .constdata          drv_botones.o
    0x00003348   0x00003348   0x00000020   Data   RO         1357    Region$$Table       anon$$obj.o


    Execution Region RW_IRAM1 (Exec base: 0x40000000, Load base: 0x00003368, Size: 0x00001148, Max: 0x00008000, ABSOLUTE)

    Exec Addr    Load Addr    Size         Type   Attr      Idx    E Section Name        Object

    0x40000000   0x00003368   0x00000008   Data   RW          247    .data               drv_tiempo.o
    0x40000008   0x00003370   0x00000004   Data   RW          295    .data               drv_consumo.o
    0x4000000c   0x00003374   0x00000008   Data   RW          435    .data               rt_ge.o
    0x40000014   0x0000337c   0x00000008   Data   RW          476    .data               svc_alarma.o
    0x4000001c   0x00003384   0x00000005   Data   RW          506    .data               drv_sc.o
    0x40000021   0x00003389   0x00000003   PAD
    0x40000024   0x0000338c   0x0000002a   Data   RW          684    .data               app_guitar_hero_fsm.o
    0x4000004e   0x000033b6   0x00000002   PAD
    0x40000050   0x000033b8   0x00000008   Data   RW          811    .data               hal_tiempo_lpc.o
    0x40000058   0x000033c0   0x00000004   Data   RW          907    .data               hal_ext_int_lpc.o
    0x4000005c        -       0x0000000c   Zero   RW          246    .bss                drv_tiempo.o
    0x40000068        -       0x00000244   Zero   RW          365    .bss                rt_fifo.o
    0x400002ac        -       0x00000018   Zero   RW          401    .bss                drv_botones.o
    0x400002c4        -       0x00000168   Zero   RW          434    .bss                rt_ge.o
    0x4000042c        -       0x00000050   Zero   RW          475    .bss                svc_alarma.o
    0x4000047c   0x000033c4   0x00000004   PAD
    0x40000480        -       0x000002f8   Zero   RW          636    .bss                svc_estadisticas.o
    0x40000778        -       0x0000000c   Zero   RW          810    .bss                hal_tiempo_lpc.o
    0x40000784        -       0x000000e4   Zero   RW         1150    .bss                c_t.l(rand.o)
    0x40000868        -       0x00000060   Zero   RW         1286    .bss                c_t.l(libspace.o)
    0x400008c8        -       0x00000000   Zero   RW         1097    HEAP                startup.o
    0x400008c8        -       0x00000880   Zero   RW         1096    STACK               startup.o


==============================================================================

Image component sizes


      Code (inc. data)   RO Data    RW Data    ZI Data      Debug   Object Name

      2332        480          0         42          0       9072   app_guitar_hero_fsm.o
       720         64         12          0         24       3354   drv_botones.o
       184         12          0          4          0       1718   drv_consumo.o
       388         16         16          0          0       4014   drv_leds.o
       316         12         16          0          0       3403   drv_monitor.o
       144         16          0          5          0       1113   drv_sc.o
       324         32          0          8         12       4347   drv_tiempo.o
       256          0          0          0          0       2249   drv_uart.o
        56          0          0          0          0        945   drv_wdt.o
       104         12          0          0          0       1361   hal_consumo_lpc.o
       972         40          0          4          0       6811   hal_ext_int_lpc.o
       220         16          0          0          0       3029   hal_gpio_lpc.o
        28          0          0          0          0        509   hal_random_lpc.o
        36          0          0          0          0        860   hal_sc_lpc.o
       680         56          0          8         12       6071   hal_tiempo_lpc.o
       196         16          0          0          0       1071   hal_uart_lpc.o
        88          4          0          0          0        977   hal_wdt_lpc.o
       140          4          0          0          0       9987   main.o
       496         20          0          0        580       2990   rt_fifo.o
       944         92          0          8        360       4215   rt_ge.o
       376         64          0          0       2176        620   startup.o
       856         72          0          8         80       3965   svc_alarma.o
       980          4          0          0        760       2546   svc_estadisticas.o

    ----------------------------------------------------------------------
     10836       1032         76         92       4008      75227   Object Totals
         0          0         32          0          0          0   (incl. Generated)
         0          0          0          5          4          0   (incl. Padding)

    ----------------------------------------------------------------------

      Code (inc. data)   RO Data    RW Data    ZI Data      Debug   Library Member Name

         8          0          0          0          0         68   __main.o
       122          0          0          0          0        208   __printf.o
         0          0          0          0          0          0   __rtentry.o
        44          4          0          0          0          0   __rtentry2.o
         8          0          0          0          0          0   __rtentry4.o
        60          8          0          0          0          0   __scatter.o
        40          0          0          0          0          0   __scatter_copy.o
        44          0          0          0          0          0   __scatter_zi.o
        48          4          0          0          0         96   _printf_char_common.o
         8          0          0          0          0          0   _printf_d.o
       120         18          0          0          0         88   _printf_dec.o
       186          0          0          0          0         96   _printf_intcommon.o
         4          0          0          0          0          0   _printf_percent.o
         8          0          0          0          0          0   _printf_percent_end.o
        10          0          0          0          0         60   _sputc.o
       420          0          0          0          0        148   aeabi_sdiv.o
        20          0          0          0          0         80   exit.o
         6          0          0          0          0        136   heapauxi.o
         0          0          0          0          0          0   indicate_semi.o
        10          0          0          0          0          0   libinit.o
        16          0          0          0          0          0   libinit2.o
        12          0          0          0          0          0   libshutdown.o
         6          0          0          0          0          0   libshutdown2.o
        12          4          0          0         96         68   libspace.o
       720         64          0          0          0        156   lludiv.o
        48          4          0          0          0         84   noretval__2sprintf.o
        72         14          0          0        228         88   rand.o
         8          0          0          0          0          0   rtexit.o
        12          0          0          0          0          0   rtexit2.o
        48          0          0          0          0         68   rtudiv10.o
        20          4          0          0          0         60   sys_exit.o
        96          0          0          0          0         80   sys_stackheap_outer.o
         4          0          0          0          0         68   use_no_semi.o

    ----------------------------------------------------------------------
      2248        124          0          0        324       1652   Library Totals
         8          0          0          0          0          0   (incl. Padding)

    ----------------------------------------------------------------------

      Code (inc. data)   RO Data    RW Data    ZI Data      Debug   Library Name

      2240        124          0          0        324       1652   c_t.l

    ----------------------------------------------------------------------
      2248        124          0          0        324       1652   Library Totals

    ----------------------------------------------------------------------

==============================================================================


      Code (inc. data)   RO Data    RW Data    ZI Data      Debug   

     13084       1156         76         92       4332      71711   Grand Totals
     13084       1156         76         92       4332      71711   ELF Image Totals
     13084       1156         76         92          0          0   ROM Totals

==============================================================================

    Total RO  Size (Code + RO Data)                13160 (  12.85kB)
    Total RW  Size (RW Data + ZI Data)              4424 (   4.32kB)
    Total ROM Size (Code + RO Data + RW Data)      13252 (  12.94kB)

==============================================================================

