Component: ARM Compiler 5.06 update 6 (build 750) Tool: armlink [4d35ed]

==============================================================================

Section Cross References

    main.o(i.blink_v1) refers to drv_leds.o(i.drv_led_establecer) for drv_led_establecer
    main.o(i.blink_v1) refers to drv_leds.o(i.drv_led_conmutar) for drv_led_conmutar
    main.o(i.blink_v2) refers to drv_leds.o(i.drv_led_establecer) for drv_led_establecer
    main.o(i.blink_v2) refers to drv_tiempo.o(i.drv_tiempo_actual_ms) for drv_tiempo_actual_ms
    main.o(i.blink_v2) refers to drv_tiempo.o(i.drv_tiempo_esperar_hasta_ms) for drv_tiempo_esperar_hasta_ms
    main.o(i.blink_v2) refers to drv_leds.o(i.drv_led_conmutar) for drv_led_conmutar
    main.o(i.blink_v3) refers to drv_consumo.o(i.drv_consumo_iniciar) for drv_consumo_iniciar
    main.o(i.blink_v3) refers to drv_leds.o(i.drv_led_establecer) for drv_led_establecer
    main.o(i.blink_v3) refers to drv_tiempo.o(i.drv_tiempo_periodico_ms) for drv_tiempo_periodico_ms
    main.o(i.blink_v3) refers to drv_consumo.o(i.drv_consumo_esperar) for drv_consumo_esperar
    main.o(i.blink_v3) refers to main.o(i.leds_c) for leds_c
    main.o(i.blink_v3_bis) refers to drv_monitor.o(i.drv_monitor_iniciar) for drv_monitor_iniciar
    main.o(i.blink_v3_bis) refers to drv_consumo.o(i.drv_consumo_iniciar) for drv_consumo_iniciar
    main.o(i.blink_v3_bis) refers to drv_botones.o(i.drv_botones_iniciar) for drv_botones_iniciar
    main.o(i.blink_v3_bis) refers to drv_tiempo.o(i.drv_tiempo_periodico_ms) for drv_tiempo_periodico_ms
    main.o(i.blink_v3_bis) refers to drv_consumo.o(i.drv_consumo_esperar) for drv_consumo_esperar
    main.o(i.blink_v3_bis) refers to drv_consumo.o(i.drv_consumo_dormir) for drv_consumo_dormir
    main.o(i.blink_v3_bis) refers to main.o(i.drv_boton_estado_actualizar) for drv_boton_estado_actualizar
    main.o(i.blink_v3_bis) refers to main.o(i.leds_c) for leds_c
    main.o(i.blink_v4) refers to drv_consumo.o(i.drv_consumo_iniciar) for drv_consumo_iniciar
    main.o(i.blink_v4) refers to drv_monitor.o(i.drv_monitor_iniciar) for drv_monitor_iniciar
    main.o(i.blink_v4) refers to rt_fifo.o(i.rt_FIFO_inicializar) for rt_FIFO_inicializar
    main.o(i.blink_v4) refers to drv_leds.o(i.drv_led_establecer) for drv_led_establecer
    main.o(i.blink_v4) refers to drv_tiempo.o(i.drv_tiempo_periodico_ms) for drv_tiempo_periodico_ms
    main.o(i.blink_v4) refers to rt_fifo.o(i.rt_FIFO_extraer) for rt_FIFO_extraer
    main.o(i.blink_v4) refers to drv_leds.o(i.drv_led_conmutar) for drv_led_conmutar
    main.o(i.blink_v4) refers to drv_consumo.o(i.drv_consumo_esperar) for drv_consumo_esperar
    main.o(i.blink_v4) refers to rt_fifo.o(i.rt_FIFO_encolar) for rt_FIFO_encolar
    main.o(i.boton_pulsado) refers to drv_leds.o(i.drv_led_conmutar) for drv_led_conmutar
    main.o(i.boton_pulsado) refers to drv_sc.o(i.drv_sc_disable) for drv_sc_disable
    main.o(i.boton_pulsado) refers to drv_botones.o(i.drv_botones_actualizar) for drv_botones_actualizar
    main.o(i.boton_pulsado) refers to drv_sc.o(i.drv_sc_enable) for drv_sc_enable
    main.o(i.crear_partitura_aleatoria) refers to _printf_percent.o(.ARM.Collect$$_printf_percent$$00000000) for _printf_percent
    main.o(i.crear_partitura_aleatoria) refers to _printf_d.o(.ARM.Collect$$_printf_percent$$00000009) for _printf_d
    main.o(i.crear_partitura_aleatoria) refers to _printf_dec.o(.text) for _printf_int_dec
    main.o(i.crear_partitura_aleatoria) refers to _printf_c.o(.ARM.Collect$$_printf_percent$$00000013) for _printf_c
    main.o(i.crear_partitura_aleatoria) refers to _printf_str.o(.text) for _printf_str
    main.o(i.crear_partitura_aleatoria) refers to drv_uart.o(i.drv_uart_init) for drv_uart_init
    main.o(i.crear_partitura_aleatoria) refers to drv_tiempo.o(i.drv_tiempo_actual_us) for drv_tiempo_actual_us
    main.o(i.crear_partitura_aleatoria) refers to hal_random_lpc.o(i.random_iniciar) for random_iniciar
    main.o(i.crear_partitura_aleatoria) refers to noretval__2sprintf.o(.text) for __2sprintf
    main.o(i.crear_partitura_aleatoria) refers to drv_uart.o(i.drv_uart_puts) for drv_uart_puts
    main.o(i.crear_partitura_aleatoria) refers to hal_random_lpc.o(i.random_value) for random_value
    main.o(i.crear_partitura_aleatoria) refers to aeabi_sdiv.o(.text) for __aeabi_idivmod
    main.o(i.leds_c) refers to drv_monitor.o(i.drv_monitor_desmarcar) for drv_monitor_desmarcar
    main.o(i.leds_c) refers to drv_leds.o(i.drv_led_conmutar) for drv_led_conmutar
    main.o(i.leds_c) refers to drv_monitor.o(i.drv_monitor_marcar) for drv_monitor_marcar
    main.o(i.main) refers to svc_estadisticas.o(i.svc_estadisticas_set_tmp) for svc_estadisticas_set_tmp
    main.o(i.main) refers to drv_tiempo.o(i.drv_tiempo_iniciar) for drv_tiempo_iniciar
    main.o(i.main) refers to hal_gpio_lpc.o(i.hal_gpio_iniciar) for hal_gpio_iniciar
    main.o(i.main) refers to drv_leds.o(i.drv_leds_iniciar) for drv_leds_iniciar
[...]
    libshutdown.o(.ARM.Collect$$libshutdown$$00000000) refers (Special) to libshutdown2.o(.ARM.Collect$$libshutdown$$00000004) for __rt_lib_shutdown_stdio_1
    libshutdown.o(.ARM.Collect$$libshutdown$$00000000) refers (Special) to libshutdown2.o(.ARM.Collect$$libshutdown$$0000000C) for __rt_lib_shutdown_user_alloc_1
    defsig_abrt_inner.o(.text) refers to defsig_general.o(.text) for __default_signal_display
    defsig_rtred_inner.o(.text) refers to defsig_general.o(.text) for __default_signal_display
    defsig_stak_inner.o(.text) refers to defsig_general.o(.text) for __default_signal_display
    defsig_pvfn_inner.o(.text) refers to defsig_general.o(.text) for __default_signal_display
    defsig_cppl_inner.o(.text) refers to defsig_general.o(.text) for __default_signal_display
    defsig_segv_inner.o(.text) refers to defsig_general.o(.text) for __default_signal_display
    defsig_other.o(.text) refers to defsig_general.o(.text) for __default_signal_display


==============================================================================

Removing Unused input sections from the image.

    Removing main.o(i.blink_v1), (76 bytes).
    Removing main.o(i.blink_v2), (52 bytes).
    Removing main.o(i.blink_v3), (56 bytes).
    Removing main.o(i.blink_v3_bis), (88 bytes).
    Removing main.o(i.blink_v4), (120 bytes).
    Removing main.o(i.boton_pulsado), (52 bytes).
    Removing main.o(i.crear_partitura_aleatoria), (360 bytes).
    Removing main.o(i.drv_boton_estado_actualizar), (4 bytes).
    Removing main.o(i.leds_c), (44 bytes).
    Removing main.o(i.test_botones), (56 bytes).
    Removing main.o(i.test_overflow), (56 bytes).
    Removing main.o(i.test_uart), (216 bytes).
    Removing main.o(i.test_watchdog), (28 bytes).
    Removing drv_leds.o(i.drv_led_conmutar), (104 bytes).
    Removing drv_leds.o(i.drv_led_estado), (136 bytes).
    Removing drv_leds.o(i.drv_leds_cantidad), (8 bytes).
    Removing drv_tiempo.o(i.drv_tiempo_esperar_ms), (40 bytes).
    Removing svc_estadisticas.o(i.svc_estadisticas_iniciar), (344 bytes).
    Removing svc_estadisticas.o(i.svc_estadisticas_print), (832 bytes).
    Removing rt_fifo.o(i.rt_FIFO_estadisticas), (36 bytes).
    Removing rt_ge.o(i.svc_GE_cancelar), (224 bytes).
    Removing app_bit_counter_strike.o(i.actualizar_bit_counter_strike), (432 bytes).
    Removing app_bit_counter_strike.o(i.bit_counter_strike), (172 bytes).
    Removing app_bit_counter_strike.o(i.iniciarBCS), (120 bytes).
    Removing app_bit_counter_strike.o(i.manejador_interrupcion_botones), (52 bytes).
    Removing app_bit_counter_strike.o(i.timeout_led), (140 bytes).
    Removing app_bit_counter_strike.o(.data), (13 bytes).
    Removing hal_ext_int_lpc.o(i.hal_ext_int_deshabilitar_despertar), (64 bytes).
    Removing hal_ext_int_lpc.o(i.hal_ext_int_leer), (88 bytes).
    Removing hal_random_lpc.o(i.random_value), (68 bytes).
    Removing hal_uart_lpc.o(i.hal_uart_data_available), (20 bytes).
    Removing hal_uart_lpc.o(i.hal_uart_getchar), (40 bytes).

32 unused section(s) (total 4141 bytes) removed from the image.

==============================================================================

Adding Veneers to the image

    Adding TA veneer (4 bytes, Inline) for call to '_printf_percent' from __printf.o(.text).
    Adding AT veneer (8 bytes, Inline) for call to '__rt_lib_init' from __rtentry2.o(.ARM.Collect$$rtentry$$0000000A).
    Adding AT veneer (8 bytes, Inline) for call to '__rt_lib_shutdown' from rtexit2.o(.ARM.Collect$$rtexit$$00000003).
    Adding TA veneer (4 bytes, Inline) for call to '__rt_exit' from exit.o(.text).
    Adding AT veneer (8 bytes, Inline) for call to '__2sprintf' from app_guitar_hero_fsm.o(i.estado_boton_guitar_hero).
    Adding AT veneer (8 bytes, Inline) for call to '_printf_int_dec' from _printf_d.o(.ARM.Collect$$_printf_percent$$00000009).
    Adding AT veneer (8 bytes, Inline) for call to 'srand' from hal_random_lpc.o(i.random_iniciar).
    Adding TA veneer (4 bytes, Inline) for call to '__rt_udiv10' from _printf_dec.o(.text).
    Adding AT veneer (8 bytes, Inline) for call to '_sys_exit' from rtexit2.o(.ARM.Collect$$rtexit$$00000004).

9 Veneer(s) (total 60 bytes) added to the image.

==============================================================================

Image Symbol Table

    Local Symbols

    Symbol Name                              Value     Ov Type        Size  Object(Section)

    RESET                                    0x00000000   Section      272  startup.o(RESET)
    ../clib/angel/boardlib.s                 0x00000000   Number         0  boardinit2.o ABSOLUTE
    ../clib/angel/boardlib.s                 0x00000000   Number         0  boardinit1.o ABSOLUTE
    ../clib/angel/boardlib.s                 0x00000000   Number         0  boardinit3.o ABSOLUTE
    ../clib/angel/boardlib.s                 0x00000000   Number         0  boardshut.o ABSOLUTE
    ../clib/angel/handlers.s                 0x00000000   Number         0  __scatter_zi.o ABSOLUTE
    ../clib/angel/handlers.s                 0x00000000   Number         0  __scatter_copy.o ABSOLUTE
    ../clib/angel/kernel.s                   0x00000000   Number         0  __rtentry4.o ABSOLUTE
    ../clib/angel/kernel.s                   0x00000000   Number         0  rtexit.o ABSOLUTE
    ../clib/angel/kernel.s                   0x00000000   Number         0  __rtentry2.o ABSOLUTE
    ../clib/angel/kernel.s                   0x00000000   Number         0  rtexit2.o ABSOLUTE
    ../clib/angel/kernel.s                   0x00000000   Number         0  __rtentry.o ABSOLUTE
    ../clib/angel/rt.s                       0x00000000   Number         0  rt_div0.o ABSOLUTE
    ../clib/angel/rt.s                       0x00000000   Number         0  aeabi_ldiv0_sigfpe.o ABSOLUTE
    ../clib/angel/rt.s                       0x00000000   Number         0  aeabi_idiv0.o ABSOLUTE
    ../clib/angel/rt.s                       0x00000000   Number         0  rt_raise.o ABSOLUTE
    ../clib/angel/rt.s                       0x00000000   Number         0  aeabi_idiv0_sigfpe.o ABSOLUTE
    ../clib/angel/rt.s                       0x00000000   Number         0  aeabi_ldiv0.o ABSOLUTE
    ../clib/angel/scatter.s                  0x00000000   Number         0  __scatter.o ABSOLUTE
    ../clib/angel/startup.s                  0x00000000   Number         0  __main.o ABSOLUTE
    ../clib/angel/sys.s                      0x00000000   Number         0  use_no_semi.o ABSOLUTE
    ../clib/angel/sys.s                      0x00000000   Number         0  indicate_semi.o ABSOLUTE
    ../clib/angel/sys.s                      0x00000000   Number         0  libspace.o ABSOLUTE
    ../clib/angel/sys.s                      0x00000000   Number         0  sys_stackheap_outer.o ABSOLUTE
    ../clib/angel/sysapp.c                   0x00000000   Number         0  sys_exit.o ABSOLUTE
    ../clib/angel/sysapp.c                   0x00000000   Number         0  sys_command.o ABSOLUTE
    ../clib/angel/sysapp.c                   0x00000000   Number         0  sys_wrch.o ABSOLUTE
    ../clib/armsys.c                         0x00000000   Number         0  argv_veneer.o ABSOLUTE
    ../clib/armsys.c                         0x00000000   Number         0  argv_veneer.o ABSOLUTE
    ../clib/armsys.c                         0x00000000   Number         0  _get_argv_nomalloc.o ABSOLUTE
    ../clib/armsys.c                         0x00000000   Number         0  no_argv.o ABSOLUTE
    ../clib/division.s                       0x00000000   Number         0  aeabi_sdiv_div0.o ABSOLUTE
    ../clib/division.s                       0x00000000   Number         0  rtudiv10.o ABSOLUTE
    ../clib/division.s                       0x00000000   Number         0  aeabi_sdiv.o ABSOLUTE
    ../clib/divrt.s                          0x00000000   Number         0  divrt_7tdmi.o ABSOLUTE
    ../clib/divrt.s                          0x00000000   Number         0  divrt_7tdmi_div0.o ABSOLUTE
    ../clib/heapalloc.c                      0x00000000   Number         0  hrguard.o ABSOLUTE
    ../clib/heapaux.c                        0x00000000   Number         0  heapauxi.o ABSOLUTE
    ../clib/libinit.s                        0x00000000   Number         0  libshutdown.o ABSOLUTE
    ../clib/libinit.s                        0x00000000   Number         0  libinit.o ABSOLUTE
    ../clib/libinit.s                        0x00000000   Number         0  libshutdown2.o ABSOLUTE
    ../clib/libinit.s                        0x00000000   Number         0  libinit2.o ABSOLUTE
    ../clib/longlong.s                       0x00000000   Number         0  lludiv.o ABSOLUTE
    ../clib/longlong.s                       0x00000000   Number         0  llsdiv.o ABSOLUTE
    ../clib/printf.c                         0x00000000   Number         0  _sputc.o ABSOLUTE
    ../clib/printf.c                         0x00000000   Number         0  _printf_char_common.o ABSOLUTE
    ../clib/printf.c                         0x00000000   Number         0  _printf_intcommon.o ABSOLUTE
    ../clib/printf.c                         0x00000000   Number         0  __printf_nopercent.o ABSOLUTE
    ../clib/printf.c                         0x00000000   Number         0  __printf_flags_ss.o ABSOLUTE
    ../clib/printf.c                         0x00000000   Number         0  __2sprintf.o ABSOLUTE
    ../clib/printf.c                         0x00000000   Number         0  noretval__2sprintf.o ABSOLUTE
    ../clib/printf.c                         0x00000000   Number         0  __printf.o ABSOLUTE
    ../clib/printf.c                         0x00000000   Number         0  _printf_str.o ABSOLUTE
    ../clib/printf.c                         0x00000000   Number         0  _printf_dec.o ABSOLUTE
    ../clib/printf.c                         0x00000000   Number         0  __printf_flags.o ABSOLUTE
    ../clib/printf.c                         0x00000000   Number         0  __printf_ss.o ABSOLUTE
    ../clib/printf.c                         0x00000000   Number         0  __printf_wp.o ABSOLUTE
    ../clib/printf.c                         0x00000000   Number         0  __printf_flags_wp.o ABSOLUTE
    ../clib/printf.c                         0x00000000   Number         0  __printf_ss_wp.o ABSOLUTE
    ../clib/printf.c                         0x00000000   Number         0  __printf_flags_ss_wp.o ABSOLUTE
    ../clib/printf.c                         0x00000000   Number         0  _printf_char.o ABSOLUTE
    ../clib/printf_percent.s                 0x00000000   Number         0  _printf_percent.o ABSOLUTE
    ../clib/printf_percent.s                 0x00000000   Number         0  _printf_d.o ABSOLUTE
    ../clib/printf_percent.s                 0x00000000   Number         0  _printf_c.o ABSOLUTE
    ../clib/printf_percent.s                 0x00000000   Number         0  _printf_percent_end.o ABSOLUTE
    ../clib/signal.c                         0x00000000   Number         0  defsig_segv_inner.o ABSOLUTE
    ../clib/signal.c                         0x00000000   Number         0  defsig_abrt_inner.o ABSOLUTE
    ../clib/signal.c                         0x00000000   Number         0  defsig_fpe_formal.o ABSOLUTE
    ../clib/signal.c                         0x00000000   Number         0  defsig_rtmem_inner.o ABSOLUTE
    ../clib/signal.c                         0x00000000   Number         0  defsig_rtred_inner.o ABSOLUTE
    ../clib/signal.c                         0x00000000   Number         0  defsig_general.o ABSOLUTE
    ../clib/signal.c                         0x00000000   Number         0  defsig_fpe_outer.o ABSOLUTE
    ../clib/signal.c                         0x00000000   Number         0  __raise.o ABSOLUTE
    ../clib/signal.c                         0x00000000   Number         0  defsig_other.o ABSOLUTE
    ../clib/signal.c                         0x00000000   Number         0  defsig_stak_inner.o ABSOLUTE
    ../clib/signal.c                         0x00000000   Number         0  defsig_pvfn_inner.o ABSOLUTE
    ../clib/signal.c                         0x00000000   Number         0  defsig_exit.o ABSOLUTE
    ../clib/signal.c                         0x00000000   Number         0  defsig_fpe_inner.o ABSOLUTE
    ../clib/signal.c                         0x00000000   Number         0  defsig_rtmem_outer.o ABSOLUTE
    ../clib/signal.c                         0x00000000   Number         0  defsig_cppl_inner.o ABSOLUTE
    ../clib/signal.c                         0x00000000   Number         0  defsig_rtmem_formal.o ABSOLUTE
    ../clib/signal.s                         0x00000000   Number         0  defsig.o ABSOLUTE
    ../clib/stdlib.c                         0x00000000   Number         0  rand.o ABSOLUTE
    ../clib/stdlib.c                         0x00000000   Number         0  rand.o ABSOLUTE
    ../clib/stdlib.c                         0x00000000   Number         0  exit.o ABSOLUTE
    ../fplib/fpinit.s                        0x00000000   Number         0  fpinit.o ABSOLUTE
    ..\..\src\app_bit_counter_strike.c       0x00000000   Number         0  app_bit_counter_strike.o ABSOLUTE
    ..\..\src\app_guitar_hero.c              0x00000000   Number         0  app_guitar_hero.o ABSOLUTE
    ..\..\src\app_guitar_hero_FSM.c          0x00000000   Number         0  app_guitar_hero_fsm.o ABSOLUTE
    ..\..\src\drv_botones.c                  0x00000000   Number         0  drv_botones.o ABSOLUTE
    ..\..\src\drv_consumo.c                  0x00000000   Number         0  drv_consumo.o ABSOLUTE
    ..\..\src\drv_leds.c                     0x00000000   Number         0  drv_leds.o ABSOLUTE
    ..\..\src\drv_monitor.c                  0x00000000   Number         0  drv_monitor.o ABSOLUTE
    ..\..\src\drv_sc.c                       0x00000000   Number         0  drv_sc.o ABSOLUTE
    ..\..\src\drv_tiempo.c                   0x00000000   Number         0  drv_tiempo.o ABSOLUTE
    ..\..\src\drv_uart.c                     0x00000000   Number         0  drv_uart.o ABSOLUTE
    ..\..\src\drv_wdt.c                      0x00000000   Number         0  drv_wdt.o ABSOLUTE
    ..\..\src\main.c                         0x00000000   Number         0  main.o ABSOLUTE
    ..\..\src\rt_GE.c                        0x00000000   Number         0  rt_ge.o ABSOLUTE
    ..\..\src\rt_fifo.c                      0x00000000   Number         0  rt_fifo.o ABSOLUTE
    ..\..\src\svc_alarma.c                   0x00000000   Number         0  svc_alarma.o ABSOLUTE
    ..\..\src\svc_estadisticas.c             0x00000000   Number         0  svc_estadisticas.o ABSOLUTE
    ..\src_lpc\Startup.s                     0x00000000   Number         0  startup.o ABSOLUTE
    ..\src_lpc\hal_consumo_lpc.c             0x00000000   Number         0  hal_consumo_lpc.o ABSOLUTE
    ..\src_lpc\hal_ext_int_lpc.c             0x00000000   Number         0  hal_ext_int_lpc.o ABSOLUTE
    ..\src_lpc\hal_gpio_lpc.c                0x00000000   Number         0  hal_gpio_lpc.o ABSOLUTE
    ..\src_lpc\hal_random_lpc.c              0x00000000   Number         0  hal_random_lpc.o ABSOLUTE
    ..\src_lpc\hal_sc_lpc.c                  0x00000000   Number         0  hal_sc_lpc.o ABSOLUTE
    ..\src_lpc\hal_tiempo_lpc.c              0x00000000   Number         0  hal_tiempo_lpc.o ABSOLUTE
    ..\src_lpc\hal_uart_lpc.c                0x00000000   Number         0  hal_uart_lpc.o ABSOLUTE
    ..\src_lpc\hal_wdt_lpc.c                 0x00000000   Number         0  hal_wdt_lpc.o ABSOLUTE
    dc.s                                     0x00000000   Number         0  dc.o ABSOLUTE
    Undef_Handler                            0x00000040   ARM Code       4  startup.o(RESET)
    SWI_Handler                              0x00000044   ARM Code       4  startup.o(RESET)
    PAbt_Handler                             0x00000048   ARM Code       4  startup.o(RESET)
    DAbt_Handler                             0x0000004c   ARM Code       4  startup.o(RESET)
    IRQ_Handler                              0x00000050   ARM Code       4  startup.o(RESET)
    FIQ_Handler                              0x00000054   ARM Code       4  startup.o(RESET)
    !!!main                                  0x00000110   Section        8  __main.o(!!!main)
    !!!scatter                               0x00000118   Section       60  __scatter.o(!!!scatter)
    !!handler_copy                           0x00000154   Section       40  __scatter_copy.o(!!handler_copy)
    !!handler_zi                             0x0000017c   Section       44  __scatter_zi.o(!!handler_zi)
    .ARM.Collect$$_printf_percent$$00000000  0x000001ac   Section        0  _printf_percent.o(.ARM.Collect$$_printf_percent$$00000000)
    .ARM.Collect$$_printf_percent$$00000009  0x000001ac   Section        8  _printf_d.o(.ARM.Collect$$_printf_percent$$00000009)
    .ARM.Collect$$_printf_percent$$00000017  0x000001b4   Section        8  _printf_percent_end.o(.ARM.Collect$$_printf_percent$$00000017)
    .ARM.Collect$$libinit$$00000000          0x000001c4   Section        2  libinit.o(.ARM.Collect$$libinit$$00000000)
    .ARM.Collect$$libinit$$00000002          0x000001c6   Section        0  libinit2.o(.ARM.Collect$$libinit$$00000002)
    .ARM.Collect$$libinit$$00000004          0x000001c6   Section        0  libinit2.o(.ARM.Collect$$libinit$$00000004)
    .ARM.Collect$$libinit$$0000000A          0x000001c6   Section        0  libinit2.o(.ARM.Collect$$libinit$$0000000A)
    .ARM.Collect$$libinit$$0000000C          0x000001c6   Section        0  libinit2.o(.ARM.Collect$$libinit$$0000000C)
    .ARM.Collect$$libinit$$0000000D          0x000001c6   Section        4  libinit2.o(.ARM.Collect$$libinit$$0000000D)
    .ARM.Collect$$libinit$$0000000E          0x000001ca   Section        0  libinit2.o(.ARM.Collect$$libinit$$0000000E)
    .ARM.Collect$$libinit$$00000011          0x000001ca   Section        0  libinit2.o(.ARM.Collect$$libinit$$00000011)
    .ARM.Collect$$libinit$$00000013          0x000001ca   Section        0  libinit2.o(.ARM.Collect$$libinit$$00000013)
    .ARM.Collect$$libinit$$00000015          0x000001ca   Section        0  libinit2.o(.ARM.Collect$$libinit$$00000015)
    .ARM.Collect$$libinit$$00000017          0x000001ca   Section        0  libinit2.o(.ARM.Collect$$libinit$$00000017)
    .ARM.Collect$$libinit$$00000019          0x000001ca   Section        0  libinit2.o(.ARM.Collect$$libinit$$00000019)
    .ARM.Collect$$libinit$$0000001B          0x000001ca   Section        0  libinit2.o(.ARM.Collect$$libinit$$0000001B)
    .ARM.Collect$$libinit$$0000001D          0x000001ca   Section        0  libinit2.o(.ARM.Collect$$libinit$$0000001D)
    .ARM.Collect$$libinit$$0000001F          0x000001ca   Section        0  libinit2.o(.ARM.Collect$$libinit$$0000001F)
    .ARM.Collect$$libinit$$00000021          0x000001ca   Section        0  libinit2.o(.ARM.Collect$$libinit$$00000021)
    .ARM.Collect$$libinit$$00000023          0x000001ca   Section        0  libinit2.o(.ARM.Collect$$libinit$$00000023)
    .ARM.Collect$$libinit$$00000025          0x000001ca   Section        0  libinit2.o(.ARM.Collect$$libinit$$00000025)
    .ARM.Collect$$libinit$$0000002C          0x000001ca   Section        0  libinit2.o(.ARM.Collect$$libinit$$0000002C)
    .ARM.Collect$$libinit$$0000002E          0x000001ca   Section        0  libinit2.o(.ARM.Collect$$libinit$$0000002E)
    .ARM.Collect$$libinit$$00000030          0x000001ca   Section        0  libinit2.o(.ARM.Collect$$libinit$$00000030)
    .ARM.Collect$$libinit$$00000032          0x000001ca   Section        0  libinit2.o(.ARM.Collect$$libinit$$00000032)
    .ARM.Collect$$libinit$$00000033          0x000001ca   Section       12  libinit2.o(.ARM.Collect$$libinit$$00000033)
    .ARM.Collect$$libshutdown$$00000000      0x000001e0   Section        4  libshutdown.o(.ARM.Collect$$libshutdown$$00000000)
    .ARM.Collect$$libshutdown$$00000002      0x000001e4   Section        0  libshutdown2.o(.ARM.Collect$$libshutdown$$00000002)
    .ARM.Collect$$libshutdown$$00000004      0x000001e4   Section        0  libshutdown2.o(.ARM.Collect$$libshutdown$$00000004)
    .ARM.Collect$$libshutdown$$00000007      0x000001e4   Section        0  libshutdown2.o(.ARM.Collect$$libshutdown$$00000007)
    .ARM.Collect$$libshutdown$$0000000A      0x000001e4   Section        0  libshutdown2.o(.ARM.Collect$$libshutdown$$0000000A)
    .ARM.Collect$$libshutdown$$0000000C      0x000001e4   Section        0  libshutdown2.o(.ARM.Collect$$libshutdown$$0000000C)
    .ARM.Collect$$libshutdown$$0000000F      0x000001e4   Section        0  libshutdown2.o(.ARM.Collect$$libshutdown$$0000000F)
    .ARM.Collect$$libshutdown$$00000010      0x000001e4   Section        6  libshutdown2.o(.ARM.Collect$$libshutdown$$00000010)
    .ARM.Collect$$rtentry$$00000000          0x000001ec   Section        0  __rtentry.o(.ARM.Collect$$rtentry$$00000000)
    .ARM.Collect$$rtentry$$00000002          0x000001ec   Section        0  __rtentry2.o(.ARM.Collect$$rtentry$$00000002)
    .ARM.Collect$$rtentry$$00000004          0x000001ec   Section        8  __rtentry4.o(.ARM.Collect$$rtentry$$00000004)
    .ARM.Collect$$rtentry$$00000009          0x000001f4   Section        0  __rtentry2.o(.ARM.Collect$$rtentry$$00000009)
    .ARM.Collect$$rtentry$$0000000A          0x000001f4   Section        4  __rtentry2.o(.ARM.Collect$$rtentry$$0000000A)
    .ARM.Collect$$rtentry$$0000000C          0x000001f8   Section        0  __rtentry2.o(.ARM.Collect$$rtentry$$0000000C)
    .ARM.Collect$$rtentry$$0000000D          0x000001f8   Section       40  __rtentry2.o(.ARM.Collect$$rtentry$$0000000D)
    .ARM.Collect$$rtexit$$00000000           0x00000224   Section        4  rtexit.o(.ARM.Collect$$rtexit$$00000000)
    .ARM.Collect$$rtexit$$00000002           0x00000228   Section        0  rtexit2.o(.ARM.Collect$$rtexit$$00000002)
    .ARM.Collect$$rtexit$$00000003           0x00000228   Section        4  rtexit2.o(.ARM.Collect$$rtexit$$00000003)
    .ARM.Collect$$rtexit$$00000004           0x0000022c   Section        8  rtexit2.o(.ARM.Collect$$rtexit$$00000004)
    .text                                    0x00000234   Section      104  startup.o(.text)
    .text                                    0x0000029c   Section       84  llsdiv.o(.text)
    .text                                    0x000002f0   Section      720  lludiv.o(.text)
    .text                                    0x000005c8   Section        0  noretval__2sprintf.o(.text)
    .text                                    0x000005f0   Section        0  __printf.o(.text)
    .text                                    0x00000670   Section        0  _printf_dec.o(.text)
    .text                                    0x000006e8   Section        0  rand.o(.text)
    .text                                    0x00000728   Section      384  aeabi_sdiv.o(.text)
    __arm_div8                               0x00000754   ARM Code       0  aeabi_sdiv.o(.text)
    __arm_div5                               0x00000778   ARM Code       0  aeabi_sdiv.o(.text)
    __arm_div2                               0x0000079c   ARM Code       0  aeabi_sdiv.o(.text)
    __arm_div_large                          0x000007d8   ARM Code       0  aeabi_sdiv.o(.text)
    .text                                    0x000008a8   Section        0  heapauxi.o(.text)
    .text                                    0x000008ae   Section        0  _printf_intcommon.o(.text)
    .text                                    0x00000968   Section        0  _printf_char_common.o(.text)
    _printf_input_char                       0x00000969   Thumb Code    10  _printf_char_common.o(.text)
    .text                                    0x00000998   Section        0  _sputc.o(.text)
    .text                                    0x000009a8   Section       44  rtudiv10.o(.text)
    .text                                    0x000009d4   Section       96  sys_stackheap_outer.o(.text)
    .text                                    0x00000a34   Section        0  exit.o(.text)
    .text                                    0x00000a48   Section       12  libspace.o(.text)
    .text                                    0x00000a5c   Section        0  sys_exit.o(.text)
    .text                                    0x00000a68   Section        4  use_no_semi.o(.text)
    .text                                    0x00000a6c   Section        0  indicate_semi.o(.text)
    .text_udiv                               0x00000a6c   Section       36  aeabi_sdiv.o(.text_udiv)
    i.EINT_Handler                           0x00000a90   Section        0  hal_ext_int_lpc.o(i.EINT_Handler)
    i.T0_ISR                                 0x00000b4c   Section        0  hal_tiempo_lpc.o(i.T0_ISR)
    i.T1_ISR                                 0x00000b94   Section        0  hal_tiempo_lpc.o(i.T1_ISR)
    i.__ARM_common_call_via_r1               0x00000bd0   Section        0  __printf.o(i.__ARM_common_call_via_r1)
    i.__ARM_common_call_via_r2               0x00000bd2   Section        0  __printf.o(i.__ARM_common_call_via_r2)
    i.app_guitar_hero_actualizar             0x00000bd4   Section        0  app_guitar_hero_fsm.o(i.app_guitar_hero_actualizar)
    i.app_guitar_hero_iniciar                0x00000c7c   Section        0  app_guitar_hero_fsm.o(i.app_guitar_hero_iniciar)
    i.callback_wrapper_interno               0x00000ce4   Section        0  drv_tiempo.o(i.callback_wrapper_interno)
    callback_wrapper_interno                 0x00000ce4   ARM Code      56  drv_tiempo.o(i.callback_wrapper_interno)
    i.comprobar_acierto                      0x00000d24   Section        0  app_guitar_hero_fsm.o(i.comprobar_acierto)
    i.drv_botones_actualizar                 0x00000d44   Section        0  drv_botones.o(i.drv_botones_actualizar)
    i.drv_botones_cantidad                   0x00000f1c   Section        0  drv_botones.o(i.drv_botones_cantidad)
    i.drv_botones_encontrar_indice           0x00000f24   Section        0  drv_botones.o(i.drv_botones_encontrar_indice)
    drv_botones_encontrar_indice             0x00000f24   ARM Code      56  drv_botones.o(i.drv_botones_encontrar_indice)
    i.drv_botones_iniciar                    0x00000f60   Section        0  drv_botones.o(i.drv_botones_iniciar)
    i.drv_consumo_dormir                     0x00001004   Section        0  drv_consumo.o(i.drv_consumo_dormir)
    i.drv_consumo_esperar                    0x0000104c   Section        0  drv_consumo.o(i.drv_consumo_esperar)
    i.drv_consumo_iniciar                    0x00001098   Section        0  drv_consumo.o(i.drv_consumo_iniciar)
    i.drv_led_establecer                     0x000010bc   Section        0  drv_leds.o(i.drv_led_establecer)
    i.drv_leds_apagar_todos                  0x00001110   Section        0  drv_leds.o(i.drv_leds_apagar_todos)
    i.drv_leds_encender_todos                0x00001158   Section        0  drv_leds.o(i.drv_leds_encender_todos)
    i.drv_leds_iniciar                       0x000011a0   Section        0  drv_leds.o(i.drv_leds_iniciar)
    i.drv_monitor_desmarcar                  0x00001200   Section        0  drv_monitor.o(i.drv_monitor_desmarcar)
    i.drv_monitor_iniciar                    0x00001250   Section        0  drv_monitor.o(i.drv_monitor_iniciar)
    i.drv_monitor_marcar                     0x000012ac   Section        0  drv_monitor.o(i.drv_monitor_marcar)
    i.drv_sc_disable                         0x000012fc   Section        0  drv_sc.o(i.drv_sc_disable)
    i.drv_sc_enable                          0x00001330   Section        0  drv_sc.o(i.drv_sc_enable)
    i.drv_tiempo_actual_ms                   0x0000138c   Section        0  drv_tiempo.o(i.drv_tiempo_actual_ms)
    i.drv_tiempo_actual_us                   0x000013ac   Section        0  drv_tiempo.o(i.drv_tiempo_actual_us)
    i.drv_tiempo_esperar_hasta_ms            0x000013dc   Section        0  drv_tiempo.o(i.drv_tiempo_esperar_hasta_ms)
    i.drv_tiempo_iniciar                     0x00001400   Section        0  drv_tiempo.o(i.drv_tiempo_iniciar)
    i.drv_tiempo_periodico_ms                0x00001434   Section        0  drv_tiempo.o(i.drv_tiempo_periodico_ms)
    i.drv_uart_init                          0x00001490   Section        0  drv_uart.o(i.drv_uart_init)
    i.drv_uart_putchar                       0x000014a8   Section        0  drv_uart.o(i.drv_uart_putchar)
    i.drv_uart_putint                        0x000014c0   Section        0  drv_uart.o(i.drv_uart_putint)
    i.drv_uart_puts                          0x00001568   Section        0  drv_uart.o(i.drv_uart_puts)
    i.drv_wdt_feed                           0x00001590   Section        0  drv_wdt.o(i.drv_wdt_feed)
    i.drv_wdt_iniciar                        0x000015a8   Section        0  drv_wdt.o(i.drv_wdt_iniciar)
    i.encolar_EM                             0x000015c8   Section        0  app_guitar_hero_fsm.o(i.encolar_EM)
    i.estadisticas_guitar_hero               0x000015f0   Section        0  app_guitar_hero_fsm.o(i.estadisticas_guitar_hero)
    i.estado_boton_guitar_hero               0x00001758   Section        0  app_guitar_hero_fsm.o(i.estado_boton_guitar_hero)
    i.estado_fin_partida_guitar_hero         0x000017f0   Section        0  app_guitar_hero_fsm.o(i.estado_fin_partida_guitar_hero)
    i.estado_inicio_gh                       0x000018a4   Section        0  app_guitar_hero_fsm.o(i.estado_inicio_gh)
    i.estado_leds_guitar_hero                0x00001944   Section        0  app_guitar_hero_fsm.o(i.estado_leds_guitar_hero)
    i.estado_timeout_guitar_hero             0x00001b20   Section        0  app_guitar_hero_fsm.o(i.estado_timeout_guitar_hero)
    i.hal_consumo_dormir                     0x00001ba4   Section        0  hal_consumo_lpc.o(i.hal_consumo_dormir)
    i.hal_consumo_esperar                    0x00001bd4   Section        0  hal_consumo_lpc.o(i.hal_consumo_esperar)
    i.hal_consumo_iniciar                    0x00001bf8   Section        0  hal_consumo_lpc.o(i.hal_consumo_iniciar)
    i.hal_ext_int_clear                      0x00001c0c   Section        0  hal_ext_int_lpc.o(i.hal_ext_int_clear)
    i.hal_ext_int_clear_flag                 0x00001c20   Section        0  hal_ext_int_lpc.o(i.hal_ext_int_clear_flag)
    i.hal_ext_int_deshabilitar_int           0x00001c58   Section        0  hal_ext_int_lpc.o(i.hal_ext_int_deshabilitar_int)
    i.hal_ext_int_habilitar_despertar        0x00001c90   Section        0  hal_ext_int_lpc.o(i.hal_ext_int_habilitar_despertar)
    i.hal_ext_int_habilitar_int              0x00001cd0   Section        0  hal_ext_int_lpc.o(i.hal_ext_int_habilitar_int)
    i.hal_ext_int_iniciar                    0x00001d08   Section        0  hal_ext_int_lpc.o(i.hal_ext_int_iniciar)
    i.hal_gpio_escribir                      0x00001dc4   Section        0  hal_gpio_lpc.o(i.hal_gpio_escribir)
    i.hal_gpio_iniciar                       0x00001df4   Section        0  hal_gpio_lpc.o(i.hal_gpio_iniciar)
    i.hal_gpio_leer                          0x00001e08   Section        0  hal_gpio_lpc.o(i.hal_gpio_leer)
    i.hal_gpio_leer_in                       0x00001e3c   Section        0  hal_gpio_lpc.o(i.hal_gpio_leer_in)
    i.hal_gpio_sentido                       0x00001e54   Section        0  hal_gpio_lpc.o(i.hal_gpio_sentido)
    i.hal_iniciar_T0                         0x00001ea0   Section        0  hal_tiempo_lpc.o(i.hal_iniciar_T0)
    i.hal_sc_disable                         0x00001ebc   Section        0  hal_sc_lpc.o(i.hal_sc_disable)
    i.hal_sc_restaurar                       0x00001ed0   Section        0  hal_sc_lpc.o(i.hal_sc_restaurar)
    i.hal_tiempo_actual_tick64               0x00001ee0   Section        0  hal_tiempo_lpc.o(i.hal_tiempo_actual_tick64)
    i.hal_tiempo_iniciar_tick                0x00001f4c   Section        0  hal_tiempo_lpc.o(i.hal_tiempo_iniciar_tick)
    i.hal_tiempo_periodico_config_tick       0x00001fe8   Section        0  hal_tiempo_lpc.o(i.hal_tiempo_periodico_config_tick)
    i.hal_tiempo_periodico_enable            0x00002038   Section        0  hal_tiempo_lpc.o(i.hal_tiempo_periodico_enable)
    i.hal_tiempo_periodico_set_callback      0x0000208c   Section        0  hal_tiempo_lpc.o(i.hal_tiempo_periodico_set_callback)
    i.hal_tiempo_reloj_periodico_tick        0x0000209c   Section        0  hal_tiempo_lpc.o(i.hal_tiempo_reloj_periodico_tick)
    i.hal_uart_init                          0x000020e8   Section        0  hal_uart_lpc.o(i.hal_uart_init)
    i.hal_uart_putchar                       0x00002184   Section        0  hal_uart_lpc.o(i.hal_uart_putchar)
    i.hal_wdt_feed                           0x000021ac   Section        0  hal_wdt_lpc.o(i.hal_wdt_feed)
    i.hal_wdt_iniciar                        0x000021d4   Section        0  hal_wdt_lpc.o(i.hal_wdt_iniciar)
    i.hw_level_from_state                    0x00002204   Section        0  drv_monitor.o(i.hw_level_from_state)
    hw_level_from_state                      0x00002204   ARM Code      28  drv_monitor.o(i.hw_level_from_state)
    i.hw_level_from_status                   0x00002220   Section        0  drv_leds.o(i.hw_level_from_status)
    hw_level_from_status                     0x00002220   ARM Code      28  drv_leds.o(i.hw_level_from_status)
    i.led_id_valido                          0x0000223c   Section        0  drv_leds.o(i.led_id_valido)
    led_id_valido                            0x0000223c   ARM Code      36  drv_leds.o(i.led_id_valido)
    i.main                                   0x00002260   Section        0  main.o(i.main)
    i.manejador_botones_guitar_hero          0x000022ec   Section        0  app_guitar_hero_fsm.o(i.manejador_botones_guitar_hero)
    i.modificar_puntuacion                   0x00002398   Section        0  app_guitar_hero_fsm.o(i.modificar_puntuacion)
    i.monitor_id_valido                      0x000024fc   Section        0  drv_monitor.o(i.monitor_id_valido)
    monitor_id_valido                        0x000024fc   ARM Code      36  drv_monitor.o(i.monitor_id_valido)
    i.pin_a_eint                             0x00002520   Section        0  hal_ext_int_lpc.o(i.pin_a_eint)
    pin_a_eint                               0x00002520   ARM Code      72  hal_ext_int_lpc.o(i.pin_a_eint)
    i.pin_to_eint                            0x00002568   Section        0  hal_ext_int_lpc.o(i.pin_to_eint)
    i.pin_to_gpio                            0x000025cc   Section        0  hal_ext_int_lpc.o(i.pin_to_gpio)
    i.random_iniciar                         0x00002630   Section        0  hal_random_lpc.o(i.random_iniciar)
    i.rt_FIFO_encolar                        0x0000264c   Section        0  rt_fifo.o(i.rt_FIFO_encolar)
    i.rt_FIFO_extraer                        0x00002730   Section        0  rt_fifo.o(i.rt_FIFO_extraer)
    i.rt_FIFO_inicializar                    0x000027d8   Section        0  rt_fifo.o(i.rt_FIFO_inicializar)
    i.rt_GE_actualizar                       0x00002860   Section        0  rt_ge.o(i.rt_GE_actualizar)
    i.rt_GE_iniciar                          0x00002968   Section        0  rt_ge.o(i.rt_GE_iniciar)
    i.rt_GE_lanzador                         0x00002a1c   Section        0  rt_ge.o(i.rt_GE_lanzador)
    i.svc_GE_suscribir                       0x00002b18   Section        0  rt_ge.o(i.svc_GE_suscribir)
    i.svc_alarma_activar                     0x00002c10   Section        0  svc_alarma.o(i.svc_alarma_activar)
    i.svc_alarma_actualizar                  0x00002db8   Section        0  svc_alarma.o(i.svc_alarma_actualizar)
    i.svc_alarma_codificar                   0x00002eb8   Section        0  svc_alarma.o(i.svc_alarma_codificar)
    i.svc_alarma_iniciar                     0x00002ed8   Section        0  svc_alarma.o(i.svc_alarma_iniciar)
    i.svc_estadisticas_set_tmp               0x00002f54   Section        0  svc_estadisticas.o(i.svc_estadisticas_set_tmp)
    i.svc_estadisticas_set_tmp_fifo          0x00003328   Section        0  svc_estadisticas.o(i.svc_estadisticas_set_tmp_fifo)
    i.vic_channel                            0x00003514   Section        0  hal_ext_int_lpc.o(i.vic_channel)
    vic_channel                              0x00003514   ARM Code      72  hal_ext_int_lpc.o(i.vic_channel)
    .constdata                               0x0000355c   Section       12  drv_botones.o(.constdata)
    lista_botones                            0x0000355c   Data          12  drv_botones.o(.constdata)
    .constdata                               0x00003568   Section       16  drv_leds.o(.constdata)
    s_led_list                               0x00003568   Data          16  drv_leds.o(.constdata)
    .constdata                               0x00003578   Section       16  drv_monitor.o(.constdata)
    s_monitor_list                           0x00003578   Data          16  drv_monitor.o(.constdata)
    .data                                    0x40000000   Section       42  app_guitar_hero_fsm.o(.data)
    leds                                     0x40000000   Data           4  app_guitar_hero_fsm.o(.data)
    estados_notas                            0x40000004   Data           3  app_guitar_hero_fsm.o(.data)
    notas_tocadas                            0x40000008   Data           4  app_guitar_hero_fsm.o(.data)
    num_partidas                             0x4000000c   Data           4  app_guitar_hero_fsm.o(.data)
    puntuacion                               0x40000010   Data           4  app_guitar_hero_fsm.o(.data)
    aciertos                                 0x40000014   Data           4  app_guitar_hero_fsm.o(.data)
    fallos                                   0x40000018   Data           4  app_guitar_hero_fsm.o(.data)
    puntuacion_total                         0x4000001c   Data           4  app_guitar_hero_fsm.o(.data)
    racha                                    0x40000020   Data           4  app_guitar_hero_fsm.o(.data)
    partitura                                0x40000024   Data           5  app_guitar_hero_fsm.o(.data)
    estado_actual                            0x40000029   Data           1  app_guitar_hero_fsm.o(.data)
    .data                                    0x4000002c   Section        4  drv_consumo.o(.data)
    .data                                    0x40000030   Section        5  drv_sc.o(.data)
    anid_sc                                  0x40000030   Data           4  drv_sc.o(.data)
    restaurar                                0x40000034   Data           1  drv_sc.o(.data)
    .data                                    0x40000038   Section        8  drv_tiempo.o(.data)
    s_callback_usuario                       0x40000038   Data           4  drv_tiempo.o(.data)
    s_ID_evento_guardado                     0x4000003c   Data           4  drv_tiempo.o(.data)
    .data                                    0x40000040   Section        8  svc_alarma.o(.data)
    monitor_overflow                         0x40000040   Data           4  svc_alarma.o(.data)
    f_cb                                     0x40000044   Data           4  svc_alarma.o(.data)
    .data                                    0x40000048   Section        8  rt_ge.o(.data)
    monitor_overflow                         0x40000048   Data           4  rt_ge.o(.data)
    contador_inactividad                     0x4000004c   Data           4  rt_ge.o(.data)
    .data                                    0x40000050   Section        4  hal_ext_int_lpc.o(.data)
    f_cb                                     0x40000050   Data           4  hal_ext_int_lpc.o(.data)
    .data                                    0x40000054   Section        8  hal_tiempo_lpc.o(.data)
    s_overflows_t1                           0x40000054   Data           4  hal_tiempo_lpc.o(.data)
    s_cb                                     0x40000058   Data           4  hal_tiempo_lpc.o(.data)
    .bss                                     0x4000005c   Section       24  drv_botones.o(.bss)
    botones                                  0x4000005c   Data          24  drv_botones.o(.bss)
    .bss                                     0x40000074   Section       12  drv_tiempo.o(.bss)
    info                                     0x40000074   Data          12  drv_tiempo.o(.bss)
    .bss                                     0x40000080   Section       80  svc_alarma.o(.bss)
    alarmas                                  0x40000080   Data          80  svc_alarma.o(.bss)
    .bss                                     0x400000d0   Section      720  svc_estadisticas.o(.bss)
    .bss                                     0x400003a0   Section    16448  rt_fifo.o(.bss)
    fifo                                     0x400003a0   Data       16392  rt_fifo.o(.bss)
    estadisticas_eventos                     0x400043a8   Data          56  rt_fifo.o(.bss)
    .bss                                     0x400043e0   Section      336  rt_ge.o(.bss)
    tabla_suscripciones                      0x400043e0   Data         336  rt_ge.o(.bss)
    .bss                                     0x40004530   Section       12  hal_tiempo_lpc.o(.bss)
    s_info                                   0x40004530   Data          12  hal_tiempo_lpc.o(.bss)
    .bss                                     0x4000453c   Section      228  rand.o(.bss)
    .bss                                     0x40004620   Section       96  libspace.o(.bss)
    HEAP                                     0x40004680   Section        0  startup.o(HEAP)
    STACK                                    0x40004680   Section     2176  startup.o(STACK)
    Heap_Mem                                 0x40004680   Data           0  startup.o(HEAP)
    Stack_Mem                                0x40004680   Data        1024  startup.o(STACK)
    Stack_Top                                0x40004f00   Data           0  startup.o(STACK)

    Global Symbols

    Symbol Name                              Value     Ov Type        Size  Object(Section)

    BuildAttributes$$THM_ISAv1$ARM_ISAv4$S$PE$A:L22$X:L11$S22$IEEE1$IW$USESV6$~STKCKD$USESV7$~SHL$OSPACE$ROPI$EBA8$UX$STANDARDLIB$REQ8$PRES8$EABIv2 0x00000000   Number         0  anon$$obj.o ABSOLUTE
    __ARM_use_no_argv                        0x00000000   Number         0  main.o ABSOLUTE
    __ARM_exceptions_init                     - Undefined Weak Reference
    __alloca_initialize                       - Undefined Weak Reference
    __arm_preinit_                            - Undefined Weak Reference
    __cpp_initialize__aeabi_                  - Undefined Weak Reference
    __cxa_finalize                            - Undefined Weak Reference
    __rt_locale                               - Undefined Weak Reference
    __sigvec_lookup                           - Undefined Weak Reference
    _atexit_init                              - Undefined Weak Reference
    _call_atexit_fns                          - Undefined Weak Reference
    _clock_init                               - Undefined Weak Reference
    _fp_trap_init                             - Undefined Weak Reference
    _fp_trap_shutdown                         - Undefined Weak Reference
    _get_lc_collate                           - Undefined Weak Reference
    _get_lc_ctype                             - Undefined Weak Reference
    _get_lc_monetary                          - Undefined Weak Reference
    _get_lc_numeric                           - Undefined Weak Reference
    _get_lc_time                              - Undefined Weak Reference
    _getenv_init                              - Undefined Weak Reference
    _handle_redirection                       - Undefined Weak Reference
    _init_alloc                               - Undefined Weak Reference
    _init_user_alloc                          - Undefined Weak Reference
    _initio                                   - Undefined Weak Reference
    _printf_mbtowc                            - Undefined Weak Reference
    _printf_post_padding                      - Undefined Weak Reference
    _printf_pre_padding                       - Undefined Weak Reference
    _printf_truncate_signed                   - Undefined Weak Reference
    _printf_truncate_unsigned                 - Undefined Weak Reference
    _signal_finish                            - Undefined Weak Reference
    _signal_init                              - Undefined Weak Reference
    _terminate_alloc                          - Undefined Weak Reference
    _terminate_user_alloc                     - Undefined Weak Reference
    _terminateio                              - Undefined Weak Reference
    Reset_Handler                            0x00000058   ARM Code       0  startup.o(RESET)
    __main                                   0x00000110   ARM Code       8  __main.o(!!!main)
    __scatterload                            0x00000118   ARM Code       0  __scatter.o(!!!scatter)
    __scatterload_rt2                        0x00000118   ARM Code      52  __scatter.o(!!!scatter)
    __scatterload_null                       0x0000012c   ARM Code       0  __scatter.o(!!!scatter)
    __scatterload_copy                       0x00000154   ARM Code      40  __scatter_copy.o(!!handler_copy)
    __scatterload_zeroinit                   0x0000017c   ARM Code      44  __scatter_zi.o(!!handler_zi)
    Inline Thumb to ARM Veneer to _printf_percent 0x000001a9   Thumb Code     4  _printf_percent.o(.ARM.Collect$$_printf_percent$$00000000)
    _printf_d                                0x000001ac   ARM Code       0  _printf_d.o(.ARM.Collect$$_printf_percent$$00000009)
    _printf_percent                          0x000001ac   ARM Code       0  _printf_percent.o(.ARM.Collect$$_printf_percent$$00000000)
    _printf_percent_end                      0x000001b4   ARM Code       0  _printf_percent_end.o(.ARM.Collect$$_printf_percent$$00000017)
    Inline ARM to Thumb Veneer to __rt_lib_init 0x000001bc   ARM Code       8  libinit.o(.ARM.Collect$$libinit$$00000000)
    __rt_lib_init                            0x000001c5   Thumb Code     0  libinit.o(.ARM.Collect$$libinit$$00000000)
    __rt_lib_init_fp_1                       0x000001c7   Thumb Code     0  libinit2.o(.ARM.Collect$$libinit$$00000002)
    __rt_lib_init_heap_1                     0x000001c7   Thumb Code     0  libinit2.o(.ARM.Collect$$libinit$$0000000A)
    __rt_lib_init_preinit_1                  0x000001c7   Thumb Code     0  libinit2.o(.ARM.Collect$$libinit$$00000004)
    __rt_lib_init_rand_2                     0x000001c7   Thumb Code     0  libinit2.o(.ARM.Collect$$libinit$$0000000D)
    __rt_lib_init_user_alloc_1               0x000001c7   Thumb Code     0  libinit2.o(.ARM.Collect$$libinit$$0000000C)
    __rt_lib_init_alloca_1                   0x000001cb   Thumb Code     0  libinit2.o(.ARM.Collect$$libinit$$0000002E)
    __rt_lib_init_argv_1                     0x000001cb   Thumb Code     0  libinit2.o(.ARM.Collect$$libinit$$0000002C)
    __rt_lib_init_atexit_1                   0x000001cb   Thumb Code     0  libinit2.o(.ARM.Collect$$libinit$$0000001B)
    __rt_lib_init_clock_1                    0x000001cb   Thumb Code     0  libinit2.o(.ARM.Collect$$libinit$$00000021)
    __rt_lib_init_cpp_1                      0x000001cb   Thumb Code     0  libinit2.o(.ARM.Collect$$libinit$$00000032)
    __rt_lib_init_exceptions_1               0x000001cb   Thumb Code     0  libinit2.o(.ARM.Collect$$libinit$$00000030)
    __rt_lib_init_fp_trap_1                  0x000001cb   Thumb Code     0  libinit2.o(.ARM.Collect$$libinit$$0000001F)
    __rt_lib_init_getenv_1                   0x000001cb   Thumb Code     0  libinit2.o(.ARM.Collect$$libinit$$00000023)
    __rt_lib_init_lc_collate_1               0x000001cb   Thumb Code     0  libinit2.o(.ARM.Collect$$libinit$$00000011)
    __rt_lib_init_lc_ctype_1                 0x000001cb   Thumb Code     0  libinit2.o(.ARM.Collect$$libinit$$00000013)
    __rt_lib_init_lc_monetary_1              0x000001cb   Thumb Code     0  libinit2.o(.ARM.Collect$$libinit$$00000015)
    __rt_lib_init_lc_numeric_1               0x000001cb   Thumb Code     0  libinit2.o(.ARM.Collect$$libinit$$00000017)
    __rt_lib_init_lc_time_1                  0x000001cb   Thumb Code     0  libinit2.o(.ARM.Collect$$libinit$$00000019)
    __rt_lib_init_rand_1                     0x000001cb   Thumb Code     0  libinit2.o(.ARM.Collect$$libinit$$0000000E)
    __rt_lib_init_return                     0x000001cb   Thumb Code     0  libinit2.o(.ARM.Collect$$libinit$$00000033)
    __rt_lib_init_signal_1                   0x000001cb   Thumb Code     0  libinit2.o(.ARM.Collect$$libinit$$0000001D)
    __rt_lib_init_stdio_1                    0x000001cb   Thumb Code     0  libinit2.o(.ARM.Collect$$libinit$$00000025)
    Inline ARM to Thumb Veneer to __rt_lib_shutdown 0x000001d8   ARM Code       8  libshutdown.o(.ARM.Collect$$libshutdown$$00000000)
    __rt_lib_shutdown                        0x000001e1   Thumb Code     0  libshutdown.o(.ARM.Collect$$libshutdown$$00000000)
    __rt_lib_shutdown_cpp_1                  0x000001e5   Thumb Code     0  libshutdown2.o(.ARM.Collect$$libshutdown$$00000002)
    __rt_lib_shutdown_fp_trap_1              0x000001e5   Thumb Code     0  libshutdown2.o(.ARM.Collect$$libshutdown$$00000007)
    __rt_lib_shutdown_heap_1                 0x000001e5   Thumb Code     0  libshutdown2.o(.ARM.Collect$$libshutdown$$0000000F)
    __rt_lib_shutdown_return                 0x000001e5   Thumb Code     0  libshutdown2.o(.ARM.Collect$$libshutdown$$00000010)
    __rt_lib_shutdown_signal_1               0x000001e5   Thumb Code     0  libshutdown2.o(.ARM.Collect$$libshutdown$$0000000A)
    __rt_lib_shutdown_stdio_1                0x000001e5   Thumb Code     0  libshutdown2.o(.ARM.Collect$$libshutdown$$00000004)
    __rt_lib_shutdown_user_alloc_1           0x000001e5   Thumb Code     0  libshutdown2.o(.ARM.Collect$$libshutdown$$0000000C)
    __rt_entry                               0x000001ec   ARM Code       0  __rtentry.o(.ARM.Collect$$rtentry$$00000000)
    __rt_entry_presh_1                       0x000001ec   ARM Code       0  __rtentry2.o(.ARM.Collect$$rtentry$$00000002)
    __rt_entry_sh                            0x000001ec   ARM Code       0  __rtentry4.o(.ARM.Collect$$rtentry$$00000004)
    __rt_entry_li                            0x000001f4   ARM Code       0  __rtentry2.o(.ARM.Collect$$rtentry$$0000000A)
    __rt_entry_postsh_1                      0x000001f4   ARM Code       0  __rtentry2.o(.ARM.Collect$$rtentry$$00000009)
    __rt_entry_main                          0x000001f8   ARM Code       0  __rtentry2.o(.ARM.Collect$$rtentry$$0000000D)
    __rt_entry_postli_1                      0x000001f8   ARM Code       0  __rtentry2.o(.ARM.Collect$$rtentry$$0000000C)
    Inline Thumb to ARM Veneer to __rt_exit  0x00000221   Thumb Code     4  rtexit.o(.ARM.Collect$$rtexit$$00000000)
    __rt_exit                                0x00000224   ARM Code       0  rtexit.o(.ARM.Collect$$rtexit$$00000000)
    __rt_exit_ls                             0x00000228   ARM Code       0  rtexit2.o(.ARM.Collect$$rtexit$$00000003)
    __rt_exit_prels_1                        0x00000228   ARM Code       0  rtexit2.o(.ARM.Collect$$rtexit$$00000002)
    __rt_exit_exit                           0x0000022c   ARM Code       0  rtexit2.o(.ARM.Collect$$rtexit$$00000004)
    __user_initial_stackheap                 0x00000234   ARM Code       0  startup.o(.text)
    switch_to_PLL                            0x00000248   ARM Code       0  startup.o(.text)
    __aeabi_ldivmod                          0x0000029c   ARM Code       0  llsdiv.o(.text)
    _ll_sdiv                                 0x0000029c   ARM Code      84  llsdiv.o(.text)
    __aeabi_uldivmod                         0x000002f0   ARM Code       0  lludiv.o(.text)
    _ll_udiv                                 0x000002f0   ARM Code     720  lludiv.o(.text)
    _ll_udiv_donemoving                      0x00000304   ARM Code       0  lludiv.o(.text)
    Inline ARM to Thumb Veneer to __2sprintf 0x000005c0   ARM Code       8  noretval__2sprintf.o(.text)
    __2sprintf                               0x000005c9   Thumb Code    36  noretval__2sprintf.o(.text)
    __printf                                 0x000005f1   Thumb Code   118  __printf.o(.text)
    Inline ARM to Thumb Veneer to _printf_int_dec 0x00000668   ARM Code       8  _printf_dec.o(.text)
    _printf_int_dec                          0x00000671   Thumb Code    94  _printf_dec.o(.text)
    Inline ARM to Thumb Veneer to srand      0x000006e0   ARM Code       8  rand.o(.text)
    srand                                    0x000006e9   Thumb Code    46  rand.o(.text)
    _rand_init                               0x00000717   Thumb Code     4  rand.o(.text)
    __aeabi_idiv                             0x00000728   ARM Code       0  aeabi_sdiv.o(.text)
    __aeabi_idivmod                          0x00000728   ARM Code     384  aeabi_sdiv.o(.text)
    __use_two_region_memory                  0x000008a9   Thumb Code     2  heapauxi.o(.text)
    __rt_heap_escrow$2region                 0x000008ab   Thumb Code     2  heapauxi.o(.text)
    __rt_heap_expand$2region                 0x000008ad   Thumb Code     2  heapauxi.o(.text)
    _printf_int_common                       0x000008af   Thumb Code   186  _printf_intcommon.o(.text)
    _printf_char_common                      0x00000973   Thumb Code    34  _printf_char_common.o(.text)
    _sputc                                   0x00000999   Thumb Code    10  _sputc.o(.text)
    Inline Thumb to ARM Veneer to __rt_udiv10 0x000009a5   Thumb Code     4  rtudiv10.o(.text)
    __rt_udiv10                              0x000009a8   ARM Code      44  rtudiv10.o(.text)
    __user_setup_stackheap                   0x000009d4   ARM Code      96  sys_stackheap_outer.o(.text)
    exit                                     0x00000a35   Thumb Code    20  exit.o(.text)
    __user_libspace                          0x00000a48   ARM Code      12  libspace.o(.text)
    __user_perproc_libspace                  0x00000a48   ARM Code       0  libspace.o(.text)
    __user_perthread_libspace                0x00000a48   ARM Code       0  libspace.o(.text)
    Inline ARM to Thumb Veneer to _sys_exit  0x00000a54   ARM Code       8  sys_exit.o(.text)
    _sys_exit                                0x00000a5d   Thumb Code     8  sys_exit.o(.text)
    __I$use$semihosting                      0x00000a68   ARM Code       0  use_no_semi.o(.text)
    __use_no_semihosting_swi                 0x00000a68   ARM Code       4  use_no_semi.o(.text)
    __aeabi_uidiv                            0x00000a6c   ARM Code       0  aeabi_sdiv.o(.text_udiv)
    __aeabi_uidivmod                         0x00000a6c   ARM Code      36  aeabi_sdiv.o(.text_udiv)
    __semihosting_library_function           0x00000a6c   ARM Code       0  indicate_semi.o(.text)
    EINT_Handler                             0x00000a90   ARM Code     180  hal_ext_int_lpc.o(i.EINT_Handler)
    T0_ISR                                   0x00000b4c   ARM Code      64  hal_tiempo_lpc.o(i.T0_ISR)
    T1_ISR                                   0x00000b94   ARM Code      52  hal_tiempo_lpc.o(i.T1_ISR)
    __ARM_common_call_via_r1                 0x00000bd1   Thumb Code     2  __printf.o(i.__ARM_common_call_via_r1)
    __ARM_common_call_via_r2                 0x00000bd3   Thumb Code     2  __printf.o(i.__ARM_common_call_via_r2)
    app_guitar_hero_actualizar               0x00000bd4   ARM Code     164  app_guitar_hero_fsm.o(i.app_guitar_hero_actualizar)
    app_guitar_hero_iniciar                  0x00000c7c   ARM Code      88  app_guitar_hero_fsm.o(i.app_guitar_hero_iniciar)
    comprobar_acierto                        0x00000d24   ARM Code      28  app_guitar_hero_fsm.o(i.comprobar_acierto)
    drv_botones_actualizar                   0x00000d44   ARM Code     428  drv_botones.o(i.drv_botones_actualizar)
    drv_botones_cantidad                     0x00000f1c   ARM Code       8  drv_botones.o(i.drv_botones_cantidad)
    drv_botones_iniciar                      0x00000f60   ARM Code     148  drv_botones.o(i.drv_botones_iniciar)
    drv_consumo_dormir                       0x00001004   ARM Code      68  drv_consumo.o(i.drv_consumo_dormir)
    drv_consumo_esperar                      0x0000104c   ARM Code      72  drv_consumo.o(i.drv_consumo_esperar)
    drv_consumo_iniciar                      0x00001098   ARM Code      32  drv_consumo.o(i.drv_consumo_iniciar)
    drv_led_establecer                       0x000010bc   ARM Code      80  drv_leds.o(i.drv_led_establecer)
    drv_leds_apagar_todos                    0x00001110   ARM Code      68  drv_leds.o(i.drv_leds_apagar_todos)
    drv_leds_encender_todos                  0x00001158   ARM Code      68  drv_leds.o(i.drv_leds_encender_todos)
    drv_leds_iniciar                         0x000011a0   ARM Code      92  drv_leds.o(i.drv_leds_iniciar)
    drv_monitor_desmarcar                    0x00001200   ARM Code      76  drv_monitor.o(i.drv_monitor_desmarcar)
    drv_monitor_iniciar                      0x00001250   ARM Code      88  drv_monitor.o(i.drv_monitor_iniciar)
    drv_monitor_marcar                       0x000012ac   ARM Code      76  drv_monitor.o(i.drv_monitor_marcar)
    drv_sc_disable                           0x000012fc   ARM Code      44  drv_sc.o(i.drv_sc_disable)
    drv_sc_enable                            0x00001330   ARM Code      84  drv_sc.o(i.drv_sc_enable)
    drv_tiempo_actual_ms                     0x0000138c   ARM Code      32  drv_tiempo.o(i.drv_tiempo_actual_ms)
    drv_tiempo_actual_us                     0x000013ac   ARM Code      44  drv_tiempo.o(i.drv_tiempo_actual_us)
    drv_tiempo_esperar_hasta_ms              0x000013dc   ARM Code      36  drv_tiempo.o(i.drv_tiempo_esperar_hasta_ms)
    drv_tiempo_iniciar                       0x00001400   ARM Code      48  drv_tiempo.o(i.drv_tiempo_iniciar)
    drv_tiempo_periodico_ms                  0x00001434   ARM Code      76  drv_tiempo.o(i.drv_tiempo_periodico_ms)
    drv_uart_init                            0x00001490   ARM Code      24  drv_uart.o(i.drv_uart_init)
    drv_uart_putchar                         0x000014a8   ARM Code      24  drv_uart.o(i.drv_uart_putchar)
    drv_uart_putint                          0x000014c0   ARM Code     168  drv_uart.o(i.drv_uart_putint)
    drv_uart_puts                            0x00001568   ARM Code      40  drv_uart.o(i.drv_uart_puts)
    drv_wdt_feed                             0x00001590   ARM Code      24  drv_wdt.o(i.drv_wdt_feed)
    drv_wdt_iniciar                          0x000015a8   ARM Code      32  drv_wdt.o(i.drv_wdt_iniciar)
    encolar_EM                               0x000015c8   ARM Code      40  app_guitar_hero_fsm.o(i.encolar_EM)
    estadisticas_guitar_hero                 0x000015f0   ARM Code     152  app_guitar_hero_fsm.o(i.estadisticas_guitar_hero)
    estado_boton_guitar_hero                 0x00001758   ARM Code     112  app_guitar_hero_fsm.o(i.estado_boton_guitar_hero)
    estado_fin_partida_guitar_hero           0x000017f0   ARM Code     148  app_guitar_hero_fsm.o(i.estado_fin_partida_guitar_hero)
    estado_inicio_gh                         0x000018a4   ARM Code     152  app_guitar_hero_fsm.o(i.estado_inicio_gh)
    estado_leds_guitar_hero                  0x00001944   ARM Code     424  app_guitar_hero_fsm.o(i.estado_leds_guitar_hero)
    estado_timeout_guitar_hero               0x00001b20   ARM Code      84  app_guitar_hero_fsm.o(i.estado_timeout_guitar_hero)
    hal_consumo_dormir                       0x00001ba4   ARM Code      44  hal_consumo_lpc.o(i.hal_consumo_dormir)
    hal_consumo_esperar                      0x00001bd4   ARM Code      32  hal_consumo_lpc.o(i.hal_consumo_esperar)
    hal_consumo_iniciar                      0x00001bf8   ARM Code      16  hal_consumo_lpc.o(i.hal_consumo_iniciar)
    hal_ext_int_clear                        0x00001c0c   ARM Code      16  hal_ext_int_lpc.o(i.hal_ext_int_clear)
    hal_ext_int_clear_flag                   0x00001c20   ARM Code      52  hal_ext_int_lpc.o(i.hal_ext_int_clear_flag)
    hal_ext_int_deshabilitar_int             0x00001c58   ARM Code      56  hal_ext_int_lpc.o(i.hal_ext_int_deshabilitar_int)
    hal_ext_int_habilitar_despertar          0x00001c90   ARM Code      60  hal_ext_int_lpc.o(i.hal_ext_int_habilitar_despertar)
    hal_ext_int_habilitar_int                0x00001cd0   ARM Code      56  hal_ext_int_lpc.o(i.hal_ext_int_habilitar_int)
    hal_ext_int_iniciar                      0x00001d08   ARM Code     176  hal_ext_int_lpc.o(i.hal_ext_int_iniciar)
    hal_gpio_escribir                        0x00001dc4   ARM Code      44  hal_gpio_lpc.o(i.hal_gpio_escribir)
    hal_gpio_iniciar                         0x00001df4   ARM Code      16  hal_gpio_lpc.o(i.hal_gpio_iniciar)
    hal_gpio_leer                            0x00001e08   ARM Code      48  hal_gpio_lpc.o(i.hal_gpio_leer)
    hal_gpio_leer_in                         0x00001e3c   ARM Code      24  hal_gpio_lpc.o(i.hal_gpio_leer_in)
    hal_gpio_sentido                         0x00001e54   ARM Code      72  hal_gpio_lpc.o(i.hal_gpio_sentido)
    hal_iniciar_T0                           0x00001ea0   ARM Code      28  hal_tiempo_lpc.o(i.hal_iniciar_T0)
    hal_sc_disable                           0x00001ebc   ARM Code      20  hal_sc_lpc.o(i.hal_sc_disable)
    hal_sc_restaurar                         0x00001ed0   ARM Code      16  hal_sc_lpc.o(i.hal_sc_restaurar)
    hal_tiempo_actual_tick64                 0x00001ee0   ARM Code     100  hal_tiempo_lpc.o(i.hal_tiempo_actual_tick64)
    hal_tiempo_iniciar_tick                  0x00001f4c   ARM Code     140  hal_tiempo_lpc.o(i.hal_tiempo_iniciar_tick)
    hal_tiempo_periodico_config_tick         0x00001fe8   ARM Code      72  hal_tiempo_lpc.o(i.hal_tiempo_periodico_config_tick)
    hal_tiempo_periodico_enable              0x00002038   ARM Code      80  hal_tiempo_lpc.o(i.hal_tiempo_periodico_enable)
    hal_tiempo_periodico_set_callback        0x0000208c   ARM Code      12  hal_tiempo_lpc.o(i.hal_tiempo_periodico_set_callback)
    hal_tiempo_reloj_periodico_tick          0x0000209c   ARM Code      76  hal_tiempo_lpc.o(i.hal_tiempo_reloj_periodico_tick)
    hal_uart_init                            0x000020e8   ARM Code     144  hal_uart_lpc.o(i.hal_uart_init)
    hal_uart_putchar                         0x00002184   ARM Code      36  hal_uart_lpc.o(i.hal_uart_putchar)
    hal_wdt_feed                             0x000021ac   ARM Code      40  hal_wdt_lpc.o(i.hal_wdt_feed)
    hal_wdt_iniciar                          0x000021d4   ARM Code      44  hal_wdt_lpc.o(i.hal_wdt_iniciar)
    main                                     0x00002260   ARM Code     136  main.o(i.main)
    manejador_botones_guitar_hero            0x000022ec   ARM Code     168  app_guitar_hero_fsm.o(i.manejador_botones_guitar_hero)
    modificar_puntuacion                     0x00002398   ARM Code     292  app_guitar_hero_fsm.o(i.modificar_puntuacion)
    pin_to_eint                              0x00002568   ARM Code      96  hal_ext_int_lpc.o(i.pin_to_eint)
    pin_to_gpio                              0x000025cc   ARM Code      96  hal_ext_int_lpc.o(i.pin_to_gpio)
    random_iniciar                           0x00002630   ARM Code      28  hal_random_lpc.o(i.random_iniciar)
    rt_FIFO_encolar                          0x0000264c   ARM Code     216  rt_fifo.o(i.rt_FIFO_encolar)
    rt_FIFO_extraer                          0x00002730   ARM Code     160  rt_fifo.o(i.rt_FIFO_extraer)
    rt_FIFO_inicializar                      0x000027d8   ARM Code     124  rt_fifo.o(i.rt_FIFO_inicializar)
    rt_GE_actualizar                         0x00002860   ARM Code     216  rt_ge.o(i.rt_GE_actualizar)
    rt_GE_iniciar                            0x00002968   ARM Code     160  rt_ge.o(i.rt_GE_iniciar)
    rt_GE_lanzador                           0x00002a1c   ARM Code     236  rt_ge.o(i.rt_GE_lanzador)
    svc_GE_suscribir                         0x00002b18   ARM Code     240  rt_ge.o(i.svc_GE_suscribir)
    svc_alarma_activar                       0x00002c10   ARM Code     376  svc_alarma.o(i.svc_alarma_activar)
    svc_alarma_actualizar                    0x00002db8   ARM Code     248  svc_alarma.o(i.svc_alarma_actualizar)
    svc_alarma_codificar                     0x00002eb8   ARM Code      32  svc_alarma.o(i.svc_alarma_codificar)
    svc_alarma_iniciar                       0x00002ed8   ARM Code     108  svc_alarma.o(i.svc_alarma_iniciar)
    svc_estadisticas_set_tmp                 0x00002f54   ARM Code     976  svc_estadisticas.o(i.svc_estadisticas_set_tmp)
    svc_estadisticas_set_tmp_fifo            0x00003328   ARM Code     488  svc_estadisticas.o(i.svc_estadisticas_set_tmp_fifo)
    Region$$Table$$Base                      0x00003588   Number         0  anon$$obj.o(Region$$Table)
    Region$$Table$$Limit                     0x000035a8   Number         0  anon$$obj.o(Region$$Table)
    monitor_id                               0x4000002c   Data           4  drv_consumo.o(.data)
    estadisticas                             0x400000d0   Data         720  svc_estadisticas.o(.bss)
    _random_number_data                      0x4000453c   Data         228  rand.o(.bss)
    __libspace_start                         0x40004620   Data          96  libspace.o(.bss)
    __temporary_stack_top$libspace           0x40004680   Data           0  libspace.o(.bss)



==============================================================================

Memory Map of the image

  Image Entry point : 0x00000110

  Load Region LR_IROM1 (Base: 0x00000000, Size: 0x00003604, Max: 0x00020000, ABSOLUTE)

    Execution Region ER_IROM1 (Exec base: 0x00000000, Load base: 0x00000000, Size: 0x000035a8, Max: 0x00020000, ABSOLUTE)

    Exec Addr    Load Addr    Size         Type   Attr      Idx    E Section Name        Object

    0x00000000   0x00000000   0x00000110   Code   RO         1098    RESET               startup.o
    0x00000110   0x00000110   0x00000008   Code   RO         1171  * !!!main             c_t.l(__main.o)
    0x00000118   0x00000118   0x0000003c   Code   RO         1359    !!!scatter          c_t.l(__scatter.o)
    0x00000154   0x00000154   0x00000028   Code   RO         1361    !!handler_copy      c_t.l(__scatter_copy.o)
    0x0000017c   0x0000017c   0x0000002c   Code   RO         1363    !!handler_zi        c_t.l(__scatter_zi.o)
    0x000001a8   0x000001a8   0x00000004   Ven    RO         1147    .ARM.Collect$$_printf_percent$$00000000  c_t.l(_printf_percent.o)
    0x000001ac   0x000001ac   0x00000000   Code   RO         1147    .ARM.Collect$$_printf_percent$$00000000  c_t.l(_printf_percent.o)
    0x000001ac   0x000001ac   0x00000008   Code   RO         1146    .ARM.Collect$$_printf_percent$$00000009  c_t.l(_printf_d.o)
    0x000001b4   0x000001b4   0x00000008   Code   RO         1190    .ARM.Collect$$_printf_percent$$00000017  c_t.l(_printf_percent_end.o)
    0x000001bc   0x000001bc   0x00000008   Ven    RO         1282    .ARM.Collect$$libinit$$00000000  c_t.l(libinit.o)
    0x000001c4   0x000001c4   0x00000002   Code   RO         1282    .ARM.Collect$$libinit$$00000000  c_t.l(libinit.o)
    0x000001c6   0x000001c6   0x00000000   Code   RO         1194    .ARM.Collect$$libinit$$00000002  c_t.l(libinit2.o)
    0x000001c6   0x000001c6   0x00000000   Code   RO         1196    .ARM.Collect$$libinit$$00000004  c_t.l(libinit2.o)
    0x000001c6   0x000001c6   0x00000000   Code   RO         1199    .ARM.Collect$$libinit$$0000000A  c_t.l(libinit2.o)
    0x000001c6   0x000001c6   0x00000000   Code   RO         1201    .ARM.Collect$$libinit$$0000000C  c_t.l(libinit2.o)
    0x000001c6   0x000001c6   0x00000004   Code   RO         1202    .ARM.Collect$$libinit$$0000000D  c_t.l(libinit2.o)
    0x000001ca   0x000001ca   0x00000000   Code   RO         1203    .ARM.Collect$$libinit$$0000000E  c_t.l(libinit2.o)
    0x000001ca   0x000001ca   0x00000000   Code   RO         1206    .ARM.Collect$$libinit$$00000011  c_t.l(libinit2.o)
    0x000001ca   0x000001ca   0x00000000   Code   RO         1208    .ARM.Collect$$libinit$$00000013  c_t.l(libinit2.o)
    0x000001ca   0x000001ca   0x00000000   Code   RO         1210    .ARM.Collect$$libinit$$00000015  c_t.l(libinit2.o)
    0x000001ca   0x000001ca   0x00000000   Code   RO         1212    .ARM.Collect$$libinit$$00000017  c_t.l(libinit2.o)
    0x000001ca   0x000001ca   0x00000000   Code   RO         1214    .ARM.Collect$$libinit$$00000019  c_t.l(libinit2.o)
    0x000001ca   0x000001ca   0x00000000   Code   RO         1216    .ARM.Collect$$libinit$$0000001B  c_t.l(libinit2.o)
    0x000001ca   0x000001ca   0x00000000   Code   RO         1218    .ARM.Collect$$libinit$$0000001D  c_t.l(libinit2.o)
    0x000001ca   0x000001ca   0x00000000   Code   RO         1220    .ARM.Collect$$libinit$$0000001F  c_t.l(libinit2.o)
    0x000001ca   0x000001ca   0x00000000   Code   RO         1222    .ARM.Collect$$libinit$$00000021  c_t.l(libinit2.o)
    0x000001ca   0x000001ca   0x00000000   Code   RO         1224    .ARM.Collect$$libinit$$00000023  c_t.l(libinit2.o)
    0x000001ca   0x000001ca   0x00000000   Code   RO         1226    .ARM.Collect$$libinit$$00000025  c_t.l(libinit2.o)
    0x000001ca   0x000001ca   0x00000000   Code   RO         1230    .ARM.Collect$$libinit$$0000002C  c_t.l(libinit2.o)
    0x000001ca   0x000001ca   0x00000000   Code   RO         1232    .ARM.Collect$$libinit$$0000002E  c_t.l(libinit2.o)
    0x000001ca   0x000001ca   0x00000000   Code   RO         1234    .ARM.Collect$$libinit$$00000030  c_t.l(libinit2.o)
    0x000001ca   0x000001ca   0x00000000   Code   RO         1236    .ARM.Collect$$libinit$$00000032  c_t.l(libinit2.o)
    0x000001ca   0x000001ca   0x0000000c   Code   RO         1237    .ARM.Collect$$libinit$$00000033  c_t.l(libinit2.o)
    0x000001d6   0x000001d6   0x00000002   PAD
    0x000001d8   0x000001d8   0x00000008   Ven    RO         1326    .ARM.Collect$$libshutdown$$00000000  c_t.l(libshutdown.o)
    0x000001e0   0x000001e0   0x00000004   Code   RO         1326    .ARM.Collect$$libshutdown$$00000000  c_t.l(libshutdown.o)
    0x000001e4   0x000001e4   0x00000000   Code   RO         1342    .ARM.Collect$$libshutdown$$00000002  c_t.l(libshutdown2.o)
    0x000001e4   0x000001e4   0x00000000   Code   RO         1344    .ARM.Collect$$libshutdown$$00000004  c_t.l(libshutdown2.o)
    0x000001e4   0x000001e4   0x00000000   Code   RO         1347    .ARM.Collect$$libshutdown$$00000007  c_t.l(libshutdown2.o)
    0x000001e4   0x000001e4   0x00000000   Code   RO         1350    .ARM.Collect$$libshutdown$$0000000A  c_t.l(libshutdown2.o)
    0x000001e4   0x000001e4   0x00000000   Code   RO         1352    .ARM.Collect$$libshutdown$$0000000C  c_t.l(libshutdown2.o)
    0x000001e4   0x000001e4   0x00000000   Code   RO         1355    .ARM.Collect$$libshutdown$$0000000F  c_t.l(libshutdown2.o)
    0x000001e4   0x000001e4   0x00000006   Code   RO         1356    .ARM.Collect$$libshutdown$$00000010  c_t.l(libshutdown2.o)
    0x000001ea   0x000001ea   0x00000002   PAD
    0x000001ec   0x000001ec   0x00000000   Code   RO         1173    .ARM.Collect$$rtentry$$00000000  c_t.l(__rtentry.o)
    0x000001ec   0x000001ec   0x00000000   Code   RO         1239    .ARM.Collect$$rtentry$$00000002  c_t.l(__rtentry2.o)
    0x000001ec   0x000001ec   0x00000008   Code   RO         1251    .ARM.Collect$$rtentry$$00000004  c_t.l(__rtentry4.o)
    0x000001f4   0x000001f4   0x00000000   Code   RO         1241    .ARM.Collect$$rtentry$$00000009  c_t.l(__rtentry2.o)
    0x000001f4   0x000001f4   0x00000004   Code   RO         1242    .ARM.Collect$$rtentry$$0000000A  c_t.l(__rtentry2.o)
    0x000001f8   0x000001f8   0x00000000   Code   RO         1244    .ARM.Collect$$rtentry$$0000000C  c_t.l(__rtentry2.o)
    0x000001f8   0x000001f8   0x00000028   Code   RO         1245    .ARM.Collect$$rtentry$$0000000D  c_t.l(__rtentry2.o)
    0x00000220   0x00000220   0x00000004   Ven    RO         1288    .ARM.Collect$$rtexit$$00000000  c_t.l(rtexit.o)
    0x00000224   0x00000224   0x00000004   Code   RO         1288    .ARM.Collect$$rtexit$$00000000  c_t.l(rtexit.o)
    0x00000228   0x00000228   0x00000000   Code   RO         1308    .ARM.Collect$$rtexit$$00000002  c_t.l(rtexit2.o)
    0x00000228   0x00000228   0x00000004   Code   RO         1309    .ARM.Collect$$rtexit$$00000003  c_t.l(rtexit2.o)
    0x0000022c   0x0000022c   0x00000008   Code   RO         1310    .ARM.Collect$$rtexit$$00000004  c_t.l(rtexit2.o)
    0x00000234   0x00000234   0x00000068   Code   RO         1099    .text               startup.o
    0x0000029c   0x0000029c   0x00000054   Code   RO         1107    .text               c_t.l(llsdiv.o)
    0x000002f0   0x000002f0   0x000002d0   Code   RO         1109    .text               c_t.l(lludiv.o)
    0x000005c0   0x000005c0   0x00000008   Ven    RO         1113    .text               c_t.l(noretval__2sprintf.o)
    0x000005c8   0x000005c8   0x00000028   Code   RO         1113    .text               c_t.l(noretval__2sprintf.o)
    0x000005f0   0x000005f0   0x00000076   Code   RO         1115    .text               c_t.l(__printf.o)
    0x00000666   0x00000666   0x00000002   PAD
    0x00000668   0x00000668   0x00000008   Ven    RO         1123    .text               c_t.l(_printf_dec.o)
    0x00000670   0x00000670   0x00000070   Code   RO         1123    .text               c_t.l(_printf_dec.o)
    0x000006e0   0x000006e0   0x00000008   Ven    RO         1149    .text               c_t.l(rand.o)
    0x000006e8   0x000006e8   0x00000040   Code   RO         1149    .text               c_t.l(rand.o)
    0x00000728   0x00000728   0x00000180   Code   RO         1153    .text               c_t.l(aeabi_sdiv.o)
    0x000008a8   0x000008a8   0x00000006   Code   RO         1169    .text               c_t.l(heapauxi.o)
    0x000008ae   0x000008ae   0x000000ba   Code   RO         1182    .text               c_t.l(_printf_intcommon.o)
    0x00000968   0x00000968   0x00000030   Code   RO         1184    .text               c_t.l(_printf_char_common.o)
    0x00000998   0x00000998   0x0000000a   Code   RO         1186    .text               c_t.l(_sputc.o)
    0x000009a2   0x000009a2   0x00000002   PAD
    0x000009a4   0x000009a4   0x00000004   Ven    RO         1191    .text               c_t.l(rtudiv10.o)
    0x000009a8   0x000009a8   0x0000002c   Code   RO         1191    .text               c_t.l(rtudiv10.o)
    0x000009d4   0x000009d4   0x00000060   Code   RO         1265    .text               c_t.l(sys_stackheap_outer.o)
    0x00000a34   0x00000a34   0x00000014   Code   RO         1267    .text               c_t.l(exit.o)
    0x00000a48   0x00000a48   0x0000000c   Code   RO         1285    .text               c_t.l(libspace.o)
    0x00000a54   0x00000a54   0x00000008   Ven    RO         1302    .text               c_t.l(sys_exit.o)
    0x00000a5c   0x00000a5c   0x0000000c   Code   RO         1302    .text               c_t.l(sys_exit.o)
    0x00000a68   0x00000a68   0x00000004   Code   RO         1304    .text               c_t.l(use_no_semi.o)
    0x00000a6c   0x00000a6c   0x00000000   Code   RO         1306    .text               c_t.l(indicate_semi.o)
    0x00000a6c   0x00000a6c   0x00000024   Code   RO         1154    .text_udiv          c_t.l(aeabi_sdiv.o)
    0x00000a90   0x00000a90   0x000000bc   Code   RO          789    i.EINT_Handler      hal_ext_int_lpc.o
    0x00000b4c   0x00000b4c   0x00000048   Code   RO          973    i.T0_ISR            hal_tiempo_lpc.o
    0x00000b94   0x00000b94   0x0000003c   Code   RO          974    i.T1_ISR            hal_tiempo_lpc.o
    0x00000bd0   0x00000bd0   0x00000002   Code   RO         1119    i.__ARM_common_call_via_r1  c_t.l(__printf.o)
    0x00000bd2   0x00000bd2   0x00000002   Code   RO         1117    i.__ARM_common_call_via_r2  c_t.l(__printf.o)
    0x00000bd4   0x00000bd4   0x000000a8   Code   RO          176    i.app_guitar_hero_actualizar  app_guitar_hero_fsm.o
    0x00000c7c   0x00000c7c   0x00000068   Code   RO          177    i.app_guitar_hero_iniciar  app_guitar_hero_fsm.o
    0x00000ce4   0x00000ce4   0x00000040   Code   RO          453    i.callback_wrapper_interno  drv_tiempo.o
    0x00000d24   0x00000d24   0x00000020   Code   RO          178    i.comprobar_acierto  app_guitar_hero_fsm.o
    0x00000d44   0x00000d44   0x000001d8   Code   RO          266    i.drv_botones_actualizar  drv_botones.o
    0x00000f1c   0x00000f1c   0x00000008   Code   RO          267    i.drv_botones_cantidad  drv_botones.o
    0x00000f24   0x00000f24   0x0000003c   Code   RO          268    i.drv_botones_encontrar_indice  drv_botones.o
    0x00000f60   0x00000f60   0x000000a4   Code   RO          269    i.drv_botones_iniciar  drv_botones.o
    0x00001004   0x00001004   0x00000048   Code   RO          301    i.drv_consumo_dormir  drv_consumo.o
    0x0000104c   0x0000104c   0x0000004c   Code   RO          302    i.drv_consumo_esperar  drv_consumo.o
    0x00001098   0x00001098   0x00000024   Code   RO          303    i.drv_consumo_iniciar  drv_consumo.o
    0x000010bc   0x000010bc   0x00000054   Code   RO          332    i.drv_led_establecer  drv_leds.o
    0x00001110   0x00001110   0x00000048   Code   RO          334    i.drv_leds_apagar_todos  drv_leds.o
    0x00001158   0x00001158   0x00000048   Code   RO          336    i.drv_leds_encender_todos  drv_leds.o
    0x000011a0   0x000011a0   0x00000060   Code   RO          337    i.drv_leds_iniciar  drv_leds.o
    0x00001200   0x00001200   0x00000050   Code   RO          394    i.drv_monitor_desmarcar  drv_monitor.o
    0x00001250   0x00001250   0x0000005c   Code   RO          395    i.drv_monitor_iniciar  drv_monitor.o
    0x000012ac   0x000012ac   0x00000050   Code   RO          396    i.drv_monitor_marcar  drv_monitor.o
    0x000012fc   0x000012fc   0x00000034   Code   RO          430    i.drv_sc_disable    drv_sc.o
    0x00001330   0x00001330   0x0000005c   Code   RO          431    i.drv_sc_enable     drv_sc.o
    0x0000138c   0x0000138c   0x00000020   Code   RO          454    i.drv_tiempo_actual_ms  drv_tiempo.o
    0x000013ac   0x000013ac   0x00000030   Code   RO          455    i.drv_tiempo_actual_us  drv_tiempo.o
    0x000013dc   0x000013dc   0x00000024   Code   RO          456    i.drv_tiempo_esperar_hasta_ms  drv_tiempo.o
    0x00001400   0x00001400   0x00000034   Code   RO          458    i.drv_tiempo_iniciar  drv_tiempo.o
    0x00001434   0x00001434   0x0000005c   Code   RO          459    i.drv_tiempo_periodico_ms  drv_tiempo.o
    0x00001490   0x00001490   0x00000018   Code   RO          506    i.drv_uart_init     drv_uart.o
    0x000014a8   0x000014a8   0x00000018   Code   RO          507    i.drv_uart_putchar  drv_uart.o
    0x000014c0   0x000014c0   0x000000a8   Code   RO          508    i.drv_uart_putint   drv_uart.o
    0x00001568   0x00001568   0x00000028   Code   RO          509    i.drv_uart_puts     drv_uart.o
    0x00001590   0x00001590   0x00000018   Code   RO          539    i.drv_wdt_feed      drv_wdt.o
    0x000015a8   0x000015a8   0x00000020   Code   RO          540    i.drv_wdt_iniciar   drv_wdt.o
    0x000015c8   0x000015c8   0x00000028   Code   RO          179    i.encolar_EM        app_guitar_hero_fsm.o
    0x000015f0   0x000015f0   0x00000168   Code   RO          180    i.estadisticas_guitar_hero  app_guitar_hero_fsm.o
    0x00001758   0x00001758   0x00000098   Code   RO          181    i.estado_boton_guitar_hero  app_guitar_hero_fsm.o
    0x000017f0   0x000017f0   0x000000b4   Code   RO          182    i.estado_fin_partida_guitar_hero  app_guitar_hero_fsm.o
    0x000018a4   0x000018a4   0x000000a0   Code   RO          183    i.estado_inicio_gh  app_guitar_hero_fsm.o
    0x00001944   0x00001944   0x000001dc   Code   RO          184    i.estado_leds_guitar_hero  app_guitar_hero_fsm.o
    0x00001b20   0x00001b20   0x00000084   Code   RO          185    i.estado_timeout_guitar_hero  app_guitar_hero_fsm.o
    0x00001ba4   0x00001ba4   0x00000030   Code   RO          762    i.hal_consumo_dormir  hal_consumo_lpc.o
    0x00001bd4   0x00001bd4   0x00000024   Code   RO          763    i.hal_consumo_esperar  hal_consumo_lpc.o
    0x00001bf8   0x00001bf8   0x00000014   Code   RO          764    i.hal_consumo_iniciar  hal_consumo_lpc.o
    0x00001c0c   0x00001c0c   0x00000014   Code   RO          790    i.hal_ext_int_clear  hal_ext_int_lpc.o
    0x00001c20   0x00001c20   0x00000038   Code   RO          791    i.hal_ext_int_clear_flag  hal_ext_int_lpc.o
    0x00001c58   0x00001c58   0x00000038   Code   RO          793    i.hal_ext_int_deshabilitar_int  hal_ext_int_lpc.o
    0x00001c90   0x00001c90   0x00000040   Code   RO          794    i.hal_ext_int_habilitar_despertar  hal_ext_int_lpc.o
    0x00001cd0   0x00001cd0   0x00000038   Code   RO          795    i.hal_ext_int_habilitar_int  hal_ext_int_lpc.o
    0x00001d08   0x00001d08   0x000000bc   Code   RO          796    i.hal_ext_int_iniciar  hal_ext_int_lpc.o
    0x00001dc4   0x00001dc4   0x00000030   Code   RO          895    i.hal_gpio_escribir  hal_gpio_lpc.o
    0x00001df4   0x00001df4   0x00000014   Code   RO          896    i.hal_gpio_iniciar  hal_gpio_lpc.o
    0x00001e08   0x00001e08   0x00000034   Code   RO          897    i.hal_gpio_leer     hal_gpio_lpc.o
    0x00001e3c   0x00001e3c   0x00000018   Code   RO          898    i.hal_gpio_leer_in  hal_gpio_lpc.o
    0x00001e54   0x00001e54   0x0000004c   Code   RO          899    i.hal_gpio_sentido  hal_gpio_lpc.o
    0x00001ea0   0x00001ea0   0x0000001c   Code   RO          975    i.hal_iniciar_T0    hal_tiempo_lpc.o
    0x00001ebc   0x00001ebc   0x00000014   Code   RO          952    i.hal_sc_disable    hal_sc_lpc.o
    0x00001ed0   0x00001ed0   0x00000010   Code   RO          953    i.hal_sc_restaurar  hal_sc_lpc.o
    0x00001ee0   0x00001ee0   0x0000006c   Code   RO          976    i.hal_tiempo_actual_tick64  hal_tiempo_lpc.o
    0x00001f4c   0x00001f4c   0x0000009c   Code   RO          977    i.hal_tiempo_iniciar_tick  hal_tiempo_lpc.o
    0x00001fe8   0x00001fe8   0x00000050   Code   RO          978    i.hal_tiempo_periodico_config_tick  hal_tiempo_lpc.o
    0x00002038   0x00002038   0x00000054   Code   RO          979    i.hal_tiempo_periodico_enable  hal_tiempo_lpc.o
    0x0000208c   0x0000208c   0x00000010   Code   RO          980    i.hal_tiempo_periodico_set_callback  hal_tiempo_lpc.o
    0x0000209c   0x0000209c   0x0000004c   Code   RO          981    i.hal_tiempo_reloj_periodico_tick  hal_tiempo_lpc.o
    0x000020e8   0x000020e8   0x0000009c   Code   RO         1041    i.hal_uart_init     hal_uart_lpc.o
    0x00002184   0x00002184   0x00000028   Code   RO         1042    i.hal_uart_putchar  hal_uart_lpc.o
    0x000021ac   0x000021ac   0x00000028   Code   RO         1072    i.hal_wdt_feed      hal_wdt_lpc.o
    0x000021d4   0x000021d4   0x00000030   Code   RO         1073    i.hal_wdt_iniciar   hal_wdt_lpc.o
    0x00002204   0x00002204   0x0000001c   Code   RO          397    i.hw_level_from_state  drv_monitor.o
    0x00002220   0x00002220   0x0000001c   Code   RO          338    i.hw_level_from_status  drv_leds.o
    0x0000223c   0x0000223c   0x00000024   Code   RO          339    i.led_id_valido     drv_leds.o
    0x00002260   0x00002260   0x0000008c   Code   RO           10    i.main              main.o
    0x000022ec   0x000022ec   0x000000ac   Code   RO          186    i.manejador_botones_guitar_hero  app_guitar_hero_fsm.o
    0x00002398   0x00002398   0x00000164   Code   RO          187    i.modificar_puntuacion  app_guitar_hero_fsm.o
    0x000024fc   0x000024fc   0x00000024   Code   RO          398    i.monitor_id_valido  drv_monitor.o
    0x00002520   0x00002520   0x00000048   Code   RO          798    i.pin_a_eint        hal_ext_int_lpc.o
    0x00002568   0x00002568   0x00000064   Code   RO          799    i.pin_to_eint       hal_ext_int_lpc.o
    0x000025cc   0x000025cc   0x00000064   Code   RO          800    i.pin_to_gpio       hal_ext_int_lpc.o
    0x00002630   0x00002630   0x0000001c   Code   RO          931    i.random_iniciar    hal_random_lpc.o
    0x0000264c   0x0000264c   0x000000e4   Code   RO          636    i.rt_FIFO_encolar   rt_fifo.o
    0x00002730   0x00002730   0x000000a8   Code   RO          638    i.rt_FIFO_extraer   rt_fifo.o
    0x000027d8   0x000027d8   0x00000088   Code   RO          639    i.rt_FIFO_inicializar  rt_fifo.o
    0x00002860   0x00002860   0x00000108   Code   RO          672    i.rt_GE_actualizar  rt_ge.o
    0x00002968   0x00002968   0x000000b4   Code   RO          673    i.rt_GE_iniciar     rt_ge.o
    0x00002a1c   0x00002a1c   0x000000fc   Code   RO          674    i.rt_GE_lanzador    rt_ge.o
    0x00002b18   0x00002b18   0x000000f8   Code   RO          676    i.svc_GE_suscribir  rt_ge.o
    0x00002c10   0x00002c10   0x000001a8   Code   RO          560    i.svc_alarma_activar  svc_alarma.o
    0x00002db8   0x00002db8   0x00000100   Code   RO          561    i.svc_alarma_actualizar  svc_alarma.o
    0x00002eb8   0x00002eb8   0x00000020   Code   RO          562    i.svc_alarma_codificar  svc_alarma.o
    0x00002ed8   0x00002ed8   0x0000007c   Code   RO          563    i.svc_alarma_iniciar  svc_alarma.o
    0x00002f54   0x00002f54   0x000003d4   Code   RO          598    i.svc_estadisticas_set_tmp  svc_estadisticas.o
    0x00003328   0x00003328   0x000001ec   Code   RO          599    i.svc_estadisticas_set_tmp_fifo  svc_estadisticas.o
    0x00003514   0x00003514   0x00000048   Code   RO          801    i.vic_channel       hal_ext_int_lpc.o
    0x0000355c   0x0000355c   0x0000000c   Data   RO          271    .constdata          drv_botones.o
    0x00003568   0x00003568   0x00000010   Data   RO          340    .constdata          drv_leds.o
    0x00003578   0x00003578   0x00000010   Data   RO          399    .constdata          drv_monitor.o
    0x00003588   0x00003588   0x00000020   Data   RO         1357    Region$$Table       anon$$obj.o


    Execution Region RW_IRAM1 (Exec base: 0x40000000, Load base: 0x000035a8, Size: 0x00004f00, Max: 0x00008000, ABSOLUTE)

    Exec Addr    Load Addr    Size         Type   Attr      Idx    E Section Name        Object

    0x40000000   0x000035a8   0x0000002a   Data   RW          188    .data               app_guitar_hero_fsm.o
    0x4000002a   0x000035d2   0x00000002   PAD
    0x4000002c   0x000035d4   0x00000004   Data   RW          304    .data               drv_consumo.o
    0x40000030   0x000035d8   0x00000005   Data   RW          432    .data               drv_sc.o
    0x40000035   0x000035dd   0x00000003   PAD
    0x40000038   0x000035e0   0x00000008   Data   RW          461    .data               drv_tiempo.o
    0x40000040   0x000035e8   0x00000008   Data   RW          565    .data               svc_alarma.o
    0x40000048   0x000035f0   0x00000008   Data   RW          678    .data               rt_ge.o
    0x40000050   0x000035f8   0x00000004   Data   RW          802    .data               hal_ext_int_lpc.o
    0x40000054   0x000035fc   0x00000008   Data   RW          983    .data               hal_tiempo_lpc.o
    0x4000005c        -       0x00000018   Zero   RW          270    .bss                drv_botones.o
    0x40000074        -       0x0000000c   Zero   RW          460    .bss                drv_tiempo.o
    0x40000080        -       0x00000050   Zero   RW          564    .bss                svc_alarma.o
    0x400000d0        -       0x000002d0   Zero   RW          600    .bss                svc_estadisticas.o
    0x400003a0        -       0x00004040   Zero   RW          640    .bss                rt_fifo.o
    0x400043e0        -       0x00000150   Zero   RW          677    .bss                rt_ge.o
    0x40004530        -       0x0000000c   Zero   RW          982    .bss                hal_tiempo_lpc.o
    0x4000453c        -       0x000000e4   Zero   RW         1150    .bss                c_t.l(rand.o)
    0x40004620        -       0x00000060   Zero   RW         1286    .bss                c_t.l(libspace.o)
    0x40004680        -       0x00000000   Zero   RW         1097    HEAP                startup.o
    0x40004680        -       0x00000880   Zero   RW         1096    STACK               startup.o


==============================================================================

Image component sizes


      Code (inc. data)   RO Data    RW Data    ZI Data      Debug   Object Name

      2332        480          0         42          0       9072   app_guitar_hero_fsm.o
       704         64         12          0         24       3346   drv_botones.o
       184         12          0          4          0       1718   drv_consumo.o
       388         16         16          0          0       4014   drv_leds.o
       316         12         16          0          0       3403   drv_monitor.o
       144         16          0          5          0       1113   drv_sc.o
       324         32          0          8         12       4347   drv_tiempo.o
       256          0          0          0          0       2249   drv_uart.o
        56          0          0          0          0        945   drv_wdt.o
       104         12          0          0          0       1361   hal_consumo_lpc.o
       972         40          0          4          0       7219   hal_ext_int_lpc.o
       220         16          0          0          0       2621   hal_gpio_lpc.o
        28          0          0          0          0        509   hal_random_lpc.o
        36          0          0          0          0        860   hal_sc_lpc.o
       680         56          0          8         12       6071   hal_tiempo_lpc.o
       196         16          0          0          0       1071   hal_uart_lpc.o
        88          4          0          0          0        977   hal_wdt_lpc.o
       140          4          0          0          0       9987   main.o
       532         32          0          0      16448       3010   rt_fifo.o
       944         92          0          8        336       4215   rt_ge.o
       376         64          0          0       2176        620   startup.o
       836         72          0          8         80       3961   svc_alarma.o
      1472          8          0          0        720       3422   svc_estadisticas.o

    ----------------------------------------------------------------------
     11328       1048         76         92      19808      76111   Object Totals
         0          0         32          0          0          0   (incl. Generated)
         0          0          0          5          0          0   (incl. Padding)

    ----------------------------------------------------------------------

      Code (inc. data)   RO Data    RW Data    ZI Data      Debug   Library Member Name

         8          0          0          0          0         68   __main.o
       122          0          0          0          0        208   __printf.o
         0          0          0          0          0          0   __rtentry.o
        44          4          0          0          0          0   __rtentry2.o
         8          0          0          0          0          0   __rtentry4.o
        60          8          0          0          0          0   __scatter.o
        40          0          0          0          0          0   __scatter_copy.o
        44          0          0          0          0          0   __scatter_zi.o
        48          4          0          0          0         96   _printf_char_common.o
         8          0          0          0          0          0   _printf_d.o
       120         18          0          0          0         88   _printf_dec.o
       186          0          0          0          0         96   _printf_intcommon.o
         4          0          0          0          0          0   _printf_percent.o
         8          0          0          0          0          0   _printf_percent_end.o
        10          0          0          0          0         60   _sputc.o
       420          0          0          0          0        148   aeabi_sdiv.o
        20          0          0          0          0         80   exit.o
         6          0          0          0          0        136   heapauxi.o
         0          0          0          0          0          0   indicate_semi.o
        10          0          0          0          0          0   libinit.o
        16          0          0          0          0          0   libinit2.o
        12          0          0          0          0          0   libshutdown.o
         6          0          0          0          0          0   libshutdown2.o
        12          4          0          0         96         68   libspace.o
        84          0          0          0          0         84   llsdiv.o
       720         64          0          0          0        156   lludiv.o
        48          4          0          0          0         84   noretval__2sprintf.o
        72         14          0          0        228         88   rand.o
         8          0          0          0          0          0   rtexit.o
        12          0          0          0          0          0   rtexit2.o
        48          0          0          0          0         68   rtudiv10.o
        20          4          0          0          0         60   sys_exit.o
        96          0          0          0          0         80   sys_stackheap_outer.o
         4          0          0          0          0         68   use_no_semi.o

    ----------------------------------------------------------------------
      2332        124          0          0        324       1736   Library Totals
         8          0          0          0          0          0   (incl. Padding)

    ----------------------------------------------------------------------

      Code (inc. data)   RO Data    RW Data    ZI Data      Debug   Library Name

      2324        124          0          0        324       1736   c_t.l

    ----------------------------------------------------------------------
      2332        124          0          0        324       1736   Library Totals

    ----------------------------------------------------------------------

==============================================================================


      Code (inc. data)   RO Data    RW Data    ZI Data      Debug   

     13660       1172         76         92      20132      72575   Grand Totals
     13660       1172         76         92      20132      72575   ELF Image Totals
     13660       1172         76         92          0          0   ROM Totals

==============================================================================

    Total RO  Size (Code + RO Data)                13736 (  13.41kB)
    Total RW  Size (RW Data + ZI Data)             20224 (  19.75kB)
    Total ROM Size (Code + RO Data + RW Data)      13828 (  13.50kB)

==============================================================================

