Component: ARM Compiler 5.06 update 6 (build 750) Tool: armlink [4d35ed]

==============================================================================

Section Cross References

    main.o(i.blink_v1) refers to drv_leds.o(i.drv_led_establecer) for drv_led_establecer
    main.o(i.blink_v1) refers to drv_leds.o(i.drv_led_conmutar) for drv_led_conmutar
    main.o(i.blink_v2) refers to drv_leds.o(i.drv_led_establecer) for drv_led_establecer
    main.o(i.blink_v2) refers to drv_tiempo.o(i.drv_tiempo_actual_ms) for drv_tiempo_actual_ms
    main.o(i.blink_v2) refers to drv_tiempo.o(i.drv_tiempo_esperar_hasta_ms) for drv_tiempo_esperar_hasta_ms
    main.o(i.blink_v2) refers to drv_leds.o(i.drv_led_conmutar) for drv_led_conmutar
    main.o(i.blink_v3) refers to drv_consumo.o(i.drv_consumo_iniciar) for drv_consumo_iniciar
    main.o(i.blink_v3) refers to drv_leds.o(i.drv_led_establecer) for drv_led_establecer
    main.o(i.blink_v3) refers to drv_tiempo.o(i.drv_tiempo_periodico_ms) for drv_tiempo_periodico_ms
    main.o(i.blink_v3) refers to drv_consumo.o(i.drv_consumo_esperar) for drv_consumo_esperar
    main.o(i.blink_v3) refers to main.o(i.leds_c) for leds_c
    main.o(i.blink_v3_bis) refers to drv_monitor.o(i.drv_monitor_iniciar) for drv_monitor_iniciar
    main.o(i.blink_v3_bis) refers to drv_consumo.o(i.drv_consumo_iniciar) for drv_consumo_iniciar
    main.o(i.blink_v3_bis) refers to drv_botones.o(i.drv_botones_iniciar) for drv_botones_iniciar
    main.o(i.blink_v3_bis) refers to drv_tiempo.o(i.drv_tiempo_periodico_ms) for drv_tiempo_periodico_ms
    main.o(i.blink_v3_bis) refers to drv_consumo.o(i.drv_consumo_esperar) for drv_consumo_esperar
    main.o(i.blink_v3_bis) refers to drv_consumo.o(i.drv_consumo_dormir) for drv_consumo_dormir
    main.o(i.blink_v3_bis) refers to main.o(i.drv_boton_estado_actualizar) for drv_boton_estado_actualizar
    main.o(i.blink_v3_bis) refers to main.o(i.leds_c) for leds_c
    main.o(i.blink_v4) refers to drv_consumo.o(i.drv_consumo_iniciar) for drv_consumo_iniciar
    main.o(i.blink_v4) refers to drv_monitor.o(i.drv_monitor_iniciar) for drv_monitor_iniciar
    main.o(i.blink_v4) refers to rt_fifo.o(i.rt_FIFO_inicializar) for rt_FIFO_inicializar
    main.o(i.blink_v4) refers to drv_leds.o(i.drv_led_establecer) for drv_led_establecer
    main.o(i.blink_v4) refers to drv_tiempo.o(i.drv_tiempo_periodico_ms) for drv_tiempo_periodico_ms
    main.o(i.blink_v4) refers to rt_fifo.o(i.rt_FIFO_extraer) for rt_FIFO_extraer
    main.o(i.blink_v4) refers to drv_leds.o(i.drv_led_conmutar) for drv_led_conmutar
    main.o(i.blink_v4) refers to drv_consumo.o(i.drv_consumo_esperar) for drv_consumo_esperar
    main.o(i.blink_v4) refers to rt_fifo.o(i.rt_FIFO_encolar) for rt_FIFO_encolar
    main.o(i.boton_pulsado) refers to drv_leds.o(i.drv_led_conmutar) for drv_led_conmutar
    main.o(i.boton_pulsado) refers to drv_sc.o(i.drv_sc_disable) for drv_sc_disable
    main.o(i.boton_pulsado) refers to drv_botones.o(i.drv_botones_actualizar) for drv_botones_actualizar
    main.o(i.boton_pulsado) refers to drv_sc.o(i.drv_sc_enable) for drv_sc_enable
    main.o(i.leds_c) refers to drv_monitor.o(i.drv_monitor_desmarcar) for drv_monitor_desmarcar
    main.o(i.leds_c) refers to drv_leds.o(i.drv_led_conmutar) for drv_led_conmutar
    main.o(i.leds_c) refers to drv_monitor.o(i.drv_monitor_marcar) for drv_monitor_marcar
    main.o(i.main) refers to drv_tiempo.o(i.drv_tiempo_iniciar) for drv_tiempo_iniciar
    main.o(i.main) refers to hal_gpio_lpc.o(i.hal_gpio_iniciar) for hal_gpio_iniciar
    main.o(i.main) refers to drv_leds.o(i.drv_leds_iniciar) for drv_leds_iniciar
    main.o(i.main) refers to main.o(i.test_uart) for test_uart
    main.o(i.test_botones) refers to drv_consumo.o(i.drv_consumo_iniciar) for drv_consumo_iniciar
    main.o(i.test_botones) refers to drv_monitor.o(i.drv_monitor_iniciar) for drv_monitor_iniciar
    main.o(i.test_botones) refers to rt_ge.o(i.rt_GE_iniciar) for rt_GE_iniciar
    main.o(i.test_botones) refers to rt_fifo.o(i.rt_FIFO_inicializar) for rt_FIFO_inicializar
    main.o(i.test_botones) refers to drv_botones.o(i.drv_botones_iniciar) for drv_botones_iniciar
    main.o(i.test_botones) refers to rt_ge.o(i.rt_GE_lanzador) for rt_GE_lanzador
    main.o(i.test_botones) refers to main.o(i.boton_pulsado) for boton_pulsado
    main.o(i.test_overflow) refers to drv_monitor.o(i.drv_monitor_iniciar) for drv_monitor_iniciar
    main.o(i.test_overflow) refers to rt_fifo.o(i.rt_FIFO_inicializar) for rt_FIFO_inicializar
    main.o(i.test_overflow) refers to rt_fifo.o(i.rt_FIFO_encolar) for rt_FIFO_encolar
    main.o(i.test_uart) refers to drv_uart.o(i.drv_uart_init) for drv_uart_init
    main.o(i.test_uart) refers to drv_uart.o(i.drv_uart_puts) for drv_uart_puts
    main.o(i.test_uart) refers to drv_uart.o(i.drv_uart_putint) for drv_uart_putint
    main.o(i.test_uart) refers to drv_uart.o(i.drv_uart_data_available) for drv_uart_data_available
    main.o(i.test_uart) refers to drv_uart.o(i.drv_uart_getchar) for drv_uart_getchar
    main.o(i.test_uart) refers to drv_uart.o(i.drv_uart_putchar) for drv_uart_putchar
    main.o(i.test_watchdog) refers to drv_wdt.o(i.drv_wdt_iniciar) for drv_wdt_iniciar
    main.o(i.test_watchdog) refers to rt_ge.o(i.rt_GE_iniciar) for rt_GE_iniciar
    main.o(i.test_watchdog) refers to main.o(i.test_overflow) for test_overflow
    drv_leds.o(i.drv_led_conmutar) refers to drv_leds.o(i.led_id_valido) for led_id_valido
    drv_leds.o(i.drv_led_conmutar) refers to drv_leds.o(i.drv_led_estado) for drv_led_estado
    drv_leds.o(i.drv_led_conmutar) refers to drv_leds.o(i.drv_led_establecer) for drv_led_establecer
    drv_leds.o(i.drv_led_establecer) refers to drv_leds.o(i.led_id_valido) for led_id_valido
    drv_leds.o(i.drv_led_establecer) refers to drv_leds.o(i.hw_level_from_status) for hw_level_from_status
    drv_leds.o(i.drv_led_establecer) refers to hal_gpio_lpc.o(i.hal_gpio_escribir) for hal_gpio_escribir
    drv_leds.o(i.drv_led_establecer) refers to drv_leds.o(.constdata) for s_led_list
    drv_leds.o(i.drv_led_estado) refers to drv_leds.o(i.led_id_valido) for led_id_valido
    drv_leds.o(i.drv_led_estado) refers to hal_gpio_lpc.o(i.hal_gpio_leer) for hal_gpio_leer
    drv_leds.o(i.drv_led_estado) refers to drv_leds.o(.constdata) for s_led_list
    drv_leds.o(i.drv_leds_iniciar) refers to hal_gpio_lpc.o(i.hal_gpio_sentido) for hal_gpio_sentido
    drv_leds.o(i.drv_leds_iniciar) refers to drv_leds.o(i.hw_level_from_status) for hw_level_from_status
    drv_leds.o(i.drv_leds_iniciar) refers to hal_gpio_lpc.o(i.hal_gpio_escribir) for hal_gpio_escribir
    drv_leds.o(i.drv_leds_iniciar) refers to drv_leds.o(.constdata) for s_led_list
    drv_tiempo.o(i.callback_wrapper_interno) refers to drv_tiempo.o(.data) for s_callback_usuario
    drv_tiempo.o(i.drv_tiempo_actual_ms) refers to drv_tiempo.o(i.drv_tiempo_actual_us) for drv_tiempo_actual_us
    drv_tiempo.o(i.drv_tiempo_actual_ms) refers to lludiv.o(.text) for __aeabi_uldivmod
    drv_tiempo.o(i.drv_tiempo_actual_us) refers to hal_tiempo_lpc.o(i.hal_tiempo_actual_tick64) for hal_tiempo_actual_tick64
    drv_tiempo.o(i.drv_tiempo_actual_us) refers to lludiv.o(.text) for __aeabi_uldivmod
    drv_tiempo.o(i.drv_tiempo_actual_us) refers to drv_tiempo.o(.bss) for info
    drv_tiempo.o(i.drv_tiempo_esperar_hasta_ms) refers to drv_tiempo.o(i.drv_tiempo_actual_ms) for drv_tiempo_actual_ms
    drv_tiempo.o(i.drv_tiempo_esperar_ms) refers to drv_tiempo.o(i.drv_tiempo_actual_ms) for drv_tiempo_actual_ms
    drv_tiempo.o(i.drv_tiempo_iniciar) refers to hal_tiempo_lpc.o(i.hal_tiempo_iniciar_tick) for hal_tiempo_iniciar_tick
    drv_tiempo.o(i.drv_tiempo_iniciar) refers to drv_tiempo.o(.bss) for info
    drv_tiempo.o(i.drv_tiempo_periodico_ms) refers to hal_tiempo_lpc.o(i.hal_iniciar_T0) for hal_iniciar_T0
    drv_tiempo.o(i.drv_tiempo_periodico_ms) refers to hal_tiempo_lpc.o(i.hal_tiempo_reloj_periodico_tick) for hal_tiempo_reloj_periodico_tick
    drv_tiempo.o(i.drv_tiempo_periodico_ms) refers to drv_tiempo.o(.data) for s_callback_usuario
    drv_tiempo.o(i.drv_tiempo_periodico_ms) refers to drv_tiempo.o(.bss) for info
    drv_tiempo.o(i.drv_tiempo_periodico_ms) refers to drv_tiempo.o(i.callback_wrapper_interno) for callback_wrapper_interno
    drv_consumo.o(i.drv_consumo_dormir) refers to hal_ext_int_lpc.o(i.hal_ext_int_clear) for hal_ext_int_clear
    drv_consumo.o(i.drv_consumo_dormir) refers to hal_consumo_lpc.o(i.hal_consumo_dormir) for hal_consumo_dormir
    drv_consumo.o(i.drv_consumo_dormir) refers to drv_monitor.o(i.drv_monitor_marcar) for drv_monitor_marcar
    drv_consumo.o(i.drv_consumo_dormir) refers to drv_consumo.o(.data) for monitor_id
    drv_consumo.o(i.drv_consumo_esperar) refers to drv_monitor.o(i.drv_monitor_desmarcar) for drv_monitor_desmarcar
    drv_consumo.o(i.drv_consumo_esperar) refers to hal_consumo_lpc.o(i.hal_consumo_esperar) for hal_consumo_esperar
    drv_consumo.o(i.drv_consumo_esperar) refers to drv_monitor.o(i.drv_monitor_marcar) for drv_monitor_marcar
    drv_consumo.o(i.drv_consumo_esperar) refers to drv_consumo.o(.data) for monitor_id
    drv_consumo.o(i.drv_consumo_iniciar) refers to hal_consumo_lpc.o(i.hal_consumo_iniciar) for hal_consumo_iniciar
    drv_consumo.o(i.drv_consumo_iniciar) refers to drv_monitor.o(i.drv_monitor_iniciar) for drv_monitor_iniciar
    drv_consumo.o(i.drv_consumo_iniciar) refers to drv_consumo.o(.data) for monitor_id
    drv_monitor.o(i.drv_monitor_desmarcar) refers to drv_monitor.o(i.monitor_id_valido) for monitor_id_valido
    drv_monitor.o(i.drv_monitor_desmarcar) refers to drv_monitor.o(i.hw_level_from_state) for hw_level_from_state
    drv_monitor.o(i.drv_monitor_desmarcar) refers to hal_gpio_lpc.o(i.hal_gpio_escribir) for hal_gpio_escribir
    drv_monitor.o(i.drv_monitor_desmarcar) refers to drv_monitor.o(.constdata) for s_monitor_list
    drv_monitor.o(i.drv_monitor_iniciar) refers to hal_gpio_lpc.o(i.hal_gpio_sentido) for hal_gpio_sentido
    drv_monitor.o(i.drv_monitor_iniciar) refers to drv_monitor.o(i.hw_level_from_state) for hw_level_from_state
    drv_monitor.o(i.drv_monitor_iniciar) refers to hal_gpio_lpc.o(i.hal_gpio_escribir) for hal_gpio_escribir
    drv_monitor.o(i.drv_monitor_iniciar) refers to drv_monitor.o(.constdata) for s_monitor_list
    drv_monitor.o(i.drv_monitor_marcar) refers to drv_monitor.o(i.monitor_id_valido) for monitor_id_valido
    drv_monitor.o(i.drv_monitor_marcar) refers to drv_monitor.o(i.hw_level_from_state) for hw_level_from_state
    drv_monitor.o(i.drv_monitor_marcar) refers to hal_gpio_lpc.o(i.hal_gpio_escribir) for hal_gpio_escribir
    drv_monitor.o(i.drv_monitor_marcar) refers to drv_monitor.o(.constdata) for s_monitor_list
    rt_fifo.o(i.rt_FIFO_encolar) refers to drv_monitor.o(i.drv_monitor_marcar) for drv_monitor_marcar
    rt_fifo.o(i.rt_FIFO_encolar) refers to drv_leds.o(i.drv_led_establecer) for drv_led_establecer
    rt_fifo.o(i.rt_FIFO_encolar) refers to drv_tiempo.o(i.drv_tiempo_actual_us) for drv_tiempo_actual_us
    rt_fifo.o(i.rt_FIFO_encolar) refers to rt_fifo.o(.bss) for fifo
    rt_fifo.o(i.rt_FIFO_estadisticas) refers to rt_fifo.o(.bss) for estadisticas
    rt_fifo.o(i.rt_FIFO_extraer) refers to rt_fifo.o(.bss) for fifo
    rt_fifo.o(i.rt_FIFO_inicializar) refers to rt_fifo.o(.bss) for fifo
    drv_botones.o(i.drv_botones_actualizar) refers to drv_botones.o(i.drv_botones_encontrar_indice) for drv_botones_encontrar_indice
    drv_botones.o(i.drv_botones_actualizar) refers to hal_ext_int_lpc.o(i.hal_ext_int_deshabilitar_int) for hal_ext_int_deshabilitar_int
    drv_botones.o(i.drv_botones_actualizar) refers to svc_alarma.o(i.svc_alarma_codificar) for svc_alarma_codificar
    drv_botones.o(i.drv_botones_actualizar) refers to svc_alarma.o(i.svc_alarma_activar) for svc_alarma_activar
    drv_botones.o(i.drv_botones_actualizar) refers to hal_ext_int_lpc.o(i.pin_to_gpio) for pin_to_gpio
    drv_botones.o(i.drv_botones_actualizar) refers to hal_gpio_lpc.o(i.hal_gpio_leer) for hal_gpio_leer
    drv_botones.o(i.drv_botones_actualizar) refers to hal_ext_int_lpc.o(i.pin_to_eint) for pin_to_eint
    drv_botones.o(i.drv_botones_actualizar) refers to hal_ext_int_lpc.o(i.hal_ext_int_clear_flag) for hal_ext_int_clear_flag
    drv_botones.o(i.drv_botones_actualizar) refers to hal_ext_int_lpc.o(i.hal_ext_int_habilitar_int) for hal_ext_int_habilitar_int
    drv_botones.o(i.drv_botones_actualizar) refers to drv_botones.o(.bss) for botones
    drv_botones.o(i.drv_botones_encontrar_indice) refers to drv_botones.o(.bss) for botones
    drv_botones.o(i.drv_botones_iniciar) refers to hal_ext_int_lpc.o(i.hal_ext_int_iniciar) for hal_ext_int_iniciar
    drv_botones.o(i.drv_botones_iniciar) refers to svc_alarma.o(i.svc_alarma_iniciar) for svc_alarma_iniciar
    drv_botones.o(i.drv_botones_iniciar) refers to hal_ext_int_lpc.o(i.hal_ext_int_habilitar_int) for hal_ext_int_habilitar_int
    drv_botones.o(i.drv_botones_iniciar) refers to hal_ext_int_lpc.o(i.hal_ext_int_habilitar_despertar) for hal_ext_int_habilitar_despertar
    drv_botones.o(i.drv_botones_iniciar) refers to hal_gpio_lpc.o(i.hal_gpio_sentido) for hal_gpio_sentido
    drv_botones.o(i.drv_botones_iniciar) refers to rt_ge.o(i.svc_GE_suscribir) for svc_GE_suscribir
    drv_botones.o(i.drv_botones_iniciar) refers to rt_fifo.o(i.rt_FIFO_encolar) for rt_FIFO_encolar
    drv_botones.o(i.drv_botones_iniciar) refers to drv_botones.o(.bss) for botones
    drv_botones.o(i.drv_botones_iniciar) refers to drv_botones.o(.constdata) for lista_botones
    drv_botones.o(i.drv_botones_iniciar) refers to drv_botones.o(i.drv_botones_actualizar) for drv_botones_actualizar
    rt_ge.o(i.rt_GE_actualizar) refers to drv_consumo.o(i.drv_consumo_dormir) for drv_consumo_dormir
    rt_ge.o(i.rt_GE_actualizar) refers to svc_alarma.o(i.svc_alarma_codificar) for svc_alarma_codificar
    rt_ge.o(i.rt_GE_actualizar) refers to svc_alarma.o(i.svc_alarma_activar) for svc_alarma_activar
    rt_ge.o(i.rt_GE_actualizar) refers to rt_ge.o(.data) for contador_inactividad
    rt_ge.o(i.rt_GE_iniciar) refers to rt_ge.o(i.svc_GE_suscribir) for svc_GE_suscribir
    rt_ge.o(i.rt_GE_iniciar) refers to rt_ge.o(.data) for monitor_overflow
    rt_ge.o(i.rt_GE_iniciar) refers to rt_ge.o(.bss) for tabla_suscripciones
    rt_ge.o(i.rt_GE_iniciar) refers to rt_ge.o(i.rt_GE_actualizar) for rt_GE_actualizar
    rt_ge.o(i.rt_GE_lanzador) refers to svc_alarma.o(i.svc_alarma_codificar) for svc_alarma_codificar
    rt_ge.o(i.rt_GE_lanzador) refers to svc_alarma.o(i.svc_alarma_activar) for svc_alarma_activar
    rt_ge.o(i.rt_GE_lanzador) refers to rt_fifo.o(i.rt_FIFO_extraer) for rt_FIFO_extraer
    rt_ge.o(i.rt_GE_lanzador) refers to drv_wdt.o(i.drv_wdt_feed) for drv_wdt_feed
    rt_ge.o(i.rt_GE_lanzador) refers to drv_consumo.o(i.drv_consumo_esperar) for drv_consumo_esperar
    rt_ge.o(i.rt_GE_lanzador) refers to rt_ge.o(.data) for contador_inactividad
    rt_ge.o(i.rt_GE_lanzador) refers to rt_ge.o(.bss) for tabla_suscripciones
    rt_ge.o(i.svc_GE_cancelar) refers to rt_ge.o(.bss) for tabla_suscripciones
    rt_ge.o(i.svc_GE_suscribir) refers to drv_monitor.o(i.drv_monitor_marcar) for drv_monitor_marcar
    rt_ge.o(i.svc_GE_suscribir) refers to rt_ge.o(.bss) for tabla_suscripciones
    rt_ge.o(i.svc_GE_suscribir) refers to rt_ge.o(.data) for monitor_overflow
    svc_alarma.o(i.svc_alarma_activar) refers to drv_monitor.o(i.drv_monitor_marcar) for drv_monitor_marcar
    svc_alarma.o(i.svc_alarma_activar) refers to svc_alarma.o(.bss) for alarmas
    svc_alarma.o(i.svc_alarma_activar) refers to svc_alarma.o(.data) for monitor_overflow
    svc_alarma.o(i.svc_alarma_actualizar) refers to svc_alarma.o(.bss) for alarmas
    svc_alarma.o(i.svc_alarma_actualizar) refers to svc_alarma.o(.data) for f_cb
    svc_alarma.o(i.svc_alarma_iniciar) refers to drv_tiempo.o(i.drv_tiempo_periodico_ms) for drv_tiempo_periodico_ms
    svc_alarma.o(i.svc_alarma_iniciar) refers to rt_ge.o(i.svc_GE_suscribir) for svc_GE_suscribir
    svc_alarma.o(i.svc_alarma_iniciar) refers to svc_alarma.o(.data) for monitor_overflow
    svc_alarma.o(i.svc_alarma_iniciar) refers to svc_alarma.o(.bss) for alarmas
    svc_alarma.o(i.svc_alarma_iniciar) refers to svc_alarma.o(i.svc_alarma_actualizar) for svc_alarma_actualizar
    bit_counter_strike.o(i.actualizar_bit_counter_strike) refers to hal_random_lpc.o(i.random_value) for random_value
    bit_counter_strike.o(i.actualizar_bit_counter_strike) refers to drv_leds.o(i.drv_led_establecer) for drv_led_establecer
    bit_counter_strike.o(i.actualizar_bit_counter_strike) refers to svc_alarma.o(i.svc_alarma_codificar) for svc_alarma_codificar
    bit_counter_strike.o(i.actualizar_bit_counter_strike) refers to svc_alarma.o(i.svc_alarma_activar) for svc_alarma_activar
    bit_counter_strike.o(i.actualizar_bit_counter_strike) refers to bit_counter_strike.o(.data) for boton
    bit_counter_strike.o(i.bit_counter_strike) refers to drv_monitor.o(i.drv_monitor_iniciar) for drv_monitor_iniciar
    bit_counter_strike.o(i.bit_counter_strike) refers to drv_consumo.o(i.drv_consumo_iniciar) for drv_consumo_iniciar
    bit_counter_strike.o(i.bit_counter_strike) refers to rt_fifo.o(i.rt_FIFO_inicializar) for rt_FIFO_inicializar
    bit_counter_strike.o(i.bit_counter_strike) refers to rt_ge.o(i.rt_GE_iniciar) for rt_GE_iniciar
    bit_counter_strike.o(i.bit_counter_strike) refers to drv_botones.o(i.drv_botones_iniciar) for drv_botones_iniciar
    bit_counter_strike.o(i.bit_counter_strike) refers to svc_alarma.o(i.svc_alarma_codificar) for svc_alarma_codificar
    bit_counter_strike.o(i.bit_counter_strike) refers to svc_alarma.o(i.svc_alarma_activar) for svc_alarma_activar
    bit_counter_strike.o(i.bit_counter_strike) refers to rt_ge.o(i.svc_GE_suscribir) for svc_GE_suscribir
    bit_counter_strike.o(i.bit_counter_strike) refers to drv_tiempo.o(i.drv_tiempo_actual_us) for drv_tiempo_actual_us
    bit_counter_strike.o(i.bit_counter_strike) refers to hal_random_lpc.o(i.random_iniciar) for random_iniciar
    bit_counter_strike.o(i.bit_counter_strike) refers to drv_wdt.o(i.drv_wdt_iniciar) for drv_wdt_iniciar
    bit_counter_strike.o(i.bit_counter_strike) refers to bit_counter_strike.o(i.iniciarBCS) for iniciarBCS
    bit_counter_strike.o(i.bit_counter_strike) refers to rt_ge.o(i.rt_GE_lanzador) for rt_GE_lanzador
    bit_counter_strike.o(i.bit_counter_strike) refers to bit_counter_strike.o(.data) for numLeds
    bit_counter_strike.o(i.bit_counter_strike) refers to bit_counter_strike.o(i.manejador_interrupcion_botones) for manejador_interrupcion_botones
    bit_counter_strike.o(i.bit_counter_strike) refers to bit_counter_strike.o(i.actualizar_bit_counter_strike) for actualizar_bit_counter_strike
    bit_counter_strike.o(i.bit_counter_strike) refers to bit_counter_strike.o(i.timeout_led) for timeout_led
    bit_counter_strike.o(i.iniciarBCS) refers to drv_leds.o(i.drv_led_establecer) for drv_led_establecer
    bit_counter_strike.o(i.iniciarBCS) refers to drv_consumo.o(i.drv_consumo_esperar) for drv_consumo_esperar
    bit_counter_strike.o(i.iniciarBCS) refers to bit_counter_strike.o(.data) for numLeds
    bit_counter_strike.o(i.manejador_interrupcion_botones) refers to drv_botones.o(i.drv_botones_actualizar) for drv_botones_actualizar
    bit_counter_strike.o(i.manejador_interrupcion_botones) refers to rt_fifo.o(i.rt_FIFO_encolar) for rt_FIFO_encolar
    bit_counter_strike.o(i.timeout_led) refers to drv_leds.o(i.drv_led_establecer) for drv_led_establecer
    bit_counter_strike.o(i.timeout_led) refers to bit_counter_strike.o(.data) for led
    drv_sc.o(i.drv_sc_disable) refers to hal_sc_lpc.o(i.hal_sc_disable) for hal_sc_disable
    drv_sc.o(i.drv_sc_disable) refers to drv_sc.o(.data) for anid_sc
    drv_sc.o(i.drv_sc_enable) refers to hal_sc_lpc.o(i.hal_sc_restaurar) for hal_sc_restaurar
    drv_sc.o(i.drv_sc_enable) refers to drv_sc.o(.data) for anid_sc
    drv_wdt.o(i.drv_wdt_feed) refers to drv_sc.o(i.drv_sc_disable) for drv_sc_disable
    drv_wdt.o(i.drv_wdt_feed) refers to hal_wdt_lpc.o(i.hal_wdt_feed) for hal_wdt_feed
    drv_wdt.o(i.drv_wdt_feed) refers to drv_sc.o(i.drv_sc_enable) for drv_sc_enable
    drv_wdt.o(i.drv_wdt_iniciar) refers to drv_sc.o(i.drv_sc_disable) for drv_sc_disable
    drv_wdt.o(i.drv_wdt_iniciar) refers to hal_wdt_lpc.o(i.hal_wdt_iniciar) for hal_wdt_iniciar
    drv_wdt.o(i.drv_wdt_iniciar) refers to drv_sc.o(i.drv_sc_enable) for drv_sc_enable
    guitar_hero.o(i.comprobar_acierto) refers to guitar_hero.o(.data) for led_1_encendido
    guitar_hero.o(i.estadisticas_guitar_hero) refers to drv_uart.o(i.drv_uart_puts) for drv_uart_puts
    guitar_hero.o(i.estadisticas_guitar_hero) refers to drv_uart.o(i.drv_uart_putint) for drv_uart_putint
    guitar_hero.o(i.estadisticas_guitar_hero) refers to guitar_hero.o(.data) for aciertos
    guitar_hero.o(i.evento_guitar_hero) refers to rt_fifo.o(i.rt_FIFO_encolar) for rt_FIFO_encolar
    guitar_hero.o(i.evento_guitar_hero) refers to guitar_hero.o(i.modificar_puntuacion) for modificar_puntuacion
    guitar_hero.o(i.evento_guitar_hero) refers to svc_alarma.o(i.svc_alarma_codificar) for svc_alarma_codificar
    guitar_hero.o(i.evento_guitar_hero) refers to svc_alarma.o(i.svc_alarma_activar) for svc_alarma_activar
    guitar_hero.o(i.evento_guitar_hero) refers to drv_leds.o(i.drv_led_establecer) for drv_led_establecer
    guitar_hero.o(i.evento_guitar_hero) refers to guitar_hero.o(i.obtener_notas) for obtener_notas
    guitar_hero.o(i.evento_guitar_hero) refers to guitar_hero.o(.data) for notas_restantes
    guitar_hero.o(i.fin_partida_guitar_hero) refers to svc_alarma.o(i.svc_alarma_codificar) for svc_alarma_codificar
    guitar_hero.o(i.fin_partida_guitar_hero) refers to svc_alarma.o(i.svc_alarma_activar) for svc_alarma_activar
    guitar_hero.o(i.fin_partida_guitar_hero) refers to rt_ge.o(i.svc_GE_cancelar) for svc_GE_cancelar
    guitar_hero.o(i.fin_partida_guitar_hero) refers to guitar_hero.o(i.estadisticas_guitar_hero) for estadisticas_guitar_hero
    guitar_hero.o(i.fin_partida_guitar_hero) refers to guitar_hero.o(i.partida_guitar_hero) for partida_guitar_hero
    guitar_hero.o(i.fin_partida_guitar_hero) refers to guitar_hero.o(i.evento_guitar_hero) for evento_guitar_hero
    guitar_hero.o(i.fin_partida_guitar_hero) refers to guitar_hero.o(.data) for en_partida
    guitar_hero.o(i.guitar_hero) refers to drv_monitor.o(i.drv_monitor_iniciar) for drv_monitor_iniciar
    guitar_hero.o(i.guitar_hero) refers to drv_consumo.o(i.drv_consumo_iniciar) for drv_consumo_iniciar
    guitar_hero.o(i.guitar_hero) refers to rt_fifo.o(i.rt_FIFO_inicializar) for rt_FIFO_inicializar
    guitar_hero.o(i.guitar_hero) refers to rt_ge.o(i.rt_GE_iniciar) for rt_GE_iniciar
    guitar_hero.o(i.guitar_hero) refers to drv_wdt.o(i.drv_wdt_iniciar) for drv_wdt_iniciar
    guitar_hero.o(i.guitar_hero) refers to drv_botones.o(i.drv_botones_iniciar) for drv_botones_iniciar
    guitar_hero.o(i.guitar_hero) refers to rt_ge.o(i.svc_GE_suscribir) for svc_GE_suscribir
    guitar_hero.o(i.guitar_hero) refers to drv_uart.o(i.drv_uart_init) for drv_uart_init
    guitar_hero.o(i.guitar_hero) refers to guitar_hero.o(i.partida_guitar_hero) for partida_guitar_hero
    guitar_hero.o(i.guitar_hero) refers to guitar_hero.o(.data) for leds
    guitar_hero.o(i.guitar_hero) refers to guitar_hero.o(i.manejador_interrupcion_botones_gh) for manejador_interrupcion_botones_gh
    guitar_hero.o(i.guitar_hero) refers to guitar_hero.o(i.fin_partida_guitar_hero) for fin_partida_guitar_hero
    guitar_hero.o(i.guitar_hero) refers to guitar_hero.o(i.evento_guitar_hero) for evento_guitar_hero
    guitar_hero.o(i.main_secuencias_gh) refers to svc_alarma.o(i.svc_alarma_codificar) for svc_alarma_codificar
    guitar_hero.o(i.main_secuencias_gh) refers to svc_alarma.o(i.svc_alarma_activar) for svc_alarma_activar
    guitar_hero.o(i.main_secuencias_gh) refers to rt_ge.o(i.svc_GE_suscribir) for svc_GE_suscribir
    guitar_hero.o(i.main_secuencias_gh) refers to guitar_hero.o(.data) for palpitaciones
    guitar_hero.o(i.main_secuencias_gh) refers to guitar_hero.o(i.sec_inicio_gh) for sec_inicio_gh
    guitar_hero.o(i.main_secuencias_gh) refers to guitar_hero.o(i.sec_fin_gh) for sec_fin_gh
    guitar_hero.o(i.manejador_interrupcion_botones_fin) refers to guitar_hero.o(i.sec_fin_gh) for sec_fin_gh
    guitar_hero.o(i.manejador_interrupcion_botones_gh) refers to guitar_hero.o(i.manejador_interrupcion_botones_juego) for manejador_interrupcion_botones_juego
    guitar_hero.o(i.manejador_interrupcion_botones_gh) refers to guitar_hero.o(i.manejador_interrupcion_botones_fin) for manejador_interrupcion_botones_fin
    guitar_hero.o(i.manejador_interrupcion_botones_gh) refers to guitar_hero.o(.data) for en_partida
    guitar_hero.o(i.manejador_interrupcion_botones_juego) refers to drv_botones.o(i.drv_botones_actualizar) for drv_botones_actualizar
    guitar_hero.o(i.manejador_interrupcion_botones_juego) refers to rt_fifo.o(i.rt_FIFO_encolar) for rt_FIFO_encolar
    guitar_hero.o(i.manejador_interrupcion_botones_juego) refers to guitar_hero.o(i.sec_fin_gh) for sec_fin_gh
    guitar_hero.o(i.manejador_interrupcion_botones_juego) refers to guitar_hero.o(.data) for notas_restantes
    guitar_hero.o(i.modificar_puntuacion) refers to guitar_hero.o(i.comprobar_acierto) for comprobar_acierto
    guitar_hero.o(i.modificar_puntuacion) refers to guitar_hero.o(.data) for racha
    guitar_hero.o(i.obtener_notas) refers to rt_memcpy_w.o(.text) for __aeabi_memcpy4
    guitar_hero.o(i.obtener_notas) refers to guitar_hero.o(.data) for notas_restantes
    guitar_hero.o(i.partida_guitar_hero) refers to guitar_hero.o(i.main_secuencias_gh) for main_secuencias_gh
    guitar_hero.o(i.partida_guitar_hero) refers to rt_ge.o(i.rt_GE_lanzador) for rt_GE_lanzador
    guitar_hero.o(i.sec_fin_gh) refers to drv_leds.o(i.drv_led_establecer) for drv_led_establecer
    guitar_hero.o(i.sec_fin_gh) refers to drv_consumo.o(i.drv_consumo_esperar) for drv_consumo_esperar
    guitar_hero.o(i.sec_fin_gh) refers to guitar_hero.o(.data) for leds
    guitar_hero.o(i.sec_inicio_gh) refers to drv_leds.o(i.drv_led_establecer) for drv_led_establecer
    guitar_hero.o(i.sec_inicio_gh) refers to svc_alarma.o(i.svc_alarma_codificar) for svc_alarma_codificar
    guitar_hero.o(i.sec_inicio_gh) refers to svc_alarma.o(i.svc_alarma_activar) for svc_alarma_activar
    guitar_hero.o(i.sec_inicio_gh) refers to rt_ge.o(i.svc_GE_cancelar) for svc_GE_cancelar
    guitar_hero.o(i.sec_inicio_gh) refers to rt_ge.o(i.svc_GE_suscribir) for svc_GE_suscribir
    guitar_hero.o(i.sec_inicio_gh) refers to guitar_hero.o(.data) for palpitaciones
    guitar_hero.o(i.sec_inicio_gh) refers to guitar_hero.o(i.evento_guitar_hero) for evento_guitar_hero
    drv_uart.o(i.drv_uart_data_available) refers to hal_uart_lpc.o(i.hal_uart_data_available) for hal_uart_data_available
    drv_uart.o(i.drv_uart_getchar) refers to hal_uart_lpc.o(i.hal_uart_getchar) for hal_uart_getchar
    drv_uart.o(i.drv_uart_init) refers to hal_uart_lpc.o(i.hal_uart_init) for hal_uart_init
    drv_uart.o(i.drv_uart_putchar) refers to hal_uart_lpc.o(i.hal_uart_putchar) for hal_uart_putchar
    drv_uart.o(i.drv_uart_putint) refers to drv_uart.o(i.drv_uart_putchar) for drv_uart_putchar
    drv_uart.o(i.drv_uart_putint) refers to aeabi_sdiv.o(.text) for __aeabi_idivmod
    drv_uart.o(i.drv_uart_puts) refers to hal_uart_lpc.o(i.hal_uart_putchar) for hal_uart_putchar
    hal_tiempo_lpc.o(i.T0_ISR) refers to hal_tiempo_lpc.o(.data) for s_cb
    hal_tiempo_lpc.o(i.T1_ISR) refers to hal_tiempo_lpc.o(.data) for s_overflows_t1
    hal_tiempo_lpc.o(i.hal_tiempo_actual_tick64) refers to hal_tiempo_lpc.o(.data) for s_overflows_t1
    hal_tiempo_lpc.o(i.hal_tiempo_iniciar_tick) refers to hal_tiempo_lpc.o(.data) for s_overflows_t1
    hal_tiempo_lpc.o(i.hal_tiempo_iniciar_tick) refers to hal_tiempo_lpc.o(i.T1_ISR) for T1_ISR
    hal_tiempo_lpc.o(i.hal_tiempo_iniciar_tick) refers to hal_tiempo_lpc.o(.bss) for s_info
    hal_tiempo_lpc.o(i.hal_tiempo_periodico_config_tick) refers to hal_tiempo_lpc.o(i.T0_ISR) for T0_ISR
    hal_tiempo_lpc.o(i.hal_tiempo_periodico_set_callback) refers to hal_tiempo_lpc.o(.data) for s_cb
    hal_tiempo_lpc.o(i.hal_tiempo_reloj_periodico_tick) refers to hal_tiempo_lpc.o(i.hal_tiempo_periodico_config_tick) for hal_tiempo_periodico_config_tick
    hal_tiempo_lpc.o(i.hal_tiempo_reloj_periodico_tick) refers to hal_tiempo_lpc.o(i.hal_tiempo_periodico_set_callback) for hal_tiempo_periodico_set_callback
    hal_tiempo_lpc.o(i.hal_tiempo_reloj_periodico_tick) refers to hal_tiempo_lpc.o(i.hal_tiempo_periodico_enable) for hal_tiempo_periodico_enable
    hal_consumo_lpc.o(i.hal_consumo_dormir) refers to startup.o(.text) for switch_to_PLL
    hal_ext_int_lpc.o(i.EINT_Handler) refers to hal_ext_int_lpc.o(i.hal_ext_int_clear_flag) for hal_ext_int_clear_flag
    hal_ext_int_lpc.o(i.EINT_Handler) refers to hal_ext_int_lpc.o(i.pin_a_eint) for pin_a_eint
    hal_ext_int_lpc.o(i.EINT_Handler) refers to hal_ext_int_lpc.o(.data) for f_cb
    hal_ext_int_lpc.o(i.hal_ext_int_clear_flag) refers to hal_ext_int_lpc.o(i.pin_a_eint) for pin_a_eint
    hal_ext_int_lpc.o(i.hal_ext_int_deshabilitar_despertar) refers to hal_ext_int_lpc.o(i.pin_a_eint) for pin_a_eint
    hal_ext_int_lpc.o(i.hal_ext_int_deshabilitar_int) refers to hal_ext_int_lpc.o(i.pin_a_eint) for pin_a_eint
    hal_ext_int_lpc.o(i.hal_ext_int_deshabilitar_int) refers to hal_ext_int_lpc.o(i.vic_channel) for vic_channel
    hal_ext_int_lpc.o(i.hal_ext_int_habilitar_despertar) refers to hal_ext_int_lpc.o(i.pin_a_eint) for pin_a_eint
    hal_ext_int_lpc.o(i.hal_ext_int_habilitar_int) refers to hal_ext_int_lpc.o(i.pin_a_eint) for pin_a_eint
    hal_ext_int_lpc.o(i.hal_ext_int_habilitar_int) refers to hal_ext_int_lpc.o(i.vic_channel) for vic_channel
    hal_ext_int_lpc.o(i.hal_ext_int_iniciar) refers to hal_ext_int_lpc.o(.data) for f_cb
    hal_ext_int_lpc.o(i.hal_ext_int_iniciar) refers to hal_ext_int_lpc.o(i.EINT_Handler) for EINT_Handler
    hal_ext_int_lpc.o(i.hal_ext_int_leer) refers to hal_ext_int_lpc.o(i.pin_a_eint) for pin_a_eint
    hal_wdt_lpc.o(i.hal_wdt_iniciar) refers to hal_wdt_lpc.o(i.hal_wdt_feed) for hal_wdt_feed
    hal_random_lpc.o(i.random_iniciar) refers to rand.o(.text) for srand
    hal_random_lpc.o(i.random_value) refers to rand.o(.emb_text) for rand
    hal_random_lpc.o(i.random_value) refers to aeabi_sdiv.o(.text_udiv) for __aeabi_uidivmod
    hal_uart_lpc.o(i.hal_uart_init) refers to aeabi_sdiv.o(.text_udiv) for __aeabi_uidivmod
    startup.o(STACK) refers (Special) to heapauxi.o(.text) for __use_two_region_memory
    startup.o(HEAP) refers (Special) to heapauxi.o(.text) for __use_two_region_memory
    startup.o(RESET) refers (Special) to heapauxi.o(.text) for __use_two_region_memory
    startup.o(RESET) refers to startup.o(STACK) for Stack_Top
    startup.o(RESET) refers to __main.o(!!!main) for __main
    startup.o(.text) refers (Special) to heapauxi.o(.text) for __use_two_region_memory
    startup.o(.text) refers to startup.o(HEAP) for Heap_Mem
    startup.o(.text) refers to startup.o(STACK) for Stack_Mem
    rand.o(.emb_text) refers (Special) to libinit2.o(.ARM.Collect$$libinit$$0000000D) for __rt_lib_init_rand_2
    rand.o(.emb_text) refers to rand.o(.text) for _rand_init
    rand.o(.emb_text) refers to rand.o(.bss) for _random_number_data
    rand.o(.text) refers (Special) to libinit2.o(.ARM.Collect$$libinit$$0000000D) for __rt_lib_init_rand_2
    rand.o(.text) refers to rand.o(.bss) for .bss
    rand.o(.bss) refers (Special) to libinit2.o(.ARM.Collect$$libinit$$0000000D) for __rt_lib_init_rand_2
    aeabi_sdiv.o(.text_udiv) refers to aeabi_sdiv.o(.text) for __arm_div2
    aeabi_sdiv_div0.o(.text_udiv) refers to aeabi_sdiv_div0.o(.text) for __arm_div2
    __main.o(!!!main) refers to __rtentry.o(.ARM.Collect$$rtentry$$00000000) for __rt_entry
    __rtentry.o(.ARM.Collect$$rtentry$$00000000) refers (Special) to __rtentry2.o(.ARM.Collect$$rtentry$$0000000A) for __rt_entry_li
    __rtentry.o(.ARM.Collect$$rtentry$$00000000) refers (Special) to __rtentry2.o(.ARM.Collect$$rtentry$$0000000D) for __rt_entry_main
    __rtentry.o(.ARM.Collect$$rtentry$$00000000) refers (Special) to __rtentry2.o(.ARM.Collect$$rtentry$$0000000C) for __rt_entry_postli_1
    __rtentry.o(.ARM.Collect$$rtentry$$00000000) refers (Special) to __rtentry2.o(.ARM.Collect$$rtentry$$00000009) for __rt_entry_postsh_1
    __rtentry.o(.ARM.Collect$$rtentry$$00000000) refers (Special) to __rtentry2.o(.ARM.Collect$$rtentry$$00000002) for __rt_entry_presh_1
    __rtentry.o(.ARM.Collect$$rtentry$$00000000) refers (Special) to __rtentry4.o(.ARM.Collect$$rtentry$$00000004) for __rt_entry_sh
    aeabi_idiv0_sigfpe.o(.text) refers to rt_div0.o(.text) for __rt_div0
    aeabi_ldiv0_sigfpe.o(.text) refers to rt_div0.o(.text) for __rt_div0
    libinit2.o(.ARM.Collect$$libinit$$00000001) refers to fpinit.o(x$fpl$fpinit) for _fp_init
    libinit2.o(.ARM.Collect$$libinit$$0000000D) refers (Weak) to rand.o(.text) for _rand_init
    libinit2.o(.ARM.Collect$$libinit$$00000010) refers to libinit2.o(.ARM.Collect$$libinit$$0000000F) for .ARM.Collect$$libinit$$0000000F
    libinit2.o(.ARM.Collect$$libinit$$00000012) refers to libinit2.o(.ARM.Collect$$libinit$$0000000F) for .ARM.Collect$$libinit$$0000000F
    libinit2.o(.ARM.Collect$$libinit$$00000014) refers to libinit2.o(.ARM.Collect$$libinit$$0000000F) for .ARM.Collect$$libinit$$0000000F
    libinit2.o(.ARM.Collect$$libinit$$00000016) refers to libinit2.o(.ARM.Collect$$libinit$$0000000F) for .ARM.Collect$$libinit$$0000000F
    libinit2.o(.ARM.Collect$$libinit$$00000018) refers to libinit2.o(.ARM.Collect$$libinit$$0000000F) for .ARM.Collect$$libinit$$0000000F
    libinit2.o(.ARM.Collect$$libinit$$00000026) refers to argv_veneer.o(.emb_text) for __ARM_argv_veneer
    libinit2.o(.ARM.Collect$$libinit$$00000027) refers to argv_veneer.o(.emb_text) for __ARM_argv_veneer
    __rtentry2.o(.ARM.Collect$$rtentry$$00000008) refers to boardinit2.o(.text) for _platform_post_stackheap_init
    __rtentry2.o(.ARM.Collect$$rtentry$$0000000A) refers to libinit.o(.ARM.Collect$$libinit$$00000000) for __rt_lib_init
    __rtentry2.o(.ARM.Collect$$rtentry$$0000000B) refers to boardinit3.o(.text) for _platform_post_lib_init
    __rtentry2.o(.ARM.Collect$$rtentry$$0000000D) refers to exit.o(.text) for exit
    __rtentry2.o(.ARM.Collect$$rtentry$$0000000D) refers to main.o(i.main) for main
    __rtentry2.o(.ARM.exidx) refers to __rtentry2.o(.ARM.Collect$$rtentry$$00000001) for .ARM.Collect$$rtentry$$00000001
    __rtentry2.o(.ARM.exidx) refers to __rtentry2.o(.ARM.Collect$$rtentry$$00000008) for .ARM.Collect$$rtentry$$00000008
    __rtentry2.o(.ARM.exidx) refers to __rtentry2.o(.ARM.Collect$$rtentry$$0000000A) for .ARM.Collect$$rtentry$$0000000A
    __rtentry2.o(.ARM.exidx) refers to __rtentry2.o(.ARM.Collect$$rtentry$$0000000B) for .ARM.Collect$$rtentry$$0000000B
    __rtentry2.o(.ARM.exidx) refers to __rtentry2.o(.ARM.Collect$$rtentry$$0000000D) for .ARM.Collect$$rtentry$$0000000D
    __rtentry4.o(.ARM.Collect$$rtentry$$00000004) refers to sys_stackheap_outer.o(.text) for __user_setup_stackheap
    __rtentry4.o(.ARM.exidx) refers to __rtentry4.o(.ARM.Collect$$rtentry$$00000004) for .ARM.Collect$$rtentry$$00000004
    rt_div0.o(.text) refers to defsig_fpe_outer.o(.text) for __rt_SIGFPE
    argv_veneer.o(.emb_text) refers to no_argv.o(.text) for __ARM_get_argv
    sys_stackheap_outer.o(.text) refers to libspace.o(.text) for __user_perproc_libspace
    sys_stackheap_outer.o(.text) refers to startup.o(.text) for __user_initial_stackheap
    exit.o(.text) refers to rtexit.o(.ARM.Collect$$rtexit$$00000000) for __rt_exit
    defsig_fpe_outer.o(.text) refers to defsig_fpe_inner.o(.text) for __rt_SIGFPE_inner
    defsig_fpe_outer.o(.text) refers to defsig_exit.o(.text) for __sig_exit
    defsig_fpe_formal.o(.text) refers to rt_raise.o(.text) for __rt_raise
    _get_argv_nomalloc.o(.text) refers (Special) to hrguard.o(.text) for __heap_region$guard
    _get_argv_nomalloc.o(.text) refers to defsig_rtmem_outer.o(.text) for __rt_SIGRTMEM
    _get_argv_nomalloc.o(.text) refers to sys_command.o(.text) for _sys_command_string
    libinit.o(.ARM.Collect$$libinit$$00000000) refers (Special) to libinit2.o(.ARM.Collect$$libinit$$0000002E) for __rt_lib_init_alloca_1
    libinit.o(.ARM.Collect$$libinit$$00000000) refers (Special) to libinit2.o(.ARM.Collect$$libinit$$0000002C) for __rt_lib_init_argv_1
    libinit.o(.ARM.Collect$$libinit$$00000000) refers (Special) to libinit2.o(.ARM.Collect$$libinit$$0000001B) for __rt_lib_init_atexit_1
    libinit.o(.ARM.Collect$$libinit$$00000000) refers (Special) to libinit2.o(.ARM.Collect$$libinit$$00000021) for __rt_lib_init_clock_1
    libinit.o(.ARM.Collect$$libinit$$00000000) refers (Special) to libinit2.o(.ARM.Collect$$libinit$$00000032) for __rt_lib_init_cpp_1
    libinit.o(.ARM.Collect$$libinit$$00000000) refers (Special) to libinit2.o(.ARM.Collect$$libinit$$00000030) for __rt_lib_init_exceptions_1
    libinit.o(.ARM.Collect$$libinit$$00000000) refers (Special) to libinit2.o(.ARM.Collect$$libinit$$00000002) for __rt_lib_init_fp_1
    libinit.o(.ARM.Collect$$libinit$$00000000) refers (Special) to libinit2.o(.ARM.Collect$$libinit$$0000001F) for __rt_lib_init_fp_trap_1
    libinit.o(.ARM.Collect$$libinit$$00000000) refers (Special) to libinit2.o(.ARM.Collect$$libinit$$00000023) for __rt_lib_init_getenv_1
    libinit.o(.ARM.Collect$$libinit$$00000000) refers (Special) to libinit2.o(.ARM.Collect$$libinit$$0000000A) for __rt_lib_init_heap_1
    libinit.o(.ARM.Collect$$libinit$$00000000) refers (Special) to libinit2.o(.ARM.Collect$$libinit$$00000011) for __rt_lib_init_lc_collate_1
    libinit.o(.ARM.Collect$$libinit$$00000000) refers (Special) to libinit2.o(.ARM.Collect$$libinit$$00000013) for __rt_lib_init_lc_ctype_1
    libinit.o(.ARM.Collect$$libinit$$00000000) refers (Special) to libinit2.o(.ARM.Collect$$libinit$$00000015) for __rt_lib_init_lc_monetary_1
    libinit.o(.ARM.Collect$$libinit$$00000000) refers (Special) to libinit2.o(.ARM.Collect$$libinit$$00000017) for __rt_lib_init_lc_numeric_1
    libinit.o(.ARM.Collect$$libinit$$00000000) refers (Special) to libinit2.o(.ARM.Collect$$libinit$$00000019) for __rt_lib_init_lc_time_1
    libinit.o(.ARM.Collect$$libinit$$00000000) refers (Special) to libinit2.o(.ARM.Collect$$libinit$$00000004) for __rt_lib_init_preinit_1
    libinit.o(.ARM.Collect$$libinit$$00000000) refers (Special) to libinit2.o(.ARM.Collect$$libinit$$0000000E) for __rt_lib_init_rand_1
    libinit.o(.ARM.Collect$$libinit$$00000000) refers (Special) to libinit2.o(.ARM.Collect$$libinit$$00000033) for __rt_lib_init_return
    libinit.o(.ARM.Collect$$libinit$$00000000) refers (Special) to libinit2.o(.ARM.Collect$$libinit$$0000001D) for __rt_lib_init_signal_1
    libinit.o(.ARM.Collect$$libinit$$00000000) refers (Special) to libinit2.o(.ARM.Collect$$libinit$$00000025) for __rt_lib_init_stdio_1
    libinit.o(.ARM.Collect$$libinit$$00000000) refers (Special) to libinit2.o(.ARM.Collect$$libinit$$0000000C) for __rt_lib_init_user_alloc_1
    sys_command.o(.text) refers (Special) to use_no_semi.o(.text) for __I$use$semihosting
    sys_command.o(.text) refers (Special) to indicate_semi.o(.text) for __semihosting_library_function
    libspace.o(.text) refers to libspace.o(.bss) for __libspace_start
    rtexit.o(.ARM.Collect$$rtexit$$00000000) refers (Special) to rtexit2.o(.ARM.Collect$$rtexit$$00000004) for __rt_exit_exit
    rtexit.o(.ARM.Collect$$rtexit$$00000000) refers (Special) to rtexit2.o(.ARM.Collect$$rtexit$$00000003) for __rt_exit_ls
    rtexit.o(.ARM.Collect$$rtexit$$00000000) refers (Special) to rtexit2.o(.ARM.Collect$$rtexit$$00000002) for __rt_exit_prels_1
    rtexit.o(.ARM.exidx) refers (Special) to rtexit2.o(.ARM.Collect$$rtexit$$00000004) for __rt_exit_exit
    rtexit.o(.ARM.exidx) refers (Special) to rtexit2.o(.ARM.Collect$$rtexit$$00000003) for __rt_exit_ls
    rtexit.o(.ARM.exidx) refers (Special) to rtexit2.o(.ARM.Collect$$rtexit$$00000002) for __rt_exit_prels_1
    rtexit.o(.ARM.exidx) refers to rtexit.o(.ARM.Collect$$rtexit$$00000000) for .ARM.Collect$$rtexit$$00000000
    rt_raise.o(.text) refers to __raise.o(.text) for __raise
    rt_raise.o(.text) refers to sys_exit.o(.text) for _sys_exit
    defsig_exit.o(.text) refers to sys_exit.o(.text) for _sys_exit
    defsig_fpe_inner.o(.text) refers to defsig_general.o(.text) for __default_signal_display
    defsig_rtmem_outer.o(.text) refers to defsig_rtmem_inner.o(.text) for __rt_SIGRTMEM_inner
    defsig_rtmem_outer.o(.text) refers to defsig_exit.o(.text) for __sig_exit
    defsig_rtmem_formal.o(.text) refers to rt_raise.o(.text) for __rt_raise
    sys_exit.o(.text) refers (Special) to use_no_semi.o(.text) for __I$use$semihosting
    sys_exit.o(.text) refers (Special) to indicate_semi.o(.text) for __semihosting_library_function
    rtexit2.o(.ARM.Collect$$rtexit$$00000003) refers to libshutdown.o(.ARM.Collect$$libshutdown$$00000000) for __rt_lib_shutdown
    rtexit2.o(.ARM.Collect$$rtexit$$00000004) refers to sys_exit.o(.text) for _sys_exit
    rtexit2.o(.ARM.exidx) refers to rtexit2.o(.ARM.Collect$$rtexit$$00000001) for .ARM.Collect$$rtexit$$00000001
    rtexit2.o(.ARM.exidx) refers to rtexit2.o(.ARM.Collect$$rtexit$$00000003) for .ARM.Collect$$rtexit$$00000003
    rtexit2.o(.ARM.exidx) refers to rtexit2.o(.ARM.Collect$$rtexit$$00000004) for .ARM.Collect$$rtexit$$00000004
    __raise.o(.text) refers to __raise.o(i.__ARM_common_call_via_r2) for __ARM_common_call_via_r2
    __raise.o(.text) refers to defsig.o(CL$$defsig) for __default_signal_handler
    defsig_general.o(.text) refers to sys_wrch.o(.text) for _ttywrch
    defsig_rtmem_inner.o(.text) refers to defsig_general.o(.text) for __default_signal_display
    sys_wrch.o(.text) refers (Special) to use_no_semi.o(.text) for __I$use$semihosting
    sys_wrch.o(.text) refers (Special) to indicate_semi.o(.text) for __semihosting_library_function
    defsig.o(CL$$defsig) refers to defsig_fpe_inner.o(.text) for __rt_SIGFPE_inner
    defsig.o(CL$$defsig) refers to defsig_rtmem_inner.o(.text) for __rt_SIGRTMEM_inner
    libshutdown.o(.ARM.Collect$$libshutdown$$00000000) refers (Special) to libshutdown2.o(.ARM.Collect$$libshutdown$$00000002) for __rt_lib_shutdown_cpp_1
    libshutdown.o(.ARM.Collect$$libshutdown$$00000000) refers (Special) to libshutdown2.o(.ARM.Collect$$libshutdown$$00000007) for __rt_lib_shutdown_fp_trap_1
    libshutdown.o(.ARM.Collect$$libshutdown$$00000000) refers (Special) to libshutdown2.o(.ARM.Collect$$libshutdown$$0000000F) for __rt_lib_shutdown_heap_1
    libshutdown.o(.ARM.Collect$$libshutdown$$00000000) refers (Special) to libshutdown2.o(.ARM.Collect$$libshutdown$$00000010) for __rt_lib_shutdown_return
    libshutdown.o(.ARM.Collect$$libshutdown$$00000000) refers (Special) to libshutdown2.o(.ARM.Collect$$libshutdown$$0000000A) for __rt_lib_shutdown_signal_1
    libshutdown.o(.ARM.Collect$$libshutdown$$00000000) refers (Special) to libshutdown2.o(.ARM.Collect$$libshutdown$$00000004) for __rt_lib_shutdown_stdio_1
    libshutdown.o(.ARM.Collect$$libshutdown$$00000000) refers (Special) to libshutdown2.o(.ARM.Collect$$libshutdown$$0000000C) for __rt_lib_shutdown_user_alloc_1
    defsig_abrt_inner.o(.text) refers to defsig_general.o(.text) for __default_signal_display
    defsig_rtred_inner.o(.text) refers to defsig_general.o(.text) for __default_signal_display
    defsig_stak_inner.o(.text) refers to defsig_general.o(.text) for __default_signal_display
    defsig_pvfn_inner.o(.text) refers to defsig_general.o(.text) for __default_signal_display
    defsig_cppl_inner.o(.text) refers to defsig_general.o(.text) for __default_signal_display
    defsig_segv_inner.o(.text) refers to defsig_general.o(.text) for __default_signal_display
    defsig_other.o(.text) refers to defsig_general.o(.text) for __default_signal_display


==============================================================================

Removing Unused input sections from the image.

    Removing main.o(i.blink_v1), (76 bytes).
    Removing main.o(i.blink_v2), (52 bytes).
    Removing main.o(i.blink_v3), (56 bytes).
    Removing main.o(i.blink_v3_bis), (88 bytes).
    Removing main.o(i.blink_v4), (120 bytes).
    Removing main.o(i.boton_pulsado), (52 bytes).
    Removing main.o(i.drv_boton_estado_actualizar), (4 bytes).
    Removing main.o(i.leds_c), (44 bytes).
    Removing main.o(i.test_botones), (56 bytes).
    Removing main.o(i.test_overflow), (56 bytes).
    Removing main.o(i.test_watchdog), (28 bytes).
    Removing drv_leds.o(i.drv_led_conmutar), (104 bytes).
    Removing drv_leds.o(i.drv_led_establecer), (84 bytes).
    Removing drv_leds.o(i.drv_led_estado), (136 bytes).
    Removing drv_leds.o(i.led_id_valido), (36 bytes).
    Removing drv_tiempo.o(i.callback_wrapper_interno), (64 bytes).
    Removing drv_tiempo.o(i.drv_tiempo_actual_ms), (32 bytes).
    Removing drv_tiempo.o(i.drv_tiempo_actual_us), (48 bytes).
    Removing drv_tiempo.o(i.drv_tiempo_esperar_hasta_ms), (36 bytes).
    Removing drv_tiempo.o(i.drv_tiempo_esperar_ms), (40 bytes).
    Removing drv_tiempo.o(i.drv_tiempo_periodico_ms), (92 bytes).
    Removing drv_tiempo.o(.data), (8 bytes).
    Removing drv_consumo.o(i.drv_consumo_dormir), (40 bytes).
    Removing drv_consumo.o(i.drv_consumo_esperar), (44 bytes).
    Removing drv_consumo.o(i.drv_consumo_iniciar), (36 bytes).
    Removing drv_consumo.o(.data), (4 bytes).
    Removing drv_monitor.o(i.drv_monitor_desmarcar), (80 bytes).
    Removing drv_monitor.o(i.drv_monitor_iniciar), (92 bytes).
    Removing drv_monitor.o(i.drv_monitor_marcar), (80 bytes).
    Removing drv_monitor.o(i.hw_level_from_state), (28 bytes).
    Removing drv_monitor.o(i.monitor_id_valido), (36 bytes).
    Removing drv_monitor.o(.constdata), (16 bytes).
    Removing rt_fifo.o(i.rt_FIFO_encolar), (204 bytes).
    Removing rt_fifo.o(i.rt_FIFO_estadisticas), (36 bytes).
    Removing rt_fifo.o(i.rt_FIFO_extraer), (140 bytes).
    Removing rt_fifo.o(i.rt_FIFO_inicializar), (132 bytes).
    Removing rt_fifo.o(.bss), (2108 bytes).
    Removing drv_botones.o(i.drv_botones_actualizar), (356 bytes).
    Removing drv_botones.o(i.drv_botones_encontrar_indice), (60 bytes).
    Removing drv_botones.o(i.drv_botones_iniciar), (180 bytes).
    Removing drv_botones.o(.bss), (24 bytes).
    Removing drv_botones.o(.constdata), (12 bytes).
    Removing rt_ge.o(i.rt_GE_actualizar), (212 bytes).
    Removing rt_ge.o(i.rt_GE_iniciar), (180 bytes).
    Removing rt_ge.o(i.rt_GE_lanzador), (252 bytes).
    Removing rt_ge.o(i.svc_GE_cancelar), (224 bytes).
    Removing rt_ge.o(i.svc_GE_suscribir), (248 bytes).
    Removing rt_ge.o(.bss), (312 bytes).
    Removing rt_ge.o(.data), (8 bytes).
    Removing svc_alarma.o(i.svc_alarma_activar), (372 bytes).
    Removing svc_alarma.o(i.svc_alarma_actualizar), (256 bytes).
    Removing svc_alarma.o(i.svc_alarma_codificar), (32 bytes).
    Removing svc_alarma.o(i.svc_alarma_iniciar), (124 bytes).
    Removing svc_alarma.o(.bss), (80 bytes).
    Removing svc_alarma.o(.data), (8 bytes).
    Removing bit_counter_strike.o(i.actualizar_bit_counter_strike), (432 bytes).
    Removing bit_counter_strike.o(i.bit_counter_strike), (172 bytes).
    Removing bit_counter_strike.o(i.iniciarBCS), (120 bytes).
    Removing bit_counter_strike.o(i.manejador_interrupcion_botones), (52 bytes).
    Removing bit_counter_strike.o(i.timeout_led), (140 bytes).
    Removing bit_counter_strike.o(.data), (13 bytes).
    Removing drv_sc.o(i.drv_sc_disable), (52 bytes).
    Removing drv_sc.o(i.drv_sc_enable), (92 bytes).
    Removing drv_sc.o(.data), (5 bytes).
    Removing drv_wdt.o(i.drv_wdt_feed), (24 bytes).
    Removing drv_wdt.o(i.drv_wdt_iniciar), (32 bytes).
    Removing guitar_hero.o(i.comprobar_acierto), (76 bytes).
    Removing guitar_hero.o(i.estadisticas_guitar_hero), (368 bytes).
    Removing guitar_hero.o(i.evento_guitar_hero), (416 bytes).
    Removing guitar_hero.o(i.fin_partida_guitar_hero), (184 bytes).
    Removing guitar_hero.o(i.guitar_hero), (200 bytes).
    Removing guitar_hero.o(i.main_secuencias_gh), (128 bytes).
    Removing guitar_hero.o(i.manejador_interrupcion_botones_fin), (20 bytes).
    Removing guitar_hero.o(i.manejador_interrupcion_botones_gh), (76 bytes).
    Removing guitar_hero.o(i.manejador_interrupcion_botones_juego), (96 bytes).
    Removing guitar_hero.o(i.modificar_puntuacion), (292 bytes).
    Removing guitar_hero.o(i.obtener_notas), (120 bytes).
    Removing guitar_hero.o(i.partida_guitar_hero), (24 bytes).
    Removing guitar_hero.o(i.sec_fin_gh), (124 bytes).
    Removing guitar_hero.o(i.sec_inicio_gh), (272 bytes).
    Removing guitar_hero.o(.data), (64 bytes).
    Removing hal_gpio_lpc.o(i.hal_gpio_leer), (52 bytes).
    Removing hal_tiempo_lpc.o(i.T0_ISR), (72 bytes).
    Removing hal_tiempo_lpc.o(i.hal_iniciar_T0), (28 bytes).
    Removing hal_tiempo_lpc.o(i.hal_tiempo_actual_tick64), (108 bytes).
    Removing hal_tiempo_lpc.o(i.hal_tiempo_periodico_config_tick), (80 bytes).
    Removing hal_tiempo_lpc.o(i.hal_tiempo_periodico_enable), (84 bytes).
    Removing hal_tiempo_lpc.o(i.hal_tiempo_periodico_set_callback), (16 bytes).
    Removing hal_tiempo_lpc.o(i.hal_tiempo_reloj_periodico_tick), (76 bytes).
    Removing hal_consumo_lpc.o(i.hal_consumo_dormir), (48 bytes).
    Removing hal_consumo_lpc.o(i.hal_consumo_esperar), (36 bytes).
    Removing hal_consumo_lpc.o(i.hal_consumo_iniciar), (20 bytes).
    Removing hal_ext_int_lpc.o(i.EINT_Handler), (180 bytes).
    Removing hal_ext_int_lpc.o(i.hal_ext_int_clear), (20 bytes).
    Removing hal_ext_int_lpc.o(i.hal_ext_int_clear_flag), (56 bytes).
    Removing hal_ext_int_lpc.o(i.hal_ext_int_deshabilitar_despertar), (64 bytes).
    Removing hal_ext_int_lpc.o(i.hal_ext_int_deshabilitar_int), (56 bytes).
    Removing hal_ext_int_lpc.o(i.hal_ext_int_habilitar_despertar), (64 bytes).
    Removing hal_ext_int_lpc.o(i.hal_ext_int_habilitar_int), (56 bytes).
    Removing hal_ext_int_lpc.o(i.hal_ext_int_iniciar), (188 bytes).
    Removing hal_ext_int_lpc.o(i.hal_ext_int_leer), (88 bytes).
    Removing hal_ext_int_lpc.o(i.pin_a_eint), (72 bytes).
    Removing hal_ext_int_lpc.o(i.pin_to_eint), (100 bytes).
    Removing hal_ext_int_lpc.o(i.pin_to_gpio), (100 bytes).
    Removing hal_ext_int_lpc.o(i.vic_channel), (72 bytes).
    Removing hal_ext_int_lpc.o(.data), (4 bytes).
    Removing hal_sc_lpc.o(i.hal_sc_disable), (20 bytes).
    Removing hal_sc_lpc.o(i.hal_sc_restaurar), (16 bytes).
    Removing hal_wdt_lpc.o(i.hal_wdt_feed), (24 bytes).
    Removing hal_wdt_lpc.o(i.hal_wdt_iniciar), (48 bytes).
    Removing hal_random_lpc.o(i.random_iniciar), (28 bytes).
    Removing hal_random_lpc.o(i.random_value), (68 bytes).

112 unused section(s) (total 12866 bytes) removed from the image.

==============================================================================

Adding Veneers to the image

    Adding AT veneer (8 bytes, Inline) for call to '__rt_lib_init' from __rtentry2.o(.ARM.Collect$$rtentry$$0000000A).
    Adding AT veneer (8 bytes, Inline) for call to '__rt_lib_shutdown' from rtexit2.o(.ARM.Collect$$rtexit$$00000003).
    Adding TA veneer (4 bytes, Inline) for call to '__rt_exit' from exit.o(.text).
    Adding AT veneer (8 bytes, Inline) for call to '_sys_exit' from rtexit2.o(.ARM.Collect$$rtexit$$00000004).

4 Veneer(s) (total 28 bytes) added to the image.

==============================================================================

Image Symbol Table

    Local Symbols

    Symbol Name                              Value     Ov Type        Size  Object(Section)

    RESET                                    0x00000000   Section      272  startup.o(RESET)
    ../clib/angel/boardlib.s                 0x00000000   Number         0  boardinit2.o ABSOLUTE
    ../clib/angel/boardlib.s                 0x00000000   Number         0  boardinit3.o ABSOLUTE
    ../clib/angel/boardlib.s                 0x00000000   Number         0  boardshut.o ABSOLUTE
    ../clib/angel/boardlib.s                 0x00000000   Number         0  boardinit1.o ABSOLUTE
    ../clib/angel/handlers.s                 0x00000000   Number         0  __scatter_zi.o ABSOLUTE
    ../clib/angel/handlers.s                 0x00000000   Number         0  __scatter_copy.o ABSOLUTE
    ../clib/angel/kernel.s                   0x00000000   Number         0  __rtentry2.o ABSOLUTE
    ../clib/angel/kernel.s                   0x00000000   Number         0  rtexit2.o ABSOLUTE
    ../clib/angel/kernel.s                   0x00000000   Number         0  __rtentry.o ABSOLUTE
    ../clib/angel/kernel.s                   0x00000000   Number         0  __rtentry4.o ABSOLUTE
    ../clib/angel/kernel.s                   0x00000000   Number         0  rtexit.o ABSOLUTE
    ../clib/angel/rt.s                       0x00000000   Number         0  rt_div0.o ABSOLUTE
    ../clib/angel/rt.s                       0x00000000   Number         0  aeabi_idiv0_sigfpe.o ABSOLUTE
    ../clib/angel/rt.s                       0x00000000   Number         0  aeabi_ldiv0_sigfpe.o ABSOLUTE
    ../clib/angel/rt.s                       0x00000000   Number         0  aeabi_ldiv0.o ABSOLUTE
    ../clib/angel/rt.s                       0x00000000   Number         0  rt_raise.o ABSOLUTE
    ../clib/angel/rt.s                       0x00000000   Number         0  aeabi_idiv0.o ABSOLUTE
    ../clib/angel/scatter.s                  0x00000000   Number         0  __scatter.o ABSOLUTE
    ../clib/angel/startup.s                  0x00000000   Number         0  __main.o ABSOLUTE
    ../clib/angel/sys.s                      0x00000000   Number         0  sys_stackheap_outer.o ABSOLUTE
    ../clib/angel/sys.s                      0x00000000   Number         0  indicate_semi.o ABSOLUTE
    ../clib/angel/sys.s                      0x00000000   Number         0  use_no_semi.o ABSOLUTE
    ../clib/angel/sys.s                      0x00000000   Number         0  libspace.o ABSOLUTE
    ../clib/angel/sysapp.c                   0x00000000   Number         0  sys_wrch.o ABSOLUTE
    ../clib/angel/sysapp.c                   0x00000000   Number         0  sys_command.o ABSOLUTE
    ../clib/angel/sysapp.c                   0x00000000   Number         0  sys_exit.o ABSOLUTE
    ../clib/armsys.c                         0x00000000   Number         0  argv_veneer.o ABSOLUTE
    ../clib/armsys.c                         0x00000000   Number         0  _get_argv_nomalloc.o ABSOLUTE
    ../clib/armsys.c                         0x00000000   Number         0  no_argv.o ABSOLUTE
    ../clib/armsys.c                         0x00000000   Number         0  argv_veneer.o ABSOLUTE
    ../clib/division.s                       0x00000000   Number         0  aeabi_sdiv_div0.o ABSOLUTE
    ../clib/division.s                       0x00000000   Number         0  aeabi_sdiv.o ABSOLUTE
    ../clib/divrt.s                          0x00000000   Number         0  divrt_7tdmi.o ABSOLUTE
    ../clib/divrt.s                          0x00000000   Number         0  divrt_7tdmi_div0.o ABSOLUTE
    ../clib/heapalloc.c                      0x00000000   Number         0  hrguard.o ABSOLUTE
    ../clib/heapaux.c                        0x00000000   Number         0  heapauxi.o ABSOLUTE
    ../clib/libinit.s                        0x00000000   Number         0  libshutdown2.o ABSOLUTE
    ../clib/libinit.s                        0x00000000   Number         0  libshutdown.o ABSOLUTE
    ../clib/libinit.s                        0x00000000   Number         0  libinit2.o ABSOLUTE
    ../clib/libinit.s                        0x00000000   Number         0  libinit.o ABSOLUTE
    ../clib/longlong.s                       0x00000000   Number         0  lludiv.o ABSOLUTE
    ../clib/memcpset.s                       0x00000000   Number         0  rt_memcpy_w.o ABSOLUTE
    ../clib/signal.c                         0x00000000   Number         0  defsig_general.o ABSOLUTE
    ../clib/signal.c                         0x00000000   Number         0  __raise.o ABSOLUTE
    ../clib/signal.c                         0x00000000   Number         0  defsig_rtmem_formal.o ABSOLUTE
    ../clib/signal.c                         0x00000000   Number         0  defsig_rtmem_outer.o ABSOLUTE
    ../clib/signal.c                         0x00000000   Number         0  defsig_fpe_inner.o ABSOLUTE
    ../clib/signal.c                         0x00000000   Number         0  defsig_fpe_outer.o ABSOLUTE
    ../clib/signal.c                         0x00000000   Number         0  defsig_cppl_inner.o ABSOLUTE
    ../clib/signal.c                         0x00000000   Number         0  defsig_other.o ABSOLUTE
    ../clib/signal.c                         0x00000000   Number         0  defsig_segv_inner.o ABSOLUTE
    ../clib/signal.c                         0x00000000   Number         0  defsig_exit.o ABSOLUTE
    ../clib/signal.c                         0x00000000   Number         0  defsig_pvfn_inner.o ABSOLUTE
    ../clib/signal.c                         0x00000000   Number         0  defsig_stak_inner.o ABSOLUTE
    ../clib/signal.c                         0x00000000   Number         0  defsig_rtred_inner.o ABSOLUTE
    ../clib/signal.c                         0x00000000   Number         0  defsig_abrt_inner.o ABSOLUTE
    ../clib/signal.c                         0x00000000   Number         0  defsig_rtmem_inner.o ABSOLUTE
    ../clib/signal.c                         0x00000000   Number         0  defsig_fpe_formal.o ABSOLUTE
    ../clib/signal.s                         0x00000000   Number         0  defsig.o ABSOLUTE
    ../clib/stdlib.c                         0x00000000   Number         0  exit.o ABSOLUTE
    ../clib/stdlib.c                         0x00000000   Number         0  rand.o ABSOLUTE
    ../clib/stdlib.c                         0x00000000   Number         0  rand.o ABSOLUTE
    ../fplib/fpinit.s                        0x00000000   Number         0  fpinit.o ABSOLUTE
    ..\..\src\bit_counter_strike.c           0x00000000   Number         0  bit_counter_strike.o ABSOLUTE
    ..\..\src\drv_botones.c                  0x00000000   Number         0  drv_botones.o ABSOLUTE
    ..\..\src\drv_consumo.c                  0x00000000   Number         0  drv_consumo.o ABSOLUTE
    ..\..\src\drv_leds.c                     0x00000000   Number         0  drv_leds.o ABSOLUTE
    ..\..\src\drv_monitor.c                  0x00000000   Number         0  drv_monitor.o ABSOLUTE
    ..\..\src\drv_sc.c                       0x00000000   Number         0  drv_sc.o ABSOLUTE
    ..\..\src\drv_tiempo.c                   0x00000000   Number         0  drv_tiempo.o ABSOLUTE
    ..\..\src\drv_uart.c                     0x00000000   Number         0  drv_uart.o ABSOLUTE
    ..\..\src\drv_wdt.c                      0x00000000   Number         0  drv_wdt.o ABSOLUTE
    ..\..\src\guitar_hero.c                  0x00000000   Number         0  guitar_hero.o ABSOLUTE
    ..\..\src\main.c                         0x00000000   Number         0  main.o ABSOLUTE
    ..\..\src\rt_GE.c                        0x00000000   Number         0  rt_ge.o ABSOLUTE
    ..\..\src\rt_fifo.c                      0x00000000   Number         0  rt_fifo.o ABSOLUTE
    ..\..\src\svc_alarma.c                   0x00000000   Number         0  svc_alarma.o ABSOLUTE
    ..\src_lpc\Startup.s                     0x00000000   Number         0  startup.o ABSOLUTE
    ..\src_lpc\hal_consumo_lpc.c             0x00000000   Number         0  hal_consumo_lpc.o ABSOLUTE
    ..\src_lpc\hal_ext_int_lpc.c             0x00000000   Number         0  hal_ext_int_lpc.o ABSOLUTE
    ..\src_lpc\hal_gpio_lpc.c                0x00000000   Number         0  hal_gpio_lpc.o ABSOLUTE
    ..\src_lpc\hal_random_lpc.c              0x00000000   Number         0  hal_random_lpc.o ABSOLUTE
    ..\src_lpc\hal_sc_lpc.c                  0x00000000   Number         0  hal_sc_lpc.o ABSOLUTE
    ..\src_lpc\hal_tiempo_lpc.c              0x00000000   Number         0  hal_tiempo_lpc.o ABSOLUTE
    ..\src_lpc\hal_uart_lpc.c                0x00000000   Number         0  hal_uart_lpc.o ABSOLUTE
    ..\src_lpc\hal_wdt_lpc.c                 0x00000000   Number         0  hal_wdt_lpc.o ABSOLUTE
    dc.s                                     0x00000000   Number         0  dc.o ABSOLUTE
    Undef_Handler                            0x00000040   ARM Code       4  startup.o(RESET)
    SWI_Handler                              0x00000044   ARM Code       4  startup.o(RESET)
    PAbt_Handler                             0x00000048   ARM Code       4  startup.o(RESET)
    DAbt_Handler                             0x0000004c   ARM Code       4  startup.o(RESET)
    IRQ_Handler                              0x00000050   ARM Code       4  startup.o(RESET)
    FIQ_Handler                              0x00000054   ARM Code       4  startup.o(RESET)
    !!!main                                  0x00000110   Section        8  __main.o(!!!main)
    !!!scatter                               0x00000118   Section       60  __scatter.o(!!!scatter)
    !!handler_copy                           0x00000154   Section       40  __scatter_copy.o(!!handler_copy)
    !!handler_zi                             0x0000017c   Section       44  __scatter_zi.o(!!handler_zi)
    .ARM.Collect$$libinit$$00000000          0x000001b0   Section        2  libinit.o(.ARM.Collect$$libinit$$00000000)
    .ARM.Collect$$libinit$$00000002          0x000001b2   Section        0  libinit2.o(.ARM.Collect$$libinit$$00000002)
    .ARM.Collect$$libinit$$00000004          0x000001b2   Section        0  libinit2.o(.ARM.Collect$$libinit$$00000004)
    .ARM.Collect$$libinit$$0000000A          0x000001b2   Section        0  libinit2.o(.ARM.Collect$$libinit$$0000000A)
    .ARM.Collect$$libinit$$0000000C          0x000001b2   Section        0  libinit2.o(.ARM.Collect$$libinit$$0000000C)
    .ARM.Collect$$libinit$$0000000E          0x000001b2   Section        0  libinit2.o(.ARM.Collect$$libinit$$0000000E)
    .ARM.Collect$$libinit$$00000011          0x000001b2   Section        0  libinit2.o(.ARM.Collect$$libinit$$00000011)
    .ARM.Collect$$libinit$$00000013          0x000001b2   Section        0  libinit2.o(.ARM.Collect$$libinit$$00000013)
    .ARM.Collect$$libinit$$00000015          0x000001b2   Section        0  libinit2.o(.ARM.Collect$$libinit$$00000015)
    .ARM.Collect$$libinit$$00000017          0x000001b2   Section        0  libinit2.o(.ARM.Collect$$libinit$$00000017)
    .ARM.Collect$$libinit$$00000019          0x000001b2   Section        0  libinit2.o(.ARM.Collect$$libinit$$00000019)
    .ARM.Collect$$libinit$$0000001B          0x000001b2   Section        0  libinit2.o(.ARM.Collect$$libinit$$0000001B)
    .ARM.Collect$$libinit$$0000001D          0x000001b2   Section        0  libinit2.o(.ARM.Collect$$libinit$$0000001D)
    .ARM.Collect$$libinit$$0000001F          0x000001b2   Section        0  libinit2.o(.ARM.Collect$$libinit$$0000001F)
    .ARM.Collect$$libinit$$00000021          0x000001b2   Section        0  libinit2.o(.ARM.Collect$$libinit$$00000021)
    .ARM.Collect$$libinit$$00000023          0x000001b2   Section        0  libinit2.o(.ARM.Collect$$libinit$$00000023)
    .ARM.Collect$$libinit$$00000025          0x000001b2   Section        0  libinit2.o(.ARM.Collect$$libinit$$00000025)
    .ARM.Collect$$libinit$$0000002C          0x000001b2   Section        0  libinit2.o(.ARM.Collect$$libinit$$0000002C)
    .ARM.Collect$$libinit$$0000002E          0x000001b2   Section        0  libinit2.o(.ARM.Collect$$libinit$$0000002E)
    .ARM.Collect$$libinit$$00000030          0x000001b2   Section        0  libinit2.o(.ARM.Collect$$libinit$$00000030)
    .ARM.Collect$$libinit$$00000032          0x000001b2   Section        0  libinit2.o(.ARM.Collect$$libinit$$00000032)
    .ARM.Collect$$libinit$$00000033          0x000001b2   Section       12  libinit2.o(.ARM.Collect$$libinit$$00000033)
    .ARM.Collect$$libshutdown$$00000000      0x000001c8   Section        4  libshutdown.o(.ARM.Collect$$libshutdown$$00000000)
    .ARM.Collect$$libshutdown$$00000002      0x000001cc   Section        0  libshutdown2.o(.ARM.Collect$$libshutdown$$00000002)
    .ARM.Collect$$libshutdown$$00000004      0x000001cc   Section        0  libshutdown2.o(.ARM.Collect$$libshutdown$$00000004)
    .ARM.Collect$$libshutdown$$00000007      0x000001cc   Section        0  libshutdown2.o(.ARM.Collect$$libshutdown$$00000007)
    .ARM.Collect$$libshutdown$$0000000A      0x000001cc   Section        0  libshutdown2.o(.ARM.Collect$$libshutdown$$0000000A)
    .ARM.Collect$$libshutdown$$0000000C      0x000001cc   Section        0  libshutdown2.o(.ARM.Collect$$libshutdown$$0000000C)
    .ARM.Collect$$libshutdown$$0000000F      0x000001cc   Section        0  libshutdown2.o(.ARM.Collect$$libshutdown$$0000000F)
    .ARM.Collect$$libshutdown$$00000010      0x000001cc   Section        6  libshutdown2.o(.ARM.Collect$$libshutdown$$00000010)
    .ARM.Collect$$rtentry$$00000000          0x000001d4   Section        0  __rtentry.o(.ARM.Collect$$rtentry$$00000000)
    .ARM.Collect$$rtentry$$00000002          0x000001d4   Section        0  __rtentry2.o(.ARM.Collect$$rtentry$$00000002)
    .ARM.Collect$$rtentry$$00000004          0x000001d4   Section        8  __rtentry4.o(.ARM.Collect$$rtentry$$00000004)
    .ARM.Collect$$rtentry$$00000009          0x000001dc   Section        0  __rtentry2.o(.ARM.Collect$$rtentry$$00000009)
    .ARM.Collect$$rtentry$$0000000A          0x000001dc   Section        4  __rtentry2.o(.ARM.Collect$$rtentry$$0000000A)
    .ARM.Collect$$rtentry$$0000000C          0x000001e0   Section        0  __rtentry2.o(.ARM.Collect$$rtentry$$0000000C)
    .ARM.Collect$$rtentry$$0000000D          0x000001e0   Section       40  __rtentry2.o(.ARM.Collect$$rtentry$$0000000D)
    .ARM.Collect$$rtexit$$00000000           0x0000020c   Section        4  rtexit.o(.ARM.Collect$$rtexit$$00000000)
    .ARM.Collect$$rtexit$$00000002           0x00000210   Section        0  rtexit2.o(.ARM.Collect$$rtexit$$00000002)
    .ARM.Collect$$rtexit$$00000003           0x00000210   Section        4  rtexit2.o(.ARM.Collect$$rtexit$$00000003)
    .ARM.Collect$$rtexit$$00000004           0x00000214   Section        8  rtexit2.o(.ARM.Collect$$rtexit$$00000004)
    .text                                    0x0000021c   Section      104  startup.o(.text)
    .text                                    0x00000284   Section      384  aeabi_sdiv.o(.text)
    __arm_div8                               0x000002b0   ARM Code       0  aeabi_sdiv.o(.text)
    __arm_div5                               0x000002d4   ARM Code       0  aeabi_sdiv.o(.text)
    __arm_div2                               0x000002f8   ARM Code       0  aeabi_sdiv.o(.text)
    __arm_div_large                          0x00000334   ARM Code       0  aeabi_sdiv.o(.text)
    .text                                    0x00000404   Section        0  heapauxi.o(.text)
    .text                                    0x0000040c   Section       96  sys_stackheap_outer.o(.text)
    .text                                    0x0000046c   Section        0  exit.o(.text)
    .text                                    0x00000480   Section       12  libspace.o(.text)
    .text                                    0x00000494   Section        0  sys_exit.o(.text)
    .text                                    0x000004a0   Section        4  use_no_semi.o(.text)
    .text                                    0x000004a4   Section        0  indicate_semi.o(.text)
    .text_udiv                               0x000004a4   Section       36  aeabi_sdiv.o(.text_udiv)
    i.T1_ISR                                 0x000004c8   Section        0  hal_tiempo_lpc.o(i.T1_ISR)
    i.drv_leds_iniciar                       0x00000504   Section        0  drv_leds.o(i.drv_leds_iniciar)
    i.drv_tiempo_iniciar                     0x00000564   Section        0  drv_tiempo.o(i.drv_tiempo_iniciar)
    i.drv_uart_data_available                0x00000598   Section        0  drv_uart.o(i.drv_uart_data_available)
    i.drv_uart_getchar                       0x000005a8   Section        0  drv_uart.o(i.drv_uart_getchar)
    i.drv_uart_init                          0x000005b8   Section        0  drv_uart.o(i.drv_uart_init)
    i.drv_uart_putchar                       0x000005d0   Section        0  drv_uart.o(i.drv_uart_putchar)
    i.drv_uart_putint                        0x000005e8   Section        0  drv_uart.o(i.drv_uart_putint)
    i.drv_uart_puts                          0x00000690   Section        0  drv_uart.o(i.drv_uart_puts)
    i.hal_gpio_escribir                      0x000006b8   Section        0  hal_gpio_lpc.o(i.hal_gpio_escribir)
    i.hal_gpio_iniciar                       0x000006e8   Section        0  hal_gpio_lpc.o(i.hal_gpio_iniciar)
    i.hal_gpio_sentido                       0x000006fc   Section        0  hal_gpio_lpc.o(i.hal_gpio_sentido)
    i.hal_tiempo_iniciar_tick                0x00000748   Section        0  hal_tiempo_lpc.o(i.hal_tiempo_iniciar_tick)
    i.hal_uart_data_available                0x000007e4   Section        0  hal_uart_lpc.o(i.hal_uart_data_available)
    i.hal_uart_getchar                       0x000007f8   Section        0  hal_uart_lpc.o(i.hal_uart_getchar)
    i.hal_uart_init                          0x00000820   Section        0  hal_uart_lpc.o(i.hal_uart_init)
    i.hal_uart_putchar                       0x000008bc   Section        0  hal_uart_lpc.o(i.hal_uart_putchar)
    i.hw_level_from_status                   0x000008e4   Section        0  drv_leds.o(i.hw_level_from_status)
    hw_level_from_status                     0x000008e4   ARM Code      28  drv_leds.o(i.hw_level_from_status)
    i.main                                   0x00000900   Section        0  main.o(i.main)
    i.test_uart                              0x0000093c   Section        0  main.o(i.test_uart)
    .constdata                               0x00000a28   Section       12  drv_leds.o(.constdata)
    s_led_list                               0x00000a28   Data          12  drv_leds.o(.constdata)
    .data                                    0x40000000   Section        8  hal_tiempo_lpc.o(.data)
    s_overflows_t1                           0x40000000   Data           4  hal_tiempo_lpc.o(.data)
    s_cb                                     0x40000004   Data           4  hal_tiempo_lpc.o(.data)
    .bss                                     0x40000008   Section       12  drv_tiempo.o(.bss)
    info                                     0x40000008   Data          12  drv_tiempo.o(.bss)
    .bss                                     0x40000014   Section       12  hal_tiempo_lpc.o(.bss)
    s_info                                   0x40000014   Data          12  hal_tiempo_lpc.o(.bss)
    .bss                                     0x40000020   Section       96  libspace.o(.bss)
    HEAP                                     0x40000080   Section        0  startup.o(HEAP)
    STACK                                    0x40000080   Section     2176  startup.o(STACK)
    Heap_Mem                                 0x40000080   Data           0  startup.o(HEAP)
    Stack_Mem                                0x40000080   Data        1024  startup.o(STACK)
    Stack_Top                                0x40000900   Data           0  startup.o(STACK)

    Global Symbols

    Symbol Name                              Value     Ov Type        Size  Object(Section)

    BuildAttributes$$THM_ISAv1$ARM_ISAv4$S$PE$A:L22$X:L11$S22$IEEE1$IW$USESV6$~STKCKD$USESV7$~SHL$OSPACE$ROPI$EBA8$UX$STANDARDLIB$REQ8$PRES8$EABIv2 0x00000000   Number         0  anon$$obj.o ABSOLUTE
    __ARM_use_no_argv                        0x00000000   Number         0  main.o ABSOLUTE
    __ARM_exceptions_init                     - Undefined Weak Reference
    __alloca_initialize                       - Undefined Weak Reference
    __arm_preinit_                            - Undefined Weak Reference
    __cpp_initialize__aeabi_                  - Undefined Weak Reference
    __cxa_finalize                            - Undefined Weak Reference
    __rt_locale                               - Undefined Weak Reference
    __sigvec_lookup                           - Undefined Weak Reference
    _atexit_init                              - Undefined Weak Reference
    _call_atexit_fns                          - Undefined Weak Reference
    _clock_init                               - Undefined Weak Reference
    _fp_trap_init                             - Undefined Weak Reference
    _fp_trap_shutdown                         - Undefined Weak Reference
    _get_lc_collate                           - Undefined Weak Reference
    _get_lc_ctype                             - Undefined Weak Reference
    _get_lc_monetary                          - Undefined Weak Reference
    _get_lc_numeric                           - Undefined Weak Reference
    _get_lc_time                              - Undefined Weak Reference
    _getenv_init                              - Undefined Weak Reference
    _handle_redirection                       - Undefined Weak Reference
    _init_alloc                               - Undefined Weak Reference
    _init_user_alloc                          - Undefined Weak Reference
    _initio                                   - Undefined Weak Reference
    _signal_finish                            - Undefined Weak Reference
    _signal_init                              - Undefined Weak Reference
    _terminate_alloc                          - Undefined Weak Reference
    _terminate_user_alloc                     - Undefined Weak Reference
    _terminateio                              - Undefined Weak Reference
    Reset_Handler                            0x00000058   ARM Code       0  startup.o(RESET)
    __main                                   0x00000110   ARM Code       8  __main.o(!!!main)
    __scatterload                            0x00000118   ARM Code       0  __scatter.o(!!!scatter)
    __scatterload_rt2                        0x00000118   ARM Code      52  __scatter.o(!!!scatter)
    __scatterload_null                       0x0000012c   ARM Code       0  __scatter.o(!!!scatter)
    __scatterload_copy                       0x00000154   ARM Code      40  __scatter_copy.o(!!handler_copy)
    __scatterload_zeroinit                   0x0000017c   ARM Code      44  __scatter_zi.o(!!handler_zi)
    Inline ARM to Thumb Veneer to __rt_lib_init 0x000001a8   ARM Code       8  libinit.o(.ARM.Collect$$libinit$$00000000)
    __rt_lib_init                            0x000001b1   Thumb Code     0  libinit.o(.ARM.Collect$$libinit$$00000000)
    __rt_lib_init_alloca_1                   0x000001b3   Thumb Code     0  libinit2.o(.ARM.Collect$$libinit$$0000002E)
    __rt_lib_init_argv_1                     0x000001b3   Thumb Code     0  libinit2.o(.ARM.Collect$$libinit$$0000002C)
    __rt_lib_init_atexit_1                   0x000001b3   Thumb Code     0  libinit2.o(.ARM.Collect$$libinit$$0000001B)
    __rt_lib_init_clock_1                    0x000001b3   Thumb Code     0  libinit2.o(.ARM.Collect$$libinit$$00000021)
    __rt_lib_init_cpp_1                      0x000001b3   Thumb Code     0  libinit2.o(.ARM.Collect$$libinit$$00000032)
    __rt_lib_init_exceptions_1               0x000001b3   Thumb Code     0  libinit2.o(.ARM.Collect$$libinit$$00000030)
    __rt_lib_init_fp_1                       0x000001b3   Thumb Code     0  libinit2.o(.ARM.Collect$$libinit$$00000002)
    __rt_lib_init_fp_trap_1                  0x000001b3   Thumb Code     0  libinit2.o(.ARM.Collect$$libinit$$0000001F)
    __rt_lib_init_getenv_1                   0x000001b3   Thumb Code     0  libinit2.o(.ARM.Collect$$libinit$$00000023)
    __rt_lib_init_heap_1                     0x000001b3   Thumb Code     0  libinit2.o(.ARM.Collect$$libinit$$0000000A)
    __rt_lib_init_lc_collate_1               0x000001b3   Thumb Code     0  libinit2.o(.ARM.Collect$$libinit$$00000011)
    __rt_lib_init_lc_ctype_1                 0x000001b3   Thumb Code     0  libinit2.o(.ARM.Collect$$libinit$$00000013)
    __rt_lib_init_lc_monetary_1              0x000001b3   Thumb Code     0  libinit2.o(.ARM.Collect$$libinit$$00000015)
    __rt_lib_init_lc_numeric_1               0x000001b3   Thumb Code     0  libinit2.o(.ARM.Collect$$libinit$$00000017)
    __rt_lib_init_lc_time_1                  0x000001b3   Thumb Code     0  libinit2.o(.ARM.Collect$$libinit$$00000019)
    __rt_lib_init_preinit_1                  0x000001b3   Thumb Code     0  libinit2.o(.ARM.Collect$$libinit$$00000004)
    __rt_lib_init_rand_1                     0x000001b3   Thumb Code     0  libinit2.o(.ARM.Collect$$libinit$$0000000E)
    __rt_lib_init_return                     0x000001b3   Thumb Code     0  libinit2.o(.ARM.Collect$$libinit$$00000033)
    __rt_lib_init_signal_1                   0x000001b3   Thumb Code     0  libinit2.o(.ARM.Collect$$libinit$$0000001D)
    __rt_lib_init_stdio_1                    0x000001b3   Thumb Code     0  libinit2.o(.ARM.Collect$$libinit$$00000025)
    __rt_lib_init_user_alloc_1               0x000001b3   Thumb Code     0  libinit2.o(.ARM.Collect$$libinit$$0000000C)
    Inline ARM to Thumb Veneer to __rt_lib_shutdown 0x000001c0   ARM Code       8  libshutdown.o(.ARM.Collect$$libshutdown$$00000000)
    __rt_lib_shutdown                        0x000001c9   Thumb Code     0  libshutdown.o(.ARM.Collect$$libshutdown$$00000000)
    __rt_lib_shutdown_cpp_1                  0x000001cd   Thumb Code     0  libshutdown2.o(.ARM.Collect$$libshutdown$$00000002)
    __rt_lib_shutdown_fp_trap_1              0x000001cd   Thumb Code     0  libshutdown2.o(.ARM.Collect$$libshutdown$$00000007)
    __rt_lib_shutdown_heap_1                 0x000001cd   Thumb Code     0  libshutdown2.o(.ARM.Collect$$libshutdown$$0000000F)
    __rt_lib_shutdown_return                 0x000001cd   Thumb Code     0  libshutdown2.o(.ARM.Collect$$libshutdown$$00000010)
    __rt_lib_shutdown_signal_1               0x000001cd   Thumb Code     0  libshutdown2.o(.ARM.Collect$$libshutdown$$0000000A)
    __rt_lib_shutdown_stdio_1                0x000001cd   Thumb Code     0  libshutdown2.o(.ARM.Collect$$libshutdown$$00000004)
    __rt_lib_shutdown_user_alloc_1           0x000001cd   Thumb Code     0  libshutdown2.o(.ARM.Collect$$libshutdown$$0000000C)
    __rt_entry                               0x000001d4   ARM Code       0  __rtentry.o(.ARM.Collect$$rtentry$$00000000)
    __rt_entry_presh_1                       0x000001d4   ARM Code       0  __rtentry2.o(.ARM.Collect$$rtentry$$00000002)
    __rt_entry_sh                            0x000001d4   ARM Code       0  __rtentry4.o(.ARM.Collect$$rtentry$$00000004)
    __rt_entry_li                            0x000001dc   ARM Code       0  __rtentry2.o(.ARM.Collect$$rtentry$$0000000A)
    __rt_entry_postsh_1                      0x000001dc   ARM Code       0  __rtentry2.o(.ARM.Collect$$rtentry$$00000009)
    __rt_entry_main                          0x000001e0   ARM Code       0  __rtentry2.o(.ARM.Collect$$rtentry$$0000000D)
    __rt_entry_postli_1                      0x000001e0   ARM Code       0  __rtentry2.o(.ARM.Collect$$rtentry$$0000000C)
    Inline Thumb to ARM Veneer to __rt_exit  0x00000209   Thumb Code     4  rtexit.o(.ARM.Collect$$rtexit$$00000000)
    __rt_exit                                0x0000020c   ARM Code       0  rtexit.o(.ARM.Collect$$rtexit$$00000000)
    __rt_exit_ls                             0x00000210   ARM Code       0  rtexit2.o(.ARM.Collect$$rtexit$$00000003)
    __rt_exit_prels_1                        0x00000210   ARM Code       0  rtexit2.o(.ARM.Collect$$rtexit$$00000002)
    __rt_exit_exit                           0x00000214   ARM Code       0  rtexit2.o(.ARM.Collect$$rtexit$$00000004)
    __user_initial_stackheap                 0x0000021c   ARM Code       0  startup.o(.text)
    switch_to_PLL                            0x00000230   ARM Code       0  startup.o(.text)
    __aeabi_idiv                             0x00000284   ARM Code       0  aeabi_sdiv.o(.text)
    __aeabi_idivmod                          0x00000284   ARM Code     384  aeabi_sdiv.o(.text)
    __use_two_region_memory                  0x00000405   Thumb Code     2  heapauxi.o(.text)
    __rt_heap_escrow$2region                 0x00000407   Thumb Code     2  heapauxi.o(.text)
    __rt_heap_expand$2region                 0x00000409   Thumb Code     2  heapauxi.o(.text)
    __user_setup_stackheap                   0x0000040c   ARM Code      96  sys_stackheap_outer.o(.text)
    exit                                     0x0000046d   Thumb Code    20  exit.o(.text)
    __user_libspace                          0x00000480   ARM Code      12  libspace.o(.text)
    __user_perproc_libspace                  0x00000480   ARM Code       0  libspace.o(.text)
    __user_perthread_libspace                0x00000480   ARM Code       0  libspace.o(.text)
    Inline ARM to Thumb Veneer to _sys_exit  0x0000048c   ARM Code       8  sys_exit.o(.text)
    _sys_exit                                0x00000495   Thumb Code     8  sys_exit.o(.text)
    __I$use$semihosting                      0x000004a0   ARM Code       0  use_no_semi.o(.text)
    __use_no_semihosting_swi                 0x000004a0   ARM Code       4  use_no_semi.o(.text)
    __aeabi_uidiv                            0x000004a4   ARM Code       0  aeabi_sdiv.o(.text_udiv)
    __aeabi_uidivmod                         0x000004a4   ARM Code      36  aeabi_sdiv.o(.text_udiv)
    __semihosting_library_function           0x000004a4   ARM Code       0  indicate_semi.o(.text)
    T1_ISR                                   0x000004c8   ARM Code      52  hal_tiempo_lpc.o(i.T1_ISR)
    drv_leds_iniciar                         0x00000504   ARM Code      92  drv_leds.o(i.drv_leds_iniciar)
    drv_tiempo_iniciar                       0x00000564   ARM Code      48  drv_tiempo.o(i.drv_tiempo_iniciar)
    drv_uart_data_available                  0x00000598   ARM Code      16  drv_uart.o(i.drv_uart_data_available)
    drv_uart_getchar                         0x000005a8   ARM Code      16  drv_uart.o(i.drv_uart_getchar)
    drv_uart_init                            0x000005b8   ARM Code      24  drv_uart.o(i.drv_uart_init)
    drv_uart_putchar                         0x000005d0   ARM Code      24  drv_uart.o(i.drv_uart_putchar)
    drv_uart_putint                          0x000005e8   ARM Code     168  drv_uart.o(i.drv_uart_putint)
    drv_uart_puts                            0x00000690   ARM Code      40  drv_uart.o(i.drv_uart_puts)
    hal_gpio_escribir                        0x000006b8   ARM Code      44  hal_gpio_lpc.o(i.hal_gpio_escribir)
    hal_gpio_iniciar                         0x000006e8   ARM Code      16  hal_gpio_lpc.o(i.hal_gpio_iniciar)
    hal_gpio_sentido                         0x000006fc   ARM Code      72  hal_gpio_lpc.o(i.hal_gpio_sentido)
    hal_tiempo_iniciar_tick                  0x00000748   ARM Code     140  hal_tiempo_lpc.o(i.hal_tiempo_iniciar_tick)
    hal_uart_data_available                  0x000007e4   ARM Code      16  hal_uart_lpc.o(i.hal_uart_data_available)
    hal_uart_getchar                         0x000007f8   ARM Code      36  hal_uart_lpc.o(i.hal_uart_getchar)
    hal_uart_init                            0x00000820   ARM Code     144  hal_uart_lpc.o(i.hal_uart_init)
    hal_uart_putchar                         0x000008bc   ARM Code      36  hal_uart_lpc.o(i.hal_uart_putchar)
    main                                     0x00000900   ARM Code      60  main.o(i.main)
    test_uart                                0x0000093c   ARM Code     156  main.o(i.test_uart)
    Region$$Table$$Base                      0x00000a34   Number         0  anon$$obj.o(Region$$Table)
    Region$$Table$$Limit                     0x00000a54   Number         0  anon$$obj.o(Region$$Table)
    __libspace_start                         0x40000020   Data          96  libspace.o(.bss)
    __temporary_stack_top$libspace           0x40000080   Data           0  libspace.o(.bss)



==============================================================================

Memory Map of the image

  Image Entry point : 0x00000110

  Load Region LR_IROM1 (Base: 0x00000000, Size: 0x00000a5c, Max: 0x00020000, ABSOLUTE)

    Execution Region ER_IROM1 (Exec base: 0x00000000, Load base: 0x00000000, Size: 0x00000a54, Max: 0x00020000, ABSOLUTE)

    Exec Addr    Load Addr    Size         Type   Attr      Idx    E Section Name        Object

    0x00000000   0x00000000   0x00000110   Code   RO         1011    RESET               startup.o
    0x00000110   0x00000110   0x00000008   Code   RO         1047  * !!!main             c_t.l(__main.o)
    0x00000118   0x00000118   0x0000003c   Code   RO         1220    !!!scatter          c_t.l(__scatter.o)
    0x00000154   0x00000154   0x00000028   Code   RO         1222    !!handler_copy      c_t.l(__scatter_copy.o)
    0x0000017c   0x0000017c   0x0000002c   Code   RO         1224    !!handler_zi        c_t.l(__scatter_zi.o)
    0x000001a8   0x000001a8   0x00000008   Ven    RO         1141    .ARM.Collect$$libinit$$00000000  c_t.l(libinit.o)
    0x000001b0   0x000001b0   0x00000002   Code   RO         1141    .ARM.Collect$$libinit$$00000000  c_t.l(libinit.o)
    0x000001b2   0x000001b2   0x00000000   Code   RO         1059    .ARM.Collect$$libinit$$00000002  c_t.l(libinit2.o)
    0x000001b2   0x000001b2   0x00000000   Code   RO         1061    .ARM.Collect$$libinit$$00000004  c_t.l(libinit2.o)
    0x000001b2   0x000001b2   0x00000000   Code   RO         1064    .ARM.Collect$$libinit$$0000000A  c_t.l(libinit2.o)
    0x000001b2   0x000001b2   0x00000000   Code   RO         1066    .ARM.Collect$$libinit$$0000000C  c_t.l(libinit2.o)
    0x000001b2   0x000001b2   0x00000000   Code   RO         1068    .ARM.Collect$$libinit$$0000000E  c_t.l(libinit2.o)
    0x000001b2   0x000001b2   0x00000000   Code   RO         1071    .ARM.Collect$$libinit$$00000011  c_t.l(libinit2.o)
    0x000001b2   0x000001b2   0x00000000   Code   RO         1073    .ARM.Collect$$libinit$$00000013  c_t.l(libinit2.o)
    0x000001b2   0x000001b2   0x00000000   Code   RO         1075    .ARM.Collect$$libinit$$00000015  c_t.l(libinit2.o)
    0x000001b2   0x000001b2   0x00000000   Code   RO         1077    .ARM.Collect$$libinit$$00000017  c_t.l(libinit2.o)
    0x000001b2   0x000001b2   0x00000000   Code   RO         1079    .ARM.Collect$$libinit$$00000019  c_t.l(libinit2.o)
    0x000001b2   0x000001b2   0x00000000   Code   RO         1081    .ARM.Collect$$libinit$$0000001B  c_t.l(libinit2.o)
    0x000001b2   0x000001b2   0x00000000   Code   RO         1083    .ARM.Collect$$libinit$$0000001D  c_t.l(libinit2.o)
    0x000001b2   0x000001b2   0x00000000   Code   RO         1085    .ARM.Collect$$libinit$$0000001F  c_t.l(libinit2.o)
    0x000001b2   0x000001b2   0x00000000   Code   RO         1087    .ARM.Collect$$libinit$$00000021  c_t.l(libinit2.o)
    0x000001b2   0x000001b2   0x00000000   Code   RO         1089    .ARM.Collect$$libinit$$00000023  c_t.l(libinit2.o)
    0x000001b2   0x000001b2   0x00000000   Code   RO         1091    .ARM.Collect$$libinit$$00000025  c_t.l(libinit2.o)
    0x000001b2   0x000001b2   0x00000000   Code   RO         1095    .ARM.Collect$$libinit$$0000002C  c_t.l(libinit2.o)
    0x000001b2   0x000001b2   0x00000000   Code   RO         1097    .ARM.Collect$$libinit$$0000002E  c_t.l(libinit2.o)
    0x000001b2   0x000001b2   0x00000000   Code   RO         1099    .ARM.Collect$$libinit$$00000030  c_t.l(libinit2.o)
    0x000001b2   0x000001b2   0x00000000   Code   RO         1101    .ARM.Collect$$libinit$$00000032  c_t.l(libinit2.o)
    0x000001b2   0x000001b2   0x0000000c   Code   RO         1102    .ARM.Collect$$libinit$$00000033  c_t.l(libinit2.o)
    0x000001be   0x000001be   0x00000002   PAD
    0x000001c0   0x000001c0   0x00000008   Ven    RO         1187    .ARM.Collect$$libshutdown$$00000000  c_t.l(libshutdown.o)
    0x000001c8   0x000001c8   0x00000004   Code   RO         1187    .ARM.Collect$$libshutdown$$00000000  c_t.l(libshutdown.o)
    0x000001cc   0x000001cc   0x00000000   Code   RO         1203    .ARM.Collect$$libshutdown$$00000002  c_t.l(libshutdown2.o)
    0x000001cc   0x000001cc   0x00000000   Code   RO         1205    .ARM.Collect$$libshutdown$$00000004  c_t.l(libshutdown2.o)
    0x000001cc   0x000001cc   0x00000000   Code   RO         1208    .ARM.Collect$$libshutdown$$00000007  c_t.l(libshutdown2.o)
    0x000001cc   0x000001cc   0x00000000   Code   RO         1211    .ARM.Collect$$libshutdown$$0000000A  c_t.l(libshutdown2.o)
    0x000001cc   0x000001cc   0x00000000   Code   RO         1213    .ARM.Collect$$libshutdown$$0000000C  c_t.l(libshutdown2.o)
    0x000001cc   0x000001cc   0x00000000   Code   RO         1216    .ARM.Collect$$libshutdown$$0000000F  c_t.l(libshutdown2.o)
    0x000001cc   0x000001cc   0x00000006   Code   RO         1217    .ARM.Collect$$libshutdown$$00000010  c_t.l(libshutdown2.o)
    0x000001d2   0x000001d2   0x00000002   PAD
    0x000001d4   0x000001d4   0x00000000   Code   RO         1049    .ARM.Collect$$rtentry$$00000000  c_t.l(__rtentry.o)
    0x000001d4   0x000001d4   0x00000000   Code   RO         1104    .ARM.Collect$$rtentry$$00000002  c_t.l(__rtentry2.o)
    0x000001d4   0x000001d4   0x00000008   Code   RO         1116    .ARM.Collect$$rtentry$$00000004  c_t.l(__rtentry4.o)
    0x000001dc   0x000001dc   0x00000000   Code   RO         1106    .ARM.Collect$$rtentry$$00000009  c_t.l(__rtentry2.o)
    0x000001dc   0x000001dc   0x00000004   Code   RO         1107    .ARM.Collect$$rtentry$$0000000A  c_t.l(__rtentry2.o)
    0x000001e0   0x000001e0   0x00000000   Code   RO         1109    .ARM.Collect$$rtentry$$0000000C  c_t.l(__rtentry2.o)
    0x000001e0   0x000001e0   0x00000028   Code   RO         1110    .ARM.Collect$$rtentry$$0000000D  c_t.l(__rtentry2.o)
    0x00000208   0x00000208   0x00000004   Ven    RO         1147    .ARM.Collect$$rtexit$$00000000  c_t.l(rtexit.o)
    0x0000020c   0x0000020c   0x00000004   Code   RO         1147    .ARM.Collect$$rtexit$$00000000  c_t.l(rtexit.o)
    0x00000210   0x00000210   0x00000000   Code   RO         1167    .ARM.Collect$$rtexit$$00000002  c_t.l(rtexit2.o)
    0x00000210   0x00000210   0x00000004   Code   RO         1168    .ARM.Collect$$rtexit$$00000003  c_t.l(rtexit2.o)
    0x00000214   0x00000214   0x00000008   Code   RO         1169    .ARM.Collect$$rtexit$$00000004  c_t.l(rtexit2.o)
    0x0000021c   0x0000021c   0x00000068   Code   RO         1012    .text               startup.o
    0x00000284   0x00000284   0x00000180   Code   RO         1029    .text               c_t.l(aeabi_sdiv.o)
    0x00000404   0x00000404   0x00000006   Code   RO         1045    .text               c_t.l(heapauxi.o)
    0x0000040a   0x0000040a   0x00000002   PAD
    0x0000040c   0x0000040c   0x00000060   Code   RO         1124    .text               c_t.l(sys_stackheap_outer.o)
    0x0000046c   0x0000046c   0x00000014   Code   RO         1126    .text               c_t.l(exit.o)
    0x00000480   0x00000480   0x0000000c   Code   RO         1144    .text               c_t.l(libspace.o)
    0x0000048c   0x0000048c   0x00000008   Ven    RO         1161    .text               c_t.l(sys_exit.o)
    0x00000494   0x00000494   0x0000000c   Code   RO         1161    .text               c_t.l(sys_exit.o)
    0x000004a0   0x000004a0   0x00000004   Code   RO         1163    .text               c_t.l(use_no_semi.o)
    0x000004a4   0x000004a4   0x00000000   Code   RO         1165    .text               c_t.l(indicate_semi.o)
    0x000004a4   0x000004a4   0x00000024   Code   RO         1030    .text_udiv          c_t.l(aeabi_sdiv.o)
    0x000004c8   0x000004c8   0x0000003c   Code   RO          728    i.T1_ISR            hal_tiempo_lpc.o
    0x00000504   0x00000504   0x00000060   Code   RO          159    i.drv_leds_iniciar  drv_leds.o
    0x00000564   0x00000564   0x00000034   Code   RO          203    i.drv_tiempo_iniciar  drv_tiempo.o
    0x00000598   0x00000598   0x00000010   Code   RO          649    i.drv_uart_data_available  drv_uart.o
    0x000005a8   0x000005a8   0x00000010   Code   RO          650    i.drv_uart_getchar  drv_uart.o
    0x000005b8   0x000005b8   0x00000018   Code   RO          651    i.drv_uart_init     drv_uart.o
    0x000005d0   0x000005d0   0x00000018   Code   RO          652    i.drv_uart_putchar  drv_uart.o
    0x000005e8   0x000005e8   0x000000a8   Code   RO          653    i.drv_uart_putint   drv_uart.o
    0x00000690   0x00000690   0x00000028   Code   RO          654    i.drv_uart_puts     drv_uart.o
    0x000006b8   0x000006b8   0x00000030   Code   RO          694    i.hal_gpio_escribir  hal_gpio_lpc.o
    0x000006e8   0x000006e8   0x00000014   Code   RO          695    i.hal_gpio_iniciar  hal_gpio_lpc.o
    0x000006fc   0x000006fc   0x0000004c   Code   RO          697    i.hal_gpio_sentido  hal_gpio_lpc.o
    0x00000748   0x00000748   0x0000009c   Code   RO          731    i.hal_tiempo_iniciar_tick  hal_tiempo_lpc.o
    0x000007e4   0x000007e4   0x00000014   Code   RO          976    i.hal_uart_data_available  hal_uart_lpc.o
    0x000007f8   0x000007f8   0x00000028   Code   RO          977    i.hal_uart_getchar  hal_uart_lpc.o
    0x00000820   0x00000820   0x0000009c   Code   RO          978    i.hal_uart_init     hal_uart_lpc.o
    0x000008bc   0x000008bc   0x00000028   Code   RO          979    i.hal_uart_putchar  hal_uart_lpc.o
    0x000008e4   0x000008e4   0x0000001c   Code   RO          160    i.hw_level_from_status  drv_leds.o
    0x00000900   0x00000900   0x0000003c   Code   RO            9    i.main              main.o
    0x0000093c   0x0000093c   0x000000ec   Code   RO           12    i.test_uart         main.o
    0x00000a28   0x00000a28   0x0000000c   Data   RO          162    .constdata          drv_leds.o
    0x00000a34   0x00000a34   0x00000020   Data   RO         1218    Region$$Table       anon$$obj.o


    Execution Region RW_IRAM1 (Exec base: 0x40000000, Load base: 0x00000a54, Size: 0x00000900, Max: 0x00008000, ABSOLUTE)

    Exec Addr    Load Addr    Size         Type   Attr      Idx    E Section Name        Object

    0x40000000   0x00000a54   0x00000008   Data   RW          737    .data               hal_tiempo_lpc.o
    0x40000008        -       0x0000000c   Zero   RW          205    .bss                drv_tiempo.o
    0x40000014        -       0x0000000c   Zero   RW          736    .bss                hal_tiempo_lpc.o
    0x40000020        -       0x00000060   Zero   RW         1145    .bss                c_t.l(libspace.o)
    0x40000080        -       0x00000000   Zero   RW         1010    HEAP                startup.o
    0x40000080        -       0x00000880   Zero   RW         1009    STACK               startup.o


==============================================================================

Image component sizes


      Code (inc. data)   RO Data    RW Data    ZI Data      Debug   Object Name

       124          4         12          0          0       1843   drv_leds.o
        52          4          0          0         12       1685   drv_tiempo.o
       288          0          0          0          0       3222   drv_uart.o
       144         12          0          0          0       1938   hal_gpio_lpc.o
       216         24          0          8         12       2187   hal_tiempo_lpc.o
       256         24          0          0          0       1996   hal_uart_lpc.o
       296         80          0          0          0       7427   main.o
       376         64          0          0       2176        620   startup.o

    ----------------------------------------------------------------------
      1752        212         44          8       2200      20918   Object Totals
         0          0         32          0          0          0   (incl. Generated)
         0          0          0          0          0          0   (incl. Padding)

    ----------------------------------------------------------------------

      Code (inc. data)   RO Data    RW Data    ZI Data      Debug   Library Member Name

         8          0          0          0          0         68   __main.o
         0          0          0          0          0          0   __rtentry.o
        44          4          0          0          0          0   __rtentry2.o
         8          0          0          0          0          0   __rtentry4.o
        60          8          0          0          0          0   __scatter.o
        40          0          0          0          0          0   __scatter_copy.o
        44          0          0          0          0          0   __scatter_zi.o
       420          0          0          0          0        148   aeabi_sdiv.o
        20          0          0          0          0         80   exit.o
         6          0          0          0          0        136   heapauxi.o
         0          0          0          0          0          0   indicate_semi.o
        10          0          0          0          0          0   libinit.o
        12          0          0          0          0          0   libinit2.o
        12          0          0          0          0          0   libshutdown.o
         6          0          0          0          0          0   libshutdown2.o
        12          4          0          0         96         68   libspace.o
         8          0          0          0          0          0   rtexit.o
        12          0          0          0          0          0   rtexit2.o
        20          4          0          0          0         60   sys_exit.o
        96          0          0          0          0         80   sys_stackheap_outer.o
         4          0          0          0          0         68   use_no_semi.o

    ----------------------------------------------------------------------
       848         20          0          0         96        708   Library Totals
         6          0          0          0          0          0   (incl. Padding)

    ----------------------------------------------------------------------

      Code (inc. data)   RO Data    RW Data    ZI Data      Debug   Library Name

       842         20          0          0         96        708   c_t.l

    ----------------------------------------------------------------------
       848         20          0          0         96        708   Library Totals

    ----------------------------------------------------------------------

==============================================================================


      Code (inc. data)   RO Data    RW Data    ZI Data      Debug   

      2600        232         44          8       2296      20650   Grand Totals
      2600        232         44          8       2296      20650   ELF Image Totals
      2600        232         44          8          0          0   ROM Totals

==============================================================================

    Total RO  Size (Code + RO Data)                 2644 (   2.58kB)
    Total RW  Size (RW Data + ZI Data)              2304 (   2.25kB)
    Total ROM Size (Code + RO Data + RW Data)       2652 (   2.59kB)

==============================================================================

