Component: ARM Compiler 5.06 update 6 (build 750) Tool: armlink [4d35ed]

==============================================================================

Section Cross References

    main.o(i.blink_v1) refers to drv_leds.o(i.drv_led_establecer) for drv_led_establecer
    main.o(i.blink_v1) refers to drv_leds.o(i.drv_led_conmutar) for drv_led_conmutar
    main.o(i.blink_v2) refers to drv_leds.o(i.drv_led_establecer) for drv_led_establecer
    main.o(i.blink_v2) refers to drv_tiempo.o(i.drv_tiempo_actual_ms) for drv_tiempo_actual_ms
    main.o(i.blink_v2) refers to drv_tiempo.o(i.drv_tiempo_esperar_hasta_ms) for drv_tiempo_esperar_hasta_ms
    main.o(i.blink_v2) refers to drv_leds.o(i.drv_led_conmutar) for drv_led_conmutar
    main.o(i.blink_v3) refers to drv_consumo.o(i.drv_consumo_iniciar) for drv_consumo_iniciar
    main.o(i.blink_v3) refers to drv_leds.o(i.drv_led_establecer) for drv_led_establecer
    main.o(i.blink_v3) refers to drv_tiempo.o(i.drv_tiempo_periodico_ms) for drv_tiempo_periodico_ms
    main.o(i.blink_v3) refers to drv_consumo.o(i.drv_consumo_esperar) for drv_consumo_esperar
    main.o(i.blink_v3) refers to main.o(i.leds_c) for leds_c
    main.o(i.blink_v3_bis) refers to drv_monitor.o(i.drv_monitor_iniciar) for drv_monitor_iniciar
    main.o(i.blink_v3_bis) refers to drv_consumo.o(i.drv_consumo_iniciar) for drv_consumo_iniciar
    main.o(i.blink_v3_bis) refers to drv_botones.o(i.drv_botones_iniciar) for drv_botones_iniciar
    main.o(i.blink_v3_bis) refers to drv_tiempo.o(i.drv_tiempo_periodico_ms) for drv_tiempo_periodico_ms
    main.o(i.blink_v3_bis) refers to drv_consumo.o(i.drv_consumo_esperar) for drv_consumo_esperar
    main.o(i.blink_v3_bis) refers to drv_consumo.o(i.drv_consumo_dormir) for drv_consumo_dormir
    main.o(i.blink_v3_bis) refers to main.o(i.drv_boton_estado_actualizar) for drv_boton_estado_actualizar
    main.o(i.blink_v3_bis) refers to main.o(i.leds_c) for leds_c
    main.o(i.blink_v4) refers to drv_consumo.o(i.drv_consumo_iniciar) for drv_consumo_iniciar
    main.o(i.blink_v4) refers to drv_monitor.o(i.drv_monitor_iniciar) for drv_monitor_iniciar
    main.o(i.blink_v4) refers to rt_fifo.o(i.rt_FIFO_inicializar) for rt_FIFO_inicializar
    main.o(i.blink_v4) refers to drv_leds.o(i.drv_led_establecer) for drv_led_establecer
    main.o(i.blink_v4) refers to drv_tiempo.o(i.drv_tiempo_periodico_ms) for drv_tiempo_periodico_ms
    main.o(i.blink_v4) refers to rt_fifo.o(i.rt_FIFO_extraer) for rt_FIFO_extraer
    main.o(i.blink_v4) refers to drv_leds.o(i.drv_led_conmutar) for drv_led_conmutar
    main.o(i.blink_v4) refers to drv_consumo.o(i.drv_consumo_esperar) for drv_consumo_esperar
    main.o(i.blink_v4) refers to rt_fifo.o(i.rt_FIFO_encolar) for rt_FIFO_encolar
    main.o(i.boton_pulsado) refers to drv_leds.o(i.drv_led_conmutar) for drv_led_conmutar
    main.o(i.boton_pulsado) refers to drv_sc.o(i.drv_sc_disable) for drv_sc_disable
    main.o(i.boton_pulsado) refers to drv_botones.o(i.drv_botones_actualizar) for drv_botones_actualizar
    main.o(i.boton_pulsado) refers to drv_sc.o(i.drv_sc_enable) for drv_sc_enable
    main.o(i.crear_partitura_aleatoria) refers to _printf_percent.o(.ARM.Collect$$_printf_percent$$00000000) for _printf_percent
    main.o(i.crear_partitura_aleatoria) refers to _printf_d.o(.ARM.Collect$$_printf_percent$$00000009) for _printf_d
    main.o(i.crear_partitura_aleatoria) refers to _printf_dec.o(.text) for _printf_int_dec
    main.o(i.crear_partitura_aleatoria) refers to _printf_c.o(.ARM.Collect$$_printf_percent$$00000013) for _printf_c
    main.o(i.crear_partitura_aleatoria) refers to _printf_str.o(.text) for _printf_str
    main.o(i.crear_partitura_aleatoria) refers to drv_uart.o(i.drv_uart_init) for drv_uart_init
    main.o(i.crear_partitura_aleatoria) refers to drv_tiempo.o(i.drv_tiempo_actual_us) for drv_tiempo_actual_us
    main.o(i.crear_partitura_aleatoria) refers to svc_random.o(i.svc_random_iniciar) for svc_random_iniciar
    main.o(i.crear_partitura_aleatoria) refers to noretval__2sprintf.o(.text) for __2sprintf
    main.o(i.crear_partitura_aleatoria) refers to drv_uart.o(i.drv_uart_puts) for drv_uart_puts
    main.o(i.crear_partitura_aleatoria) refers to svc_random.o(i.svc_random_value) for svc_random_value
    main.o(i.crear_partitura_aleatoria) refers to aeabi_sdiv.o(.text) for __aeabi_idivmod
    main.o(i.leds_c) refers to drv_monitor.o(i.drv_monitor_desmarcar) for drv_monitor_desmarcar
    main.o(i.leds_c) refers to drv_leds.o(i.drv_led_conmutar) for drv_led_conmutar
    main.o(i.leds_c) refers to drv_monitor.o(i.drv_monitor_marcar) for drv_monitor_marcar
    main.o(i.main) refers to svc_estadisticas.o(i.svc_estadisticas_set_tmp) for svc_estadisticas_set_tmp
    main.o(i.main) refers to drv_tiempo.o(i.drv_tiempo_iniciar) for drv_tiempo_iniciar
    main.o(i.main) refers to hal_gpio_lpc.o(i.hal_gpio_iniciar) for hal_gpio_iniciar
    main.o(i.main) refers to drv_leds.o(i.drv_leds_iniciar) for drv_leds_iniciar
[...]
    Removing hal_uart_lpc.o(i.hal_uart_data_available), (20 bytes).
    Removing hal_uart_lpc.o(i.hal_uart_getchar), (40 bytes).

33 unused section(s) (total 3249 bytes) removed from the image.

==============================================================================

Adding Veneers to the image

    Adding TA veneer (4 bytes, Inline) for call to '_printf_percent' from __printf.o(.text).
    Adding AT veneer (8 bytes, Inline) for call to '__rt_lib_init' from __rtentry2.o(.ARM.Collect$$rtentry$$0000000A).
    Adding AT veneer (8 bytes, Inline) for call to '__rt_lib_shutdown' from rtexit2.o(.ARM.Collect$$rtexit$$00000003).
    Adding TA veneer (4 bytes, Inline) for call to '__rt_exit' from exit.o(.text).
    Adding AT veneer (8 bytes, Inline) for call to '__2sprintf' from app_guitar_hero.o(i.estado_boton_guitar_hero).
    Adding AT veneer (8 bytes, Inline) for call to '_printf_int_dec' from _printf_d.o(.ARM.Collect$$_printf_percent$$00000009).
    Adding AT veneer (8 bytes, Inline) for call to 'srand' from hal_random_lpc.o(i.hal_random_iniciar).
    Adding TA veneer (4 bytes, Inline) for call to '__rt_udiv10' from _printf_dec.o(.text).
    Adding AT veneer (8 bytes, Inline) for call to '_sys_exit' from rtexit2.o(.ARM.Collect$$rtexit$$00000004).

9 Veneer(s) (total 60 bytes) added to the image.

==============================================================================

Image Symbol Table

    Local Symbols

    Symbol Name                              Value     Ov Type        Size  Object(Section)

    RESET                                    0x00000000   Section      272  startup.o(RESET)
    ../clib/angel/boardlib.s                 0x00000000   Number         0  boardshut.o ABSOLUTE
    ../clib/angel/boardlib.s                 0x00000000   Number         0  boardinit1.o ABSOLUTE
    ../clib/angel/boardlib.s                 0x00000000   Number         0  boardinit3.o ABSOLUTE
    ../clib/angel/boardlib.s                 0x00000000   Number         0  boardinit2.o ABSOLUTE
    ../clib/angel/handlers.s                 0x00000000   Number         0  __scatter_copy.o ABSOLUTE
    ../clib/angel/handlers.s                 0x00000000   Number         0  __scatter_zi.o ABSOLUTE
    ../clib/angel/kernel.s                   0x00000000   Number         0  __rtentry.o ABSOLUTE
    ../clib/angel/kernel.s                   0x00000000   Number         0  __rtentry2.o ABSOLUTE
    ../clib/angel/kernel.s                   0x00000000   Number         0  __rtentry4.o ABSOLUTE
    ../clib/angel/kernel.s                   0x00000000   Number         0  rtexit2.o ABSOLUTE
    ../clib/angel/kernel.s                   0x00000000   Number         0  rtexit.o ABSOLUTE
    ../clib/angel/rt.s                       0x00000000   Number         0  aeabi_ldiv0_sigfpe.o ABSOLUTE
    ../clib/angel/rt.s                       0x00000000   Number         0  aeabi_ldiv0.o ABSOLUTE
    ../clib/angel/rt.s                       0x00000000   Number         0  aeabi_idiv0_sigfpe.o ABSOLUTE
    ../clib/angel/rt.s                       0x00000000   Number         0  aeabi_idiv0.o ABSOLUTE
    ../clib/angel/rt.s                       0x00000000   Number         0  rt_raise.o ABSOLUTE
    ../clib/angel/rt.s                       0x00000000   Number         0  rt_div0.o ABSOLUTE
    ../clib/angel/scatter.s                  0x00000000   Number         0  __scatter.o ABSOLUTE
    ../clib/angel/startup.s                  0x00000000   Number         0  __main.o ABSOLUTE
    ../clib/angel/sys.s                      0x00000000   Number         0  indicate_semi.o ABSOLUTE
    ../clib/angel/sys.s                      0x00000000   Number         0  use_no_semi.o ABSOLUTE
    ../clib/angel/sys.s                      0x00000000   Number         0  sys_stackheap_outer.o ABSOLUTE
    ../clib/angel/sys.s                      0x00000000   Number         0  libspace.o ABSOLUTE
    ../clib/angel/sysapp.c                   0x00000000   Number         0  sys_wrch.o ABSOLUTE
    ../clib/angel/sysapp.c                   0x00000000   Number         0  sys_exit.o ABSOLUTE
    ../clib/angel/sysapp.c                   0x00000000   Number         0  sys_command.o ABSOLUTE
    ../clib/armsys.c                         0x00000000   Number         0  argv_veneer.o ABSOLUTE
    ../clib/armsys.c                         0x00000000   Number         0  argv_veneer.o ABSOLUTE
    ../clib/armsys.c                         0x00000000   Number         0  no_argv.o ABSOLUTE
    ../clib/armsys.c                         0x00000000   Number         0  _get_argv_nomalloc.o ABSOLUTE
    ../clib/division.s                       0x00000000   Number         0  aeabi_sdiv_div0.o ABSOLUTE
    ../clib/division.s                       0x00000000   Number         0  aeabi_sdiv.o ABSOLUTE
    ../clib/division.s                       0x00000000   Number         0  rtudiv10.o ABSOLUTE
    ../clib/divrt.s                          0x00000000   Number         0  divrt_7tdmi.o ABSOLUTE
    ../clib/divrt.s                          0x00000000   Number         0  divrt_7tdmi_div0.o ABSOLUTE
    ../clib/heapalloc.c                      0x00000000   Number         0  hrguard.o ABSOLUTE
    ../clib/heapaux.c                        0x00000000   Number         0  heapauxi.o ABSOLUTE
    ../clib/libinit.s                        0x00000000   Number         0  libinit.o ABSOLUTE
    ../clib/libinit.s                        0x00000000   Number         0  libshutdown.o ABSOLUTE
    ../clib/libinit.s                        0x00000000   Number         0  libinit2.o ABSOLUTE
    ../clib/libinit.s                        0x00000000   Number         0  libshutdown2.o ABSOLUTE
    ../clib/longlong.s                       0x00000000   Number         0  lludiv.o ABSOLUTE
    ../clib/longlong.s                       0x00000000   Number         0  llsdiv.o ABSOLUTE
    ../clib/printf.c                         0x00000000   Number         0  _printf_str.o ABSOLUTE
    ../clib/printf.c                         0x00000000   Number         0  __printf_ss.o ABSOLUTE
    ../clib/printf.c                         0x00000000   Number         0  __printf_flags_ss.o ABSOLUTE
    ../clib/printf.c                         0x00000000   Number         0  __printf.o ABSOLUTE
    ../clib/printf.c                         0x00000000   Number         0  __printf_wp.o ABSOLUTE
    ../clib/printf.c                         0x00000000   Number         0  noretval__2sprintf.o ABSOLUTE
    ../clib/printf.c                         0x00000000   Number         0  __2sprintf.o ABSOLUTE
    ../clib/printf.c                         0x00000000   Number         0  __printf_flags_wp.o ABSOLUTE
    ../clib/printf.c                         0x00000000   Number         0  __printf_ss_wp.o ABSOLUTE
    ../clib/printf.c                         0x00000000   Number         0  __printf_flags_ss_wp.o ABSOLUTE
    ../clib/printf.c                         0x00000000   Number         0  __printf_nopercent.o ABSOLUTE
    ../clib/printf.c                         0x00000000   Number         0  _printf_dec.o ABSOLUTE
    ../clib/printf.c                         0x00000000   Number         0  _printf_intcommon.o ABSOLUTE
    ../clib/printf.c                         0x00000000   Number         0  __printf_flags.o ABSOLUTE
    ../clib/printf.c                         0x00000000   Number         0  _printf_char.o ABSOLUTE
    ../clib/printf.c                         0x00000000   Number         0  _sputc.o ABSOLUTE
    ../clib/printf.c                         0x00000000   Number         0  _printf_char_common.o ABSOLUTE
    ../clib/printf_percent.s                 0x00000000   Number         0  _printf_c.o ABSOLUTE
    ../clib/printf_percent.s                 0x00000000   Number         0  _printf_d.o ABSOLUTE
    ../clib/printf_percent.s                 0x00000000   Number         0  _printf_percent.o ABSOLUTE
    ../clib/printf_percent.s                 0x00000000   Number         0  _printf_percent_end.o ABSOLUTE
    ../clib/signal.c                         0x00000000   Number         0  defsig_cppl_inner.o ABSOLUTE
    ../clib/signal.c                         0x00000000   Number         0  defsig_pvfn_inner.o ABSOLUTE
    ../clib/signal.c                         0x00000000   Number         0  defsig_rtmem_formal.o ABSOLUTE
    ../clib/signal.c                         0x00000000   Number         0  defsig_rtred_inner.o ABSOLUTE
    ../clib/signal.c                         0x00000000   Number         0  defsig_abrt_inner.o ABSOLUTE
    ../clib/signal.c                         0x00000000   Number         0  defsig_rtmem_inner.o ABSOLUTE
    ../clib/signal.c                         0x00000000   Number         0  defsig_general.o ABSOLUTE
    ../clib/signal.c                         0x00000000   Number         0  __raise.o ABSOLUTE
    ../clib/signal.c                         0x00000000   Number         0  defsig_rtmem_outer.o ABSOLUTE
    ../clib/signal.c                         0x00000000   Number         0  defsig_fpe_inner.o ABSOLUTE
    ../clib/signal.c                         0x00000000   Number         0  defsig_exit.o ABSOLUTE
    ../clib/signal.c                         0x00000000   Number         0  defsig_fpe_outer.o ABSOLUTE
    ../clib/signal.c                         0x00000000   Number         0  defsig_fpe_formal.o ABSOLUTE
    ../clib/signal.c                         0x00000000   Number         0  defsig_stak_inner.o ABSOLUTE
    ../clib/signal.c                         0x00000000   Number         0  defsig_other.o ABSOLUTE
    ../clib/signal.c                         0x00000000   Number         0  defsig_segv_inner.o ABSOLUTE
    ../clib/signal.s                         0x00000000   Number         0  defsig.o ABSOLUTE
    ../clib/stdlib.c                         0x00000000   Number         0  rand.o ABSOLUTE
    ../clib/stdlib.c                         0x00000000   Number         0  rand.o ABSOLUTE
    ../clib/stdlib.c                         0x00000000   Number         0  exit.o ABSOLUTE
    ../fplib/fpinit.s                        0x00000000   Number         0  fpinit.o ABSOLUTE
    ..\..\src\app_bit_counter_strike.c       0x00000000   Number         0  app_bit_counter_strike.o ABSOLUTE
    ..\..\src\app_guitar_hero.c              0x00000000   Number         0  app_guitar_hero.o ABSOLUTE
    ..\..\src\drv_botones.c                  0x00000000   Number         0  drv_botones.o ABSOLUTE
    ..\..\src\drv_consumo.c                  0x00000000   Number         0  drv_consumo.o ABSOLUTE
    ..\..\src\drv_leds.c                     0x00000000   Number         0  drv_leds.o ABSOLUTE
    ..\..\src\drv_monitor.c                  0x00000000   Number         0  drv_monitor.o ABSOLUTE
    ..\..\src\drv_sc.c                       0x00000000   Number         0  drv_sc.o ABSOLUTE
    ..\..\src\drv_tiempo.c                   0x00000000   Number         0  drv_tiempo.o ABSOLUTE
    ..\..\src\drv_uart.c                     0x00000000   Number         0  drv_uart.o ABSOLUTE
    ..\..\src\drv_wdt.c                      0x00000000   Number         0  drv_wdt.o ABSOLUTE
    ..\..\src\main.c                         0x00000000   Number         0  main.o ABSOLUTE
    ..\..\src\rt_GE.c                        0x00000000   Number         0  rt_ge.o ABSOLUTE
    ..\..\src\rt_fifo.c                      0x00000000   Number         0  rt_fifo.o ABSOLUTE
    ..\..\src\svc_alarma.c                   0x00000000   Number         0  svc_alarma.o ABSOLUTE
    ..\..\src\svc_estadisticas.c             0x00000000   Number         0  svc_estadisticas.o ABSOLUTE
    ..\..\src\svc_random.c                   0x00000000   Number         0  svc_random.o ABSOLUTE
    ..\src_lpc\Startup.s                     0x00000000   Number         0  startup.o ABSOLUTE
    ..\src_lpc\hal_consumo_lpc.c             0x00000000   Number         0  hal_consumo_lpc.o ABSOLUTE
    ..\src_lpc\hal_ext_int_lpc.c             0x00000000   Number         0  hal_ext_int_lpc.o ABSOLUTE
    ..\src_lpc\hal_gpio_lpc.c                0x00000000   Number         0  hal_gpio_lpc.o ABSOLUTE
    ..\src_lpc\hal_random_lpc.c              0x00000000   Number         0  hal_random_lpc.o ABSOLUTE
    ..\src_lpc\hal_sc_lpc.c                  0x00000000   Number         0  hal_sc_lpc.o ABSOLUTE
    ..\src_lpc\hal_tiempo_lpc.c              0x00000000   Number         0  hal_tiempo_lpc.o ABSOLUTE
    ..\src_lpc\hal_uart_lpc.c                0x00000000   Number         0  hal_uart_lpc.o ABSOLUTE
    ..\src_lpc\hal_wdt_lpc.c                 0x00000000   Number         0  hal_wdt_lpc.o ABSOLUTE
    dc.s                                     0x00000000   Number         0  dc.o ABSOLUTE
    Undef_Handler                            0x00000040   ARM Code       4  startup.o(RESET)
    SWI_Handler                              0x00000044   ARM Code       4  startup.o(RESET)
    PAbt_Handler                             0x00000048   ARM Code       4  startup.o(RESET)
    DAbt_Handler                             0x0000004c   ARM Code       4  startup.o(RESET)
    IRQ_Handler                              0x00000050   ARM Code       4  startup.o(RESET)
    FIQ_Handler                              0x00000054   ARM Code       4  startup.o(RESET)
    !!!main                                  0x00000110   Section        8  __main.o(!!!main)
    !!!scatter                               0x00000118   Section       60  __scatter.o(!!!scatter)
    !!handler_copy                           0x00000154   Section       40  __scatter_copy.o(!!handler_copy)
    !!handler_zi                             0x0000017c   Section       44  __scatter_zi.o(!!handler_zi)
    .ARM.Collect$$_printf_percent$$00000000  0x000001ac   Section        0  _printf_percent.o(.ARM.Collect$$_printf_percent$$00000000)
    .ARM.Collect$$_printf_percent$$00000009  0x000001ac   Section        8  _printf_d.o(.ARM.Collect$$_printf_percent$$00000009)
    .ARM.Collect$$_printf_percent$$00000017  0x000001b4   Section        8  _printf_percent_end.o(.ARM.Collect$$_printf_percent$$00000017)
    .ARM.Collect$$libinit$$00000000          0x000001c4   Section        2  libinit.o(.ARM.Collect$$libinit$$00000000)
    .ARM.Collect$$libinit$$00000002          0x000001c6   Section        0  libinit2.o(.ARM.Collect$$libinit$$00000002)
    .ARM.Collect$$libinit$$00000004          0x000001c6   Section        0  libinit2.o(.ARM.Collect$$libinit$$00000004)
    .ARM.Collect$$libinit$$0000000A          0x000001c6   Section        0  libinit2.o(.ARM.Collect$$libinit$$0000000A)
    .ARM.Collect$$libinit$$0000000C          0x000001c6   Section        0  libinit2.o(.ARM.Collect$$libinit$$0000000C)
    .ARM.Collect$$libinit$$0000000D          0x000001c6   Section        4  libinit2.o(.ARM.Collect$$libinit$$0000000D)
    .ARM.Collect$$libinit$$0000000E          0x000001ca   Section        0  libinit2.o(.ARM.Collect$$libinit$$0000000E)
    .ARM.Collect$$libinit$$00000011          0x000001ca   Section        0  libinit2.o(.ARM.Collect$$libinit$$00000011)
    .ARM.Collect$$libinit$$00000013          0x000001ca   Section        0  libinit2.o(.ARM.Collect$$libinit$$00000013)
    .ARM.Collect$$libinit$$00000015          0x000001ca   Section        0  libinit2.o(.ARM.Collect$$libinit$$00000015)
    .ARM.Collect$$libinit$$00000017          0x000001ca   Section        0  libinit2.o(.ARM.Collect$$libinit$$00000017)
    .ARM.Collect$$libinit$$00000019          0x000001ca   Section        0  libinit2.o(.ARM.Collect$$libinit$$00000019)
    .ARM.Collect$$libinit$$0000001B          0x000001ca   Section        0  libinit2.o(.ARM.Collect$$libinit$$0000001B)
    .ARM.Collect$$libinit$$0000001D          0x000001ca   Section        0  libinit2.o(.ARM.Collect$$libinit$$0000001D)
    .ARM.Collect$$libinit$$0000001F          0x000001ca   Section        0  libinit2.o(.ARM.Collect$$libinit$$0000001F)
    .ARM.Collect$$libinit$$00000021          0x000001ca   Section        0  libinit2.o(.ARM.Collect$$libinit$$00000021)
    .ARM.Collect$$libinit$$00000023          0x000001ca   Section        0  libinit2.o(.ARM.Collect$$libinit$$00000023)
    .ARM.Collect$$libinit$$00000025          0x000001ca   Section        0  libinit2.o(.ARM.Collect$$libinit$$00000025)
    .ARM.Collect$$libinit$$0000002C          0x000001ca   Section        0  libinit2.o(.ARM.Collect$$libinit$$0000002C)
    .ARM.Collect$$libinit$$0000002E          0x000001ca   Section        0  libinit2.o(.ARM.Collect$$libinit$$0000002E)
    .ARM.Collect$$libinit$$00000030          0x000001ca   Section        0  libinit2.o(.ARM.Collect$$libinit$$00000030)
    .ARM.Collect$$libinit$$00000032          0x000001ca   Section        0  libinit2.o(.ARM.Collect$$libinit$$00000032)
    .ARM.Collect$$libinit$$00000033          0x000001ca   Section       12  libinit2.o(.ARM.Collect$$libinit$$00000033)
    .ARM.Collect$$libshutdown$$00000000      0x000001e0   Section        4  libshutdown.o(.ARM.Collect$$libshutdown$$00000000)
    .ARM.Collect$$libshutdown$$00000002      0x000001e4   Section        0  libshutdown2.o(.ARM.Collect$$libshutdown$$00000002)
    .ARM.Collect$$libshutdown$$00000004      0x000001e4   Section        0  libshutdown2.o(.ARM.Collect$$libshutdown$$00000004)
    .ARM.Collect$$libshutdown$$00000007      0x000001e4   Section        0  libshutdown2.o(.ARM.Collect$$libshutdown$$00000007)
    .ARM.Collect$$libshutdown$$0000000A      0x000001e4   Section        0  libshutdown2.o(.ARM.Collect$$libshutdown$$0000000A)
    .ARM.Collect$$libshutdown$$0000000C      0x000001e4   Section        0  libshutdown2.o(.ARM.Collect$$libshutdown$$0000000C)
    .ARM.Collect$$libshutdown$$0000000F      0x000001e4   Section        0  libshutdown2.o(.ARM.Collect$$libshutdown$$0000000F)
    .ARM.Collect$$libshutdown$$00000010      0x000001e4   Section        6  libshutdown2.o(.ARM.Collect$$libshutdown$$00000010)
    .ARM.Collect$$rtentry$$00000000          0x000001ec   Section        0  __rtentry.o(.ARM.Collect$$rtentry$$00000000)
    .ARM.Collect$$rtentry$$00000002          0x000001ec   Section        0  __rtentry2.o(.ARM.Collect$$rtentry$$00000002)
    .ARM.Collect$$rtentry$$00000004          0x000001ec   Section        8  __rtentry4.o(.ARM.Collect$$rtentry$$00000004)
    .ARM.Collect$$rtentry$$00000009          0x000001f4   Section        0  __rtentry2.o(.ARM.Collect$$rtentry$$00000009)
    .ARM.Collect$$rtentry$$0000000A          0x000001f4   Section        4  __rtentry2.o(.ARM.Collect$$rtentry$$0000000A)
    .ARM.Collect$$rtentry$$0000000C          0x000001f8   Section        0  __rtentry2.o(.ARM.Collect$$rtentry$$0000000C)
    .ARM.Collect$$rtentry$$0000000D          0x000001f8   Section       40  __rtentry2.o(.ARM.Collect$$rtentry$$0000000D)
    .ARM.Collect$$rtexit$$00000000           0x00000224   Section        4  rtexit.o(.ARM.Collect$$rtexit$$00000000)
    .ARM.Collect$$rtexit$$00000002           0x00000228   Section        0  rtexit2.o(.ARM.Collect$$rtexit$$00000002)
    .ARM.Collect$$rtexit$$00000003           0x00000228   Section        4  rtexit2.o(.ARM.Collect$$rtexit$$00000003)
    .ARM.Collect$$rtexit$$00000004           0x0000022c   Section        8  rtexit2.o(.ARM.Collect$$rtexit$$00000004)
    .text                                    0x00000234   Section      104  startup.o(.text)
    .text                                    0x0000029c   Section       84  llsdiv.o(.text)
    .text                                    0x000002f0   Section      720  lludiv.o(.text)
    .text                                    0x000005c8   Section        0  noretval__2sprintf.o(.text)
    .text                                    0x000005f0   Section        0  __printf.o(.text)
    .text                                    0x00000670   Section        0  _printf_dec.o(.text)
    .text                                    0x000006e8   Section        0  rand.o(.text)
    .text                                    0x00000728   Section      384  aeabi_sdiv.o(.text)
    __arm_div8                               0x00000754   ARM Code       0  aeabi_sdiv.o(.text)
    __arm_div5                               0x00000778   ARM Code       0  aeabi_sdiv.o(.text)
    __arm_div2                               0x0000079c   ARM Code       0  aeabi_sdiv.o(.text)
    __arm_div_large                          0x000007d8   ARM Code       0  aeabi_sdiv.o(.text)
    .text                                    0x000008a8   Section        0  heapauxi.o(.text)
    .text                                    0x000008ae   Section        0  _printf_intcommon.o(.text)
    .text                                    0x00000968   Section        0  _printf_char_common.o(.text)
    _printf_input_char                       0x00000969   Thumb Code    10  _printf_char_common.o(.text)
    .text                                    0x00000998   Section        0  _sputc.o(.text)
    .text                                    0x000009a8   Section       44  rtudiv10.o(.text)
    .text                                    0x000009d4   Section       96  sys_stackheap_outer.o(.text)
    .text                                    0x00000a34   Section        0  exit.o(.text)
    .text                                    0x00000a48   Section       12  libspace.o(.text)
    .text                                    0x00000a5c   Section        0  sys_exit.o(.text)
    .text                                    0x00000a68   Section        4  use_no_semi.o(.text)
    .text                                    0x00000a6c   Section        0  indicate_semi.o(.text)
    .text_udiv                               0x00000a6c   Section       36  aeabi_sdiv.o(.text_udiv)
    i.EINT_Handler                           0x00000a90   Section        0  hal_ext_int_lpc.o(i.EINT_Handler)
    i.T0_ISR                                 0x00000b44   Section        0  hal_tiempo_lpc.o(i.T0_ISR)
    i.T1_ISR                                 0x00000b8c   Section        0  hal_tiempo_lpc.o(i.T1_ISR)
    i.__ARM_common_call_via_r1               0x00000bc8   Section        0  __printf.o(i.__ARM_common_call_via_r1)
    i.__ARM_common_call_via_r2               0x00000bca   Section        0  __printf.o(i.__ARM_common_call_via_r2)
    i.app_guitar_hero_actualizar             0x00000bcc   Section        0  app_guitar_hero.o(i.app_guitar_hero_actualizar)
    i.app_guitar_hero_iniciar                0x00000c94   Section        0  app_guitar_hero.o(i.app_guitar_hero_iniciar)
    i.callback_wrapper_interna               0x00000d20   Section        0  drv_botones.o(i.callback_wrapper_interna)
    callback_wrapper_interna                 0x00000d20   ARM Code      60  drv_botones.o(i.callback_wrapper_interna)
    i.callback_wrapper_interno               0x00000d64   Section        0  drv_tiempo.o(i.callback_wrapper_interno)
    callback_wrapper_interno                 0x00000d64   ARM Code      56  drv_tiempo.o(i.callback_wrapper_interno)
    i.comprobar_acierto                      0x00000da4   Section        0  app_guitar_hero.o(i.comprobar_acierto)
    i.drv_botones_actualizar                 0x00000dc4   Section        0  drv_botones.o(i.drv_botones_actualizar)
    i.drv_botones_cantidad                   0x00000fcc   Section        0  drv_botones.o(i.drv_botones_cantidad)
    i.drv_botones_encontrar_indice           0x00000fd4   Section        0  drv_botones.o(i.drv_botones_encontrar_indice)
    i.drv_botones_iniciar                    0x00001010   Section        0  drv_botones.o(i.drv_botones_iniciar)
    i.drv_consumo_dormir                     0x000010f4   Section        0  drv_consumo.o(i.drv_consumo_dormir)
    i.drv_consumo_esperar                    0x0000113c   Section        0  drv_consumo.o(i.drv_consumo_esperar)
    i.drv_consumo_iniciar                    0x00001188   Section        0  drv_consumo.o(i.drv_consumo_iniciar)
    i.drv_led_establecer                     0x000011ac   Section        0  drv_leds.o(i.drv_led_establecer)
    i.drv_leds_apagar_todos                  0x00001200   Section        0  drv_leds.o(i.drv_leds_apagar_todos)
    i.drv_leds_iniciar                       0x00001248   Section        0  drv_leds.o(i.drv_leds_iniciar)
    i.drv_monitor_desmarcar                  0x000012a8   Section        0  drv_monitor.o(i.drv_monitor_desmarcar)
    i.drv_monitor_iniciar                    0x000012f8   Section        0  drv_monitor.o(i.drv_monitor_iniciar)
    i.drv_monitor_marcar                     0x00001354   Section        0  drv_monitor.o(i.drv_monitor_marcar)
    i.drv_sc_disable                         0x000013a4   Section        0  drv_sc.o(i.drv_sc_disable)
    i.drv_sc_enable                          0x000013d8   Section        0  drv_sc.o(i.drv_sc_enable)
    i.drv_tiempo_actual_ms                   0x00001434   Section        0  drv_tiempo.o(i.drv_tiempo_actual_ms)
    i.drv_tiempo_actual_us                   0x00001454   Section        0  drv_tiempo.o(i.drv_tiempo_actual_us)
    i.drv_tiempo_iniciar                     0x00001484   Section        0  drv_tiempo.o(i.drv_tiempo_iniciar)
    i.drv_tiempo_periodico_ms                0x000014b8   Section        0  drv_tiempo.o(i.drv_tiempo_periodico_ms)
    i.drv_uart_init                          0x00001514   Section        0  drv_uart.o(i.drv_uart_init)
    i.drv_uart_putchar                       0x0000152c   Section        0  drv_uart.o(i.drv_uart_putchar)
    i.drv_uart_putint                        0x00001544   Section        0  drv_uart.o(i.drv_uart_putint)
    i.drv_uart_puts                          0x000015ec   Section        0  drv_uart.o(i.drv_uart_puts)
    i.drv_wdt_feed                           0x00001614   Section        0  drv_wdt.o(i.drv_wdt_feed)
    i.drv_wdt_iniciar                        0x0000162c   Section        0  drv_wdt.o(i.drv_wdt_iniciar)
    i.elegir_dificultad                      0x0000164c   Section        0  app_guitar_hero.o(i.elegir_dificultad)
    i.encolar_EM                             0x0000173c   Section        0  app_guitar_hero.o(i.encolar_EM)
    i.estadisticas_guitar_hero               0x00001764   Section        0  app_guitar_hero.o(i.estadisticas_guitar_hero)
    i.estado_boton_guitar_hero               0x000018d0   Section        0  app_guitar_hero.o(i.estado_boton_guitar_hero)
    i.estado_fin_partida_guitar_hero         0x000019ac   Section        0  app_guitar_hero.o(i.estado_fin_partida_guitar_hero)
    i.estado_inicio_gh                       0x00001ac8   Section        0  app_guitar_hero.o(i.estado_inicio_gh)
    i.estado_leds_guitar_hero                0x00001b60   Section        0  app_guitar_hero.o(i.estado_leds_guitar_hero)
    i.hal_consumo_dormir                     0x00001d50   Section        0  hal_consumo_lpc.o(i.hal_consumo_dormir)
    i.hal_consumo_esperar                    0x00001d80   Section        0  hal_consumo_lpc.o(i.hal_consumo_esperar)
    i.hal_consumo_iniciar                    0x00001da4   Section        0  hal_consumo_lpc.o(i.hal_consumo_iniciar)
    i.hal_ext_int_clear                      0x00001db8   Section        0  hal_ext_int_lpc.o(i.hal_ext_int_clear)
    i.hal_ext_int_clear_flag                 0x00001dcc   Section        0  hal_ext_int_lpc.o(i.hal_ext_int_clear_flag)
    i.hal_ext_int_deshabilitar_int           0x00001e04   Section        0  hal_ext_int_lpc.o(i.hal_ext_int_deshabilitar_int)
    i.hal_ext_int_habilitar_despertar        0x00001e3c   Section        0  hal_ext_int_lpc.o(i.hal_ext_int_habilitar_despertar)
    i.hal_ext_int_habilitar_int              0x00001e7c   Section        0  hal_ext_int_lpc.o(i.hal_ext_int_habilitar_int)
    i.hal_ext_int_iniciar                    0x00001eb4   Section        0  hal_ext_int_lpc.o(i.hal_ext_int_iniciar)
    i.hal_gpio_escribir                      0x00001f70   Section        0  hal_gpio_lpc.o(i.hal_gpio_escribir)
    i.hal_gpio_iniciar                       0x00001fa0   Section        0  hal_gpio_lpc.o(i.hal_gpio_iniciar)
    i.hal_gpio_leer                          0x00001fb4   Section        0  hal_gpio_lpc.o(i.hal_gpio_leer)
    i.hal_gpio_leer_in                       0x00001fe8   Section        0  hal_gpio_lpc.o(i.hal_gpio_leer_in)
    i.hal_gpio_sentido                       0x00002000   Section        0  hal_gpio_lpc.o(i.hal_gpio_sentido)
    i.hal_iniciar_T0                         0x0000204c   Section        0  hal_tiempo_lpc.o(i.hal_iniciar_T0)
    i.hal_random_iniciar                     0x00002068   Section        0  hal_random_lpc.o(i.hal_random_iniciar)
    i.hal_sc_disable                         0x00002084   Section        0  hal_sc_lpc.o(i.hal_sc_disable)
    i.hal_sc_restaurar                       0x00002098   Section        0  hal_sc_lpc.o(i.hal_sc_restaurar)
    i.hal_tiempo_actual_tick64               0x000020a8   Section        0  hal_tiempo_lpc.o(i.hal_tiempo_actual_tick64)
    i.hal_tiempo_iniciar_tick                0x00002114   Section        0  hal_tiempo_lpc.o(i.hal_tiempo_iniciar_tick)
    i.hal_tiempo_periodico_config_tick       0x000021b0   Section        0  hal_tiempo_lpc.o(i.hal_tiempo_periodico_config_tick)
    i.hal_tiempo_periodico_enable            0x00002200   Section        0  hal_tiempo_lpc.o(i.hal_tiempo_periodico_enable)
    i.hal_tiempo_periodico_set_callback      0x00002254   Section        0  hal_tiempo_lpc.o(i.hal_tiempo_periodico_set_callback)
    i.hal_tiempo_reloj_periodico_tick        0x00002264   Section        0  hal_tiempo_lpc.o(i.hal_tiempo_reloj_periodico_tick)
    i.hal_uart_init                          0x000022b0   Section        0  hal_uart_lpc.o(i.hal_uart_init)
    i.hal_uart_putchar                       0x0000234c   Section        0  hal_uart_lpc.o(i.hal_uart_putchar)
    i.hal_wdt_feed                           0x00002374   Section        0  hal_wdt_lpc.o(i.hal_wdt_feed)
    i.hal_wdt_iniciar                        0x0000239c   Section        0  hal_wdt_lpc.o(i.hal_wdt_iniciar)
    i.hw_level_from_state                    0x000023cc   Section        0  drv_monitor.o(i.hw_level_from_state)
    hw_level_from_state                      0x000023cc   ARM Code      28  drv_monitor.o(i.hw_level_from_state)
    i.hw_level_from_status                   0x000023e8   Section        0  drv_leds.o(i.hw_level_from_status)
    hw_level_from_status                     0x000023e8   ARM Code      28  drv_leds.o(i.hw_level_from_status)
    i.iniciar_secuencia_fin                  0x00002404   Section        0  app_guitar_hero.o(i.iniciar_secuencia_fin)
    i.iniciar_secuencia_inicio               0x00002448   Section        0  app_guitar_hero.o(i.iniciar_secuencia_inicio)
    i.led_id_valido                          0x0000248c   Section        0  drv_leds.o(i.led_id_valido)
    led_id_valido                            0x0000248c   ARM Code      36  drv_leds.o(i.led_id_valido)
    i.main                                   0x000024b0   Section        0  main.o(i.main)
    i.manejador_botones_guitar_hero          0x00002544   Section        0  app_guitar_hero.o(i.manejador_botones_guitar_hero)
    i.modificar_puntuacion                   0x00002608   Section        0  app_guitar_hero.o(i.modificar_puntuacion)
    i.monitor_id_valido                      0x0000276c   Section        0  drv_monitor.o(i.monitor_id_valido)
    monitor_id_valido                        0x0000276c   ARM Code      36  drv_monitor.o(i.monitor_id_valido)
    i.pin_a_eint                             0x00002790   Section        0  hal_ext_int_lpc.o(i.pin_a_eint)
    pin_a_eint                               0x00002790   ARM Code      72  hal_ext_int_lpc.o(i.pin_a_eint)
    i.pin_to_eint                            0x000027d8   Section        0  hal_ext_int_lpc.o(i.pin_to_eint)
    i.pin_to_gpio                            0x0000283c   Section        0  hal_ext_int_lpc.o(i.pin_to_gpio)
    i.rt_FIFO_encolar                        0x000028a0   Section        0  rt_fifo.o(i.rt_FIFO_encolar)
    i.rt_FIFO_extraer                        0x000029c8   Section        0  rt_fifo.o(i.rt_FIFO_extraer)
    i.rt_FIFO_inicializar                    0x00002a6c   Section        0  rt_fifo.o(i.rt_FIFO_inicializar)
    i.rt_GE_actualizar                       0x00002af0   Section        0  rt_ge.o(i.rt_GE_actualizar)
    i.rt_GE_iniciar                          0x00002bf8   Section        0  rt_ge.o(i.rt_GE_iniciar)
    i.rt_GE_lanzador                         0x00002c9c   Section        0  rt_ge.o(i.rt_GE_lanzador)
    i.secuencia_fin                          0x00002d98   Section        0  app_guitar_hero.o(i.secuencia_fin)
    i.secuencia_inicio                       0x00002e04   Section        0  app_guitar_hero.o(i.secuencia_inicio)
    i.svc_GE_cancelar                        0x00002e84   Section        0  rt_ge.o(i.svc_GE_cancelar)
    i.svc_GE_suscribir                       0x00002f64   Section        0  rt_ge.o(i.svc_GE_suscribir)
    i.svc_alarma_activar                     0x0000305c   Section        0  svc_alarma.o(i.svc_alarma_activar)
    i.svc_alarma_actualizar                  0x00003218   Section        0  svc_alarma.o(i.svc_alarma_actualizar)
    i.svc_alarma_codificar                   0x000033fc   Section        0  svc_alarma.o(i.svc_alarma_codificar)
    i.svc_alarma_iniciar                     0x0000341c   Section        0  svc_alarma.o(i.svc_alarma_iniciar)
    i.svc_estadisticas_print                 0x00003498   Section        0  svc_estadisticas.o(i.svc_estadisticas_print)
    i.svc_estadisticas_set_tmp               0x000037d8   Section        0  svc_estadisticas.o(i.svc_estadisticas_set_tmp)
    i.svc_estadisticas_set_tmp_fifo          0x00003bac   Section        0  svc_estadisticas.o(i.svc_estadisticas_set_tmp_fifo)
    i.svc_random_iniciar                     0x00003d98   Section        0  svc_random.o(i.svc_random_iniciar)
    i.vic_channel                            0x00003db8   Section        0  hal_ext_int_lpc.o(i.vic_channel)
    vic_channel                              0x00003db8   ARM Code      72  hal_ext_int_lpc.o(i.vic_channel)
    .constdata                               0x00003e00   Section       12  drv_botones.o(.constdata)
    lista_botones                            0x00003e00   Data          12  drv_botones.o(.constdata)
    .constdata                               0x00003e0c   Section       16  drv_leds.o(.constdata)
    s_led_list                               0x00003e0c   Data          16  drv_leds.o(.constdata)
    .constdata                               0x00003e1c   Section       16  drv_monitor.o(.constdata)
    s_monitor_list                           0x00003e1c   Data          16  drv_monitor.o(.constdata)
    .conststring                             0x00003e2c   Section       84  app_guitar_hero.o(.conststring)
    .data                                    0x40000000   Section       53  app_guitar_hero.o(.data)
    leds                                     0x40000000   Data           4  app_guitar_hero.o(.data)
    min                                      0x40000004   Data           4  app_guitar_hero.o(.data)
    max                                      0x40000008   Data           4  app_guitar_hero.o(.data)
    estados_notas                            0x4000000c   Data           3  app_guitar_hero.o(.data)
    palpitaciones                            0x40000010   Data           4  app_guitar_hero.o(.data)
    periodo_leds                             0x40000014   Data           4  app_guitar_hero.o(.data)
    notas_tocadas                            0x40000018   Data           4  app_guitar_hero.o(.data)
    num_partidas                             0x4000001c   Data           4  app_guitar_hero.o(.data)
    puntuacion                               0x40000020   Data           4  app_guitar_hero.o(.data)
    aciertos                                 0x40000024   Data           4  app_guitar_hero.o(.data)
    fallos                                   0x40000028   Data           4  app_guitar_hero.o(.data)
    puntuacion_total                         0x4000002c   Data           4  app_guitar_hero.o(.data)
    racha                                    0x40000030   Data           4  app_guitar_hero.o(.data)
    estado_actual                            0x40000034   Data           1  app_guitar_hero.o(.data)
    .data                                    0x40000038   Section        8  drv_botones.o(.data)
    evento_ult_boton                         0x40000038   Data           1  drv_botones.o(.data)
    evento_a_notificar                       0x40000039   Data           1  drv_botones.o(.data)
    f_cb                                     0x4000003c   Data           4  drv_botones.o(.data)
    .data                                    0x40000040   Section        4  drv_consumo.o(.data)
    .data                                    0x40000044   Section        5  drv_sc.o(.data)
    anid_sc                                  0x40000044   Data           4  drv_sc.o(.data)
    restaurar                                0x40000048   Data           1  drv_sc.o(.data)
    .data                                    0x4000004c   Section        8  drv_tiempo.o(.data)
    s_callback_usuario                       0x4000004c   Data           4  drv_tiempo.o(.data)
    s_ID_evento_guardado                     0x40000050   Data           4  drv_tiempo.o(.data)
    .data                                    0x40000054   Section        8  svc_alarma.o(.data)
    monitor_overflow                         0x40000054   Data           4  svc_alarma.o(.data)
    f_cb                                     0x40000058   Data           4  svc_alarma.o(.data)
    .data                                    0x4000005c   Section        8  rt_ge.o(.data)
    monitor_overflow                         0x4000005c   Data           4  rt_ge.o(.data)
    contador_inactividad                     0x40000060   Data           4  rt_ge.o(.data)
    .data                                    0x40000064   Section        4  hal_ext_int_lpc.o(.data)
    f_cb                                     0x40000064   Data           4  hal_ext_int_lpc.o(.data)
    .data                                    0x40000068   Section        8  hal_tiempo_lpc.o(.data)
    s_overflows_t1                           0x40000068   Data           4  hal_tiempo_lpc.o(.data)
    s_cb                                     0x4000006c   Data           4  hal_tiempo_lpc.o(.data)
    .bss                                     0x40000070   Section       24  drv_botones.o(.bss)
    botones                                  0x40000070   Data          24  drv_botones.o(.bss)
    .bss                                     0x40000088   Section       12  drv_tiempo.o(.bss)
    info                                     0x40000088   Data          12  drv_tiempo.o(.bss)
    .bss                                     0x40000094   Section      200  svc_alarma.o(.bss)
    alarmas                                  0x40000094   Data         200  svc_alarma.o(.bss)
    .bss                                     0x40000160   Section      720  svc_estadisticas.o(.bss)
    .bss                                     0x40000430   Section     1088  rt_fifo.o(.bss)
    fifo                                     0x40000430   Data        1032  rt_fifo.o(.bss)
    estadisticas_eventos                     0x40000838   Data          56  rt_fifo.o(.bss)
    .bss                                     0x40000870   Section      336  rt_ge.o(.bss)
    tabla_suscripciones                      0x40000870   Data         336  rt_ge.o(.bss)
    .bss                                     0x400009c0   Section       12  hal_tiempo_lpc.o(.bss)
    s_info                                   0x400009c0   Data          12  hal_tiempo_lpc.o(.bss)
    .bss                                     0x400009cc   Section      228  rand.o(.bss)
    .bss                                     0x40000ab0   Section       96  libspace.o(.bss)
    HEAP                                     0x40000b10   Section        0  startup.o(HEAP)
    STACK                                    0x40000b10   Section     2176  startup.o(STACK)
    Heap_Mem                                 0x40000b10   Data           0  startup.o(HEAP)
    Stack_Mem                                0x40000b10   Data        1024  startup.o(STACK)
    Stack_Top                                0x40001390   Data           0  startup.o(STACK)

    Global Symbols

    Symbol Name                              Value     Ov Type        Size  Object(Section)

    BuildAttributes$$THM_ISAv1$ARM_ISAv4$S$PE$A:L22$X:L11$S22$IEEE1$IW$USESV6$~STKCKD$USESV7$~SHL$OSPACE$ROPI$EBA8$UX$STANDARDLIB$REQ8$PRES8$EABIv2 0x00000000   Number         0  anon$$obj.o ABSOLUTE
    __ARM_use_no_argv                        0x00000000   Number         0  main.o ABSOLUTE
    __ARM_exceptions_init                     - Undefined Weak Reference
    __alloca_initialize                       - Undefined Weak Reference
    __arm_preinit_                            - Undefined Weak Reference
    __cpp_initialize__aeabi_                  - Undefined Weak Reference
    __cxa_finalize                            - Undefined Weak Reference
    __rt_locale                               - Undefined Weak Reference
    __sigvec_lookup                           - Undefined Weak Reference
    _atexit_init                              - Undefined Weak Reference
    _call_atexit_fns                          - Undefined Weak Reference
    _clock_init                               - Undefined Weak Reference
    _fp_trap_init                             - Undefined Weak Reference
    _fp_trap_shutdown                         - Undefined Weak Reference
    _get_lc_collate                           - Undefined Weak Reference
    _get_lc_ctype                             - Undefined Weak Reference
    _get_lc_monetary                          - Undefined Weak Reference
    _get_lc_numeric                           - Undefined Weak Reference
    _get_lc_time                              - Undefined Weak Reference
    _getenv_init                              - Undefined Weak Reference
    _handle_redirection                       - Undefined Weak Reference
    _init_alloc                               - Undefined Weak Reference
    _init_user_alloc                          - Undefined Weak Reference
    _initio                                   - Undefined Weak Reference
    _printf_mbtowc                            - Undefined Weak Reference
    _printf_post_padding                      - Undefined Weak Reference
    _printf_pre_padding                       - Undefined Weak Reference
    _printf_truncate_signed                   - Undefined Weak Reference
    _printf_truncate_unsigned                 - Undefined Weak Reference
    _signal_finish                            - Undefined Weak Reference
    _signal_init                              - Undefined Weak Reference
    _terminate_alloc                          - Undefined Weak Reference
    _terminate_user_alloc                     - Undefined Weak Reference
    _terminateio                              - Undefined Weak Reference
    Reset_Handler                            0x00000058   ARM Code       0  startup.o(RESET)
    __main                                   0x00000110   ARM Code       8  __main.o(!!!main)
    __scatterload                            0x00000118   ARM Code       0  __scatter.o(!!!scatter)
    __scatterload_rt2                        0x00000118   ARM Code      52  __scatter.o(!!!scatter)
    __scatterload_null                       0x0000012c   ARM Code       0  __scatter.o(!!!scatter)
    __scatterload_copy                       0x00000154   ARM Code      40  __scatter_copy.o(!!handler_copy)
    __scatterload_zeroinit                   0x0000017c   ARM Code      44  __scatter_zi.o(!!handler_zi)
    Inline Thumb to ARM Veneer to _printf_percent 0x000001a9   Thumb Code     4  _printf_percent.o(.ARM.Collect$$_printf_percent$$00000000)
    _printf_d                                0x000001ac   ARM Code       0  _printf_d.o(.ARM.Collect$$_printf_percent$$00000009)
    _printf_percent                          0x000001ac   ARM Code       0  _printf_percent.o(.ARM.Collect$$_printf_percent$$00000000)
    _printf_percent_end                      0x000001b4   ARM Code       0  _printf_percent_end.o(.ARM.Collect$$_printf_percent$$00000017)
    Inline ARM to Thumb Veneer to __rt_lib_init 0x000001bc   ARM Code       8  libinit.o(.ARM.Collect$$libinit$$00000000)
    __rt_lib_init                            0x000001c5   Thumb Code     0  libinit.o(.ARM.Collect$$libinit$$00000000)
    __rt_lib_init_fp_1                       0x000001c7   Thumb Code     0  libinit2.o(.ARM.Collect$$libinit$$00000002)
    __rt_lib_init_heap_1                     0x000001c7   Thumb Code     0  libinit2.o(.ARM.Collect$$libinit$$0000000A)
    __rt_lib_init_preinit_1                  0x000001c7   Thumb Code     0  libinit2.o(.ARM.Collect$$libinit$$00000004)
    __rt_lib_init_rand_2                     0x000001c7   Thumb Code     0  libinit2.o(.ARM.Collect$$libinit$$0000000D)
    __rt_lib_init_user_alloc_1               0x000001c7   Thumb Code     0  libinit2.o(.ARM.Collect$$libinit$$0000000C)
    __rt_lib_init_alloca_1                   0x000001cb   Thumb Code     0  libinit2.o(.ARM.Collect$$libinit$$0000002E)
    __rt_lib_init_argv_1                     0x000001cb   Thumb Code     0  libinit2.o(.ARM.Collect$$libinit$$0000002C)
    __rt_lib_init_atexit_1                   0x000001cb   Thumb Code     0  libinit2.o(.ARM.Collect$$libinit$$0000001B)
    __rt_lib_init_clock_1                    0x000001cb   Thumb Code     0  libinit2.o(.ARM.Collect$$libinit$$00000021)
    __rt_lib_init_cpp_1                      0x000001cb   Thumb Code     0  libinit2.o(.ARM.Collect$$libinit$$00000032)
    __rt_lib_init_exceptions_1               0x000001cb   Thumb Code     0  libinit2.o(.ARM.Collect$$libinit$$00000030)
    __rt_lib_init_fp_trap_1                  0x000001cb   Thumb Code     0  libinit2.o(.ARM.Collect$$libinit$$0000001F)
    __rt_lib_init_getenv_1                   0x000001cb   Thumb Code     0  libinit2.o(.ARM.Collect$$libinit$$00000023)
    __rt_lib_init_lc_collate_1               0x000001cb   Thumb Code     0  libinit2.o(.ARM.Collect$$libinit$$00000011)
    __rt_lib_init_lc_ctype_1                 0x000001cb   Thumb Code     0  libinit2.o(.ARM.Collect$$libinit$$00000013)
    __rt_lib_init_lc_monetary_1              0x000001cb   Thumb Code     0  libinit2.o(.ARM.Collect$$libinit$$00000015)
    __rt_lib_init_lc_numeric_1               0x000001cb   Thumb Code     0  libinit2.o(.ARM.Collect$$libinit$$00000017)
    __rt_lib_init_lc_time_1                  0x000001cb   Thumb Code     0  libinit2.o(.ARM.Collect$$libinit$$00000019)
    __rt_lib_init_rand_1                     0x000001cb   Thumb Code     0  libinit2.o(.ARM.Collect$$libinit$$0000000E)
    __rt_lib_init_return                     0x000001cb   Thumb Code     0  libinit2.o(.ARM.Collect$$libinit$$00000033)
    __rt_lib_init_signal_1                   0x000001cb   Thumb Code     0  libinit2.o(.ARM.Collect$$libinit$$0000001D)
    __rt_lib_init_stdio_1                    0x000001cb   Thumb Code     0  libinit2.o(.ARM.Collect$$libinit$$00000025)
    Inline ARM to Thumb Veneer to __rt_lib_shutdown 0x000001d8   ARM Code       8  libshutdown.o(.ARM.Collect$$libshutdown$$00000000)
    __rt_lib_shutdown                        0x000001e1   Thumb Code     0  libshutdown.o(.ARM.Collect$$libshutdown$$00000000)
    __rt_lib_shutdown_cpp_1                  0x000001e5   Thumb Code     0  libshutdown2.o(.ARM.Collect$$libshutdown$$00000002)
    __rt_lib_shutdown_fp_trap_1              0x000001e5   Thumb Code     0  libshutdown2.o(.ARM.Collect$$libshutdown$$00000007)
    __rt_lib_shutdown_heap_1                 0x000001e5   Thumb Code     0  libshutdown2.o(.ARM.Collect$$libshutdown$$0000000F)
    __rt_lib_shutdown_return                 0x000001e5   Thumb Code     0  libshutdown2.o(.ARM.Collect$$libshutdown$$00000010)
    __rt_lib_shutdown_signal_1               0x000001e5   Thumb Code     0  libshutdown2.o(.ARM.Collect$$libshutdown$$0000000A)
    __rt_lib_shutdown_stdio_1                0x000001e5   Thumb Code     0  libshutdown2.o(.ARM.Collect$$libshutdown$$00000004)
    __rt_lib_shutdown_user_alloc_1           0x000001e5   Thumb Code     0  libshutdown2.o(.ARM.Collect$$libshutdown$$0000000C)
    __rt_entry                               0x000001ec   ARM Code       0  __rtentry.o(.ARM.Collect$$rtentry$$00000000)
    __rt_entry_presh_1                       0x000001ec   ARM Code       0  __rtentry2.o(.ARM.Collect$$rtentry$$00000002)
    __rt_entry_sh                            0x000001ec   ARM Code       0  __rtentry4.o(.ARM.Collect$$rtentry$$00000004)
    __rt_entry_li                            0x000001f4   ARM Code       0  __rtentry2.o(.ARM.Collect$$rtentry$$0000000A)
    __rt_entry_postsh_1                      0x000001f4   ARM Code       0  __rtentry2.o(.ARM.Collect$$rtentry$$00000009)
    __rt_entry_main                          0x000001f8   ARM Code       0  __rtentry2.o(.ARM.Collect$$rtentry$$0000000D)
    __rt_entry_postli_1                      0x000001f8   ARM Code       0  __rtentry2.o(.ARM.Collect$$rtentry$$0000000C)
    Inline Thumb to ARM Veneer to __rt_exit  0x00000221   Thumb Code     4  rtexit.o(.ARM.Collect$$rtexit$$00000000)
    __rt_exit                                0x00000224   ARM Code       0  rtexit.o(.ARM.Collect$$rtexit$$00000000)
    __rt_exit_ls                             0x00000228   ARM Code       0  rtexit2.o(.ARM.Collect$$rtexit$$00000003)
    __rt_exit_prels_1                        0x00000228   ARM Code       0  rtexit2.o(.ARM.Collect$$rtexit$$00000002)
    __rt_exit_exit                           0x0000022c   ARM Code       0  rtexit2.o(.ARM.Collect$$rtexit$$00000004)
    __user_initial_stackheap                 0x00000234   ARM Code       0  startup.o(.text)
    switch_to_PLL                            0x00000248   ARM Code       0  startup.o(.text)
    __aeabi_ldivmod                          0x0000029c   ARM Code       0  llsdiv.o(.text)
    _ll_sdiv                                 0x0000029c   ARM Code      84  llsdiv.o(.text)
    __aeabi_uldivmod                         0x000002f0   ARM Code       0  lludiv.o(.text)
    _ll_udiv                                 0x000002f0   ARM Code     720  lludiv.o(.text)
    _ll_udiv_donemoving                      0x00000304   ARM Code       0  lludiv.o(.text)
    Inline ARM to Thumb Veneer to __2sprintf 0x000005c0   ARM Code       8  noretval__2sprintf.o(.text)
    __2sprintf                               0x000005c9   Thumb Code    36  noretval__2sprintf.o(.text)
    __printf                                 0x000005f1   Thumb Code   118  __printf.o(.text)
    Inline ARM to Thumb Veneer to _printf_int_dec 0x00000668   ARM Code       8  _printf_dec.o(.text)
    _printf_int_dec                          0x00000671   Thumb Code    94  _printf_dec.o(.text)
    Inline ARM to Thumb Veneer to srand      0x000006e0   ARM Code       8  rand.o(.text)
    srand                                    0x000006e9   Thumb Code    46  rand.o(.text)
    _rand_init                               0x00000717   Thumb Code     4  rand.o(.text)
    __aeabi_idiv                             0x00000728   ARM Code       0  aeabi_sdiv.o(.text)
    __aeabi_idivmod                          0x00000728   ARM Code     384  aeabi_sdiv.o(.text)
    __use_two_region_memory                  0x000008a9   Thumb Code     2  heapauxi.o(.text)
    __rt_heap_escrow$2region                 0x000008ab   Thumb Code     2  heapauxi.o(.text)
    __rt_heap_expand$2region                 0x000008ad   Thumb Code     2  heapauxi.o(.text)
    _printf_int_common                       0x000008af   Thumb Code   186  _printf_intcommon.o(.text)
    _printf_char_common                      0x00000973   Thumb Code    34  _printf_char_common.o(.text)
    _sputc                                   0x00000999   Thumb Code    10  _sputc.o(.text)
    Inline Thumb to ARM Veneer to __rt_udiv10 0x000009a5   Thumb Code     4  rtudiv10.o(.text)
    __rt_udiv10                              0x000009a8   ARM Code      44  rtudiv10.o(.text)
    __user_setup_stackheap                   0x000009d4   ARM Code      96  sys_stackheap_outer.o(.text)
    exit                                     0x00000a35   Thumb Code    20  exit.o(.text)
    __user_libspace                          0x00000a48   ARM Code      12  libspace.o(.text)
    __user_perproc_libspace                  0x00000a48   ARM Code       0  libspace.o(.text)
    __user_perthread_libspace                0x00000a48   ARM Code       0  libspace.o(.text)
    Inline ARM to Thumb Veneer to _sys_exit  0x00000a54   ARM Code       8  sys_exit.o(.text)
    _sys_exit                                0x00000a5d   Thumb Code     8  sys_exit.o(.text)
    __I$use$semihosting                      0x00000a68   ARM Code       0  use_no_semi.o(.text)
    __use_no_semihosting_swi                 0x00000a68   ARM Code       4  use_no_semi.o(.text)
    __aeabi_uidiv                            0x00000a6c   ARM Code       0  aeabi_sdiv.o(.text_udiv)
    __aeabi_uidivmod                         0x00000a6c   ARM Code      36  aeabi_sdiv.o(.text_udiv)
    __semihosting_library_function           0x00000a6c   ARM Code       0  indicate_semi.o(.text)
    EINT_Handler                             0x00000a90   ARM Code     172  hal_ext_int_lpc.o(i.EINT_Handler)
    T0_ISR                                   0x00000b44   ARM Code      64  hal_tiempo_lpc.o(i.T0_ISR)
    T1_ISR                                   0x00000b8c   ARM Code      52  hal_tiempo_lpc.o(i.T1_ISR)
    __ARM_common_call_via_r1                 0x00000bc9   Thumb Code     2  __printf.o(i.__ARM_common_call_via_r1)
    __ARM_common_call_via_r2                 0x00000bcb   Thumb Code     2  __printf.o(i.__ARM_common_call_via_r2)
    app_guitar_hero_actualizar               0x00000bcc   ARM Code     196  app_guitar_hero.o(i.app_guitar_hero_actualizar)
    app_guitar_hero_iniciar                  0x00000c94   ARM Code     116  app_guitar_hero.o(i.app_guitar_hero_iniciar)
    comprobar_acierto                        0x00000da4   ARM Code      28  app_guitar_hero.o(i.comprobar_acierto)
    drv_botones_actualizar                   0x00000dc4   ARM Code     472  drv_botones.o(i.drv_botones_actualizar)
    drv_botones_cantidad                     0x00000fcc   ARM Code       8  drv_botones.o(i.drv_botones_cantidad)
    drv_botones_encontrar_indice             0x00000fd4   ARM Code      56  drv_botones.o(i.drv_botones_encontrar_indice)
    drv_botones_iniciar                      0x00001010   ARM Code     196  drv_botones.o(i.drv_botones_iniciar)
    drv_consumo_dormir                       0x000010f4   ARM Code      68  drv_consumo.o(i.drv_consumo_dormir)
    drv_consumo_esperar                      0x0000113c   ARM Code      72  drv_consumo.o(i.drv_consumo_esperar)
    drv_consumo_iniciar                      0x00001188   ARM Code      32  drv_consumo.o(i.drv_consumo_iniciar)
    drv_led_establecer                       0x000011ac   ARM Code      80  drv_leds.o(i.drv_led_establecer)
    drv_leds_apagar_todos                    0x00001200   ARM Code      68  drv_leds.o(i.drv_leds_apagar_todos)
    drv_leds_iniciar                         0x00001248   ARM Code      92  drv_leds.o(i.drv_leds_iniciar)
    drv_monitor_desmarcar                    0x000012a8   ARM Code      76  drv_monitor.o(i.drv_monitor_desmarcar)
    drv_monitor_iniciar                      0x000012f8   ARM Code      88  drv_monitor.o(i.drv_monitor_iniciar)
    drv_monitor_marcar                       0x00001354   ARM Code      76  drv_monitor.o(i.drv_monitor_marcar)
    drv_sc_disable                           0x000013a4   ARM Code      44  drv_sc.o(i.drv_sc_disable)
    drv_sc_enable                            0x000013d8   ARM Code      84  drv_sc.o(i.drv_sc_enable)
    drv_tiempo_actual_ms                     0x00001434   ARM Code      32  drv_tiempo.o(i.drv_tiempo_actual_ms)
    drv_tiempo_actual_us                     0x00001454   ARM Code      44  drv_tiempo.o(i.drv_tiempo_actual_us)
    drv_tiempo_iniciar                       0x00001484   ARM Code      48  drv_tiempo.o(i.drv_tiempo_iniciar)
    drv_tiempo_periodico_ms                  0x000014b8   ARM Code      76  drv_tiempo.o(i.drv_tiempo_periodico_ms)
    drv_uart_init                            0x00001514   ARM Code      24  drv_uart.o(i.drv_uart_init)
    drv_uart_putchar                         0x0000152c   ARM Code      24  drv_uart.o(i.drv_uart_putchar)
    drv_uart_putint                          0x00001544   ARM Code     168  drv_uart.o(i.drv_uart_putint)
    drv_uart_puts                            0x000015ec   ARM Code      40  drv_uart.o(i.drv_uart_puts)
    drv_wdt_feed                             0x00001614   ARM Code      24  drv_wdt.o(i.drv_wdt_feed)
    drv_wdt_iniciar                          0x0000162c   ARM Code      32  drv_wdt.o(i.drv_wdt_iniciar)
    elegir_dificultad                        0x0000164c   ARM Code     180  app_guitar_hero.o(i.elegir_dificultad)
    encolar_EM                               0x0000173c   ARM Code      40  app_guitar_hero.o(i.encolar_EM)
    estadisticas_guitar_hero                 0x00001764   ARM Code     156  app_guitar_hero.o(i.estadisticas_guitar_hero)
    estado_boton_guitar_hero                 0x000018d0   ARM Code     152  app_guitar_hero.o(i.estado_boton_guitar_hero)
    estado_fin_partida_guitar_hero           0x000019ac   ARM Code     244  app_guitar_hero.o(i.estado_fin_partida_guitar_hero)
    estado_inicio_gh                         0x00001ac8   ARM Code     128  app_guitar_hero.o(i.estado_inicio_gh)
    estado_leds_guitar_hero                  0x00001b60   ARM Code     444  app_guitar_hero.o(i.estado_leds_guitar_hero)
    hal_consumo_dormir                       0x00001d50   ARM Code      44  hal_consumo_lpc.o(i.hal_consumo_dormir)
    hal_consumo_esperar                      0x00001d80   ARM Code      32  hal_consumo_lpc.o(i.hal_consumo_esperar)
    hal_consumo_iniciar                      0x00001da4   ARM Code      16  hal_consumo_lpc.o(i.hal_consumo_iniciar)
    hal_ext_int_clear                        0x00001db8   ARM Code      16  hal_ext_int_lpc.o(i.hal_ext_int_clear)
    hal_ext_int_clear_flag                   0x00001dcc   ARM Code      52  hal_ext_int_lpc.o(i.hal_ext_int_clear_flag)
    hal_ext_int_deshabilitar_int             0x00001e04   ARM Code      56  hal_ext_int_lpc.o(i.hal_ext_int_deshabilitar_int)
    hal_ext_int_habilitar_despertar          0x00001e3c   ARM Code      60  hal_ext_int_lpc.o(i.hal_ext_int_habilitar_despertar)
    hal_ext_int_habilitar_int                0x00001e7c   ARM Code      56  hal_ext_int_lpc.o(i.hal_ext_int_habilitar_int)
    hal_ext_int_iniciar                      0x00001eb4   ARM Code     176  hal_ext_int_lpc.o(i.hal_ext_int_iniciar)
    hal_gpio_escribir                        0x00001f70   ARM Code      44  hal_gpio_lpc.o(i.hal_gpio_escribir)
    hal_gpio_iniciar                         0x00001fa0   ARM Code      16  hal_gpio_lpc.o(i.hal_gpio_iniciar)
    hal_gpio_leer                            0x00001fb4   ARM Code      48  hal_gpio_lpc.o(i.hal_gpio_leer)
    hal_gpio_leer_in                         0x00001fe8   ARM Code      24  hal_gpio_lpc.o(i.hal_gpio_leer_in)
    hal_gpio_sentido                         0x00002000   ARM Code      72  hal_gpio_lpc.o(i.hal_gpio_sentido)
    hal_iniciar_T0                           0x0000204c   ARM Code      28  hal_tiempo_lpc.o(i.hal_iniciar_T0)
    hal_random_iniciar                       0x00002068   ARM Code      28  hal_random_lpc.o(i.hal_random_iniciar)
    hal_sc_disable                           0x00002084   ARM Code      20  hal_sc_lpc.o(i.hal_sc_disable)
    hal_sc_restaurar                         0x00002098   ARM Code      16  hal_sc_lpc.o(i.hal_sc_restaurar)
    hal_tiempo_actual_tick64                 0x000020a8   ARM Code     100  hal_tiempo_lpc.o(i.hal_tiempo_actual_tick64)
    hal_tiempo_iniciar_tick                  0x00002114   ARM Code     140  hal_tiempo_lpc.o(i.hal_tiempo_iniciar_tick)
    hal_tiempo_periodico_config_tick         0x000021b0   ARM Code      72  hal_tiempo_lpc.o(i.hal_tiempo_periodico_config_tick)
    hal_tiempo_periodico_enable              0x00002200   ARM Code      80  hal_tiempo_lpc.o(i.hal_tiempo_periodico_enable)
    hal_tiempo_periodico_set_callback        0x00002254   ARM Code      12  hal_tiempo_lpc.o(i.hal_tiempo_periodico_set_callback)
    hal_tiempo_reloj_periodico_tick          0x00002264   ARM Code      76  hal_tiempo_lpc.o(i.hal_tiempo_reloj_periodico_tick)
    hal_uart_init                            0x000022b0   ARM Code     144  hal_uart_lpc.o(i.hal_uart_init)
    hal_uart_putchar                         0x0000234c   ARM Code      36  hal_uart_lpc.o(i.hal_uart_putchar)
    hal_wdt_feed                             0x00002374   ARM Code      40  hal_wdt_lpc.o(i.hal_wdt_feed)
    hal_wdt_iniciar                          0x0000239c   ARM Code      44  hal_wdt_lpc.o(i.hal_wdt_iniciar)
    iniciar_secuencia_fin                    0x00002404   ARM Code      64  app_guitar_hero.o(i.iniciar_secuencia_fin)
    iniciar_secuencia_inicio                 0x00002448   ARM Code      64  app_guitar_hero.o(i.iniciar_secuencia_inicio)
    main                                     0x000024b0   ARM Code     144  main.o(i.main)
    manejador_botones_guitar_hero            0x00002544   ARM Code     188  app_guitar_hero.o(i.manejador_botones_guitar_hero)
    modificar_puntuacion                     0x00002608   ARM Code     292  app_guitar_hero.o(i.modificar_puntuacion)
    pin_to_eint                              0x000027d8   ARM Code      96  hal_ext_int_lpc.o(i.pin_to_eint)
    pin_to_gpio                              0x0000283c   ARM Code      96  hal_ext_int_lpc.o(i.pin_to_gpio)
    rt_FIFO_encolar                          0x000028a0   ARM Code     248  rt_fifo.o(i.rt_FIFO_encolar)
    rt_FIFO_extraer                          0x000029c8   ARM Code     160  rt_fifo.o(i.rt_FIFO_extraer)
    rt_FIFO_inicializar                      0x00002a6c   ARM Code     124  rt_fifo.o(i.rt_FIFO_inicializar)
    rt_GE_actualizar                         0x00002af0   ARM Code     216  rt_ge.o(i.rt_GE_actualizar)
    rt_GE_iniciar                            0x00002bf8   ARM Code     144  rt_ge.o(i.rt_GE_iniciar)
    rt_GE_lanzador                           0x00002c9c   ARM Code     236  rt_ge.o(i.rt_GE_lanzador)
    secuencia_fin                            0x00002d98   ARM Code     100  app_guitar_hero.o(i.secuencia_fin)
    secuencia_inicio                         0x00002e04   ARM Code     116  app_guitar_hero.o(i.secuencia_inicio)
    svc_GE_cancelar                          0x00002e84   ARM Code     220  rt_ge.o(i.svc_GE_cancelar)
    svc_GE_suscribir                         0x00002f64   ARM Code     240  rt_ge.o(i.svc_GE_suscribir)
    svc_alarma_activar                       0x0000305c   ARM Code     396  svc_alarma.o(i.svc_alarma_activar)
    svc_alarma_actualizar                    0x00003218   ARM Code     404  svc_alarma.o(i.svc_alarma_actualizar)
    svc_alarma_codificar                     0x000033fc   ARM Code      32  svc_alarma.o(i.svc_alarma_codificar)
    svc_alarma_iniciar                       0x0000341c   ARM Code     108  svc_alarma.o(i.svc_alarma_iniciar)
    svc_estadisticas_print                   0x00003498   ARM Code     832  svc_estadisticas.o(i.svc_estadisticas_print)
    svc_estadisticas_set_tmp                 0x000037d8   ARM Code     976  svc_estadisticas.o(i.svc_estadisticas_set_tmp)
    svc_estadisticas_set_tmp_fifo            0x00003bac   ARM Code     488  svc_estadisticas.o(i.svc_estadisticas_set_tmp_fifo)
    svc_random_iniciar                       0x00003d98   ARM Code      32  svc_random.o(i.svc_random_iniciar)
    Region$$Table$$Base                      0x00003e80   Number         0  anon$$obj.o(Region$$Table)
    Region$$Table$$Limit                     0x00003ea0   Number         0  anon$$obj.o(Region$$Table)
    monitor_id                               0x40000040   Data           4  drv_consumo.o(.data)
    estadisticas                             0x40000160   Data         720  svc_estadisticas.o(.bss)
    _random_number_data                      0x400009cc   Data         228  rand.o(.bss)
    __libspace_start                         0x40000ab0   Data          96  libspace.o(.bss)
    __temporary_stack_top$libspace           0x40000b10   Data           0  libspace.o(.bss)



==============================================================================

Memory Map of the image

  Image Entry point : 0x00000110

  Load Region LR_IROM1 (Base: 0x00000000, Size: 0x00003f10, Max: 0x00020000, ABSOLUTE)

    Execution Region ER_IROM1 (Exec base: 0x00000000, Load base: 0x00000000, Size: 0x00003ea0, Max: 0x00020000, ABSOLUTE)

    Exec Addr    Load Addr    Size         Type   Attr      Idx    E Section Name        Object

    0x00000000   0x00000000   0x00000110   Code   RO         1160    RESET               startup.o
    0x00000110   0x00000110   0x00000008   Code   RO         1233  * !!!main             c_t.l(__main.o)
    0x00000118   0x00000118   0x0000003c   Code   RO         1421    !!!scatter          c_t.l(__scatter.o)
    0x00000154   0x00000154   0x00000028   Code   RO         1423    !!handler_copy      c_t.l(__scatter_copy.o)
    0x0000017c   0x0000017c   0x0000002c   Code   RO         1425    !!handler_zi        c_t.l(__scatter_zi.o)
    0x000001a8   0x000001a8   0x00000004   Ven    RO         1209    .ARM.Collect$$_printf_percent$$00000000  c_t.l(_printf_percent.o)
    0x000001ac   0x000001ac   0x00000000   Code   RO         1209    .ARM.Collect$$_printf_percent$$00000000  c_t.l(_printf_percent.o)
    0x000001ac   0x000001ac   0x00000008   Code   RO         1208    .ARM.Collect$$_printf_percent$$00000009  c_t.l(_printf_d.o)
    0x000001b4   0x000001b4   0x00000008   Code   RO         1252    .ARM.Collect$$_printf_percent$$00000017  c_t.l(_printf_percent_end.o)
    0x000001bc   0x000001bc   0x00000008   Ven    RO         1344    .ARM.Collect$$libinit$$00000000  c_t.l(libinit.o)
    0x000001c4   0x000001c4   0x00000002   Code   RO         1344    .ARM.Collect$$libinit$$00000000  c_t.l(libinit.o)
    0x000001c6   0x000001c6   0x00000000   Code   RO         1256    .ARM.Collect$$libinit$$00000002  c_t.l(libinit2.o)
    0x000001c6   0x000001c6   0x00000000   Code   RO         1258    .ARM.Collect$$libinit$$00000004  c_t.l(libinit2.o)
    0x000001c6   0x000001c6   0x00000000   Code   RO         1261    .ARM.Collect$$libinit$$0000000A  c_t.l(libinit2.o)
    0x000001c6   0x000001c6   0x00000000   Code   RO         1263    .ARM.Collect$$libinit$$0000000C  c_t.l(libinit2.o)
    0x000001c6   0x000001c6   0x00000004   Code   RO         1264    .ARM.Collect$$libinit$$0000000D  c_t.l(libinit2.o)
    0x000001ca   0x000001ca   0x00000000   Code   RO         1265    .ARM.Collect$$libinit$$0000000E  c_t.l(libinit2.o)
    0x000001ca   0x000001ca   0x00000000   Code   RO         1268    .ARM.Collect$$libinit$$00000011  c_t.l(libinit2.o)
    0x000001ca   0x000001ca   0x00000000   Code   RO         1270    .ARM.Collect$$libinit$$00000013  c_t.l(libinit2.o)
    0x000001ca   0x000001ca   0x00000000   Code   RO         1272    .ARM.Collect$$libinit$$00000015  c_t.l(libinit2.o)
    0x000001ca   0x000001ca   0x00000000   Code   RO         1274    .ARM.Collect$$libinit$$00000017  c_t.l(libinit2.o)
    0x000001ca   0x000001ca   0x00000000   Code   RO         1276    .ARM.Collect$$libinit$$00000019  c_t.l(libinit2.o)
    0x000001ca   0x000001ca   0x00000000   Code   RO         1278    .ARM.Collect$$libinit$$0000001B  c_t.l(libinit2.o)
    0x000001ca   0x000001ca   0x00000000   Code   RO         1280    .ARM.Collect$$libinit$$0000001D  c_t.l(libinit2.o)
    0x000001ca   0x000001ca   0x00000000   Code   RO         1282    .ARM.Collect$$libinit$$0000001F  c_t.l(libinit2.o)
    0x000001ca   0x000001ca   0x00000000   Code   RO         1284    .ARM.Collect$$libinit$$00000021  c_t.l(libinit2.o)
    0x000001ca   0x000001ca   0x00000000   Code   RO         1286    .ARM.Collect$$libinit$$00000023  c_t.l(libinit2.o)
    0x000001ca   0x000001ca   0x00000000   Code   RO         1288    .ARM.Collect$$libinit$$00000025  c_t.l(libinit2.o)
    0x000001ca   0x000001ca   0x00000000   Code   RO         1292    .ARM.Collect$$libinit$$0000002C  c_t.l(libinit2.o)
    0x000001ca   0x000001ca   0x00000000   Code   RO         1294    .ARM.Collect$$libinit$$0000002E  c_t.l(libinit2.o)
    0x000001ca   0x000001ca   0x00000000   Code   RO         1296    .ARM.Collect$$libinit$$00000030  c_t.l(libinit2.o)
    0x000001ca   0x000001ca   0x00000000   Code   RO         1298    .ARM.Collect$$libinit$$00000032  c_t.l(libinit2.o)
    0x000001ca   0x000001ca   0x0000000c   Code   RO         1299    .ARM.Collect$$libinit$$00000033  c_t.l(libinit2.o)
    0x000001d6   0x000001d6   0x00000002   PAD
    0x000001d8   0x000001d8   0x00000008   Ven    RO         1388    .ARM.Collect$$libshutdown$$00000000  c_t.l(libshutdown.o)
    0x000001e0   0x000001e0   0x00000004   Code   RO         1388    .ARM.Collect$$libshutdown$$00000000  c_t.l(libshutdown.o)
    0x000001e4   0x000001e4   0x00000000   Code   RO         1404    .ARM.Collect$$libshutdown$$00000002  c_t.l(libshutdown2.o)
    0x000001e4   0x000001e4   0x00000000   Code   RO         1406    .ARM.Collect$$libshutdown$$00000004  c_t.l(libshutdown2.o)
    0x000001e4   0x000001e4   0x00000000   Code   RO         1409    .ARM.Collect$$libshutdown$$00000007  c_t.l(libshutdown2.o)
    0x000001e4   0x000001e4   0x00000000   Code   RO         1412    .ARM.Collect$$libshutdown$$0000000A  c_t.l(libshutdown2.o)
    0x000001e4   0x000001e4   0x00000000   Code   RO         1414    .ARM.Collect$$libshutdown$$0000000C  c_t.l(libshutdown2.o)
    0x000001e4   0x000001e4   0x00000000   Code   RO         1417    .ARM.Collect$$libshutdown$$0000000F  c_t.l(libshutdown2.o)
    0x000001e4   0x000001e4   0x00000006   Code   RO         1418    .ARM.Collect$$libshutdown$$00000010  c_t.l(libshutdown2.o)
    0x000001ea   0x000001ea   0x00000002   PAD
    0x000001ec   0x000001ec   0x00000000   Code   RO         1235    .ARM.Collect$$rtentry$$00000000  c_t.l(__rtentry.o)
    0x000001ec   0x000001ec   0x00000000   Code   RO         1301    .ARM.Collect$$rtentry$$00000002  c_t.l(__rtentry2.o)
    0x000001ec   0x000001ec   0x00000008   Code   RO         1313    .ARM.Collect$$rtentry$$00000004  c_t.l(__rtentry4.o)
    0x000001f4   0x000001f4   0x00000000   Code   RO         1303    .ARM.Collect$$rtentry$$00000009  c_t.l(__rtentry2.o)
    0x000001f4   0x000001f4   0x00000004   Code   RO         1304    .ARM.Collect$$rtentry$$0000000A  c_t.l(__rtentry2.o)
    0x000001f8   0x000001f8   0x00000000   Code   RO         1306    .ARM.Collect$$rtentry$$0000000C  c_t.l(__rtentry2.o)
    0x000001f8   0x000001f8   0x00000028   Code   RO         1307    .ARM.Collect$$rtentry$$0000000D  c_t.l(__rtentry2.o)
    0x00000220   0x00000220   0x00000004   Ven    RO         1350    .ARM.Collect$$rtexit$$00000000  c_t.l(rtexit.o)
    0x00000224   0x00000224   0x00000004   Code   RO         1350    .ARM.Collect$$rtexit$$00000000  c_t.l(rtexit.o)
    0x00000228   0x00000228   0x00000000   Code   RO         1370    .ARM.Collect$$rtexit$$00000002  c_t.l(rtexit2.o)
    0x00000228   0x00000228   0x00000004   Code   RO         1371    .ARM.Collect$$rtexit$$00000003  c_t.l(rtexit2.o)
    0x0000022c   0x0000022c   0x00000008   Code   RO         1372    .ARM.Collect$$rtexit$$00000004  c_t.l(rtexit2.o)
    0x00000234   0x00000234   0x00000068   Code   RO         1161    .text               startup.o
    0x0000029c   0x0000029c   0x00000054   Code   RO         1169    .text               c_t.l(llsdiv.o)
    0x000002f0   0x000002f0   0x000002d0   Code   RO         1171    .text               c_t.l(lludiv.o)
    0x000005c0   0x000005c0   0x00000008   Ven    RO         1175    .text               c_t.l(noretval__2sprintf.o)
    0x000005c8   0x000005c8   0x00000028   Code   RO         1175    .text               c_t.l(noretval__2sprintf.o)
    0x000005f0   0x000005f0   0x00000076   Code   RO         1177    .text               c_t.l(__printf.o)
    0x00000666   0x00000666   0x00000002   PAD
    0x00000668   0x00000668   0x00000008   Ven    RO         1185    .text               c_t.l(_printf_dec.o)
    0x00000670   0x00000670   0x00000070   Code   RO         1185    .text               c_t.l(_printf_dec.o)
    0x000006e0   0x000006e0   0x00000008   Ven    RO         1211    .text               c_t.l(rand.o)
    0x000006e8   0x000006e8   0x00000040   Code   RO         1211    .text               c_t.l(rand.o)
    0x00000728   0x00000728   0x00000180   Code   RO         1215    .text               c_t.l(aeabi_sdiv.o)
    0x000008a8   0x000008a8   0x00000006   Code   RO         1231    .text               c_t.l(heapauxi.o)
    0x000008ae   0x000008ae   0x000000ba   Code   RO         1244    .text               c_t.l(_printf_intcommon.o)
    0x00000968   0x00000968   0x00000030   Code   RO         1246    .text               c_t.l(_printf_char_common.o)
    0x00000998   0x00000998   0x0000000a   Code   RO         1248    .text               c_t.l(_sputc.o)
    0x000009a2   0x000009a2   0x00000002   PAD
    0x000009a4   0x000009a4   0x00000004   Ven    RO         1253    .text               c_t.l(rtudiv10.o)
    0x000009a8   0x000009a8   0x0000002c   Code   RO         1253    .text               c_t.l(rtudiv10.o)
    0x000009d4   0x000009d4   0x00000060   Code   RO         1327    .text               c_t.l(sys_stackheap_outer.o)
    0x00000a34   0x00000a34   0x00000014   Code   RO         1329    .text               c_t.l(exit.o)
    0x00000a48   0x00000a48   0x0000000c   Code   RO         1347    .text               c_t.l(libspace.o)
    0x00000a54   0x00000a54   0x00000008   Ven    RO         1364    .text               c_t.l(sys_exit.o)
    0x00000a5c   0x00000a5c   0x0000000c   Code   RO         1364    .text               c_t.l(sys_exit.o)
    0x00000a68   0x00000a68   0x00000004   Code   RO         1366    .text               c_t.l(use_no_semi.o)
    0x00000a6c   0x00000a6c   0x00000000   Code   RO         1368    .text               c_t.l(indicate_semi.o)
    0x00000a6c   0x00000a6c   0x00000024   Code   RO         1216    .text_udiv          c_t.l(aeabi_sdiv.o)
    0x00000a90   0x00000a90   0x000000b4   Code   RO          845    i.EINT_Handler      hal_ext_int_lpc.o
    0x00000b44   0x00000b44   0x00000048   Code   RO         1035    i.T0_ISR            hal_tiempo_lpc.o
    0x00000b8c   0x00000b8c   0x0000003c   Code   RO         1036    i.T1_ISR            hal_tiempo_lpc.o
    0x00000bc8   0x00000bc8   0x00000002   Code   RO         1181    i.__ARM_common_call_via_r1  c_t.l(__printf.o)
    0x00000bca   0x00000bca   0x00000002   Code   RO         1179    i.__ARM_common_call_via_r2  c_t.l(__printf.o)
    0x00000bcc   0x00000bcc   0x000000c8   Code   RO          176    i.app_guitar_hero_actualizar  app_guitar_hero.o
    0x00000c94   0x00000c94   0x0000008c   Code   RO          177    i.app_guitar_hero_iniciar  app_guitar_hero.o
    0x00000d20   0x00000d20   0x00000044   Code   RO          340    i.callback_wrapper_interna  drv_botones.o
    0x00000d64   0x00000d64   0x00000040   Code   RO          535    i.callback_wrapper_interno  drv_tiempo.o
    0x00000da4   0x00000da4   0x00000020   Code   RO          178    i.comprobar_acierto  app_guitar_hero.o
    0x00000dc4   0x00000dc4   0x00000208   Code   RO          341    i.drv_botones_actualizar  drv_botones.o
    0x00000fcc   0x00000fcc   0x00000008   Code   RO          342    i.drv_botones_cantidad  drv_botones.o
    0x00000fd4   0x00000fd4   0x0000003c   Code   RO          343    i.drv_botones_encontrar_indice  drv_botones.o
    0x00001010   0x00001010   0x000000e4   Code   RO          344    i.drv_botones_iniciar  drv_botones.o
    0x000010f4   0x000010f4   0x00000048   Code   RO          386    i.drv_consumo_dormir  drv_consumo.o
    0x0000113c   0x0000113c   0x0000004c   Code   RO          387    i.drv_consumo_esperar  drv_consumo.o
    0x00001188   0x00001188   0x00000024   Code   RO          388    i.drv_consumo_iniciar  drv_consumo.o
    0x000011ac   0x000011ac   0x00000054   Code   RO          417    i.drv_led_establecer  drv_leds.o
    0x00001200   0x00001200   0x00000048   Code   RO          419    i.drv_leds_apagar_todos  drv_leds.o
    0x00001248   0x00001248   0x00000060   Code   RO          422    i.drv_leds_iniciar  drv_leds.o
    0x000012a8   0x000012a8   0x00000050   Code   RO          476    i.drv_monitor_desmarcar  drv_monitor.o
    0x000012f8   0x000012f8   0x0000005c   Code   RO          477    i.drv_monitor_iniciar  drv_monitor.o
    0x00001354   0x00001354   0x00000050   Code   RO          478    i.drv_monitor_marcar  drv_monitor.o
    0x000013a4   0x000013a4   0x00000034   Code   RO          512    i.drv_sc_disable    drv_sc.o
    0x000013d8   0x000013d8   0x0000005c   Code   RO          513    i.drv_sc_enable     drv_sc.o
    0x00001434   0x00001434   0x00000020   Code   RO          536    i.drv_tiempo_actual_ms  drv_tiempo.o
    0x00001454   0x00001454   0x00000030   Code   RO          537    i.drv_tiempo_actual_us  drv_tiempo.o
    0x00001484   0x00001484   0x00000034   Code   RO          540    i.drv_tiempo_iniciar  drv_tiempo.o
    0x000014b8   0x000014b8   0x0000005c   Code   RO          541    i.drv_tiempo_periodico_ms  drv_tiempo.o
    0x00001514   0x00001514   0x00000018   Code   RO          588    i.drv_uart_init     drv_uart.o
    0x0000152c   0x0000152c   0x00000018   Code   RO          589    i.drv_uart_putchar  drv_uart.o
    0x00001544   0x00001544   0x000000a8   Code   RO          590    i.drv_uart_putint   drv_uart.o
    0x000015ec   0x000015ec   0x00000028   Code   RO          591    i.drv_uart_puts     drv_uart.o
    0x00001614   0x00001614   0x00000018   Code   RO          621    i.drv_wdt_feed      drv_wdt.o
    0x0000162c   0x0000162c   0x00000020   Code   RO          622    i.drv_wdt_iniciar   drv_wdt.o
    0x0000164c   0x0000164c   0x000000f0   Code   RO          179    i.elegir_dificultad  app_guitar_hero.o
    0x0000173c   0x0000173c   0x00000028   Code   RO          180    i.encolar_EM        app_guitar_hero.o
    0x00001764   0x00001764   0x0000016c   Code   RO          181    i.estadisticas_guitar_hero  app_guitar_hero.o
    0x000018d0   0x000018d0   0x000000dc   Code   RO          182    i.estado_boton_guitar_hero  app_guitar_hero.o
    0x000019ac   0x000019ac   0x0000011c   Code   RO          183    i.estado_fin_partida_guitar_hero  app_guitar_hero.o
    0x00001ac8   0x00001ac8   0x00000098   Code   RO          184    i.estado_inicio_gh  app_guitar_hero.o
    0x00001b60   0x00001b60   0x000001f0   Code   RO          185    i.estado_leds_guitar_hero  app_guitar_hero.o
    0x00001d50   0x00001d50   0x00000030   Code   RO          818    i.hal_consumo_dormir  hal_consumo_lpc.o
    0x00001d80   0x00001d80   0x00000024   Code   RO          819    i.hal_consumo_esperar  hal_consumo_lpc.o
    0x00001da4   0x00001da4   0x00000014   Code   RO          820    i.hal_consumo_iniciar  hal_consumo_lpc.o
    0x00001db8   0x00001db8   0x00000014   Code   RO          846    i.hal_ext_int_clear  hal_ext_int_lpc.o
    0x00001dcc   0x00001dcc   0x00000038   Code   RO          847    i.hal_ext_int_clear_flag  hal_ext_int_lpc.o
    0x00001e04   0x00001e04   0x00000038   Code   RO          849    i.hal_ext_int_deshabilitar_int  hal_ext_int_lpc.o
    0x00001e3c   0x00001e3c   0x00000040   Code   RO          850    i.hal_ext_int_habilitar_despertar  hal_ext_int_lpc.o
    0x00001e7c   0x00001e7c   0x00000038   Code   RO          851    i.hal_ext_int_habilitar_int  hal_ext_int_lpc.o
    0x00001eb4   0x00001eb4   0x000000bc   Code   RO          852    i.hal_ext_int_iniciar  hal_ext_int_lpc.o
    0x00001f70   0x00001f70   0x00000030   Code   RO          957    i.hal_gpio_escribir  hal_gpio_lpc.o
    0x00001fa0   0x00001fa0   0x00000014   Code   RO          958    i.hal_gpio_iniciar  hal_gpio_lpc.o
    0x00001fb4   0x00001fb4   0x00000034   Code   RO          959    i.hal_gpio_leer     hal_gpio_lpc.o
    0x00001fe8   0x00001fe8   0x00000018   Code   RO          960    i.hal_gpio_leer_in  hal_gpio_lpc.o
    0x00002000   0x00002000   0x0000004c   Code   RO          961    i.hal_gpio_sentido  hal_gpio_lpc.o
    0x0000204c   0x0000204c   0x0000001c   Code   RO         1037    i.hal_iniciar_T0    hal_tiempo_lpc.o
    0x00002068   0x00002068   0x0000001c   Code   RO          993    i.hal_random_iniciar  hal_random_lpc.o
    0x00002084   0x00002084   0x00000014   Code   RO         1014    i.hal_sc_disable    hal_sc_lpc.o
    0x00002098   0x00002098   0x00000010   Code   RO         1015    i.hal_sc_restaurar  hal_sc_lpc.o
    0x000020a8   0x000020a8   0x0000006c   Code   RO         1038    i.hal_tiempo_actual_tick64  hal_tiempo_lpc.o
    0x00002114   0x00002114   0x0000009c   Code   RO         1039    i.hal_tiempo_iniciar_tick  hal_tiempo_lpc.o
    0x000021b0   0x000021b0   0x00000050   Code   RO         1040    i.hal_tiempo_periodico_config_tick  hal_tiempo_lpc.o
    0x00002200   0x00002200   0x00000054   Code   RO         1041    i.hal_tiempo_periodico_enable  hal_tiempo_lpc.o
    0x00002254   0x00002254   0x00000010   Code   RO         1042    i.hal_tiempo_periodico_set_callback  hal_tiempo_lpc.o
    0x00002264   0x00002264   0x0000004c   Code   RO         1043    i.hal_tiempo_reloj_periodico_tick  hal_tiempo_lpc.o
    0x000022b0   0x000022b0   0x0000009c   Code   RO         1103    i.hal_uart_init     hal_uart_lpc.o
    0x0000234c   0x0000234c   0x00000028   Code   RO         1104    i.hal_uart_putchar  hal_uart_lpc.o
    0x00002374   0x00002374   0x00000028   Code   RO         1134    i.hal_wdt_feed      hal_wdt_lpc.o
    0x0000239c   0x0000239c   0x00000030   Code   RO         1135    i.hal_wdt_iniciar   hal_wdt_lpc.o
    0x000023cc   0x000023cc   0x0000001c   Code   RO          479    i.hw_level_from_state  drv_monitor.o
    0x000023e8   0x000023e8   0x0000001c   Code   RO          423    i.hw_level_from_status  drv_leds.o
    0x00002404   0x00002404   0x00000044   Code   RO          186    i.iniciar_secuencia_fin  app_guitar_hero.o
    0x00002448   0x00002448   0x00000044   Code   RO          187    i.iniciar_secuencia_inicio  app_guitar_hero.o
    0x0000248c   0x0000248c   0x00000024   Code   RO          424    i.led_id_valido     drv_leds.o
    0x000024b0   0x000024b0   0x00000094   Code   RO           10    i.main              main.o
    0x00002544   0x00002544   0x000000c4   Code   RO          188    i.manejador_botones_guitar_hero  app_guitar_hero.o
    0x00002608   0x00002608   0x00000164   Code   RO          189    i.modificar_puntuacion  app_guitar_hero.o
    0x0000276c   0x0000276c   0x00000024   Code   RO          480    i.monitor_id_valido  drv_monitor.o
    0x00002790   0x00002790   0x00000048   Code   RO          854    i.pin_a_eint        hal_ext_int_lpc.o
    0x000027d8   0x000027d8   0x00000064   Code   RO          855    i.pin_to_eint       hal_ext_int_lpc.o
    0x0000283c   0x0000283c   0x00000064   Code   RO          856    i.pin_to_gpio       hal_ext_int_lpc.o
    0x000028a0   0x000028a0   0x00000128   Code   RO          743    i.rt_FIFO_encolar   rt_fifo.o
    0x000029c8   0x000029c8   0x000000a4   Code   RO          745    i.rt_FIFO_extraer   rt_fifo.o
    0x00002a6c   0x00002a6c   0x00000084   Code   RO          746    i.rt_FIFO_inicializar  rt_fifo.o
    0x00002af0   0x00002af0   0x00000108   Code   RO          779    i.rt_GE_actualizar  rt_ge.o
    0x00002bf8   0x00002bf8   0x000000a4   Code   RO          780    i.rt_GE_iniciar     rt_ge.o
    0x00002c9c   0x00002c9c   0x000000fc   Code   RO          781    i.rt_GE_lanzador    rt_ge.o
    0x00002d98   0x00002d98   0x0000006c   Code   RO          190    i.secuencia_fin     app_guitar_hero.o
    0x00002e04   0x00002e04   0x00000080   Code   RO          191    i.secuencia_inicio  app_guitar_hero.o
    0x00002e84   0x00002e84   0x000000e0   Code   RO          782    i.svc_GE_cancelar   rt_ge.o
    0x00002f64   0x00002f64   0x000000f8   Code   RO          783    i.svc_GE_suscribir  rt_ge.o
    0x0000305c   0x0000305c   0x000001bc   Code   RO          642    i.svc_alarma_activar  svc_alarma.o
    0x00003218   0x00003218   0x000001e4   Code   RO          643    i.svc_alarma_actualizar  svc_alarma.o
    0x000033fc   0x000033fc   0x00000020   Code   RO          644    i.svc_alarma_codificar  svc_alarma.o
    0x0000341c   0x0000341c   0x0000007c   Code   RO          645    i.svc_alarma_iniciar  svc_alarma.o
    0x00003498   0x00003498   0x00000340   Code   RO          683    i.svc_estadisticas_print  svc_estadisticas.o
    0x000037d8   0x000037d8   0x000003d4   Code   RO          684    i.svc_estadisticas_set_tmp  svc_estadisticas.o
    0x00003bac   0x00003bac   0x000001ec   Code   RO          685    i.svc_estadisticas_set_tmp_fifo  svc_estadisticas.o
    0x00003d98   0x00003d98   0x00000020   Code   RO          722    i.svc_random_iniciar  svc_random.o
    0x00003db8   0x00003db8   0x00000048   Code   RO          857    i.vic_channel       hal_ext_int_lpc.o
    0x00003e00   0x00003e00   0x0000000c   Data   RO          346    .constdata          drv_botones.o
    0x00003e0c   0x00003e0c   0x00000010   Data   RO          425    .constdata          drv_leds.o
    0x00003e1c   0x00003e1c   0x00000010   Data   RO          481    .constdata          drv_monitor.o
    0x00003e2c   0x00003e2c   0x00000054   Data   RO          192    .conststring        app_guitar_hero.o
    0x00003e80   0x00003e80   0x00000020   Data   RO         1419    Region$$Table       anon$$obj.o


    Execution Region RW_IRAM1 (Exec base: 0x40000000, Load base: 0x00003ea0, Size: 0x00001390, Max: 0x00008000, ABSOLUTE)

    Exec Addr    Load Addr    Size         Type   Attr      Idx    E Section Name        Object

    0x40000000   0x00003ea0   0x00000035   Data   RW          193    .data               app_guitar_hero.o
    0x40000035   0x00003ed5   0x00000003   PAD
    0x40000038   0x00003ed8   0x00000008   Data   RW          347    .data               drv_botones.o
    0x40000040   0x00003ee0   0x00000004   Data   RW          389    .data               drv_consumo.o
    0x40000044   0x00003ee4   0x00000005   Data   RW          514    .data               drv_sc.o
    0x40000049   0x00003ee9   0x00000003   PAD
    0x4000004c   0x00003eec   0x00000008   Data   RW          543    .data               drv_tiempo.o
    0x40000054   0x00003ef4   0x00000008   Data   RW          647    .data               svc_alarma.o
    0x4000005c   0x00003efc   0x00000008   Data   RW          785    .data               rt_ge.o
    0x40000064   0x00003f04   0x00000004   Data   RW          858    .data               hal_ext_int_lpc.o
    0x40000068   0x00003f08   0x00000008   Data   RW         1045    .data               hal_tiempo_lpc.o
    0x40000070        -       0x00000018   Zero   RW          345    .bss                drv_botones.o
    0x40000088        -       0x0000000c   Zero   RW          542    .bss                drv_tiempo.o
    0x40000094        -       0x000000c8   Zero   RW          646    .bss                svc_alarma.o
    0x4000015c   0x00003f10   0x00000004   PAD
    0x40000160        -       0x000002d0   Zero   RW          686    .bss                svc_estadisticas.o
    0x40000430        -       0x00000440   Zero   RW          747    .bss                rt_fifo.o
    0x40000870        -       0x00000150   Zero   RW          784    .bss                rt_ge.o
    0x400009c0        -       0x0000000c   Zero   RW         1044    .bss                hal_tiempo_lpc.o
    0x400009cc        -       0x000000e4   Zero   RW         1212    .bss                c_t.l(rand.o)
    0x40000ab0        -       0x00000060   Zero   RW         1348    .bss                c_t.l(libspace.o)
    0x40000b10        -       0x00000000   Zero   RW         1159    HEAP                startup.o
    0x40000b10        -       0x00000880   Zero   RW         1158    STACK               startup.o


==============================================================================

Image component sizes


      Code (inc. data)   RO Data    RW Data    ZI Data      Debug   Object Name

      3092        584         84         53          0      11577   app_guitar_hero.o
       884         92         12          8         24       4277   drv_botones.o
       184         12          0          4          0       1742   drv_consumo.o
       316         12         16          0          0       3520   drv_leds.o
       316         12         16          0          0       3447   drv_monitor.o
       144         16          0          5          0       1137   drv_sc.o
       288         32          0          8         12       3837   drv_tiempo.o
       256          0          0          0          0       2273   drv_uart.o
        56          0          0          0          0        961   drv_wdt.o
       104         12          0          0          0       1381   hal_consumo_lpc.o
       964         40          0          4          0       7355   hal_ext_int_lpc.o
       220         16          0          0          0       2661   hal_gpio_lpc.o
        28          0          0          0          0        525   hal_random_lpc.o
        36          0          0          0          0        876   hal_sc_lpc.o
       680         56          0          8         12       6159   hal_tiempo_lpc.o
       196         16          0          0          0       1087   hal_uart_lpc.o
        88          4          0          0          0        989   hal_wdt_lpc.o
       148          4          0          0          0      10059   main.o
       592         60          0          0       1088       3078   rt_fifo.o
      1152         96          0          8        336       5105   rt_ge.o
       376         64          0          0       2176        628   startup.o
      1084        144          0          8        200       4205   svc_alarma.o
      2304        452          0          0        720       4119   svc_estadisticas.o
        32          0          0          0          0        517   svc_random.o

    ----------------------------------------------------------------------
     13540       1724        160        112       4572      81515   Object Totals
         0          0         32          0          0          0   (incl. Generated)
         0          0          0          6          4          0   (incl. Padding)

    ----------------------------------------------------------------------

      Code (inc. data)   RO Data    RW Data    ZI Data      Debug   Library Member Name

         8          0          0          0          0         68   __main.o
       122          0          0          0          0        208   __printf.o
         0          0          0          0          0          0   __rtentry.o
        44          4          0          0          0          0   __rtentry2.o
         8          0          0          0          0          0   __rtentry4.o
        60          8          0          0          0          0   __scatter.o
        40          0          0          0          0          0   __scatter_copy.o
        44          0          0          0          0          0   __scatter_zi.o
        48          4          0          0          0         96   _printf_char_common.o
         8          0          0          0          0          0   _printf_d.o
       120         18          0          0          0         88   _printf_dec.o
       186          0          0          0          0         96   _printf_intcommon.o
         4          0          0          0          0          0   _printf_percent.o
         8          0          0          0          0          0   _printf_percent_end.o
        10          0          0          0          0         60   _sputc.o
       420          0          0          0          0        148   aeabi_sdiv.o
        20          0          0          0          0         80   exit.o
         6          0          0          0          0        136   heapauxi.o
         0          0          0          0          0          0   indicate_semi.o
        10          0          0          0          0          0   libinit.o
        16          0          0          0          0          0   libinit2.o
        12          0          0          0          0          0   libshutdown.o
         6          0          0          0          0          0   libshutdown2.o
        12          4          0          0         96         68   libspace.o
        84          0          0          0          0         84   llsdiv.o
       720         64          0          0          0        156   lludiv.o
        48          4          0          0          0         84   noretval__2sprintf.o
        72         14          0          0        228         88   rand.o
         8          0          0          0          0          0   rtexit.o
        12          0          0          0          0          0   rtexit2.o
        48          0          0          0          0         68   rtudiv10.o
        20          4          0          0          0         60   sys_exit.o
        96          0          0          0          0         80   sys_stackheap_outer.o
         4          0          0          0          0         68   use_no_semi.o

    ----------------------------------------------------------------------
      2332        124          0          0        324       1736   Library Totals
         8          0          0          0          0          0   (incl. Padding)

    ----------------------------------------------------------------------

      Code (inc. data)   RO Data    RW Data    ZI Data      Debug   Library Name

      2324        124          0          0        324       1736   c_t.l

    ----------------------------------------------------------------------
      2332        124          0          0        324       1736   Library Totals

    ----------------------------------------------------------------------

==============================================================================


      Code (inc. data)   RO Data    RW Data    ZI Data      Debug   

     15872       1848        160        112       4896      77667   Grand Totals
     15872       1848        160        112       4896      77667   ELF Image Totals
     15872       1848        160        112          0          0   ROM Totals

==============================================================================

    Total RO  Size (Code + RO Data)                16032 (  15.66kB)
    Total RW  Size (RW Data + ZI Data)              5008 (   4.89kB)
    Total ROM Size (Code + RO Data + RW Data)      16144 (  15.77kB)

==============================================================================

