Component: ARM Compiler 5.06 update 6 (build 750) Tool: armlink [4d35ed]

==============================================================================

Section Cross References

    main.o(i.blink_v1) refers to drv_leds.o(i.drv_led_establecer) for drv_led_establecer
    main.o(i.blink_v1) refers to drv_leds.o(i.drv_led_conmutar) for drv_led_conmutar
    main.o(i.blink_v2) refers to drv_leds.o(i.drv_led_establecer) for drv_led_establecer
    main.o(i.blink_v2) refers to drv_tiempo.o(i.drv_tiempo_actual_ms) for drv_tiempo_actual_ms
    main.o(i.blink_v2) refers to drv_tiempo.o(i.drv_tiempo_esperar_hasta_ms) for drv_tiempo_esperar_hasta_ms
    main.o(i.blink_v2) refers to drv_leds.o(i.drv_led_conmutar) for drv_led_conmutar
    main.o(i.blink_v3) refers to drv_consumo.o(i.drv_consumo_iniciar) for drv_consumo_iniciar
    main.o(i.blink_v3) refers to drv_leds.o(i.drv_led_establecer) for drv_led_establecer
    main.o(i.blink_v3) refers to drv_tiempo.o(i.drv_tiempo_periodico_ms) for drv_tiempo_periodico_ms
    main.o(i.blink_v3) refers to drv_consumo.o(i.drv_consumo_esperar) for drv_consumo_esperar
    main.o(i.blink_v3) refers to main.o(i.leds_c) for leds_c
    main.o(i.blink_v3_bis) refers to drv_monitor.o(i.drv_monitor_iniciar) for drv_monitor_iniciar
    main.o(i.blink_v3_bis) refers to drv_consumo.o(i.drv_consumo_iniciar) for drv_consumo_iniciar
    main.o(i.blink_v3_bis) refers to drv_botones.o(i.drv_botones_iniciar) for drv_botones_iniciar
    main.o(i.blink_v3_bis) refers to drv_tiempo.o(i.drv_tiempo_periodico_ms) for drv_tiempo_periodico_ms
    main.o(i.blink_v3_bis) refers to drv_consumo.o(i.drv_consumo_esperar) for drv_consumo_esperar
    main.o(i.blink_v3_bis) refers to drv_consumo.o(i.drv_consumo_dormir) for drv_consumo_dormir
    main.o(i.blink_v3_bis) refers to main.o(i.drv_boton_estado_actualizar) for drv_boton_estado_actualizar
    main.o(i.blink_v3_bis) refers to main.o(i.leds_c) for leds_c
    main.o(i.blink_v4) refers to drv_consumo.o(i.drv_consumo_iniciar) for drv_consumo_iniciar
    main.o(i.blink_v4) refers to drv_monitor.o(i.drv_monitor_iniciar) for drv_monitor_iniciar
    main.o(i.blink_v4) refers to rt_fifo.o(i.rt_FIFO_inicializar) for rt_FIFO_inicializar
    main.o(i.blink_v4) refers to drv_leds.o(i.drv_led_establecer) for drv_led_establecer
    main.o(i.blink_v4) refers to drv_tiempo.o(i.drv_tiempo_periodico_ms) for drv_tiempo_periodico_ms
    main.o(i.blink_v4) refers to rt_fifo.o(i.rt_FIFO_extraer) for rt_FIFO_extraer
    main.o(i.blink_v4) refers to drv_leds.o(i.drv_led_conmutar) for drv_led_conmutar
    main.o(i.blink_v4) refers to drv_consumo.o(i.drv_consumo_esperar) for drv_consumo_esperar
    main.o(i.blink_v4) refers to rt_fifo.o(i.rt_FIFO_encolar) for rt_FIFO_encolar
    main.o(i.boton_pulsado) refers to drv_leds.o(i.drv_led_conmutar) for drv_led_conmutar
    main.o(i.boton_pulsado) refers to drv_sc.o(i.drv_sc_disable) for drv_sc_disable
    main.o(i.boton_pulsado) refers to drv_botones.o(i.drv_botones_actualizar) for drv_botones_actualizar
    main.o(i.boton_pulsado) refers to drv_sc.o(i.drv_sc_enable) for drv_sc_enable
    main.o(i.crear_partitura_aleatoria) refers to _printf_percent.o(.ARM.Collect$$_printf_percent$$00000000) for _printf_percent
    main.o(i.crear_partitura_aleatoria) refers to _printf_d.o(.ARM.Collect$$_printf_percent$$00000009) for _printf_d
    main.o(i.crear_partitura_aleatoria) refers to _printf_dec.o(.text) for _printf_int_dec
    main.o(i.crear_partitura_aleatoria) refers to _printf_c.o(.ARM.Collect$$_printf_percent$$00000013) for _printf_c
    main.o(i.crear_partitura_aleatoria) refers to _printf_str.o(.text) for _printf_str
    main.o(i.crear_partitura_aleatoria) refers to drv_uart.o(i.drv_uart_init) for drv_uart_init
    main.o(i.crear_partitura_aleatoria) refers to drv_tiempo.o(i.drv_tiempo_actual_us) for drv_tiempo_actual_us
    main.o(i.crear_partitura_aleatoria) refers to hal_random_lpc.o(i.random_iniciar) for random_iniciar
    main.o(i.crear_partitura_aleatoria) refers to rt_memclr_w.o(.text) for __aeabi_memclr4
    main.o(i.crear_partitura_aleatoria) refers to noretval__2sprintf.o(.text) for __2sprintf
    main.o(i.crear_partitura_aleatoria) refers to drv_uart.o(i.drv_uart_puts) for drv_uart_puts
    main.o(i.crear_partitura_aleatoria) refers to hal_random_lpc.o(i.random_value) for random_value
    main.o(i.crear_partitura_aleatoria) refers to aeabi_sdiv.o(.text) for __aeabi_idivmod
    main.o(i.leds_c) refers to drv_monitor.o(i.drv_monitor_desmarcar) for drv_monitor_desmarcar
    main.o(i.leds_c) refers to drv_leds.o(i.drv_led_conmutar) for drv_led_conmutar
    main.o(i.leds_c) refers to drv_monitor.o(i.drv_monitor_marcar) for drv_monitor_marcar
    main.o(i.main) refers to drv_tiempo.o(i.drv_tiempo_iniciar) for drv_tiempo_iniciar
    main.o(i.main) refers to hal_gpio_lpc.o(i.hal_gpio_iniciar) for hal_gpio_iniciar
    main.o(i.main) refers to drv_leds.o(i.drv_leds_iniciar) for drv_leds_iniciar
[...]
    libinit.o(.ARM.Collect$$libinit$$00000000) refers (Special) to libinit2.o(.ARM.Collect$$libinit$$00000033) for __rt_lib_init_return
    libinit.o(.ARM.Collect$$libinit$$00000000) refers (Special) to libinit2.o(.ARM.Collect$$libinit$$0000001D) for __rt_lib_init_signal_1
    libinit.o(.ARM.Collect$$libinit$$00000000) refers (Special) to libinit2.o(.ARM.Collect$$libinit$$00000025) for __rt_lib_init_stdio_1
    libinit.o(.ARM.Collect$$libinit$$00000000) refers (Special) to libinit2.o(.ARM.Collect$$libinit$$0000000C) for __rt_lib_init_user_alloc_1
    sys_command.o(.text) refers (Special) to use_no_semi.o(.text) for __I$use$semihosting
    sys_command.o(.text) refers (Special) to indicate_semi.o(.text) for __semihosting_library_function
    libspace.o(.text) refers to libspace.o(.bss) for __libspace_start
    rtexit.o(.ARM.Collect$$rtexit$$00000000) refers (Special) to rtexit2.o(.ARM.Collect$$rtexit$$00000004) for __rt_exit_exit
    rtexit.o(.ARM.Collect$$rtexit$$00000000) refers (Special) to rtexit2.o(.ARM.Collect$$rtexit$$00000003) for __rt_exit_ls
    rtexit.o(.ARM.Collect$$rtexit$$00000000) refers (Special) to rtexit2.o(.ARM.Collect$$rtexit$$00000002) for __rt_exit_prels_1
    rtexit.o(.ARM.exidx) refers (Special) to rtexit2.o(.ARM.Collect$$rtexit$$00000004) for __rt_exit_exit
    rtexit.o(.ARM.exidx) refers (Special) to rtexit2.o(.ARM.Collect$$rtexit$$00000003) for __rt_exit_ls
    rtexit.o(.ARM.exidx) refers (Special) to rtexit2.o(.ARM.Collect$$rtexit$$00000002) for __rt_exit_prels_1
    rtexit.o(.ARM.exidx) refers to rtexit.o(.ARM.Collect$$rtexit$$00000000) for .ARM.Collect$$rtexit$$00000000
    rt_raise.o(.text) refers to __raise.o(.text) for __raise
    rt_raise.o(.text) refers to sys_exit.o(.text) for _sys_exit
    defsig_exit.o(.text) refers to sys_exit.o(.text) for _sys_exit
    defsig_fpe_inner.o(.text) refers to defsig_general.o(.text) for __default_signal_display
    defsig_rtmem_outer.o(.text) refers to defsig_rtmem_inner.o(.text) for __rt_SIGRTMEM_inner
    defsig_rtmem_outer.o(.text) refers to defsig_exit.o(.text) for __sig_exit
    defsig_rtmem_formal.o(.text) refers to rt_raise.o(.text) for __rt_raise
    sys_exit.o(.text) refers (Special) to use_no_semi.o(.text) for __I$use$semihosting
    sys_exit.o(.text) refers (Special) to indicate_semi.o(.text) for __semihosting_library_function
    rtexit2.o(.ARM.Collect$$rtexit$$00000003) refers to libshutdown.o(.ARM.Collect$$libshutdown$$00000000) for __rt_lib_shutdown
    rtexit2.o(.ARM.Collect$$rtexit$$00000004) refers to sys_exit.o(.text) for _sys_exit
    rtexit2.o(.ARM.exidx) refers to rtexit2.o(.ARM.Collect$$rtexit$$00000001) for .ARM.Collect$$rtexit$$00000001
    rtexit2.o(.ARM.exidx) refers to rtexit2.o(.ARM.Collect$$rtexit$$00000003) for .ARM.Collect$$rtexit$$00000003
    rtexit2.o(.ARM.exidx) refers to rtexit2.o(.ARM.Collect$$rtexit$$00000004) for .ARM.Collect$$rtexit$$00000004
    __raise.o(.text) refers to __printf.o(i.__ARM_common_call_via_r2) for __ARM_common_call_via_r2
    __raise.o(.text) refers to defsig.o(CL$$defsig) for __default_signal_handler
    defsig_general.o(.text) refers to sys_wrch.o(.text) for _ttywrch
    defsig_rtmem_inner.o(.text) refers to defsig_general.o(.text) for __default_signal_display
    sys_wrch.o(.text) refers (Special) to use_no_semi.o(.text) for __I$use$semihosting
    sys_wrch.o(.text) refers (Special) to indicate_semi.o(.text) for __semihosting_library_function
    defsig.o(CL$$defsig) refers to defsig_fpe_inner.o(.text) for __rt_SIGFPE_inner
    defsig.o(CL$$defsig) refers to defsig_rtmem_inner.o(.text) for __rt_SIGRTMEM_inner
    libshutdown.o(.ARM.Collect$$libshutdown$$00000000) refers (Special) to libshutdown2.o(.ARM.Collect$$libshutdown$$00000002) for __rt_lib_shutdown_cpp_1
    libshutdown.o(.ARM.Collect$$libshutdown$$00000000) refers (Special) to libshutdown2.o(.ARM.Collect$$libshutdown$$00000007) for __rt_lib_shutdown_fp_trap_1
    libshutdown.o(.ARM.Collect$$libshutdown$$00000000) refers (Special) to libshutdown2.o(.ARM.Collect$$libshutdown$$0000000F) for __rt_lib_shutdown_heap_1
    libshutdown.o(.ARM.Collect$$libshutdown$$00000000) refers (Special) to libshutdown2.o(.ARM.Collect$$libshutdown$$00000010) for __rt_lib_shutdown_return
    libshutdown.o(.ARM.Collect$$libshutdown$$00000000) refers (Special) to libshutdown2.o(.ARM.Collect$$libshutdown$$0000000A) for __rt_lib_shutdown_signal_1
    libshutdown.o(.ARM.Collect$$libshutdown$$00000000) refers (Special) to libshutdown2.o(.ARM.Collect$$libshutdown$$00000004) for __rt_lib_shutdown_stdio_1
    libshutdown.o(.ARM.Collect$$libshutdown$$00000000) refers (Special) to libshutdown2.o(.ARM.Collect$$libshutdown$$0000000C) for __rt_lib_shutdown_user_alloc_1
    defsig_abrt_inner.o(.text) refers to defsig_general.o(.text) for __default_signal_display
    defsig_rtred_inner.o(.text) refers to defsig_general.o(.text) for __default_signal_display
    defsig_stak_inner.o(.text) refers to defsig_general.o(.text) for __default_signal_display
    defsig_pvfn_inner.o(.text) refers to defsig_general.o(.text) for __default_signal_display
    defsig_cppl_inner.o(.text) refers to defsig_general.o(.text) for __default_signal_display
    defsig_segv_inner.o(.text) refers to defsig_general.o(.text) for __default_signal_display
    defsig_other.o(.text) refers to defsig_general.o(.text) for __default_signal_display


==============================================================================

Removing Unused input sections from the image.

    Removing main.o(i.blink_v1), (76 bytes).
    Removing main.o(i.blink_v2), (52 bytes).
    Removing main.o(i.blink_v3), (56 bytes).
    Removing main.o(i.blink_v3_bis), (88 bytes).
    Removing main.o(i.blink_v4), (120 bytes).
    Removing main.o(i.boton_pulsado), (52 bytes).
    Removing main.o(i.crear_partitura_aleatoria), (360 bytes).
    Removing main.o(i.drv_boton_estado_actualizar), (4 bytes).
    Removing main.o(i.leds_c), (44 bytes).
    Removing main.o(i.test_botones), (56 bytes).
    Removing main.o(i.test_overflow), (56 bytes).
    Removing main.o(i.test_uart), (312 bytes).
    Removing main.o(i.test_watchdog), (28 bytes).
    Removing drv_leds.o(i.drv_led_conmutar), (104 bytes).
    Removing drv_leds.o(i.drv_led_estado), (136 bytes).
    Removing drv_tiempo.o(i.drv_tiempo_actual_ms), (32 bytes).
    Removing drv_tiempo.o(i.drv_tiempo_esperar_hasta_ms), (36 bytes).
    Removing drv_tiempo.o(i.drv_tiempo_esperar_ms), (40 bytes).
    Removing rt_fifo.o(i.rt_FIFO_estadisticas), (36 bytes).
    Removing bit_counter_strike.o(i.actualizar_bit_counter_strike), (432 bytes).
    Removing bit_counter_strike.o(i.bit_counter_strike), (172 bytes).
    Removing bit_counter_strike.o(i.iniciarBCS), (120 bytes).
    Removing bit_counter_strike.o(i.manejador_interrupcion_botones), (52 bytes).
    Removing bit_counter_strike.o(i.timeout_led), (140 bytes).
    Removing bit_counter_strike.o(.data), (13 bytes).
    Removing drv_uart.o(i.drv_uart_data_available), (16 bytes).
    Removing drv_uart.o(i.drv_uart_getchar), (16 bytes).
    Removing hal_ext_int_lpc.o(i.hal_ext_int_deshabilitar_despertar), (64 bytes).
    Removing hal_ext_int_lpc.o(i.hal_ext_int_leer), (88 bytes).
    Removing hal_random_lpc.o(i.random_iniciar), (28 bytes).
    Removing hal_random_lpc.o(i.random_value), (68 bytes).
    Removing hal_uart_lpc.o(i.hal_uart_data_available), (20 bytes).
    Removing hal_uart_lpc.o(i.hal_uart_getchar), (40 bytes).

33 unused section(s) (total 2957 bytes) removed from the image.

==============================================================================

Adding Veneers to the image

    Adding TA veneer (4 bytes, Inline) for call to '_printf_percent' from __printf.o(.text).
    Adding AT veneer (8 bytes, Inline) for call to '__rt_lib_init' from __rtentry2.o(.ARM.Collect$$rtentry$$0000000A).
    Adding AT veneer (8 bytes, Inline) for call to '__rt_lib_shutdown' from rtexit2.o(.ARM.Collect$$rtexit$$00000003).
    Adding TA veneer (4 bytes, Inline) for call to '__rt_exit' from exit.o(.text).
    Adding AT veneer (8 bytes, Inline) for call to '__2sprintf' from guitar_hero.o(i.manejador_interrupcion_botones_juego).
    Adding AT veneer (8 bytes, Inline) for call to '_printf_int_dec' from _printf_d.o(.ARM.Collect$$_printf_percent$$00000009).
    Adding TA veneer (4 bytes, Inline) for call to '__rt_udiv10' from _printf_dec.o(.text).
    Adding AT veneer (8 bytes, Inline) for call to '_sys_exit' from rtexit2.o(.ARM.Collect$$rtexit$$00000004).

8 Veneer(s) (total 52 bytes) added to the image.

==============================================================================

Image Symbol Table

    Local Symbols

    Symbol Name                              Value     Ov Type        Size  Object(Section)

    RESET                                    0x00000000   Section      272  startup.o(RESET)
    ../clib/angel/boardlib.s                 0x00000000   Number         0  boardshut.o ABSOLUTE
    ../clib/angel/boardlib.s                 0x00000000   Number         0  boardinit1.o ABSOLUTE
    ../clib/angel/boardlib.s                 0x00000000   Number         0  boardinit2.o ABSOLUTE
    ../clib/angel/boardlib.s                 0x00000000   Number         0  boardinit3.o ABSOLUTE
    ../clib/angel/handlers.s                 0x00000000   Number         0  __scatter_copy.o ABSOLUTE
    ../clib/angel/handlers.s                 0x00000000   Number         0  __scatter_zi.o ABSOLUTE
    ../clib/angel/kernel.s                   0x00000000   Number         0  __rtentry2.o ABSOLUTE
    ../clib/angel/kernel.s                   0x00000000   Number         0  rtexit2.o ABSOLUTE
    ../clib/angel/kernel.s                   0x00000000   Number         0  __rtentry4.o ABSOLUTE
    ../clib/angel/kernel.s                   0x00000000   Number         0  rtexit.o ABSOLUTE
    ../clib/angel/kernel.s                   0x00000000   Number         0  __rtentry.o ABSOLUTE
    ../clib/angel/rt.s                       0x00000000   Number         0  aeabi_ldiv0.o ABSOLUTE
    ../clib/angel/rt.s                       0x00000000   Number         0  rt_raise.o ABSOLUTE
    ../clib/angel/rt.s                       0x00000000   Number         0  rt_div0.o ABSOLUTE
    ../clib/angel/rt.s                       0x00000000   Number         0  aeabi_idiv0_sigfpe.o ABSOLUTE
    ../clib/angel/rt.s                       0x00000000   Number         0  aeabi_idiv0.o ABSOLUTE
    ../clib/angel/rt.s                       0x00000000   Number         0  aeabi_ldiv0_sigfpe.o ABSOLUTE
    ../clib/angel/scatter.s                  0x00000000   Number         0  __scatter.o ABSOLUTE
    ../clib/angel/startup.s                  0x00000000   Number         0  __main.o ABSOLUTE
    ../clib/angel/sys.s                      0x00000000   Number         0  sys_stackheap_outer.o ABSOLUTE
    ../clib/angel/sys.s                      0x00000000   Number         0  indicate_semi.o ABSOLUTE
    ../clib/angel/sys.s                      0x00000000   Number         0  use_no_semi.o ABSOLUTE
    ../clib/angel/sys.s                      0x00000000   Number         0  libspace.o ABSOLUTE
    ../clib/angel/sysapp.c                   0x00000000   Number         0  sys_wrch.o ABSOLUTE
    ../clib/angel/sysapp.c                   0x00000000   Number         0  sys_exit.o ABSOLUTE
    ../clib/angel/sysapp.c                   0x00000000   Number         0  sys_command.o ABSOLUTE
    ../clib/armsys.c                         0x00000000   Number         0  argv_veneer.o ABSOLUTE
    ../clib/armsys.c                         0x00000000   Number         0  argv_veneer.o ABSOLUTE
    ../clib/armsys.c                         0x00000000   Number         0  no_argv.o ABSOLUTE
    ../clib/armsys.c                         0x00000000   Number         0  _get_argv_nomalloc.o ABSOLUTE
    ../clib/division.s                       0x00000000   Number         0  aeabi_sdiv.o ABSOLUTE
    ../clib/division.s                       0x00000000   Number         0  rtudiv10.o ABSOLUTE
    ../clib/division.s                       0x00000000   Number         0  aeabi_sdiv_div0.o ABSOLUTE
    ../clib/divrt.s                          0x00000000   Number         0  divrt_7tdmi.o ABSOLUTE
    ../clib/divrt.s                          0x00000000   Number         0  divrt_7tdmi_div0.o ABSOLUTE
    ../clib/heapalloc.c                      0x00000000   Number         0  hrguard.o ABSOLUTE
    ../clib/heapaux.c                        0x00000000   Number         0  heapauxi.o ABSOLUTE
    ../clib/libinit.s                        0x00000000   Number         0  libinit2.o ABSOLUTE
    ../clib/libinit.s                        0x00000000   Number         0  libshutdown.o ABSOLUTE
    ../clib/libinit.s                        0x00000000   Number         0  libshutdown2.o ABSOLUTE
    ../clib/libinit.s                        0x00000000   Number         0  libinit.o ABSOLUTE
    ../clib/longlong.s                       0x00000000   Number         0  lludiv.o ABSOLUTE
    ../clib/memcpset.s                       0x00000000   Number         0  rt_memclr_w.o ABSOLUTE
    ../clib/printf.c                         0x00000000   Number         0  _sputc.o ABSOLUTE
    ../clib/printf.c                         0x00000000   Number         0  _printf_intcommon.o ABSOLUTE
    ../clib/printf.c                         0x00000000   Number         0  _printf_char_common.o ABSOLUTE
    ../clib/printf.c                         0x00000000   Number         0  _printf_char.o ABSOLUTE
    ../clib/printf.c                         0x00000000   Number         0  __printf_flags_ss_wp.o ABSOLUTE
    ../clib/printf.c                         0x00000000   Number         0  __printf_nopercent.o ABSOLUTE
    ../clib/printf.c                         0x00000000   Number         0  __2sprintf.o ABSOLUTE
    ../clib/printf.c                         0x00000000   Number         0  __printf_ss_wp.o ABSOLUTE
    ../clib/printf.c                         0x00000000   Number         0  __printf_ss.o ABSOLUTE
    ../clib/printf.c                         0x00000000   Number         0  noretval__2sprintf.o ABSOLUTE
    ../clib/printf.c                         0x00000000   Number         0  __printf.o ABSOLUTE
    ../clib/printf.c                         0x00000000   Number         0  _printf_str.o ABSOLUTE
    ../clib/printf.c                         0x00000000   Number         0  _printf_dec.o ABSOLUTE
    ../clib/printf.c                         0x00000000   Number         0  __printf_flags.o ABSOLUTE
    ../clib/printf.c                         0x00000000   Number         0  __printf_flags_wp.o ABSOLUTE
    ../clib/printf.c                         0x00000000   Number         0  __printf_wp.o ABSOLUTE
    ../clib/printf.c                         0x00000000   Number         0  __printf_flags_ss.o ABSOLUTE
    ../clib/printf_percent.s                 0x00000000   Number         0  _printf_percent.o ABSOLUTE
    ../clib/printf_percent.s                 0x00000000   Number         0  _printf_d.o ABSOLUTE
    ../clib/printf_percent.s                 0x00000000   Number         0  _printf_c.o ABSOLUTE
    ../clib/printf_percent.s                 0x00000000   Number         0  _printf_percent_end.o ABSOLUTE
    ../clib/signal.c                         0x00000000   Number         0  defsig_exit.o ABSOLUTE
    ../clib/signal.c                         0x00000000   Number         0  defsig_fpe_formal.o ABSOLUTE
    ../clib/signal.c                         0x00000000   Number         0  defsig_fpe_outer.o ABSOLUTE
    ../clib/signal.c                         0x00000000   Number         0  defsig_segv_inner.o ABSOLUTE
    ../clib/signal.c                         0x00000000   Number         0  defsig_other.o ABSOLUTE
    ../clib/signal.c                         0x00000000   Number         0  defsig_cppl_inner.o ABSOLUTE
    ../clib/signal.c                         0x00000000   Number         0  defsig_pvfn_inner.o ABSOLUTE
    ../clib/signal.c                         0x00000000   Number         0  defsig_stak_inner.o ABSOLUTE
    ../clib/signal.c                         0x00000000   Number         0  defsig_rtred_inner.o ABSOLUTE
    ../clib/signal.c                         0x00000000   Number         0  defsig_abrt_inner.o ABSOLUTE
    ../clib/signal.c                         0x00000000   Number         0  defsig_rtmem_inner.o ABSOLUTE
    ../clib/signal.c                         0x00000000   Number         0  defsig_general.o ABSOLUTE
    ../clib/signal.c                         0x00000000   Number         0  __raise.o ABSOLUTE
    ../clib/signal.c                         0x00000000   Number         0  defsig_rtmem_formal.o ABSOLUTE
    ../clib/signal.c                         0x00000000   Number         0  defsig_rtmem_outer.o ABSOLUTE
    ../clib/signal.c                         0x00000000   Number         0  defsig_fpe_inner.o ABSOLUTE
    ../clib/signal.s                         0x00000000   Number         0  defsig.o ABSOLUTE
    ../clib/stdlib.c                         0x00000000   Number         0  exit.o ABSOLUTE
    ../clib/stdlib.c                         0x00000000   Number         0  rand.o ABSOLUTE
    ../clib/stdlib.c                         0x00000000   Number         0  rand.o ABSOLUTE
    ../fplib/fpinit.s                        0x00000000   Number         0  fpinit.o ABSOLUTE
    ..\..\src\bit_counter_strike.c           0x00000000   Number         0  bit_counter_strike.o ABSOLUTE
    ..\..\src\drv_botones.c                  0x00000000   Number         0  drv_botones.o ABSOLUTE
    ..\..\src\drv_consumo.c                  0x00000000   Number         0  drv_consumo.o ABSOLUTE
    ..\..\src\drv_leds.c                     0x00000000   Number         0  drv_leds.o ABSOLUTE
    ..\..\src\drv_monitor.c                  0x00000000   Number         0  drv_monitor.o ABSOLUTE
    ..\..\src\drv_sc.c                       0x00000000   Number         0  drv_sc.o ABSOLUTE
    ..\..\src\drv_tiempo.c                   0x00000000   Number         0  drv_tiempo.o ABSOLUTE
    ..\..\src\drv_uart.c                     0x00000000   Number         0  drv_uart.o ABSOLUTE
    ..\..\src\drv_wdt.c                      0x00000000   Number         0  drv_wdt.o ABSOLUTE
    ..\..\src\guitar_hero.c                  0x00000000   Number         0  guitar_hero.o ABSOLUTE
    ..\..\src\main.c                         0x00000000   Number         0  main.o ABSOLUTE
    ..\..\src\rt_GE.c                        0x00000000   Number         0  rt_ge.o ABSOLUTE
    ..\..\src\rt_fifo.c                      0x00000000   Number         0  rt_fifo.o ABSOLUTE
    ..\..\src\svc_alarma.c                   0x00000000   Number         0  svc_alarma.o ABSOLUTE
    ..\src_lpc\Startup.s                     0x00000000   Number         0  startup.o ABSOLUTE
    ..\src_lpc\hal_consumo_lpc.c             0x00000000   Number         0  hal_consumo_lpc.o ABSOLUTE
    ..\src_lpc\hal_ext_int_lpc.c             0x00000000   Number         0  hal_ext_int_lpc.o ABSOLUTE
    ..\src_lpc\hal_gpio_lpc.c                0x00000000   Number         0  hal_gpio_lpc.o ABSOLUTE
    ..\src_lpc\hal_random_lpc.c              0x00000000   Number         0  hal_random_lpc.o ABSOLUTE
    ..\src_lpc\hal_sc_lpc.c                  0x00000000   Number         0  hal_sc_lpc.o ABSOLUTE
    ..\src_lpc\hal_tiempo_lpc.c              0x00000000   Number         0  hal_tiempo_lpc.o ABSOLUTE
    ..\src_lpc\hal_uart_lpc.c                0x00000000   Number         0  hal_uart_lpc.o ABSOLUTE
    ..\src_lpc\hal_wdt_lpc.c                 0x00000000   Number         0  hal_wdt_lpc.o ABSOLUTE
    dc.s                                     0x00000000   Number         0  dc.o ABSOLUTE
    Undef_Handler                            0x00000040   ARM Code       4  startup.o(RESET)
    SWI_Handler                              0x00000044   ARM Code       4  startup.o(RESET)
    PAbt_Handler                             0x00000048   ARM Code       4  startup.o(RESET)
    DAbt_Handler                             0x0000004c   ARM Code       4  startup.o(RESET)
    IRQ_Handler                              0x00000050   ARM Code       4  startup.o(RESET)
    FIQ_Handler                              0x00000054   ARM Code       4  startup.o(RESET)
    !!!main                                  0x00000110   Section        8  __main.o(!!!main)
    !!!scatter                               0x00000118   Section       60  __scatter.o(!!!scatter)
    !!handler_copy                           0x00000154   Section       40  __scatter_copy.o(!!handler_copy)
    !!handler_zi                             0x0000017c   Section       44  __scatter_zi.o(!!handler_zi)
    .ARM.Collect$$_printf_percent$$00000000  0x000001ac   Section        0  _printf_percent.o(.ARM.Collect$$_printf_percent$$00000000)
    .ARM.Collect$$_printf_percent$$00000009  0x000001ac   Section        8  _printf_d.o(.ARM.Collect$$_printf_percent$$00000009)
    .ARM.Collect$$_printf_percent$$00000017  0x000001b4   Section        8  _printf_percent_end.o(.ARM.Collect$$_printf_percent$$00000017)
    .ARM.Collect$$libinit$$00000000          0x000001c4   Section        2  libinit.o(.ARM.Collect$$libinit$$00000000)
    .ARM.Collect$$libinit$$00000002          0x000001c6   Section        0  libinit2.o(.ARM.Collect$$libinit$$00000002)
    .ARM.Collect$$libinit$$00000004          0x000001c6   Section        0  libinit2.o(.ARM.Collect$$libinit$$00000004)
    .ARM.Collect$$libinit$$0000000A          0x000001c6   Section        0  libinit2.o(.ARM.Collect$$libinit$$0000000A)
    .ARM.Collect$$libinit$$0000000C          0x000001c6   Section        0  libinit2.o(.ARM.Collect$$libinit$$0000000C)
    .ARM.Collect$$libinit$$0000000E          0x000001c6   Section        0  libinit2.o(.ARM.Collect$$libinit$$0000000E)
    .ARM.Collect$$libinit$$00000011          0x000001c6   Section        0  libinit2.o(.ARM.Collect$$libinit$$00000011)
    .ARM.Collect$$libinit$$00000013          0x000001c6   Section        0  libinit2.o(.ARM.Collect$$libinit$$00000013)
    .ARM.Collect$$libinit$$00000015          0x000001c6   Section        0  libinit2.o(.ARM.Collect$$libinit$$00000015)
    .ARM.Collect$$libinit$$00000017          0x000001c6   Section        0  libinit2.o(.ARM.Collect$$libinit$$00000017)
    .ARM.Collect$$libinit$$00000019          0x000001c6   Section        0  libinit2.o(.ARM.Collect$$libinit$$00000019)
    .ARM.Collect$$libinit$$0000001B          0x000001c6   Section        0  libinit2.o(.ARM.Collect$$libinit$$0000001B)
    .ARM.Collect$$libinit$$0000001D          0x000001c6   Section        0  libinit2.o(.ARM.Collect$$libinit$$0000001D)
    .ARM.Collect$$libinit$$0000001F          0x000001c6   Section        0  libinit2.o(.ARM.Collect$$libinit$$0000001F)
    .ARM.Collect$$libinit$$00000021          0x000001c6   Section        0  libinit2.o(.ARM.Collect$$libinit$$00000021)
    .ARM.Collect$$libinit$$00000023          0x000001c6   Section        0  libinit2.o(.ARM.Collect$$libinit$$00000023)
    .ARM.Collect$$libinit$$00000025          0x000001c6   Section        0  libinit2.o(.ARM.Collect$$libinit$$00000025)
    .ARM.Collect$$libinit$$0000002C          0x000001c6   Section        0  libinit2.o(.ARM.Collect$$libinit$$0000002C)
    .ARM.Collect$$libinit$$0000002E          0x000001c6   Section        0  libinit2.o(.ARM.Collect$$libinit$$0000002E)
    .ARM.Collect$$libinit$$00000030          0x000001c6   Section        0  libinit2.o(.ARM.Collect$$libinit$$00000030)
    .ARM.Collect$$libinit$$00000032          0x000001c6   Section        0  libinit2.o(.ARM.Collect$$libinit$$00000032)
    .ARM.Collect$$libinit$$00000033          0x000001c6   Section       12  libinit2.o(.ARM.Collect$$libinit$$00000033)
    .ARM.Collect$$libshutdown$$00000000      0x000001dc   Section        4  libshutdown.o(.ARM.Collect$$libshutdown$$00000000)
    .ARM.Collect$$libshutdown$$00000002      0x000001e0   Section        0  libshutdown2.o(.ARM.Collect$$libshutdown$$00000002)
    .ARM.Collect$$libshutdown$$00000004      0x000001e0   Section        0  libshutdown2.o(.ARM.Collect$$libshutdown$$00000004)
    .ARM.Collect$$libshutdown$$00000007      0x000001e0   Section        0  libshutdown2.o(.ARM.Collect$$libshutdown$$00000007)
    .ARM.Collect$$libshutdown$$0000000A      0x000001e0   Section        0  libshutdown2.o(.ARM.Collect$$libshutdown$$0000000A)
    .ARM.Collect$$libshutdown$$0000000C      0x000001e0   Section        0  libshutdown2.o(.ARM.Collect$$libshutdown$$0000000C)
    .ARM.Collect$$libshutdown$$0000000F      0x000001e0   Section        0  libshutdown2.o(.ARM.Collect$$libshutdown$$0000000F)
    .ARM.Collect$$libshutdown$$00000010      0x000001e0   Section        6  libshutdown2.o(.ARM.Collect$$libshutdown$$00000010)
    .ARM.Collect$$rtentry$$00000000          0x000001e8   Section        0  __rtentry.o(.ARM.Collect$$rtentry$$00000000)
    .ARM.Collect$$rtentry$$00000002          0x000001e8   Section        0  __rtentry2.o(.ARM.Collect$$rtentry$$00000002)
    .ARM.Collect$$rtentry$$00000004          0x000001e8   Section        8  __rtentry4.o(.ARM.Collect$$rtentry$$00000004)
    .ARM.Collect$$rtentry$$00000009          0x000001f0   Section        0  __rtentry2.o(.ARM.Collect$$rtentry$$00000009)
    .ARM.Collect$$rtentry$$0000000A          0x000001f0   Section        4  __rtentry2.o(.ARM.Collect$$rtentry$$0000000A)
    .ARM.Collect$$rtentry$$0000000C          0x000001f4   Section        0  __rtentry2.o(.ARM.Collect$$rtentry$$0000000C)
    .ARM.Collect$$rtentry$$0000000D          0x000001f4   Section       40  __rtentry2.o(.ARM.Collect$$rtentry$$0000000D)
    .ARM.Collect$$rtexit$$00000000           0x00000220   Section        4  rtexit.o(.ARM.Collect$$rtexit$$00000000)
    .ARM.Collect$$rtexit$$00000002           0x00000224   Section        0  rtexit2.o(.ARM.Collect$$rtexit$$00000002)
    .ARM.Collect$$rtexit$$00000003           0x00000224   Section        4  rtexit2.o(.ARM.Collect$$rtexit$$00000003)
    .ARM.Collect$$rtexit$$00000004           0x00000228   Section        8  rtexit2.o(.ARM.Collect$$rtexit$$00000004)
    .text                                    0x00000230   Section      104  startup.o(.text)
    .text                                    0x00000298   Section      720  lludiv.o(.text)
    .text                                    0x00000570   Section        0  noretval__2sprintf.o(.text)
    .text                                    0x00000598   Section        0  __printf.o(.text)
    .text                                    0x00000618   Section        0  _printf_dec.o(.text)
    .text                                    0x00000688   Section      384  aeabi_sdiv.o(.text)
    __arm_div8                               0x000006b4   ARM Code       0  aeabi_sdiv.o(.text)
    __arm_div5                               0x000006d8   ARM Code       0  aeabi_sdiv.o(.text)
    __arm_div2                               0x000006fc   ARM Code       0  aeabi_sdiv.o(.text)
    __arm_div_large                          0x00000738   ARM Code       0  aeabi_sdiv.o(.text)
    .text                                    0x00000808   Section        0  heapauxi.o(.text)
    .text                                    0x0000080e   Section        0  _printf_intcommon.o(.text)
    .text                                    0x000008c8   Section        0  _printf_char_common.o(.text)
    _printf_input_char                       0x000008c9   Thumb Code    10  _printf_char_common.o(.text)
    .text                                    0x000008f8   Section        0  _sputc.o(.text)
    .text                                    0x00000908   Section       44  rtudiv10.o(.text)
    .text                                    0x00000934   Section       96  sys_stackheap_outer.o(.text)
    .text                                    0x00000994   Section        0  exit.o(.text)
    .text                                    0x000009a8   Section       12  libspace.o(.text)
    .text                                    0x000009bc   Section        0  sys_exit.o(.text)
    .text                                    0x000009c8   Section        4  use_no_semi.o(.text)
    .text                                    0x000009cc   Section        0  indicate_semi.o(.text)
    .text_udiv                               0x000009cc   Section       36  aeabi_sdiv.o(.text_udiv)
    i.EINT_Handler                           0x000009f0   Section        0  hal_ext_int_lpc.o(i.EINT_Handler)
    i.T0_ISR                                 0x00000aa4   Section        0  hal_tiempo_lpc.o(i.T0_ISR)
    i.T1_ISR                                 0x00000aec   Section        0  hal_tiempo_lpc.o(i.T1_ISR)
    i.__ARM_common_call_via_r1               0x00000b28   Section        0  __printf.o(i.__ARM_common_call_via_r1)
    i.__ARM_common_call_via_r2               0x00000b2a   Section        0  __printf.o(i.__ARM_common_call_via_r2)
    i.callback_wrapper_interno               0x00000b2c   Section        0  drv_tiempo.o(i.callback_wrapper_interno)
    callback_wrapper_interno                 0x00000b2c   ARM Code      56  drv_tiempo.o(i.callback_wrapper_interno)
    i.comprobar_acierto                      0x00000b6c   Section        0  guitar_hero.o(i.comprobar_acierto)
    i.drv_botones_actualizar                 0x00000bb8   Section        0  drv_botones.o(i.drv_botones_actualizar)
    i.drv_botones_encontrar_indice           0x00000d64   Section        0  drv_botones.o(i.drv_botones_encontrar_indice)
    drv_botones_encontrar_indice             0x00000d64   ARM Code      56  drv_botones.o(i.drv_botones_encontrar_indice)
    i.drv_botones_iniciar                    0x00000da0   Section        0  drv_botones.o(i.drv_botones_iniciar)
    i.drv_consumo_dormir                     0x00000e54   Section        0  drv_consumo.o(i.drv_consumo_dormir)
    i.drv_consumo_esperar                    0x00000e7c   Section        0  drv_consumo.o(i.drv_consumo_esperar)
    i.drv_consumo_iniciar                    0x00000ea8   Section        0  drv_consumo.o(i.drv_consumo_iniciar)
    i.drv_led_establecer                     0x00000ecc   Section        0  drv_leds.o(i.drv_led_establecer)
    i.drv_leds_iniciar                       0x00000f20   Section        0  drv_leds.o(i.drv_leds_iniciar)
    i.drv_monitor_desmarcar                  0x00000f80   Section        0  drv_monitor.o(i.drv_monitor_desmarcar)
    i.drv_monitor_iniciar                    0x00000fd0   Section        0  drv_monitor.o(i.drv_monitor_iniciar)
    i.drv_monitor_marcar                     0x0000102c   Section        0  drv_monitor.o(i.drv_monitor_marcar)
    i.drv_sc_disable                         0x0000107c   Section        0  drv_sc.o(i.drv_sc_disable)
    i.drv_sc_enable                          0x000010b0   Section        0  drv_sc.o(i.drv_sc_enable)
    i.drv_tiempo_actual_us                   0x0000110c   Section        0  drv_tiempo.o(i.drv_tiempo_actual_us)
    i.drv_tiempo_iniciar                     0x0000113c   Section        0  drv_tiempo.o(i.drv_tiempo_iniciar)
    i.drv_tiempo_periodico_ms                0x00001170   Section        0  drv_tiempo.o(i.drv_tiempo_periodico_ms)
    i.drv_uart_init                          0x000011cc   Section        0  drv_uart.o(i.drv_uart_init)
    i.drv_uart_putchar                       0x000011e4   Section        0  drv_uart.o(i.drv_uart_putchar)
    i.drv_uart_putint                        0x000011fc   Section        0  drv_uart.o(i.drv_uart_putint)
    i.drv_uart_puts                          0x000012a4   Section        0  drv_uart.o(i.drv_uart_puts)
    i.drv_wdt_feed                           0x000012cc   Section        0  drv_wdt.o(i.drv_wdt_feed)
    i.drv_wdt_iniciar                        0x000012e4   Section        0  drv_wdt.o(i.drv_wdt_iniciar)
    i.estadisticas_guitar_hero               0x00001304   Section        0  guitar_hero.o(i.estadisticas_guitar_hero)
    i.evento_guitar_hero                     0x00001474   Section        0  guitar_hero.o(i.evento_guitar_hero)
    i.fin_partida_guitar_hero                0x00001614   Section        0  guitar_hero.o(i.fin_partida_guitar_hero)
    i.guitar_hero                            0x000016cc   Section        0  guitar_hero.o(i.guitar_hero)
    i.hal_consumo_dormir                     0x00001794   Section        0  hal_consumo_lpc.o(i.hal_consumo_dormir)
    i.hal_consumo_esperar                    0x000017c4   Section        0  hal_consumo_lpc.o(i.hal_consumo_esperar)
    i.hal_consumo_iniciar                    0x000017e8   Section        0  hal_consumo_lpc.o(i.hal_consumo_iniciar)
    i.hal_ext_int_clear                      0x000017fc   Section        0  hal_ext_int_lpc.o(i.hal_ext_int_clear)
    i.hal_ext_int_clear_flag                 0x00001810   Section        0  hal_ext_int_lpc.o(i.hal_ext_int_clear_flag)
    i.hal_ext_int_deshabilitar_int           0x00001848   Section        0  hal_ext_int_lpc.o(i.hal_ext_int_deshabilitar_int)
    i.hal_ext_int_habilitar_despertar        0x00001880   Section        0  hal_ext_int_lpc.o(i.hal_ext_int_habilitar_despertar)
    i.hal_ext_int_habilitar_int              0x000018c0   Section        0  hal_ext_int_lpc.o(i.hal_ext_int_habilitar_int)
    i.hal_ext_int_iniciar                    0x000018f8   Section        0  hal_ext_int_lpc.o(i.hal_ext_int_iniciar)
    i.hal_gpio_escribir                      0x000019b4   Section        0  hal_gpio_lpc.o(i.hal_gpio_escribir)
    i.hal_gpio_iniciar                       0x000019e4   Section        0  hal_gpio_lpc.o(i.hal_gpio_iniciar)
    i.hal_gpio_leer                          0x000019f8   Section        0  hal_gpio_lpc.o(i.hal_gpio_leer)
    i.hal_gpio_sentido                       0x00001a2c   Section        0  hal_gpio_lpc.o(i.hal_gpio_sentido)
    i.hal_iniciar_T0                         0x00001a78   Section        0  hal_tiempo_lpc.o(i.hal_iniciar_T0)
    i.hal_sc_disable                         0x00001a94   Section        0  hal_sc_lpc.o(i.hal_sc_disable)
    i.hal_sc_restaurar                       0x00001aa8   Section        0  hal_sc_lpc.o(i.hal_sc_restaurar)
    i.hal_tiempo_actual_tick64               0x00001ab8   Section        0  hal_tiempo_lpc.o(i.hal_tiempo_actual_tick64)
    i.hal_tiempo_iniciar_tick                0x00001b24   Section        0  hal_tiempo_lpc.o(i.hal_tiempo_iniciar_tick)
    i.hal_tiempo_periodico_config_tick       0x00001bc0   Section        0  hal_tiempo_lpc.o(i.hal_tiempo_periodico_config_tick)
    i.hal_tiempo_periodico_enable            0x00001c10   Section        0  hal_tiempo_lpc.o(i.hal_tiempo_periodico_enable)
    i.hal_tiempo_periodico_set_callback      0x00001c64   Section        0  hal_tiempo_lpc.o(i.hal_tiempo_periodico_set_callback)
    i.hal_tiempo_reloj_periodico_tick        0x00001c74   Section        0  hal_tiempo_lpc.o(i.hal_tiempo_reloj_periodico_tick)
    i.hal_uart_init                          0x00001cc0   Section        0  hal_uart_lpc.o(i.hal_uart_init)
    i.hal_uart_putchar                       0x00001d2c   Section        0  hal_uart_lpc.o(i.hal_uart_putchar)
    i.hal_wdt_feed                           0x00001d54   Section        0  hal_wdt_lpc.o(i.hal_wdt_feed)
    i.hal_wdt_iniciar                        0x00001d6c   Section        0  hal_wdt_lpc.o(i.hal_wdt_iniciar)
    i.hw_level_from_state                    0x00001d9c   Section        0  drv_monitor.o(i.hw_level_from_state)
    hw_level_from_state                      0x00001d9c   ARM Code      28  drv_monitor.o(i.hw_level_from_state)
    i.hw_level_from_status                   0x00001db8   Section        0  drv_leds.o(i.hw_level_from_status)
    hw_level_from_status                     0x00001db8   ARM Code      28  drv_leds.o(i.hw_level_from_status)
    i.led_id_valido                          0x00001dd4   Section        0  drv_leds.o(i.led_id_valido)
    led_id_valido                            0x00001dd4   ARM Code      36  drv_leds.o(i.led_id_valido)
    i.main                                   0x00001df8   Section        0  main.o(i.main)
    i.main_secuencias_gh                     0x00001e38   Section        0  guitar_hero.o(i.main_secuencias_gh)
    i.manejador_interrupcion_botones_fin     0x00001eb8   Section        0  guitar_hero.o(i.manejador_interrupcion_botones_fin)
    i.manejador_interrupcion_botones_gh      0x00001ecc   Section        0  guitar_hero.o(i.manejador_interrupcion_botones_gh)
    i.manejador_interrupcion_botones_juego   0x00001f18   Section        0  guitar_hero.o(i.manejador_interrupcion_botones_juego)
    i.modificar_puntuacion                   0x00001fd4   Section        0  guitar_hero.o(i.modificar_puntuacion)
    i.monitor_id_valido                      0x000020f8   Section        0  drv_monitor.o(i.monitor_id_valido)
    monitor_id_valido                        0x000020f8   ARM Code      36  drv_monitor.o(i.monitor_id_valido)
    i.obtener_notas                          0x0000211c   Section        0  guitar_hero.o(i.obtener_notas)
    i.partida_guitar_hero                    0x00002150   Section        0  guitar_hero.o(i.partida_guitar_hero)
    i.pin_a_eint                             0x00002168   Section        0  hal_ext_int_lpc.o(i.pin_a_eint)
    pin_a_eint                               0x00002168   ARM Code      72  hal_ext_int_lpc.o(i.pin_a_eint)
    i.pin_to_eint                            0x000021b0   Section        0  hal_ext_int_lpc.o(i.pin_to_eint)
    i.pin_to_gpio                            0x00002214   Section        0  hal_ext_int_lpc.o(i.pin_to_gpio)
    i.rt_FIFO_encolar                        0x00002278   Section        0  rt_fifo.o(i.rt_FIFO_encolar)
    i.rt_FIFO_extraer                        0x00002344   Section        0  rt_fifo.o(i.rt_FIFO_extraer)
    i.rt_FIFO_inicializar                    0x000023d0   Section        0  rt_fifo.o(i.rt_FIFO_inicializar)
    i.rt_GE_actualizar                       0x00002454   Section        0  rt_ge.o(i.rt_GE_actualizar)
    i.rt_GE_iniciar                          0x0000255c   Section        0  rt_ge.o(i.rt_GE_iniciar)
    i.rt_GE_lanzador                         0x00002610   Section        0  rt_ge.o(i.rt_GE_lanzador)
    i.sec_fin_gh                             0x0000270c   Section        0  guitar_hero.o(i.sec_fin_gh)
    i.sec_inicio_gh                          0x00002788   Section        0  guitar_hero.o(i.sec_inicio_gh)
    i.svc_GE_cancelar                        0x00002898   Section        0  rt_ge.o(i.svc_GE_cancelar)
    i.svc_GE_suscribir                       0x00002978   Section        0  rt_ge.o(i.svc_GE_suscribir)
    i.svc_alarma_activar                     0x00002a70   Section        0  svc_alarma.o(i.svc_alarma_activar)
    i.svc_alarma_actualizar                  0x00002c2c   Section        0  svc_alarma.o(i.svc_alarma_actualizar)
    i.svc_alarma_codificar                   0x00002d2c   Section        0  svc_alarma.o(i.svc_alarma_codificar)
    i.svc_alarma_iniciar                     0x00002d4c   Section        0  svc_alarma.o(i.svc_alarma_iniciar)
    i.vic_channel                            0x00002dc8   Section        0  hal_ext_int_lpc.o(i.vic_channel)
    vic_channel                              0x00002dc8   ARM Code      72  hal_ext_int_lpc.o(i.vic_channel)
    .constdata                               0x00002e10   Section       12  drv_leds.o(.constdata)
    s_led_list                               0x00002e10   Data          12  drv_leds.o(.constdata)
    .constdata                               0x00002e1c   Section       16  drv_monitor.o(.constdata)
    s_monitor_list                           0x00002e1c   Data          16  drv_monitor.o(.constdata)
    .constdata                               0x00002e2c   Section       12  drv_botones.o(.constdata)
    lista_botones                            0x00002e2c   Data          12  drv_botones.o(.constdata)
    .data                                    0x40000000   Section        8  drv_tiempo.o(.data)
    s_callback_usuario                       0x40000000   Data           4  drv_tiempo.o(.data)
    s_ID_evento_guardado                     0x40000004   Data           4  drv_tiempo.o(.data)
    .data                                    0x40000008   Section        4  drv_consumo.o(.data)
    .data                                    0x4000000c   Section        8  rt_ge.o(.data)
    monitor_overflow                         0x4000000c   Data           4  rt_ge.o(.data)
    contador_inactividad                     0x40000010   Data           4  rt_ge.o(.data)
    .data                                    0x40000014   Section        8  svc_alarma.o(.data)
    monitor_overflow                         0x40000014   Data           4  svc_alarma.o(.data)
    f_cb                                     0x40000018   Data           4  svc_alarma.o(.data)
    .data                                    0x4000001c   Section        5  drv_sc.o(.data)
    anid_sc                                  0x4000001c   Data           4  drv_sc.o(.data)
    restaurar                                0x40000020   Data           1  drv_sc.o(.data)
    .data                                    0x40000024   Section       96  guitar_hero.o(.data)
    leds                                     0x40000024   Data           4  guitar_hero.o(.data)
    periodo_leds                             0x40000028   Data           4  guitar_hero.o(.data)
    led_1_encendido                          0x4000002c   Data           4  guitar_hero.o(.data)
    led_2_encendido                          0x40000030   Data           4  guitar_hero.o(.data)
    notas_restantes                          0x40000034   Data           4  guitar_hero.o(.data)
    margen_pulsar                            0x40000038   Data           4  guitar_hero.o(.data)
    en_partida                               0x4000003c   Data           4  guitar_hero.o(.data)
    num_partidas                             0x40000040   Data           4  guitar_hero.o(.data)
    puntos_acierto                           0x40000044   Data           4  guitar_hero.o(.data)
    puntos_fallo                             0x40000048   Data           4  guitar_hero.o(.data)
    puntuacion                               0x4000004c   Data           4  guitar_hero.o(.data)
    aciertos                                 0x40000050   Data           4  guitar_hero.o(.data)
    fallos                                   0x40000054   Data           4  guitar_hero.o(.data)
    puntuacion_total                         0x40000058   Data           4  guitar_hero.o(.data)
    racha                                    0x4000005c   Data           4  guitar_hero.o(.data)
    partitura                                0x40000060   Data          30  guitar_hero.o(.data)
    palpitaciones                            0x40000080   Data           4  guitar_hero.o(.data)
    .data                                    0x40000084   Section        8  hal_tiempo_lpc.o(.data)
    s_overflows_t1                           0x40000084   Data           4  hal_tiempo_lpc.o(.data)
    s_cb                                     0x40000088   Data           4  hal_tiempo_lpc.o(.data)
    .data                                    0x4000008c   Section        4  hal_ext_int_lpc.o(.data)
    f_cb                                     0x4000008c   Data           4  hal_ext_int_lpc.o(.data)
    .bss                                     0x40000090   Section       12  drv_tiempo.o(.bss)
    info                                     0x40000090   Data          12  drv_tiempo.o(.bss)
    .bss                                     0x400000a0   Section     2112  rt_fifo.o(.bss)
    fifo                                     0x400000a0   Data        2056  rt_fifo.o(.bss)
    estadisticas                             0x400008a8   Data          56  rt_fifo.o(.bss)
    .bss                                     0x400008e0   Section       24  drv_botones.o(.bss)
    botones                                  0x400008e0   Data          24  drv_botones.o(.bss)
    .bss                                     0x400008f8   Section      336  rt_ge.o(.bss)
    tabla_suscripciones                      0x400008f8   Data         336  rt_ge.o(.bss)
    .bss                                     0x40000a48   Section      800  svc_alarma.o(.bss)
    alarmas                                  0x40000a48   Data         800  svc_alarma.o(.bss)
    .bss                                     0x40000d68   Section       12  hal_tiempo_lpc.o(.bss)
    s_info                                   0x40000d68   Data          12  hal_tiempo_lpc.o(.bss)
    .bss                                     0x40000d74   Section       96  libspace.o(.bss)
    HEAP                                     0x40000dd8   Section        0  startup.o(HEAP)
    STACK                                    0x40000dd8   Section     2176  startup.o(STACK)
    Heap_Mem                                 0x40000dd8   Data           0  startup.o(HEAP)
    Stack_Mem                                0x40000dd8   Data        1024  startup.o(STACK)
    Stack_Top                                0x40001658   Data           0  startup.o(STACK)

    Global Symbols

    Symbol Name                              Value     Ov Type        Size  Object(Section)

    BuildAttributes$$THM_ISAv1$ARM_ISAv4$S$PE$A:L22$X:L11$S22$IEEE1$IW$USESV6$~STKCKD$USESV7$~SHL$OSPACE$ROPI$EBA8$UX$STANDARDLIB$REQ8$PRES8$EABIv2 0x00000000   Number         0  anon$$obj.o ABSOLUTE
    __ARM_use_no_argv                        0x00000000   Number         0  main.o ABSOLUTE
    __ARM_exceptions_init                     - Undefined Weak Reference
    __alloca_initialize                       - Undefined Weak Reference
    __arm_preinit_                            - Undefined Weak Reference
    __cpp_initialize__aeabi_                  - Undefined Weak Reference
    __cxa_finalize                            - Undefined Weak Reference
    __rt_locale                               - Undefined Weak Reference
    __sigvec_lookup                           - Undefined Weak Reference
    _atexit_init                              - Undefined Weak Reference
    _call_atexit_fns                          - Undefined Weak Reference
    _clock_init                               - Undefined Weak Reference
    _fp_trap_init                             - Undefined Weak Reference
    _fp_trap_shutdown                         - Undefined Weak Reference
    _get_lc_collate                           - Undefined Weak Reference
    _get_lc_ctype                             - Undefined Weak Reference
    _get_lc_monetary                          - Undefined Weak Reference
    _get_lc_numeric                           - Undefined Weak Reference
    _get_lc_time                              - Undefined Weak Reference
    _getenv_init                              - Undefined Weak Reference
    _handle_redirection                       - Undefined Weak Reference
    _init_alloc                               - Undefined Weak Reference
    _init_user_alloc                          - Undefined Weak Reference
    _initio                                   - Undefined Weak Reference
    _printf_mbtowc                            - Undefined Weak Reference
    _printf_post_padding                      - Undefined Weak Reference
    _printf_pre_padding                       - Undefined Weak Reference
    _printf_truncate_signed                   - Undefined Weak Reference
    _printf_truncate_unsigned                 - Undefined Weak Reference
    _signal_finish                            - Undefined Weak Reference
    _signal_init                              - Undefined Weak Reference
    _terminate_alloc                          - Undefined Weak Reference
    _terminate_user_alloc                     - Undefined Weak Reference
    _terminateio                              - Undefined Weak Reference
    Reset_Handler                            0x00000058   ARM Code       0  startup.o(RESET)
    __main                                   0x00000110   ARM Code       8  __main.o(!!!main)
    __scatterload                            0x00000118   ARM Code       0  __scatter.o(!!!scatter)
    __scatterload_rt2                        0x00000118   ARM Code      52  __scatter.o(!!!scatter)
    __scatterload_null                       0x0000012c   ARM Code       0  __scatter.o(!!!scatter)
    __scatterload_copy                       0x00000154   ARM Code      40  __scatter_copy.o(!!handler_copy)
    __scatterload_zeroinit                   0x0000017c   ARM Code      44  __scatter_zi.o(!!handler_zi)
    Inline Thumb to ARM Veneer to _printf_percent 0x000001a9   Thumb Code     4  _printf_percent.o(.ARM.Collect$$_printf_percent$$00000000)
    _printf_d                                0x000001ac   ARM Code       0  _printf_d.o(.ARM.Collect$$_printf_percent$$00000009)
    _printf_percent                          0x000001ac   ARM Code       0  _printf_percent.o(.ARM.Collect$$_printf_percent$$00000000)
    _printf_percent_end                      0x000001b4   ARM Code       0  _printf_percent_end.o(.ARM.Collect$$_printf_percent$$00000017)
    Inline ARM to Thumb Veneer to __rt_lib_init 0x000001bc   ARM Code       8  libinit.o(.ARM.Collect$$libinit$$00000000)
    __rt_lib_init                            0x000001c5   Thumb Code     0  libinit.o(.ARM.Collect$$libinit$$00000000)
    __rt_lib_init_alloca_1                   0x000001c7   Thumb Code     0  libinit2.o(.ARM.Collect$$libinit$$0000002E)
    __rt_lib_init_argv_1                     0x000001c7   Thumb Code     0  libinit2.o(.ARM.Collect$$libinit$$0000002C)
    __rt_lib_init_atexit_1                   0x000001c7   Thumb Code     0  libinit2.o(.ARM.Collect$$libinit$$0000001B)
    __rt_lib_init_clock_1                    0x000001c7   Thumb Code     0  libinit2.o(.ARM.Collect$$libinit$$00000021)
    __rt_lib_init_cpp_1                      0x000001c7   Thumb Code     0  libinit2.o(.ARM.Collect$$libinit$$00000032)
    __rt_lib_init_exceptions_1               0x000001c7   Thumb Code     0  libinit2.o(.ARM.Collect$$libinit$$00000030)
    __rt_lib_init_fp_1                       0x000001c7   Thumb Code     0  libinit2.o(.ARM.Collect$$libinit$$00000002)
    __rt_lib_init_fp_trap_1                  0x000001c7   Thumb Code     0  libinit2.o(.ARM.Collect$$libinit$$0000001F)
    __rt_lib_init_getenv_1                   0x000001c7   Thumb Code     0  libinit2.o(.ARM.Collect$$libinit$$00000023)
    __rt_lib_init_heap_1                     0x000001c7   Thumb Code     0  libinit2.o(.ARM.Collect$$libinit$$0000000A)
    __rt_lib_init_lc_collate_1               0x000001c7   Thumb Code     0  libinit2.o(.ARM.Collect$$libinit$$00000011)
    __rt_lib_init_lc_ctype_1                 0x000001c7   Thumb Code     0  libinit2.o(.ARM.Collect$$libinit$$00000013)
    __rt_lib_init_lc_monetary_1              0x000001c7   Thumb Code     0  libinit2.o(.ARM.Collect$$libinit$$00000015)
    __rt_lib_init_lc_numeric_1               0x000001c7   Thumb Code     0  libinit2.o(.ARM.Collect$$libinit$$00000017)
    __rt_lib_init_lc_time_1                  0x000001c7   Thumb Code     0  libinit2.o(.ARM.Collect$$libinit$$00000019)
    __rt_lib_init_preinit_1                  0x000001c7   Thumb Code     0  libinit2.o(.ARM.Collect$$libinit$$00000004)
    __rt_lib_init_rand_1                     0x000001c7   Thumb Code     0  libinit2.o(.ARM.Collect$$libinit$$0000000E)
    __rt_lib_init_return                     0x000001c7   Thumb Code     0  libinit2.o(.ARM.Collect$$libinit$$00000033)
    __rt_lib_init_signal_1                   0x000001c7   Thumb Code     0  libinit2.o(.ARM.Collect$$libinit$$0000001D)
    __rt_lib_init_stdio_1                    0x000001c7   Thumb Code     0  libinit2.o(.ARM.Collect$$libinit$$00000025)
    __rt_lib_init_user_alloc_1               0x000001c7   Thumb Code     0  libinit2.o(.ARM.Collect$$libinit$$0000000C)
    Inline ARM to Thumb Veneer to __rt_lib_shutdown 0x000001d4   ARM Code       8  libshutdown.o(.ARM.Collect$$libshutdown$$00000000)
    __rt_lib_shutdown                        0x000001dd   Thumb Code     0  libshutdown.o(.ARM.Collect$$libshutdown$$00000000)
    __rt_lib_shutdown_cpp_1                  0x000001e1   Thumb Code     0  libshutdown2.o(.ARM.Collect$$libshutdown$$00000002)
    __rt_lib_shutdown_fp_trap_1              0x000001e1   Thumb Code     0  libshutdown2.o(.ARM.Collect$$libshutdown$$00000007)
    __rt_lib_shutdown_heap_1                 0x000001e1   Thumb Code     0  libshutdown2.o(.ARM.Collect$$libshutdown$$0000000F)
    __rt_lib_shutdown_return                 0x000001e1   Thumb Code     0  libshutdown2.o(.ARM.Collect$$libshutdown$$00000010)
    __rt_lib_shutdown_signal_1               0x000001e1   Thumb Code     0  libshutdown2.o(.ARM.Collect$$libshutdown$$0000000A)
    __rt_lib_shutdown_stdio_1                0x000001e1   Thumb Code     0  libshutdown2.o(.ARM.Collect$$libshutdown$$00000004)
    __rt_lib_shutdown_user_alloc_1           0x000001e1   Thumb Code     0  libshutdown2.o(.ARM.Collect$$libshutdown$$0000000C)
    __rt_entry                               0x000001e8   ARM Code       0  __rtentry.o(.ARM.Collect$$rtentry$$00000000)
    __rt_entry_presh_1                       0x000001e8   ARM Code       0  __rtentry2.o(.ARM.Collect$$rtentry$$00000002)
    __rt_entry_sh                            0x000001e8   ARM Code       0  __rtentry4.o(.ARM.Collect$$rtentry$$00000004)
    __rt_entry_li                            0x000001f0   ARM Code       0  __rtentry2.o(.ARM.Collect$$rtentry$$0000000A)
    __rt_entry_postsh_1                      0x000001f0   ARM Code       0  __rtentry2.o(.ARM.Collect$$rtentry$$00000009)
    __rt_entry_main                          0x000001f4   ARM Code       0  __rtentry2.o(.ARM.Collect$$rtentry$$0000000D)
    __rt_entry_postli_1                      0x000001f4   ARM Code       0  __rtentry2.o(.ARM.Collect$$rtentry$$0000000C)
    Inline Thumb to ARM Veneer to __rt_exit  0x0000021d   Thumb Code     4  rtexit.o(.ARM.Collect$$rtexit$$00000000)
    __rt_exit                                0x00000220   ARM Code       0  rtexit.o(.ARM.Collect$$rtexit$$00000000)
    __rt_exit_ls                             0x00000224   ARM Code       0  rtexit2.o(.ARM.Collect$$rtexit$$00000003)
    __rt_exit_prels_1                        0x00000224   ARM Code       0  rtexit2.o(.ARM.Collect$$rtexit$$00000002)
    __rt_exit_exit                           0x00000228   ARM Code       0  rtexit2.o(.ARM.Collect$$rtexit$$00000004)
    __user_initial_stackheap                 0x00000230   ARM Code       0  startup.o(.text)
    switch_to_PLL                            0x00000244   ARM Code       0  startup.o(.text)
    __aeabi_uldivmod                         0x00000298   ARM Code       0  lludiv.o(.text)
    _ll_udiv                                 0x00000298   ARM Code     720  lludiv.o(.text)
    _ll_udiv_donemoving                      0x000002ac   ARM Code       0  lludiv.o(.text)
    Inline ARM to Thumb Veneer to __2sprintf 0x00000568   ARM Code       8  noretval__2sprintf.o(.text)
    __2sprintf                               0x00000571   Thumb Code    36  noretval__2sprintf.o(.text)
    __printf                                 0x00000599   Thumb Code   118  __printf.o(.text)
    Inline ARM to Thumb Veneer to _printf_int_dec 0x00000610   ARM Code       8  _printf_dec.o(.text)
    _printf_int_dec                          0x00000619   Thumb Code    94  _printf_dec.o(.text)
    __aeabi_idiv                             0x00000688   ARM Code       0  aeabi_sdiv.o(.text)
    __aeabi_idivmod                          0x00000688   ARM Code     384  aeabi_sdiv.o(.text)
    __use_two_region_memory                  0x00000809   Thumb Code     2  heapauxi.o(.text)
    __rt_heap_escrow$2region                 0x0000080b   Thumb Code     2  heapauxi.o(.text)
    __rt_heap_expand$2region                 0x0000080d   Thumb Code     2  heapauxi.o(.text)
    _printf_int_common                       0x0000080f   Thumb Code   186  _printf_intcommon.o(.text)
    _printf_char_common                      0x000008d3   Thumb Code    34  _printf_char_common.o(.text)
    _sputc                                   0x000008f9   Thumb Code    10  _sputc.o(.text)
    Inline Thumb to ARM Veneer to __rt_udiv10 0x00000905   Thumb Code     4  rtudiv10.o(.text)
    __rt_udiv10                              0x00000908   ARM Code      44  rtudiv10.o(.text)
    __user_setup_stackheap                   0x00000934   ARM Code      96  sys_stackheap_outer.o(.text)
    exit                                     0x00000995   Thumb Code    20  exit.o(.text)
    __user_libspace                          0x000009a8   ARM Code      12  libspace.o(.text)
    __user_perproc_libspace                  0x000009a8   ARM Code       0  libspace.o(.text)
    __user_perthread_libspace                0x000009a8   ARM Code       0  libspace.o(.text)
    Inline ARM to Thumb Veneer to _sys_exit  0x000009b4   ARM Code       8  sys_exit.o(.text)
    _sys_exit                                0x000009bd   Thumb Code     8  sys_exit.o(.text)
    __I$use$semihosting                      0x000009c8   ARM Code       0  use_no_semi.o(.text)
    __use_no_semihosting_swi                 0x000009c8   ARM Code       4  use_no_semi.o(.text)
    __aeabi_uidiv                            0x000009cc   ARM Code       0  aeabi_sdiv.o(.text_udiv)
    __aeabi_uidivmod                         0x000009cc   ARM Code      36  aeabi_sdiv.o(.text_udiv)
    __semihosting_library_function           0x000009cc   ARM Code       0  indicate_semi.o(.text)
    EINT_Handler                             0x000009f0   ARM Code     172  hal_ext_int_lpc.o(i.EINT_Handler)
    T0_ISR                                   0x00000aa4   ARM Code      64  hal_tiempo_lpc.o(i.T0_ISR)
    T1_ISR                                   0x00000aec   ARM Code      52  hal_tiempo_lpc.o(i.T1_ISR)
    __ARM_common_call_via_r1                 0x00000b29   Thumb Code     2  __printf.o(i.__ARM_common_call_via_r1)
    __ARM_common_call_via_r2                 0x00000b2b   Thumb Code     2  __printf.o(i.__ARM_common_call_via_r2)
    comprobar_acierto                        0x00000b6c   ARM Code      68  guitar_hero.o(i.comprobar_acierto)
    drv_botones_actualizar                   0x00000bb8   ARM Code     384  drv_botones.o(i.drv_botones_actualizar)
    drv_botones_iniciar                      0x00000da0   ARM Code     164  drv_botones.o(i.drv_botones_iniciar)
    drv_consumo_dormir                       0x00000e54   ARM Code      36  drv_consumo.o(i.drv_consumo_dormir)
    drv_consumo_esperar                      0x00000e7c   ARM Code      40  drv_consumo.o(i.drv_consumo_esperar)
    drv_consumo_iniciar                      0x00000ea8   ARM Code      32  drv_consumo.o(i.drv_consumo_iniciar)
    drv_led_establecer                       0x00000ecc   ARM Code      80  drv_leds.o(i.drv_led_establecer)
    drv_leds_iniciar                         0x00000f20   ARM Code      92  drv_leds.o(i.drv_leds_iniciar)
    drv_monitor_desmarcar                    0x00000f80   ARM Code      76  drv_monitor.o(i.drv_monitor_desmarcar)
    drv_monitor_iniciar                      0x00000fd0   ARM Code      88  drv_monitor.o(i.drv_monitor_iniciar)
    drv_monitor_marcar                       0x0000102c   ARM Code      76  drv_monitor.o(i.drv_monitor_marcar)
    drv_sc_disable                           0x0000107c   ARM Code      44  drv_sc.o(i.drv_sc_disable)
    drv_sc_enable                            0x000010b0   ARM Code      84  drv_sc.o(i.drv_sc_enable)
    drv_tiempo_actual_us                     0x0000110c   ARM Code      44  drv_tiempo.o(i.drv_tiempo_actual_us)
    drv_tiempo_iniciar                       0x0000113c   ARM Code      48  drv_tiempo.o(i.drv_tiempo_iniciar)
    drv_tiempo_periodico_ms                  0x00001170   ARM Code      76  drv_tiempo.o(i.drv_tiempo_periodico_ms)
    drv_uart_init                            0x000011cc   ARM Code      24  drv_uart.o(i.drv_uart_init)
    drv_uart_putchar                         0x000011e4   ARM Code      24  drv_uart.o(i.drv_uart_putchar)
    drv_uart_putint                          0x000011fc   ARM Code     168  drv_uart.o(i.drv_uart_putint)
    drv_uart_puts                            0x000012a4   ARM Code      40  drv_uart.o(i.drv_uart_puts)
    drv_wdt_feed                             0x000012cc   ARM Code      24  drv_wdt.o(i.drv_wdt_feed)
    drv_wdt_iniciar                          0x000012e4   ARM Code      32  drv_wdt.o(i.drv_wdt_iniciar)
    estadisticas_guitar_hero                 0x00001304   ARM Code     152  guitar_hero.o(i.estadisticas_guitar_hero)
    evento_guitar_hero                       0x00001474   ARM Code     396  guitar_hero.o(i.evento_guitar_hero)
    fin_partida_guitar_hero                  0x00001614   ARM Code     160  guitar_hero.o(i.fin_partida_guitar_hero)
    guitar_hero                              0x000016cc   ARM Code     168  guitar_hero.o(i.guitar_hero)
    hal_consumo_dormir                       0x00001794   ARM Code      44  hal_consumo_lpc.o(i.hal_consumo_dormir)
    hal_consumo_esperar                      0x000017c4   ARM Code      32  hal_consumo_lpc.o(i.hal_consumo_esperar)
    hal_consumo_iniciar                      0x000017e8   ARM Code      16  hal_consumo_lpc.o(i.hal_consumo_iniciar)
    hal_ext_int_clear                        0x000017fc   ARM Code      16  hal_ext_int_lpc.o(i.hal_ext_int_clear)
    hal_ext_int_clear_flag                   0x00001810   ARM Code      52  hal_ext_int_lpc.o(i.hal_ext_int_clear_flag)
    hal_ext_int_deshabilitar_int             0x00001848   ARM Code      56  hal_ext_int_lpc.o(i.hal_ext_int_deshabilitar_int)
    hal_ext_int_habilitar_despertar          0x00001880   ARM Code      60  hal_ext_int_lpc.o(i.hal_ext_int_habilitar_despertar)
    hal_ext_int_habilitar_int                0x000018c0   ARM Code      56  hal_ext_int_lpc.o(i.hal_ext_int_habilitar_int)
    hal_ext_int_iniciar                      0x000018f8   ARM Code     176  hal_ext_int_lpc.o(i.hal_ext_int_iniciar)
    hal_gpio_escribir                        0x000019b4   ARM Code      44  hal_gpio_lpc.o(i.hal_gpio_escribir)
    hal_gpio_iniciar                         0x000019e4   ARM Code      16  hal_gpio_lpc.o(i.hal_gpio_iniciar)
    hal_gpio_leer                            0x000019f8   ARM Code      48  hal_gpio_lpc.o(i.hal_gpio_leer)
    hal_gpio_sentido                         0x00001a2c   ARM Code      72  hal_gpio_lpc.o(i.hal_gpio_sentido)
    hal_iniciar_T0                           0x00001a78   ARM Code      28  hal_tiempo_lpc.o(i.hal_iniciar_T0)
    hal_sc_disable                           0x00001a94   ARM Code      20  hal_sc_lpc.o(i.hal_sc_disable)
    hal_sc_restaurar                         0x00001aa8   ARM Code      16  hal_sc_lpc.o(i.hal_sc_restaurar)
    hal_tiempo_actual_tick64                 0x00001ab8   ARM Code     100  hal_tiempo_lpc.o(i.hal_tiempo_actual_tick64)
    hal_tiempo_iniciar_tick                  0x00001b24   ARM Code     140  hal_tiempo_lpc.o(i.hal_tiempo_iniciar_tick)
    hal_tiempo_periodico_config_tick         0x00001bc0   ARM Code      72  hal_tiempo_lpc.o(i.hal_tiempo_periodico_config_tick)
    hal_tiempo_periodico_enable              0x00001c10   ARM Code      80  hal_tiempo_lpc.o(i.hal_tiempo_periodico_enable)
    hal_tiempo_periodico_set_callback        0x00001c64   ARM Code      12  hal_tiempo_lpc.o(i.hal_tiempo_periodico_set_callback)
    hal_tiempo_reloj_periodico_tick          0x00001c74   ARM Code      76  hal_tiempo_lpc.o(i.hal_tiempo_reloj_periodico_tick)
    hal_uart_init                            0x00001cc0   ARM Code      96  hal_uart_lpc.o(i.hal_uart_init)
    hal_uart_putchar                         0x00001d2c   ARM Code      36  hal_uart_lpc.o(i.hal_uart_putchar)
    hal_wdt_feed                             0x00001d54   ARM Code      24  hal_wdt_lpc.o(i.hal_wdt_feed)
    hal_wdt_iniciar                          0x00001d6c   ARM Code      44  hal_wdt_lpc.o(i.hal_wdt_iniciar)
    main                                     0x00001df8   ARM Code      64  main.o(i.main)
    main_secuencias_gh                       0x00001e38   ARM Code     116  guitar_hero.o(i.main_secuencias_gh)
    manejador_interrupcion_botones_fin       0x00001eb8   ARM Code      20  guitar_hero.o(i.manejador_interrupcion_botones_fin)
    manejador_interrupcion_botones_gh        0x00001ecc   ARM Code      72  guitar_hero.o(i.manejador_interrupcion_botones_gh)
    manejador_interrupcion_botones_juego     0x00001f18   ARM Code     148  guitar_hero.o(i.manejador_interrupcion_botones_juego)
    modificar_puntuacion                     0x00001fd4   ARM Code     268  guitar_hero.o(i.modificar_puntuacion)
    obtener_notas                            0x0000211c   ARM Code      44  guitar_hero.o(i.obtener_notas)
    partida_guitar_hero                      0x00002150   ARM Code      24  guitar_hero.o(i.partida_guitar_hero)
    pin_to_eint                              0x000021b0   ARM Code      96  hal_ext_int_lpc.o(i.pin_to_eint)
    pin_to_gpio                              0x00002214   ARM Code      96  hal_ext_int_lpc.o(i.pin_to_gpio)
    rt_FIFO_encolar                          0x00002278   ARM Code     196  rt_fifo.o(i.rt_FIFO_encolar)
    rt_FIFO_extraer                          0x00002344   ARM Code     136  rt_fifo.o(i.rt_FIFO_extraer)
    rt_FIFO_inicializar                      0x000023d0   ARM Code     124  rt_fifo.o(i.rt_FIFO_inicializar)
    rt_GE_actualizar                         0x00002454   ARM Code     216  rt_ge.o(i.rt_GE_actualizar)
    rt_GE_iniciar                            0x0000255c   ARM Code     160  rt_ge.o(i.rt_GE_iniciar)
    rt_GE_lanzador                           0x00002610   ARM Code     236  rt_ge.o(i.rt_GE_lanzador)
    sec_fin_gh                               0x0000270c   ARM Code     120  guitar_hero.o(i.sec_fin_gh)
    sec_inicio_gh                            0x00002788   ARM Code     252  guitar_hero.o(i.sec_inicio_gh)
    svc_GE_cancelar                          0x00002898   ARM Code     220  rt_ge.o(i.svc_GE_cancelar)
    svc_GE_suscribir                         0x00002978   ARM Code     240  rt_ge.o(i.svc_GE_suscribir)
    svc_alarma_activar                       0x00002a70   ARM Code     396  svc_alarma.o(i.svc_alarma_activar)
    svc_alarma_actualizar                    0x00002c2c   ARM Code     248  svc_alarma.o(i.svc_alarma_actualizar)
    svc_alarma_codificar                     0x00002d2c   ARM Code      32  svc_alarma.o(i.svc_alarma_codificar)
    svc_alarma_iniciar                       0x00002d4c   ARM Code     108  svc_alarma.o(i.svc_alarma_iniciar)
    Region$$Table$$Base                      0x00002e38   Number         0  anon$$obj.o(Region$$Table)
    Region$$Table$$Limit                     0x00002e58   Number         0  anon$$obj.o(Region$$Table)
    monitor_id                               0x40000008   Data           4  drv_consumo.o(.data)
    __libspace_start                         0x40000d74   Data          96  libspace.o(.bss)
    __temporary_stack_top$libspace           0x40000dd4   Data           0  libspace.o(.bss)



==============================================================================

Memory Map of the image

  Image Entry point : 0x00000110

  Load Region LR_IROM1 (Base: 0x00000000, Size: 0x00002ee8, Max: 0x00020000, ABSOLUTE)

    Execution Region ER_IROM1 (Exec base: 0x00000000, Load base: 0x00000000, Size: 0x00002e58, Max: 0x00020000, ABSOLUTE)

    Exec Addr    Load Addr    Size         Type   Attr      Idx    E Section Name        Object

    0x00000000   0x00000000   0x00000110   Code   RO         1021    RESET               startup.o
    0x00000110   0x00000110   0x00000008   Code   RO         1094  * !!!main             c_t.l(__main.o)
    0x00000118   0x00000118   0x0000003c   Code   RO         1282    !!!scatter          c_t.l(__scatter.o)
    0x00000154   0x00000154   0x00000028   Code   RO         1284    !!handler_copy      c_t.l(__scatter_copy.o)
    0x0000017c   0x0000017c   0x0000002c   Code   RO         1286    !!handler_zi        c_t.l(__scatter_zi.o)
    0x000001a8   0x000001a8   0x00000004   Ven    RO         1068    .ARM.Collect$$_printf_percent$$00000000  c_t.l(_printf_percent.o)
    0x000001ac   0x000001ac   0x00000000   Code   RO         1068    .ARM.Collect$$_printf_percent$$00000000  c_t.l(_printf_percent.o)
    0x000001ac   0x000001ac   0x00000008   Code   RO         1067    .ARM.Collect$$_printf_percent$$00000009  c_t.l(_printf_d.o)
    0x000001b4   0x000001b4   0x00000008   Code   RO         1113    .ARM.Collect$$_printf_percent$$00000017  c_t.l(_printf_percent_end.o)
    0x000001bc   0x000001bc   0x00000008   Ven    RO         1205    .ARM.Collect$$libinit$$00000000  c_t.l(libinit.o)
    0x000001c4   0x000001c4   0x00000002   Code   RO         1205    .ARM.Collect$$libinit$$00000000  c_t.l(libinit.o)
    0x000001c6   0x000001c6   0x00000000   Code   RO         1117    .ARM.Collect$$libinit$$00000002  c_t.l(libinit2.o)
    0x000001c6   0x000001c6   0x00000000   Code   RO         1119    .ARM.Collect$$libinit$$00000004  c_t.l(libinit2.o)
    0x000001c6   0x000001c6   0x00000000   Code   RO         1122    .ARM.Collect$$libinit$$0000000A  c_t.l(libinit2.o)
    0x000001c6   0x000001c6   0x00000000   Code   RO         1124    .ARM.Collect$$libinit$$0000000C  c_t.l(libinit2.o)
    0x000001c6   0x000001c6   0x00000000   Code   RO         1126    .ARM.Collect$$libinit$$0000000E  c_t.l(libinit2.o)
    0x000001c6   0x000001c6   0x00000000   Code   RO         1129    .ARM.Collect$$libinit$$00000011  c_t.l(libinit2.o)
    0x000001c6   0x000001c6   0x00000000   Code   RO         1131    .ARM.Collect$$libinit$$00000013  c_t.l(libinit2.o)
    0x000001c6   0x000001c6   0x00000000   Code   RO         1133    .ARM.Collect$$libinit$$00000015  c_t.l(libinit2.o)
    0x000001c6   0x000001c6   0x00000000   Code   RO         1135    .ARM.Collect$$libinit$$00000017  c_t.l(libinit2.o)
    0x000001c6   0x000001c6   0x00000000   Code   RO         1137    .ARM.Collect$$libinit$$00000019  c_t.l(libinit2.o)
    0x000001c6   0x000001c6   0x00000000   Code   RO         1139    .ARM.Collect$$libinit$$0000001B  c_t.l(libinit2.o)
    0x000001c6   0x000001c6   0x00000000   Code   RO         1141    .ARM.Collect$$libinit$$0000001D  c_t.l(libinit2.o)
    0x000001c6   0x000001c6   0x00000000   Code   RO         1143    .ARM.Collect$$libinit$$0000001F  c_t.l(libinit2.o)
    0x000001c6   0x000001c6   0x00000000   Code   RO         1145    .ARM.Collect$$libinit$$00000021  c_t.l(libinit2.o)
    0x000001c6   0x000001c6   0x00000000   Code   RO         1147    .ARM.Collect$$libinit$$00000023  c_t.l(libinit2.o)
    0x000001c6   0x000001c6   0x00000000   Code   RO         1149    .ARM.Collect$$libinit$$00000025  c_t.l(libinit2.o)
    0x000001c6   0x000001c6   0x00000000   Code   RO         1153    .ARM.Collect$$libinit$$0000002C  c_t.l(libinit2.o)
    0x000001c6   0x000001c6   0x00000000   Code   RO         1155    .ARM.Collect$$libinit$$0000002E  c_t.l(libinit2.o)
    0x000001c6   0x000001c6   0x00000000   Code   RO         1157    .ARM.Collect$$libinit$$00000030  c_t.l(libinit2.o)
    0x000001c6   0x000001c6   0x00000000   Code   RO         1159    .ARM.Collect$$libinit$$00000032  c_t.l(libinit2.o)
    0x000001c6   0x000001c6   0x0000000c   Code   RO         1160    .ARM.Collect$$libinit$$00000033  c_t.l(libinit2.o)
    0x000001d2   0x000001d2   0x00000002   PAD
    0x000001d4   0x000001d4   0x00000008   Ven    RO         1249    .ARM.Collect$$libshutdown$$00000000  c_t.l(libshutdown.o)
    0x000001dc   0x000001dc   0x00000004   Code   RO         1249    .ARM.Collect$$libshutdown$$00000000  c_t.l(libshutdown.o)
    0x000001e0   0x000001e0   0x00000000   Code   RO         1265    .ARM.Collect$$libshutdown$$00000002  c_t.l(libshutdown2.o)
    0x000001e0   0x000001e0   0x00000000   Code   RO         1267    .ARM.Collect$$libshutdown$$00000004  c_t.l(libshutdown2.o)
    0x000001e0   0x000001e0   0x00000000   Code   RO         1270    .ARM.Collect$$libshutdown$$00000007  c_t.l(libshutdown2.o)
    0x000001e0   0x000001e0   0x00000000   Code   RO         1273    .ARM.Collect$$libshutdown$$0000000A  c_t.l(libshutdown2.o)
    0x000001e0   0x000001e0   0x00000000   Code   RO         1275    .ARM.Collect$$libshutdown$$0000000C  c_t.l(libshutdown2.o)
    0x000001e0   0x000001e0   0x00000000   Code   RO         1278    .ARM.Collect$$libshutdown$$0000000F  c_t.l(libshutdown2.o)
    0x000001e0   0x000001e0   0x00000006   Code   RO         1279    .ARM.Collect$$libshutdown$$00000010  c_t.l(libshutdown2.o)
    0x000001e6   0x000001e6   0x00000002   PAD
    0x000001e8   0x000001e8   0x00000000   Code   RO         1096    .ARM.Collect$$rtentry$$00000000  c_t.l(__rtentry.o)
    0x000001e8   0x000001e8   0x00000000   Code   RO         1162    .ARM.Collect$$rtentry$$00000002  c_t.l(__rtentry2.o)
    0x000001e8   0x000001e8   0x00000008   Code   RO         1174    .ARM.Collect$$rtentry$$00000004  c_t.l(__rtentry4.o)
    0x000001f0   0x000001f0   0x00000000   Code   RO         1164    .ARM.Collect$$rtentry$$00000009  c_t.l(__rtentry2.o)
    0x000001f0   0x000001f0   0x00000004   Code   RO         1165    .ARM.Collect$$rtentry$$0000000A  c_t.l(__rtentry2.o)
    0x000001f4   0x000001f4   0x00000000   Code   RO         1167    .ARM.Collect$$rtentry$$0000000C  c_t.l(__rtentry2.o)
    0x000001f4   0x000001f4   0x00000028   Code   RO         1168    .ARM.Collect$$rtentry$$0000000D  c_t.l(__rtentry2.o)
    0x0000021c   0x0000021c   0x00000004   Ven    RO         1211    .ARM.Collect$$rtexit$$00000000  c_t.l(rtexit.o)
    0x00000220   0x00000220   0x00000004   Code   RO         1211    .ARM.Collect$$rtexit$$00000000  c_t.l(rtexit.o)
    0x00000224   0x00000224   0x00000000   Code   RO         1231    .ARM.Collect$$rtexit$$00000002  c_t.l(rtexit2.o)
    0x00000224   0x00000224   0x00000004   Code   RO         1232    .ARM.Collect$$rtexit$$00000003  c_t.l(rtexit2.o)
    0x00000228   0x00000228   0x00000008   Code   RO         1233    .ARM.Collect$$rtexit$$00000004  c_t.l(rtexit2.o)
    0x00000230   0x00000230   0x00000068   Code   RO         1022    .text               startup.o
    0x00000298   0x00000298   0x000002d0   Code   RO         1030    .text               c_t.l(lludiv.o)
    0x00000568   0x00000568   0x00000008   Ven    RO         1034    .text               c_t.l(noretval__2sprintf.o)
    0x00000570   0x00000570   0x00000028   Code   RO         1034    .text               c_t.l(noretval__2sprintf.o)
    0x00000598   0x00000598   0x00000076   Code   RO         1036    .text               c_t.l(__printf.o)
    0x0000060e   0x0000060e   0x00000002   PAD
    0x00000610   0x00000610   0x00000008   Ven    RO         1044    .text               c_t.l(_printf_dec.o)
    0x00000618   0x00000618   0x00000070   Code   RO         1044    .text               c_t.l(_printf_dec.o)
    0x00000688   0x00000688   0x00000180   Code   RO         1076    .text               c_t.l(aeabi_sdiv.o)
    0x00000808   0x00000808   0x00000006   Code   RO         1092    .text               c_t.l(heapauxi.o)
    0x0000080e   0x0000080e   0x000000ba   Code   RO         1105    .text               c_t.l(_printf_intcommon.o)
    0x000008c8   0x000008c8   0x00000030   Code   RO         1107    .text               c_t.l(_printf_char_common.o)
    0x000008f8   0x000008f8   0x0000000a   Code   RO         1109    .text               c_t.l(_sputc.o)
    0x00000902   0x00000902   0x00000002   PAD
    0x00000904   0x00000904   0x00000004   Ven    RO         1114    .text               c_t.l(rtudiv10.o)
    0x00000908   0x00000908   0x0000002c   Code   RO         1114    .text               c_t.l(rtudiv10.o)
    0x00000934   0x00000934   0x00000060   Code   RO         1188    .text               c_t.l(sys_stackheap_outer.o)
    0x00000994   0x00000994   0x00000014   Code   RO         1190    .text               c_t.l(exit.o)
    0x000009a8   0x000009a8   0x0000000c   Code   RO         1208    .text               c_t.l(libspace.o)
    0x000009b4   0x000009b4   0x00000008   Ven    RO         1225    .text               c_t.l(sys_exit.o)
    0x000009bc   0x000009bc   0x0000000c   Code   RO         1225    .text               c_t.l(sys_exit.o)
    0x000009c8   0x000009c8   0x00000004   Code   RO         1227    .text               c_t.l(use_no_semi.o)
    0x000009cc   0x000009cc   0x00000000   Code   RO         1229    .text               c_t.l(indicate_semi.o)
    0x000009cc   0x000009cc   0x00000024   Code   RO         1077    .text_udiv          c_t.l(aeabi_sdiv.o)
    0x000009f0   0x000009f0   0x000000b4   Code   RO          830    i.EINT_Handler      hal_ext_int_lpc.o
    0x00000aa4   0x00000aa4   0x00000048   Code   RO          737    i.T0_ISR            hal_tiempo_lpc.o
    0x00000aec   0x00000aec   0x0000003c   Code   RO          738    i.T1_ISR            hal_tiempo_lpc.o
    0x00000b28   0x00000b28   0x00000002   Code   RO         1040    i.__ARM_common_call_via_r1  c_t.l(__printf.o)
    0x00000b2a   0x00000b2a   0x00000002   Code   RO         1038    i.__ARM_common_call_via_r2  c_t.l(__printf.o)
    0x00000b2c   0x00000b2c   0x00000040   Code   RO          214    i.callback_wrapper_interno  drv_tiempo.o
    0x00000b6c   0x00000b6c   0x0000004c   Code   RO          563    i.comprobar_acierto  guitar_hero.o
    0x00000bb8   0x00000bb8   0x000001ac   Code   RO          372    i.drv_botones_actualizar  drv_botones.o
    0x00000d64   0x00000d64   0x0000003c   Code   RO          373    i.drv_botones_encontrar_indice  drv_botones.o
    0x00000da0   0x00000da0   0x000000b4   Code   RO          374    i.drv_botones_iniciar  drv_botones.o
    0x00000e54   0x00000e54   0x00000028   Code   RO          267    i.drv_consumo_dormir  drv_consumo.o
    0x00000e7c   0x00000e7c   0x0000002c   Code   RO          268    i.drv_consumo_esperar  drv_consumo.o
    0x00000ea8   0x00000ea8   0x00000024   Code   RO          269    i.drv_consumo_iniciar  drv_consumo.o
    0x00000ecc   0x00000ecc   0x00000054   Code   RO          170    i.drv_led_establecer  drv_leds.o
    0x00000f20   0x00000f20   0x00000060   Code   RO          172    i.drv_leds_iniciar  drv_leds.o
    0x00000f80   0x00000f80   0x00000050   Code   RO          300    i.drv_monitor_desmarcar  drv_monitor.o
    0x00000fd0   0x00000fd0   0x0000005c   Code   RO          301    i.drv_monitor_iniciar  drv_monitor.o
    0x0000102c   0x0000102c   0x00000050   Code   RO          302    i.drv_monitor_marcar  drv_monitor.o
    0x0000107c   0x0000107c   0x00000034   Code   RO          519    i.drv_sc_disable    drv_sc.o
    0x000010b0   0x000010b0   0x0000005c   Code   RO          520    i.drv_sc_enable     drv_sc.o
    0x0000110c   0x0000110c   0x00000030   Code   RO          216    i.drv_tiempo_actual_us  drv_tiempo.o
    0x0000113c   0x0000113c   0x00000034   Code   RO          219    i.drv_tiempo_iniciar  drv_tiempo.o
    0x00001170   0x00001170   0x0000005c   Code   RO          220    i.drv_tiempo_periodico_ms  drv_tiempo.o
    0x000011cc   0x000011cc   0x00000018   Code   RO          661    i.drv_uart_init     drv_uart.o
    0x000011e4   0x000011e4   0x00000018   Code   RO          662    i.drv_uart_putchar  drv_uart.o
    0x000011fc   0x000011fc   0x000000a8   Code   RO          663    i.drv_uart_putint   drv_uart.o
    0x000012a4   0x000012a4   0x00000028   Code   RO          664    i.drv_uart_puts     drv_uart.o
    0x000012cc   0x000012cc   0x00000018   Code   RO          542    i.drv_wdt_feed      drv_wdt.o
    0x000012e4   0x000012e4   0x00000020   Code   RO          543    i.drv_wdt_iniciar   drv_wdt.o
    0x00001304   0x00001304   0x00000170   Code   RO          564    i.estadisticas_guitar_hero  guitar_hero.o
    0x00001474   0x00001474   0x000001a0   Code   RO          565    i.evento_guitar_hero  guitar_hero.o
    0x00001614   0x00001614   0x000000b8   Code   RO          566    i.fin_partida_guitar_hero  guitar_hero.o
    0x000016cc   0x000016cc   0x000000c8   Code   RO          567    i.guitar_hero       guitar_hero.o
    0x00001794   0x00001794   0x00000030   Code   RO          803    i.hal_consumo_dormir  hal_consumo_lpc.o
    0x000017c4   0x000017c4   0x00000024   Code   RO          804    i.hal_consumo_esperar  hal_consumo_lpc.o
    0x000017e8   0x000017e8   0x00000014   Code   RO          805    i.hal_consumo_iniciar  hal_consumo_lpc.o
    0x000017fc   0x000017fc   0x00000014   Code   RO          831    i.hal_ext_int_clear  hal_ext_int_lpc.o
    0x00001810   0x00001810   0x00000038   Code   RO          832    i.hal_ext_int_clear_flag  hal_ext_int_lpc.o
    0x00001848   0x00001848   0x00000038   Code   RO          834    i.hal_ext_int_deshabilitar_int  hal_ext_int_lpc.o
    0x00001880   0x00001880   0x00000040   Code   RO          835    i.hal_ext_int_habilitar_despertar  hal_ext_int_lpc.o
    0x000018c0   0x000018c0   0x00000038   Code   RO          836    i.hal_ext_int_habilitar_int  hal_ext_int_lpc.o
    0x000018f8   0x000018f8   0x000000bc   Code   RO          837    i.hal_ext_int_iniciar  hal_ext_int_lpc.o
    0x000019b4   0x000019b4   0x00000030   Code   RO          704    i.hal_gpio_escribir  hal_gpio_lpc.o
    0x000019e4   0x000019e4   0x00000014   Code   RO          705    i.hal_gpio_iniciar  hal_gpio_lpc.o
    0x000019f8   0x000019f8   0x00000034   Code   RO          706    i.hal_gpio_leer     hal_gpio_lpc.o
    0x00001a2c   0x00001a2c   0x0000004c   Code   RO          707    i.hal_gpio_sentido  hal_gpio_lpc.o
    0x00001a78   0x00001a78   0x0000001c   Code   RO          739    i.hal_iniciar_T0    hal_tiempo_lpc.o
    0x00001a94   0x00001a94   0x00000014   Code   RO          920    i.hal_sc_disable    hal_sc_lpc.o
    0x00001aa8   0x00001aa8   0x00000010   Code   RO          921    i.hal_sc_restaurar  hal_sc_lpc.o
    0x00001ab8   0x00001ab8   0x0000006c   Code   RO          740    i.hal_tiempo_actual_tick64  hal_tiempo_lpc.o
    0x00001b24   0x00001b24   0x0000009c   Code   RO          741    i.hal_tiempo_iniciar_tick  hal_tiempo_lpc.o
    0x00001bc0   0x00001bc0   0x00000050   Code   RO          742    i.hal_tiempo_periodico_config_tick  hal_tiempo_lpc.o
    0x00001c10   0x00001c10   0x00000054   Code   RO          743    i.hal_tiempo_periodico_enable  hal_tiempo_lpc.o
    0x00001c64   0x00001c64   0x00000010   Code   RO          744    i.hal_tiempo_periodico_set_callback  hal_tiempo_lpc.o
    0x00001c74   0x00001c74   0x0000004c   Code   RO          745    i.hal_tiempo_reloj_periodico_tick  hal_tiempo_lpc.o
    0x00001cc0   0x00001cc0   0x0000006c   Code   RO          988    i.hal_uart_init     hal_uart_lpc.o
    0x00001d2c   0x00001d2c   0x00000028   Code   RO          989    i.hal_uart_putchar  hal_uart_lpc.o
    0x00001d54   0x00001d54   0x00000018   Code   RO          941    i.hal_wdt_feed      hal_wdt_lpc.o
    0x00001d6c   0x00001d6c   0x00000030   Code   RO          942    i.hal_wdt_iniciar   hal_wdt_lpc.o
    0x00001d9c   0x00001d9c   0x0000001c   Code   RO          303    i.hw_level_from_state  drv_monitor.o
    0x00001db8   0x00001db8   0x0000001c   Code   RO          173    i.hw_level_from_status  drv_leds.o
    0x00001dd4   0x00001dd4   0x00000024   Code   RO          174    i.led_id_valido     drv_leds.o
    0x00001df8   0x00001df8   0x00000040   Code   RO           10    i.main              main.o
    0x00001e38   0x00001e38   0x00000080   Code   RO          568    i.main_secuencias_gh  guitar_hero.o
    0x00001eb8   0x00001eb8   0x00000014   Code   RO          569    i.manejador_interrupcion_botones_fin  guitar_hero.o
    0x00001ecc   0x00001ecc   0x0000004c   Code   RO          570    i.manejador_interrupcion_botones_gh  guitar_hero.o
    0x00001f18   0x00001f18   0x000000bc   Code   RO          571    i.manejador_interrupcion_botones_juego  guitar_hero.o
    0x00001fd4   0x00001fd4   0x00000124   Code   RO          572    i.modificar_puntuacion  guitar_hero.o
    0x000020f8   0x000020f8   0x00000024   Code   RO          304    i.monitor_id_valido  drv_monitor.o
    0x0000211c   0x0000211c   0x00000034   Code   RO          573    i.obtener_notas     guitar_hero.o
    0x00002150   0x00002150   0x00000018   Code   RO          574    i.partida_guitar_hero  guitar_hero.o
    0x00002168   0x00002168   0x00000048   Code   RO          839    i.pin_a_eint        hal_ext_int_lpc.o
    0x000021b0   0x000021b0   0x00000064   Code   RO          840    i.pin_to_eint       hal_ext_int_lpc.o
    0x00002214   0x00002214   0x00000064   Code   RO          841    i.pin_to_gpio       hal_ext_int_lpc.o
    0x00002278   0x00002278   0x000000cc   Code   RO          336    i.rt_FIFO_encolar   rt_fifo.o
    0x00002344   0x00002344   0x0000008c   Code   RO          338    i.rt_FIFO_extraer   rt_fifo.o
    0x000023d0   0x000023d0   0x00000084   Code   RO          339    i.rt_FIFO_inicializar  rt_fifo.o
    0x00002454   0x00002454   0x00000108   Code   RO          398    i.rt_GE_actualizar  rt_ge.o
    0x0000255c   0x0000255c   0x000000b4   Code   RO          399    i.rt_GE_iniciar     rt_ge.o
    0x00002610   0x00002610   0x000000fc   Code   RO          400    i.rt_GE_lanzador    rt_ge.o
    0x0000270c   0x0000270c   0x0000007c   Code   RO          575    i.sec_fin_gh        guitar_hero.o
    0x00002788   0x00002788   0x00000110   Code   RO          576    i.sec_inicio_gh     guitar_hero.o
    0x00002898   0x00002898   0x000000e0   Code   RO          401    i.svc_GE_cancelar   rt_ge.o
    0x00002978   0x00002978   0x000000f8   Code   RO          402    i.svc_GE_suscribir  rt_ge.o
    0x00002a70   0x00002a70   0x000001bc   Code   RO          440    i.svc_alarma_activar  svc_alarma.o
    0x00002c2c   0x00002c2c   0x00000100   Code   RO          441    i.svc_alarma_actualizar  svc_alarma.o
    0x00002d2c   0x00002d2c   0x00000020   Code   RO          442    i.svc_alarma_codificar  svc_alarma.o
    0x00002d4c   0x00002d4c   0x0000007c   Code   RO          443    i.svc_alarma_iniciar  svc_alarma.o
    0x00002dc8   0x00002dc8   0x00000048   Code   RO          842    i.vic_channel       hal_ext_int_lpc.o
    0x00002e10   0x00002e10   0x0000000c   Data   RO          175    .constdata          drv_leds.o
    0x00002e1c   0x00002e1c   0x00000010   Data   RO          305    .constdata          drv_monitor.o
    0x00002e2c   0x00002e2c   0x0000000c   Data   RO          376    .constdata          drv_botones.o
    0x00002e38   0x00002e38   0x00000020   Data   RO         1280    Region$$Table       anon$$obj.o


    Execution Region RW_IRAM1 (Exec base: 0x40000000, Load base: 0x00002e58, Size: 0x00001658, Max: 0x00008000, ABSOLUTE)

    Exec Addr    Load Addr    Size         Type   Attr      Idx    E Section Name        Object

    0x40000000   0x00002e58   0x00000008   Data   RW          222    .data               drv_tiempo.o
    0x40000008   0x00002e60   0x00000004   Data   RW          270    .data               drv_consumo.o
    0x4000000c   0x00002e64   0x00000008   Data   RW          404    .data               rt_ge.o
    0x40000014   0x00002e6c   0x00000008   Data   RW          445    .data               svc_alarma.o
    0x4000001c   0x00002e74   0x00000005   Data   RW          521    .data               drv_sc.o
    0x40000021   0x00002e79   0x00000003   PAD
    0x40000024   0x00002e7c   0x00000060   Data   RW          577    .data               guitar_hero.o
    0x40000084   0x00002edc   0x00000008   Data   RW          747    .data               hal_tiempo_lpc.o
    0x4000008c   0x00002ee4   0x00000004   Data   RW          843    .data               hal_ext_int_lpc.o
    0x40000090        -       0x0000000c   Zero   RW          221    .bss                drv_tiempo.o
    0x4000009c   0x00002ee8   0x00000004   PAD
    0x400000a0        -       0x00000840   Zero   RW          340    .bss                rt_fifo.o
    0x400008e0        -       0x00000018   Zero   RW          375    .bss                drv_botones.o
    0x400008f8        -       0x00000150   Zero   RW          403    .bss                rt_ge.o
    0x40000a48        -       0x00000320   Zero   RW          444    .bss                svc_alarma.o
    0x40000d68        -       0x0000000c   Zero   RW          746    .bss                hal_tiempo_lpc.o
    0x40000d74        -       0x00000060   Zero   RW         1209    .bss                c_t.l(libspace.o)
    0x40000dd4   0x00002ee8   0x00000004   PAD
    0x40000dd8        -       0x00000000   Zero   RW         1020    HEAP                startup.o
    0x40000dd8        -       0x00000880   Zero   RW         1019    STACK               startup.o


==============================================================================

Image component sizes


      Code (inc. data)   RO Data    RW Data    ZI Data      Debug   Object Name

       668         64         12          0         24       2767   drv_botones.o
       120         12          0          4          0       1602   drv_consumo.o
       244          8         12          0          0       2832   drv_leds.o
       316         12         16          0          0       3279   drv_monitor.o
       144         16          0          5          0       1057   drv_sc.o
       256         32          0          8         12       3186   drv_tiempo.o
       256          0          0          0          0       2169   drv_uart.o
        56          0          0          0          0        909   drv_wdt.o
      2420        412          0         96          0       9987   guitar_hero.o
       104         12          0          0          0       1301   hal_consumo_lpc.o
       964         40          0          4          0       6539   hal_ext_int_lpc.o
       196         16          0          0          0       2434   hal_gpio_lpc.o
        36          0          0          0          0        824   hal_sc_lpc.o
       680         56          0          8         12       5923   hal_tiempo_lpc.o
       148         16          0          0          0       1023   hal_uart_lpc.o
        72          4          0          0          0        897   hal_wdt_lpc.o
        64          0          0          0          0       9991   main.o
       476         20          0          0       2112       2870   rt_fifo.o
      1168         96          0          8        336       4977   rt_ge.o
       376         64          0          0       2176        580   startup.o
       856         72          0          8        800       3881   svc_alarma.o

    ----------------------------------------------------------------------
      9620        952         72        144       5476      69028   Object Totals
         0          0         32          0          0          0   (incl. Generated)
         0          0          0          3          4          0   (incl. Padding)

    ----------------------------------------------------------------------

      Code (inc. data)   RO Data    RW Data    ZI Data      Debug   Library Member Name

         8          0          0          0          0         68   __main.o
       122          0          0          0          0        208   __printf.o
         0          0          0          0          0          0   __rtentry.o
        44          4          0          0          0          0   __rtentry2.o
         8          0          0          0          0          0   __rtentry4.o
        60          8          0          0          0          0   __scatter.o
        40          0          0          0          0          0   __scatter_copy.o
        44          0          0          0          0          0   __scatter_zi.o
        48          4          0          0          0         96   _printf_char_common.o
         8          0          0          0          0          0   _printf_d.o
       120         18          0          0          0         88   _printf_dec.o
       186          0          0          0          0         96   _printf_intcommon.o
         4          0          0          0          0          0   _printf_percent.o
         8          0          0          0          0          0   _printf_percent_end.o
        10          0          0          0          0         60   _sputc.o
       420          0          0          0          0        148   aeabi_sdiv.o
        20          0          0          0          0         80   exit.o
         6          0          0          0          0        136   heapauxi.o
         0          0          0          0          0          0   indicate_semi.o
        10          0          0          0          0          0   libinit.o
        12          0          0          0          0          0   libinit2.o
        12          0          0          0          0          0   libshutdown.o
         6          0          0          0          0          0   libshutdown2.o
        12          4          0          0         96         68   libspace.o
       720         64          0          0          0        156   lludiv.o
        48          4          0          0          0         84   noretval__2sprintf.o
         8          0          0          0          0          0   rtexit.o
        12          0          0          0          0          0   rtexit2.o
        48          0          0          0          0         68   rtudiv10.o
        20          4          0          0          0         60   sys_exit.o
        96          0          0          0          0         80   sys_stackheap_outer.o
         4          0          0          0          0         68   use_no_semi.o

    ----------------------------------------------------------------------
      2172        110          0          0        100       1564   Library Totals
         8          0          0          0          4          0   (incl. Padding)

    ----------------------------------------------------------------------

      Code (inc. data)   RO Data    RW Data    ZI Data      Debug   Library Name

      2164        110          0          0         96       1564   c_t.l

    ----------------------------------------------------------------------
      2172        110          0          0        100       1564   Library Totals

    ----------------------------------------------------------------------

==============================================================================


      Code (inc. data)   RO Data    RW Data    ZI Data      Debug   

     11792       1062         72        144       5576      65728   Grand Totals
     11792       1062         72        144       5576      65728   ELF Image Totals
     11792       1062         72        144          0          0   ROM Totals

==============================================================================

    Total RO  Size (Code + RO Data)                11864 (  11.59kB)
    Total RW  Size (RW Data + ZI Data)              5720 (   5.59kB)
    Total ROM Size (Code + RO Data + RW Data)      12008 (  11.73kB)

==============================================================================

