<html>
<body>
<pre>
<h1>µVision Build Log</h1>
<h2>Tool Versions:</h2>
IDE-Version: µVision V5.26.2.0
Copyright (C) 2018 ARM Ltd and ARM Germany GmbH. All rights reserved.
License Information: Alex Asensio, Unizar, LIC=----
 
Tool Versions:
Toolchain:       MDK-Lite  Version: 5.26.2.0
Toolchain Path:  C:\Keil_v5\ARM\ARMCC\Bin
C Compiler:      Armcc.exe V5.06 update 6 (build 750)
Assembler:       Armasm.exe V5.06 update 6 (build 750)
Linker/Locator:  ArmLink.exe V5.06 update 6 (build 750)
Library Manager: ArmAr.exe V5.06 update 6 (build 750)
Hex Converter:   FromElf.exe V5.06 update 6 (build 750)
CPU DLL:         SARM.DLL V5.26.2.0
Dialog DLL:      DARMP.DLL V1.53.0.0
Target DLL:      UL2ARM.DLL V1.74.10.0
Dialog DLL:      TARMP.DLL V1.53.0.0
 
<h2>Project:</h2>
C:\Users\Alex\Desktop\4_1Cautri\HW_Guitar_Hero\lpc\keil\blink_lpc.uvproj
Project File Date:  11/22/2025

<h2>Output:</h2>
*** Using Compiler 'V5.06 update 6 (build 750)', folder: 'C:\Keil_v5\ARM\ARMCC\Bin'
Rebuild Project 'blink_lpc' - Target 'LPC'
compiling drv_tiempo.c...
compiling rt_fifo.c...
compiling drv_botones.c...
compiling drv_consumo.c...
compiling main.c...
compiling drv_monitor.c...
compiling drv_leds.c...
compiling svc_alarma.c...
compiling drv_sc.c...
compiling bit_counter_strike.c...
compiling rt_GE.c...
compiling drv_uart.c...
compiling drv_wdt.c...
compiling guitar_hero.c...
C:\Users\Alex\Desktop\4_1Cautri\HW_Guitar_Hero\src\guitar_hero.c(71): warning:  #167-D: argument of type "void (*)()" is incompatible with parameter of type "void (*)(EVENTO_T, uint32_t)"
  				svc_GE_cancelar(ev_SEC_INI_FIN, sec_inicio_gh);
C:\Users\Alex\Desktop\4_1Cautri\HW_Guitar_Hero\src\guitar_hero.c(100): warning:  #167-D: argument of type "void (*)()" is incompatible with parameter of type "void (*)(EVENTO_T, uint32_t)"
      if(modo == 0) svc_GE_suscribir(ev_SEC_INI_FIN, 0, sec_inicio_gh);
C:\Users\Alex\Desktop\4_1Cautri\HW_Guitar_Hero\src\guitar_hero.c(101): warning:  #167-D: argument of type "void (*)()" is incompatible with parameter of type "void (*)(EVENTO_T, uint32_t)"
      else if (modo == 1) svc_GE_suscribir(ev_SEC_INI_FIN, 0, sec_fin_gh);
..\..\src\guitar_hero.c: 3 warnings, 0 errors
compiling hal_gpio_lpc.c...
compiling hal_consumo_lpc.c...
compiling hal_tiempo_lpc.c...
compiling hal_sc_lpc.c...
compiling hal_ext_int_lpc.c...
compiling hal_wdt_lpc.c...
compiling hal_random_lpc.c...
assembling Startup.s...
compiling hal_uart_lpc.c...
linking...
Program Size: Code=11012 RO-data=72 RW-data=112 ZI-data=4824  
".\Objects\blink_lpc.axf" - 0 Error(s), 3 Warning(s).
Build Time Elapsed:  00:00:02
</pre>
</body>
</html>
