<html>
<body>
<pre>
<h1>µVision Build Log</h1>
<h2>Tool Versions:</h2>
IDE-Version: µVision V5.26.2.0
Copyright (C) 2018 ARM Ltd and ARM Germany GmbH. All rights reserved.
License Information: Alex Asensio, Unizar, LIC=----
 
Tool Versions:
Toolchain:       MDK-Lite  Version: 5.26.2.0
Toolchain Path:  C:\Keil_v5\ARM\ARMCC\Bin
C Compiler:      Armcc.exe V5.06 update 6 (build 750)
Assembler:       Armasm.exe V5.06 update 6 (build 750)
Linker/Locator:  ArmLink.exe V5.06 update 6 (build 750)
Library Manager: ArmAr.exe V5.06 update 6 (build 750)
Hex Converter:   FromElf.exe V5.06 update 6 (build 750)
CPU DLL:         SARM.DLL V5.26.2.0
Dialog DLL:      DARMP.DLL V1.53.0.0
Target DLL:      UL2ARM.DLL V1.74.10.0
Dialog DLL:      TARMP.DLL V1.53.0.0
 
<h2>Project:</h2>
C:\Users\alexa\Desktop\4_1Cuatri\HW_Guitar_Hero\lpc\keil\blink_lpc.uvproj
Project File Date:  12/06/2025

<h2>Output:</h2>
*** Using Compiler 'V5.06 update 6 (build 750)', folder: 'C:\Keil_v5\ARM\ARMCC\Bin'
Rebuild Project 'blink_lpc' - Target 'Debug_LPC'
compiling main.c...
compiling drv_botones.c...
compiling drv_monitor.c...
compiling drv_uart.c...
compiling drv_sc.c...
compiling drv_wdt.c...
compiling app_bit_counter_strike.c...
compiling drv_consumo.c...
compiling svc_random.c...
compiling drv_tiempo.c...
compiling drv_leds.c...
compiling svc_alarma.c...
compiling svc_estadisticas.c...
compiling app_guitar_hero.c...
C:\Users\alexa\Desktop\4_1Cuatri\HW_Guitar_Hero\src\app_guitar_hero.c(35): warning:  #550-D: variable "min"  was set but never used
  static int min = 1, max = 2;
C:\Users\alexa\Desktop\4_1Cuatri\HW_Guitar_Hero\src\app_guitar_hero.c(35): warning:  #550-D: variable "max"  was set but never used
  static int min = 1, max = 2;
..\..\src\app_guitar_hero.c: 2 warnings, 0 errors
compiling rt_fifo.c...
compiling rt_GE.c...
compiling hal_consumo_lpc.c...
compiling hal_random_lpc.c...
compiling hal_gpio_lpc.c...
compiling hal_ext_int_lpc.c...
compiling hal_sc_lpc.c...
compiling hal_tiempo_lpc.c...
compiling hal_uart_lpc.c...
compiling hal_wdt_lpc.c...
assembling Startup.s...
linking...
Program Size: Code=15872 RO-data=160 RW-data=112 ZI-data=4896  
".\Objects\blink_lpc.axf" - 0 Error(s), 2 Warning(s).
Build Time Elapsed:  00:00:01
</pre>
</body>
</html>
