Component: ARM Compiler 5.06 update 6 (build 750) Tool: armlink [4d35ed]

==============================================================================

Section Cross References

    main.o(i.blink_v1) refers to drv_leds.o(i.drv_led_establecer) for drv_led_establecer
    main.o(i.blink_v1) refers to drv_leds.o(i.drv_led_conmutar) for drv_led_conmutar
    main.o(i.blink_v2) refers to drv_leds.o(i.drv_led_establecer) for drv_led_establecer
    main.o(i.blink_v2) refers to drv_tiempo.o(i.drv_tiempo_actual_ms) for drv_tiempo_actual_ms
    main.o(i.blink_v2) refers to drv_tiempo.o(i.drv_tiempo_esperar_hasta_ms) for drv_tiempo_esperar_hasta_ms
    main.o(i.blink_v2) refers to drv_leds.o(i.drv_led_conmutar) for drv_led_conmutar
    main.o(i.blink_v3) refers to drv_consumo.o(i.drv_consumo_iniciar) for drv_consumo_iniciar
    main.o(i.blink_v3) refers to drv_leds.o(i.drv_led_establecer) for drv_led_establecer
    main.o(i.blink_v3) refers to drv_tiempo.o(i.drv_tiempo_periodico_ms) for drv_tiempo_periodico_ms
    main.o(i.blink_v3) refers to drv_consumo.o(i.drv_consumo_esperar) for drv_consumo_esperar
    main.o(i.blink_v3) refers to main.o(i.leds_c) for leds_c
    main.o(i.blink_v3_bis) refers to drv_monitor.o(i.drv_monitor_iniciar) for drv_monitor_iniciar
    main.o(i.blink_v3_bis) refers to drv_consumo.o(i.drv_consumo_iniciar) for drv_consumo_iniciar
    main.o(i.blink_v3_bis) refers to drv_botones.o(i.drv_botones_iniciar) for drv_botones_iniciar
    main.o(i.blink_v3_bis) refers to drv_tiempo.o(i.drv_tiempo_periodico_ms) for drv_tiempo_periodico_ms
    main.o(i.blink_v3_bis) refers to drv_consumo.o(i.drv_consumo_esperar) for drv_consumo_esperar
    main.o(i.blink_v3_bis) refers to drv_consumo.o(i.drv_consumo_dormir) for drv_consumo_dormir
    main.o(i.blink_v3_bis) refers to main.o(i.drv_boton_estado_actualizar) for drv_boton_estado_actualizar
    main.o(i.blink_v3_bis) refers to main.o(i.leds_c) for leds_c
    main.o(i.blink_v4) refers to drv_consumo.o(i.drv_consumo_iniciar) for drv_consumo_iniciar
    main.o(i.blink_v4) refers to drv_monitor.o(i.drv_monitor_iniciar) for drv_monitor_iniciar
    main.o(i.blink_v4) refers to rt_fifo.o(i.rt_FIFO_inicializar) for rt_FIFO_inicializar
    main.o(i.blink_v4) refers to drv_leds.o(i.drv_led_establecer) for drv_led_establecer
    main.o(i.blink_v4) refers to drv_tiempo.o(i.drv_tiempo_periodico_ms) for drv_tiempo_periodico_ms
    main.o(i.blink_v4) refers to rt_fifo.o(i.rt_FIFO_extraer) for rt_FIFO_extraer
    main.o(i.blink_v4) refers to drv_leds.o(i.drv_led_conmutar) for drv_led_conmutar
    main.o(i.blink_v4) refers to drv_consumo.o(i.drv_consumo_esperar) for drv_consumo_esperar
    main.o(i.blink_v4) refers to rt_fifo.o(i.rt_FIFO_encolar) for rt_FIFO_encolar
    main.o(i.boton_pulsado) refers to drv_leds.o(i.drv_led_conmutar) for drv_led_conmutar
    main.o(i.boton_pulsado) refers to drv_sc.o(i.drv_sc_disable) for drv_sc_disable
    main.o(i.boton_pulsado) refers to drv_botones.o(i.drv_botones_actualizar) for drv_botones_actualizar
    main.o(i.boton_pulsado) refers to drv_sc.o(i.drv_sc_enable) for drv_sc_enable
    main.o(i.leds_c) refers to drv_monitor.o(i.drv_monitor_desmarcar) for drv_monitor_desmarcar
    main.o(i.leds_c) refers to drv_leds.o(i.drv_led_conmutar) for drv_led_conmutar
    main.o(i.leds_c) refers to drv_monitor.o(i.drv_monitor_marcar) for drv_monitor_marcar
    main.o(i.main) refers to drv_tiempo.o(i.drv_tiempo_iniciar) for drv_tiempo_iniciar
    main.o(i.main) refers to hal_gpio_nrf.o(i.hal_gpio_iniciar) for hal_gpio_iniciar
    main.o(i.main) refers to drv_leds.o(i.drv_leds_iniciar) for drv_leds_iniciar
    main.o(i.main) refers to bit_counter_strike.o(i.bit_counter_strike) for bit_counter_strike
    main.o(i.test_botones) refers to drv_consumo.o(i.drv_consumo_iniciar) for drv_consumo_iniciar
    main.o(i.test_botones) refers to drv_monitor.o(i.drv_monitor_iniciar) for drv_monitor_iniciar
    main.o(i.test_botones) refers to rt_ge.o(i.rt_GE_iniciar) for rt_GE_iniciar
    main.o(i.test_botones) refers to rt_fifo.o(i.rt_FIFO_inicializar) for rt_FIFO_inicializar
    main.o(i.test_botones) refers to drv_botones.o(i.drv_botones_iniciar) for drv_botones_iniciar
    main.o(i.test_botones) refers to rt_ge.o(i.rt_GE_lanzador) for rt_GE_lanzador
    main.o(i.test_botones) refers to main.o(i.boton_pulsado) for boton_pulsado
    main.o(i.test_overflow) refers to drv_monitor.o(i.drv_monitor_iniciar) for drv_monitor_iniciar
    main.o(i.test_overflow) refers to rt_fifo.o(i.rt_FIFO_inicializar) for rt_FIFO_inicializar
    main.o(i.test_overflow) refers to rt_fifo.o(i.rt_FIFO_encolar) for rt_FIFO_encolar
    main.o(i.test_watchdog) refers to drv_wdt.o(i.drv_wdt_iniciar) for drv_wdt_iniciar
    main.o(i.test_watchdog) refers to rt_ge.o(i.rt_GE_iniciar) for rt_GE_iniciar
    main.o(i.test_watchdog) refers to drv_monitor.o(i.drv_monitor_iniciar) for drv_monitor_iniciar
    main.o(i.test_watchdog) refers to rt_fifo.o(i.rt_FIFO_inicializar) for rt_FIFO_inicializar
    main.o(i.test_watchdog) refers to rt_fifo.o(i.rt_FIFO_encolar) for rt_FIFO_encolar
    drv_leds.o(i.drv_led_conmutar) refers to hal_gpio_nrf.o(i.hal_gpio_leer) for hal_gpio_leer
    drv_leds.o(i.drv_led_conmutar) refers to hal_gpio_nrf.o(i.hal_gpio_escribir) for hal_gpio_escribir
    drv_leds.o(i.drv_led_conmutar) refers to drv_leds.o(.constdata) for .constdata
    drv_leds.o(i.drv_led_establecer) refers to hal_gpio_nrf.o(i.hal_gpio_escribir) for hal_gpio_escribir
    drv_leds.o(i.drv_led_establecer) refers to drv_leds.o(.constdata) for .constdata
    drv_leds.o(i.drv_led_estado) refers to hal_gpio_nrf.o(i.hal_gpio_leer) for hal_gpio_leer
    drv_leds.o(i.drv_led_estado) refers to drv_leds.o(.constdata) for .constdata
    drv_leds.o(i.drv_leds_iniciar) refers to hal_gpio_nrf.o(i.hal_gpio_sentido) for hal_gpio_sentido
    drv_leds.o(i.drv_leds_iniciar) refers to hal_gpio_nrf.o(i.hal_gpio_escribir) for hal_gpio_escribir
    drv_leds.o(i.drv_leds_iniciar) refers to drv_leds.o(.constdata) for .constdata
    drv_tiempo.o(i.callback_wrapper_interno) refers to drv_tiempo.o(.data) for .data
    drv_tiempo.o(i.drv_tiempo_actual_ms) refers to hal_tiempo_nrf.o(i.hal_tiempo_actual_tick64) for hal_tiempo_actual_tick64
    drv_tiempo.o(i.drv_tiempo_actual_ms) refers to uldiv.o(.text) for __aeabi_uldivmod
    drv_tiempo.o(i.drv_tiempo_actual_ms) refers to drv_tiempo.o(.bss) for .bss
    drv_tiempo.o(i.drv_tiempo_actual_us) refers to hal_tiempo_nrf.o(i.hal_tiempo_actual_tick64) for hal_tiempo_actual_tick64
    drv_tiempo.o(i.drv_tiempo_actual_us) refers to uldiv.o(.text) for __aeabi_uldivmod
    drv_tiempo.o(i.drv_tiempo_actual_us) refers to drv_tiempo.o(.bss) for .bss
    drv_tiempo.o(i.drv_tiempo_esperar_hasta_ms) refers to hal_tiempo_nrf.o(i.hal_tiempo_actual_tick64) for hal_tiempo_actual_tick64
    drv_tiempo.o(i.drv_tiempo_esperar_hasta_ms) refers to uldiv.o(.text) for __aeabi_uldivmod
    drv_tiempo.o(i.drv_tiempo_esperar_hasta_ms) refers to drv_tiempo.o(.bss) for .bss
    drv_tiempo.o(i.drv_tiempo_esperar_ms) refers to hal_tiempo_nrf.o(i.hal_tiempo_actual_tick64) for hal_tiempo_actual_tick64
    drv_tiempo.o(i.drv_tiempo_esperar_ms) refers to uldiv.o(.text) for __aeabi_uldivmod
    drv_tiempo.o(i.drv_tiempo_esperar_ms) refers to drv_tiempo.o(.bss) for .bss
    drv_tiempo.o(i.drv_tiempo_iniciar) refers to hal_tiempo_nrf.o(i.hal_tiempo_iniciar_tick) for hal_tiempo_iniciar_tick
    drv_tiempo.o(i.drv_tiempo_iniciar) refers to drv_tiempo.o(.bss) for .bss
    drv_tiempo.o(i.drv_tiempo_periodico_ms) refers to hal_tiempo_nrf.o(i.hal_iniciar_T0) for hal_iniciar_T0
    drv_tiempo.o(i.drv_tiempo_periodico_ms) refers to hal_tiempo_nrf.o(i.hal_tiempo_reloj_periodico_tick) for hal_tiempo_reloj_periodico_tick
    drv_tiempo.o(i.drv_tiempo_periodico_ms) refers to drv_tiempo.o(.data) for .data
    drv_tiempo.o(i.drv_tiempo_periodico_ms) refers to drv_tiempo.o(.bss) for .bss
    drv_tiempo.o(i.drv_tiempo_periodico_ms) refers to drv_tiempo.o(i.callback_wrapper_interno) for callback_wrapper_interno
    drv_consumo.o(i.drv_consumo_dormir) refers to hal_ext_int_nrf.o(i.hal_ext_int_clear) for hal_ext_int_clear
    drv_consumo.o(i.drv_consumo_dormir) refers to hal_consumo_nrf.o(i.hal_consumo_dormir) for hal_consumo_dormir
    drv_consumo.o(i.drv_consumo_dormir) refers to drv_monitor.o(i.drv_monitor_marcar) for drv_monitor_marcar
    drv_consumo.o(i.drv_consumo_dormir) refers to drv_consumo.o(.data) for .data
    drv_consumo.o(i.drv_consumo_esperar) refers to drv_monitor.o(i.drv_monitor_desmarcar) for drv_monitor_desmarcar
    drv_consumo.o(i.drv_consumo_esperar) refers to hal_consumo_nrf.o(i.hal_consumo_esperar) for hal_consumo_esperar
    drv_consumo.o(i.drv_consumo_esperar) refers to drv_monitor.o(i.drv_monitor_marcar) for drv_monitor_marcar
    drv_consumo.o(i.drv_consumo_esperar) refers to drv_consumo.o(.data) for .data
    drv_consumo.o(i.drv_consumo_iniciar) refers to hal_consumo_nrf.o(i.hal_consumo_iniciar) for hal_consumo_iniciar
    drv_consumo.o(i.drv_consumo_iniciar) refers to drv_monitor.o(i.drv_monitor_iniciar) for drv_monitor_iniciar
    drv_consumo.o(i.drv_consumo_iniciar) refers to drv_consumo.o(.data) for .data
    drv_monitor.o(i.drv_monitor_desmarcar) refers to hal_gpio_nrf.o(i.hal_gpio_escribir) for hal_gpio_escribir
    drv_monitor.o(i.drv_monitor_desmarcar) refers to drv_monitor.o(.constdata) for .constdata
    drv_monitor.o(i.drv_monitor_iniciar) refers to hal_gpio_nrf.o(i.hal_gpio_sentido) for hal_gpio_sentido
    drv_monitor.o(i.drv_monitor_iniciar) refers to hal_gpio_nrf.o(i.hal_gpio_escribir) for hal_gpio_escribir
    drv_monitor.o(i.drv_monitor_iniciar) refers to drv_monitor.o(.constdata) for .constdata
    drv_monitor.o(i.drv_monitor_marcar) refers to hal_gpio_nrf.o(i.hal_gpio_escribir) for hal_gpio_escribir
    drv_monitor.o(i.drv_monitor_marcar) refers to drv_monitor.o(.constdata) for .constdata
    rt_fifo.o(i.rt_FIFO_encolar) refers to drv_monitor.o(i.drv_monitor_marcar) for drv_monitor_marcar
    rt_fifo.o(i.rt_FIFO_encolar) refers to drv_leds.o(i.drv_led_establecer) for drv_led_establecer
    rt_fifo.o(i.rt_FIFO_encolar) refers to drv_tiempo.o(i.drv_tiempo_actual_us) for drv_tiempo_actual_us
    rt_fifo.o(i.rt_FIFO_encolar) refers to rt_fifo.o(.bss) for .bss
    rt_fifo.o(i.rt_FIFO_estadisticas) refers to rt_fifo.o(.bss) for .bss
    rt_fifo.o(i.rt_FIFO_extraer) refers to rt_fifo.o(.bss) for .bss
    rt_fifo.o(i.rt_FIFO_inicializar) refers to rt_fifo.o(.bss) for .bss
    drv_botones.o(i.drv_botones_actualizar) refers to hal_ext_int_nrf.o(i.pin_to_eint) for pin_to_eint
    drv_botones.o(i.drv_botones_actualizar) refers to hal_ext_int_nrf.o(i.hal_ext_int_clear_flag) for hal_ext_int_clear_flag
    drv_botones.o(i.drv_botones_actualizar) refers to hal_ext_int_nrf.o(i.hal_ext_int_habilitar_int) for hal_ext_int_habilitar_int
    drv_botones.o(i.drv_botones_actualizar) refers to hal_ext_int_nrf.o(i.hal_ext_int_deshabilitar_int) for hal_ext_int_deshabilitar_int
    drv_botones.o(i.drv_botones_actualizar) refers to svc_alarma.o(i.svc_alarma_codificar) for svc_alarma_codificar
    drv_botones.o(i.drv_botones_actualizar) refers to svc_alarma.o(i.svc_alarma_activar) for svc_alarma_activar
    drv_botones.o(i.drv_botones_actualizar) refers to hal_ext_int_nrf.o(i.pin_to_gpio) for pin_to_gpio
    drv_botones.o(i.drv_botones_actualizar) refers to hal_gpio_nrf.o(i.hal_gpio_leer) for hal_gpio_leer
    drv_botones.o(i.drv_botones_actualizar) refers to drv_botones.o(.bss) for .bss
    drv_botones.o(i.drv_botones_iniciar) refers to hal_ext_int_nrf.o(i.hal_ext_int_iniciar) for hal_ext_int_iniciar
    drv_botones.o(i.drv_botones_iniciar) refers to svc_alarma.o(i.svc_alarma_iniciar) for svc_alarma_iniciar
    drv_botones.o(i.drv_botones_iniciar) refers to hal_ext_int_nrf.o(i.hal_ext_int_habilitar_int) for hal_ext_int_habilitar_int
    drv_botones.o(i.drv_botones_iniciar) refers to hal_ext_int_nrf.o(i.hal_ext_int_habilitar_despertar) for hal_ext_int_habilitar_despertar
    drv_botones.o(i.drv_botones_iniciar) refers to hal_gpio_nrf.o(i.hal_gpio_sentido) for hal_gpio_sentido
    drv_botones.o(i.drv_botones_iniciar) refers to rt_ge.o(i.svc_GE_suscribir) for svc_GE_suscribir
    drv_botones.o(i.drv_botones_iniciar) refers to rt_fifo.o(i.rt_FIFO_encolar) for rt_FIFO_encolar
    drv_botones.o(i.drv_botones_iniciar) refers to drv_botones.o(.bss) for .bss
    drv_botones.o(i.drv_botones_iniciar) refers to drv_botones.o(.constdata) for .constdata
    drv_botones.o(i.drv_botones_iniciar) refers to drv_botones.o(i.drv_botones_actualizar) for drv_botones_actualizar
    rt_ge.o(i.rt_GE_actualizar) refers to svc_alarma.o(i.svc_alarma_codificar) for svc_alarma_codificar
    rt_ge.o(i.rt_GE_actualizar) refers to svc_alarma.o(i.svc_alarma_activar) for svc_alarma_activar
    rt_ge.o(i.rt_GE_actualizar) refers to drv_consumo.o(i.drv_consumo_dormir) for drv_consumo_dormir
    rt_ge.o(i.rt_GE_actualizar) refers to rt_ge.o(.data) for .data
    rt_ge.o(i.rt_GE_iniciar) refers to rt_ge.o(i.svc_GE_suscribir) for svc_GE_suscribir
    rt_ge.o(i.rt_GE_iniciar) refers to drv_monitor.o(i.drv_monitor_marcar) for drv_monitor_marcar
    rt_ge.o(i.rt_GE_iniciar) refers to rt_ge.o(.data) for .data
    rt_ge.o(i.rt_GE_iniciar) refers to rt_ge.o(.bss) for .bss
    rt_ge.o(i.rt_GE_iniciar) refers to rt_ge.o(i.rt_GE_actualizar) for rt_GE_actualizar
    rt_ge.o(i.rt_GE_lanzador) refers to svc_alarma.o(i.svc_alarma_codificar) for svc_alarma_codificar
    rt_ge.o(i.rt_GE_lanzador) refers to svc_alarma.o(i.svc_alarma_activar) for svc_alarma_activar
    rt_ge.o(i.rt_GE_lanzador) refers to rt_fifo.o(i.rt_FIFO_extraer) for rt_FIFO_extraer
    rt_ge.o(i.rt_GE_lanzador) refers to drv_wdt.o(i.drv_wdt_feed) for drv_wdt_feed
    rt_ge.o(i.rt_GE_lanzador) refers to drv_consumo.o(i.drv_consumo_esperar) for drv_consumo_esperar
    rt_ge.o(i.rt_GE_lanzador) refers to rt_ge.o(.data) for .data
    rt_ge.o(i.rt_GE_lanzador) refers to rt_ge.o(.bss) for .bss
    rt_ge.o(i.svc_GE_cancelar) refers to rt_ge.o(.bss) for .bss
    rt_ge.o(i.svc_GE_suscribir) refers to drv_monitor.o(i.drv_monitor_marcar) for drv_monitor_marcar
    rt_ge.o(i.svc_GE_suscribir) refers to rt_ge.o(.bss) for .bss
    rt_ge.o(i.svc_GE_suscribir) refers to rt_ge.o(.data) for .data
    svc_alarma.o(i.svc_alarma_activar) refers to drv_monitor.o(i.drv_monitor_marcar) for drv_monitor_marcar
    svc_alarma.o(i.svc_alarma_activar) refers to svc_alarma.o(.bss) for .bss
    svc_alarma.o(i.svc_alarma_activar) refers to svc_alarma.o(.data) for .data
    svc_alarma.o(i.svc_alarma_actualizar) refers to svc_alarma.o(.data) for .data
    svc_alarma.o(i.svc_alarma_actualizar) refers to svc_alarma.o(.bss) for .bss
    svc_alarma.o(i.svc_alarma_iniciar) refers to drv_tiempo.o(i.drv_tiempo_periodico_ms) for drv_tiempo_periodico_ms
    svc_alarma.o(i.svc_alarma_iniciar) refers to rt_ge.o(i.svc_GE_suscribir) for svc_GE_suscribir
    svc_alarma.o(i.svc_alarma_iniciar) refers to svc_alarma.o(.data) for .data
    svc_alarma.o(i.svc_alarma_iniciar) refers to svc_alarma.o(.bss) for .bss
    svc_alarma.o(i.svc_alarma_iniciar) refers to svc_alarma.o(i.svc_alarma_actualizar) for svc_alarma_actualizar
    bit_counter_strike.o(i.actualizar_bit_counter_strike) refers to hal_random_nrf.o(i.random_value) for random_value
    bit_counter_strike.o(i.actualizar_bit_counter_strike) refers to drv_leds.o(i.drv_led_establecer) for drv_led_establecer
    bit_counter_strike.o(i.actualizar_bit_counter_strike) refers to svc_alarma.o(i.svc_alarma_codificar) for svc_alarma_codificar
    bit_counter_strike.o(i.actualizar_bit_counter_strike) refers to svc_alarma.o(i.svc_alarma_activar) for svc_alarma_activar
    bit_counter_strike.o(i.actualizar_bit_counter_strike) refers to drv_consumo.o(i.drv_consumo_dormir) for drv_consumo_dormir
    bit_counter_strike.o(i.actualizar_bit_counter_strike) refers to bit_counter_strike.o(.data) for .data
    bit_counter_strike.o(i.bit_counter_strike) refers to drv_monitor.o(i.drv_monitor_iniciar) for drv_monitor_iniciar
    bit_counter_strike.o(i.bit_counter_strike) refers to drv_consumo.o(i.drv_consumo_iniciar) for drv_consumo_iniciar
    bit_counter_strike.o(i.bit_counter_strike) refers to rt_fifo.o(i.rt_FIFO_inicializar) for rt_FIFO_inicializar
    bit_counter_strike.o(i.bit_counter_strike) refers to rt_ge.o(i.rt_GE_iniciar) for rt_GE_iniciar
    bit_counter_strike.o(i.bit_counter_strike) refers to drv_botones.o(i.drv_botones_iniciar) for drv_botones_iniciar
    bit_counter_strike.o(i.bit_counter_strike) refers to svc_alarma.o(i.svc_alarma_codificar) for svc_alarma_codificar
    bit_counter_strike.o(i.bit_counter_strike) refers to svc_alarma.o(i.svc_alarma_activar) for svc_alarma_activar
    bit_counter_strike.o(i.bit_counter_strike) refers to rt_ge.o(i.svc_GE_suscribir) for svc_GE_suscribir
    bit_counter_strike.o(i.bit_counter_strike) refers to drv_tiempo.o(i.drv_tiempo_actual_us) for drv_tiempo_actual_us
    bit_counter_strike.o(i.bit_counter_strike) refers to hal_random_nrf.o(i.random_iniciar) for random_iniciar
    bit_counter_strike.o(i.bit_counter_strike) refers to drv_wdt.o(i.drv_wdt_iniciar) for drv_wdt_iniciar
    bit_counter_strike.o(i.bit_counter_strike) refers to rt_ge.o(i.rt_GE_lanzador) for rt_GE_lanzador
    bit_counter_strike.o(i.bit_counter_strike) refers to bit_counter_strike.o(.data) for .data
    bit_counter_strike.o(i.bit_counter_strike) refers to bit_counter_strike.o(i.manejador_interrupcion_botones) for manejador_interrupcion_botones
    bit_counter_strike.o(i.bit_counter_strike) refers to bit_counter_strike.o(i.actualizar_bit_counter_strike) for actualizar_bit_counter_strike
    bit_counter_strike.o(i.bit_counter_strike) refers to bit_counter_strike.o(i.timeout_led) for timeout_led
    bit_counter_strike.o(i.iniciarBCS) refers to drv_leds.o(i.drv_led_establecer) for drv_led_establecer
    bit_counter_strike.o(i.iniciarBCS) refers to drv_consumo.o(i.drv_consumo_esperar) for drv_consumo_esperar
    bit_counter_strike.o(i.iniciarBCS) refers to bit_counter_strike.o(.data) for .data
    bit_counter_strike.o(i.manejador_interrupcion_botones) refers to drv_botones.o(i.drv_botones_actualizar) for drv_botones_actualizar
    bit_counter_strike.o(i.manejador_interrupcion_botones) refers to rt_fifo.o(i.rt_FIFO_encolar) for rt_FIFO_encolar
    bit_counter_strike.o(i.timeout_led) refers to drv_leds.o(i.drv_led_establecer) for drv_led_establecer
    bit_counter_strike.o(i.timeout_led) refers to bit_counter_strike.o(.data) for .data
    drv_sc.o(i.drv_sc_disable) refers to hal_sc_nrf.o(i.hal_sc_disable) for hal_sc_disable
    drv_sc.o(i.drv_sc_disable) refers to drv_sc.o(.data) for .data
    drv_sc.o(i.drv_sc_enable) refers to hal_sc_nrf.o(i.hal_sc_restaurar) for hal_sc_restaurar
    drv_sc.o(i.drv_sc_enable) refers to drv_sc.o(.data) for .data
    drv_wdt.o(i.drv_wdt_feed) refers to drv_sc.o(i.drv_sc_disable) for drv_sc_disable
    drv_wdt.o(i.drv_wdt_feed) refers to hal_wdt_nrf.o(i.hal_wdt_feed) for hal_wdt_feed
    drv_wdt.o(i.drv_wdt_feed) refers to drv_sc.o(i.drv_sc_enable) for drv_sc_enable
    drv_wdt.o(i.drv_wdt_iniciar) refers to drv_sc.o(i.drv_sc_disable) for drv_sc_disable
    drv_wdt.o(i.drv_wdt_iniciar) refers to hal_wdt_nrf.o(i.hal_wdt_iniciar) for hal_wdt_iniciar
    drv_wdt.o(i.drv_wdt_iniciar) refers to drv_sc.o(i.drv_sc_enable) for drv_sc_enable
    hal_tiempo_nrf.o(i.TIMER0_IRQHandler) refers to hal_tiempo_nrf.o(.data) for .data
    hal_tiempo_nrf.o(i.TIMER1_IRQHandler) refers to hal_tiempo_nrf.o(.data) for .data
    hal_tiempo_nrf.o(i.hal_tiempo_actual_tick64) refers to hal_tiempo_nrf.o(.data) for .data
    hal_tiempo_nrf.o(i.hal_tiempo_periodico_set_callback) refers to hal_tiempo_nrf.o(.data) for .data
    hal_tiempo_nrf.o(i.hal_tiempo_reloj_periodico_tick) refers to hal_tiempo_nrf.o(.data) for .data
    hal_ext_int_nrf.o(i.GPIOTE_IRQHandler) refers to hal_ext_int_nrf.o(.data) for .data
    hal_ext_int_nrf.o(i.hal_ext_int_habilitar_int) refers to hal_ext_int_nrf.o(.data) for .data
    hal_ext_int_nrf.o(i.hal_ext_int_iniciar) refers to hal_ext_int_nrf.o(.data) for .data
    hal_random_nrf.o(i.random_iniciar) refers to rand.o(.text) for srand
    hal_random_nrf.o(i.random_value) refers to rand.o(.text) for rand
    arm_startup_nrf52840.o(RESET) refers to arm_startup_nrf52840.o(STACK) for __initial_sp
    arm_startup_nrf52840.o(RESET) refers to arm_startup_nrf52840.o(.text) for Reset_Handler
    arm_startup_nrf52840.o(RESET) refers to hal_ext_int_nrf.o(i.GPIOTE_IRQHandler) for GPIOTE_IRQHandler
    arm_startup_nrf52840.o(RESET) refers to hal_tiempo_nrf.o(i.TIMER0_IRQHandler) for TIMER0_IRQHandler
    arm_startup_nrf52840.o(RESET) refers to hal_tiempo_nrf.o(i.TIMER1_IRQHandler) for TIMER1_IRQHandler
    arm_startup_nrf52840.o(.text) refers to system_nrf52.o(i.SystemInit) for SystemInit
    arm_startup_nrf52840.o(.text) refers to entry.o(.ARM.Collect$$$$00000000) for __main
    system_nrf52.o(i.SystemCoreClockUpdate) refers to system_nrf52.o(.data) for .data
    system_nrf52.o(i.SystemInit) refers to system_nrf52.o(.data) for .data
    entry.o(.ARM.Collect$$$$00000000) refers (Special) to entry10a.o(.ARM.Collect$$$$0000000D) for __rt_final_cpp
    entry.o(.ARM.Collect$$$$00000000) refers (Special) to entry11a.o(.ARM.Collect$$$$0000000F) for __rt_final_exit
    entry.o(.ARM.Collect$$$$00000000) refers (Special) to entry7b.o(.ARM.Collect$$$$00000008) for _main_clock
    entry.o(.ARM.Collect$$$$00000000) refers (Special) to entry8b.o(.ARM.Collect$$$$0000000A) for _main_cpp_init
    entry.o(.ARM.Collect$$$$00000000) refers (Special) to entry9a.o(.ARM.Collect$$$$0000000B) for _main_init
    entry.o(.ARM.Collect$$$$00000000) refers (Special) to entry5.o(.ARM.Collect$$$$00000004) for _main_scatterload
    entry.o(.ARM.Collect$$$$00000000) refers (Special) to entry2.o(.ARM.Collect$$$$00000001) for _main_stk
    uldiv.o(.text) refers to llushr.o(.text) for __aeabi_llsr
    uldiv.o(.text) refers to llshl.o(.text) for __aeabi_llsl
    rand.o(.text) refers to rand.o(.data) for .data
    entry2.o(.ARM.Collect$$$$00000001) refers to entry2.o(.ARM.Collect$$$$00002712) for __lit__00000000
    entry2.o(.ARM.Collect$$$$00002712) refers to arm_startup_nrf52840.o(STACK) for __initial_sp
    entry2.o(__vectab_stack_and_reset_area) refers to arm_startup_nrf52840.o(STACK) for __initial_sp
    entry2.o(__vectab_stack_and_reset_area) refers to entry.o(.ARM.Collect$$$$00000000) for __main
    entry5.o(.ARM.Collect$$$$00000004) refers to init.o(.text) for __scatterload
    entry9a.o(.ARM.Collect$$$$0000000B) refers to main.o(i.main) for main
    entry9b.o(.ARM.Collect$$$$0000000C) refers to main.o(i.main) for main
    init.o(.text) refers to entry5.o(.ARM.Collect$$$$00000004) for __main_after_scatterload


==============================================================================

Removing Unused input sections from the image.

    Removing main.o(i.blink_v1), (44 bytes).
    Removing main.o(i.blink_v2), (34 bytes).
    Removing main.o(i.blink_v3), (40 bytes).
    Removing main.o(i.blink_v3_bis), (64 bytes).
    Removing main.o(i.blink_v4), (80 bytes).
    Removing main.o(i.boton_pulsado), (38 bytes).
    Removing main.o(i.drv_boton_estado_actualizar), (2 bytes).
    Removing main.o(i.leds_c), (28 bytes).
    Removing main.o(i.test_botones), (44 bytes).
    Removing main.o(i.test_overflow), (30 bytes).
    Removing main.o(i.test_watchdog), (40 bytes).
    Removing drv_leds.o(i.drv_led_conmutar), (92 bytes).
    Removing drv_leds.o(i.drv_led_estado), (56 bytes).
    Removing drv_tiempo.o(i.drv_tiempo_actual_ms), (32 bytes).
    Removing drv_tiempo.o(i.drv_tiempo_esperar_hasta_ms), (64 bytes).
    Removing drv_tiempo.o(i.drv_tiempo_esperar_ms), (64 bytes).
    Removing rt_fifo.o(i.rt_FIFO_estadisticas), (20 bytes).
    Removing rt_ge.o(i.svc_GE_cancelar), (164 bytes).
    Removing bit_counter_strike.o(i.iniciarBCS), (64 bytes).
    Removing hal_gpio_nrf.o(.rev16_text), (4 bytes).
    Removing hal_gpio_nrf.o(.revsh_text), (4 bytes).
    Removing hal_gpio_nrf.o(.rrx_text), (6 bytes).
    Removing hal_tiempo_nrf.o(.rev16_text), (4 bytes).
    Removing hal_tiempo_nrf.o(.revsh_text), (4 bytes).
    Removing hal_tiempo_nrf.o(.rrx_text), (6 bytes).
    Removing hal_tiempo_nrf.o(i.hal_tiempo_periodico_config_tick), (80 bytes).
    Removing hal_tiempo_nrf.o(i.hal_tiempo_periodico_enable), (44 bytes).
    Removing hal_tiempo_nrf.o(i.hal_tiempo_periodico_set_callback), (12 bytes).
    Removing hal_consumo_nrf.o(.rev16_text), (4 bytes).
    Removing hal_consumo_nrf.o(.revsh_text), (4 bytes).
    Removing hal_consumo_nrf.o(.rrx_text), (6 bytes).
    Removing hal_ext_int_nrf.o(.rev16_text), (4 bytes).
    Removing hal_ext_int_nrf.o(.revsh_text), (4 bytes).
    Removing hal_ext_int_nrf.o(.rrx_text), (6 bytes).
    Removing hal_ext_int_nrf.o(i.hal_ext_int_deshabilitar_despertar), (28 bytes).
    Removing hal_sc_nrf.o(.rev16_text), (4 bytes).
    Removing hal_sc_nrf.o(.revsh_text), (4 bytes).
    Removing hal_sc_nrf.o(.rrx_text), (6 bytes).
    Removing hal_wdt_nrf.o(.rev16_text), (4 bytes).
    Removing hal_wdt_nrf.o(.revsh_text), (4 bytes).
    Removing hal_wdt_nrf.o(.rrx_text), (6 bytes).
    Removing arm_startup_nrf52840.o(HEAP), (16384 bytes).
    Removing system_nrf52.o(.rev16_text), (4 bytes).
    Removing system_nrf52.o(.revsh_text), (4 bytes).
    Removing system_nrf52.o(.rrx_text), (6 bytes).
    Removing system_nrf52.o(i.SystemCoreClockUpdate), (16 bytes).
    Removing system_nrf52.o(i.nvmc_config), (24 bytes).
    Removing system_nrf52.o(i.nvmc_wait), (16 bytes).

48 unused section(s) (total 17702 bytes) removed from the image.

==============================================================================

Image Symbol Table

    Local Symbols

    Symbol Name                              Value     Ov Type        Size  Object(Section)

    RESET                                    0x00000000   Section      512  arm_startup_nrf52840.o(RESET)
    ../clib/microlib/division.c              0x00000000   Number         0  uldiv.o ABSOLUTE
    ../clib/microlib/init/entry.s            0x00000000   Number         0  entry8b.o ABSOLUTE
    ../clib/microlib/init/entry.s            0x00000000   Number         0  entry10b.o ABSOLUTE
    ../clib/microlib/init/entry.s            0x00000000   Number         0  entry11a.o ABSOLUTE
    ../clib/microlib/init/entry.s            0x00000000   Number         0  entry5.o ABSOLUTE
    ../clib/microlib/init/entry.s            0x00000000   Number         0  entry10a.o ABSOLUTE
    ../clib/microlib/init/entry.s            0x00000000   Number         0  entry9b.o ABSOLUTE
    ../clib/microlib/init/entry.s            0x00000000   Number         0  entry.o ABSOLUTE
    ../clib/microlib/init/entry.s            0x00000000   Number         0  entry9a.o ABSOLUTE
    ../clib/microlib/init/entry.s            0x00000000   Number         0  entry8a.o ABSOLUTE
    ../clib/microlib/init/entry.s            0x00000000   Number         0  entry11b.o ABSOLUTE
    ../clib/microlib/init/entry.s            0x00000000   Number         0  entry7a.o ABSOLUTE
    ../clib/microlib/init/entry.s            0x00000000   Number         0  entry2.o ABSOLUTE
    ../clib/microlib/init/entry.s            0x00000000   Number         0  entry7b.o ABSOLUTE
    ../clib/microlib/longlong.c              0x00000000   Number         0  llushr.o ABSOLUTE
    ../clib/microlib/longlong.c              0x00000000   Number         0  llshl.o ABSOLUTE
    ../clib/microlib/stdlib/rand.c           0x00000000   Number         0  rand.o ABSOLUTE
    ..\..\src\bit_counter_strike.c           0x00000000   Number         0  bit_counter_strike.o ABSOLUTE
    ..\..\src\drv_botones.c                  0x00000000   Number         0  drv_botones.o ABSOLUTE
    ..\..\src\drv_consumo.c                  0x00000000   Number         0  drv_consumo.o ABSOLUTE
    ..\..\src\drv_leds.c                     0x00000000   Number         0  drv_leds.o ABSOLUTE
    ..\..\src\drv_monitor.c                  0x00000000   Number         0  drv_monitor.o ABSOLUTE
    ..\..\src\drv_sc.c                       0x00000000   Number         0  drv_sc.o ABSOLUTE
    ..\..\src\drv_tiempo.c                   0x00000000   Number         0  drv_tiempo.o ABSOLUTE
    ..\..\src\drv_wdt.c                      0x00000000   Number         0  drv_wdt.o ABSOLUTE
    ..\..\src\main.c                         0x00000000   Number         0  main.o ABSOLUTE
    ..\..\src\rt_GE.c                        0x00000000   Number         0  rt_ge.o ABSOLUTE
    ..\..\src\rt_fifo.c                      0x00000000   Number         0  rt_fifo.o ABSOLUTE
    ..\..\src\svc_alarma.c                   0x00000000   Number         0  svc_alarma.o ABSOLUTE
    ..\\src_nrf\\hal_consumo_nrf.c           0x00000000   Number         0  hal_consumo_nrf.o ABSOLUTE
    ..\\src_nrf\\hal_ext_int_nrf.c           0x00000000   Number         0  hal_ext_int_nrf.o ABSOLUTE
    ..\\src_nrf\\hal_gpio_nrf.c              0x00000000   Number         0  hal_gpio_nrf.o ABSOLUTE
    ..\\src_nrf\\hal_sc_nrf.c                0x00000000   Number         0  hal_sc_nrf.o ABSOLUTE
    ..\\src_nrf\\hal_tiempo_nrf.c            0x00000000   Number         0  hal_tiempo_nrf.o ABSOLUTE
    ..\\src_nrf\\hal_wdt_nrf.c               0x00000000   Number         0  hal_wdt_nrf.o ABSOLUTE
    ..\src_nrf\hal_consumo_nrf.c             0x00000000   Number         0  hal_consumo_nrf.o ABSOLUTE
    ..\src_nrf\hal_ext_int_nrf.c             0x00000000   Number         0  hal_ext_int_nrf.o ABSOLUTE
    ..\src_nrf\hal_gpio_nrf.c                0x00000000   Number         0  hal_gpio_nrf.o ABSOLUTE
    ..\src_nrf\hal_random_nrf.c              0x00000000   Number         0  hal_random_nrf.o ABSOLUTE
    ..\src_nrf\hal_sc_nrf.c                  0x00000000   Number         0  hal_sc_nrf.o ABSOLUTE
    ..\src_nrf\hal_tiempo_nrf.c              0x00000000   Number         0  hal_tiempo_nrf.o ABSOLUTE
    ..\src_nrf\hal_wdt_nrf.c                 0x00000000   Number         0  hal_wdt_nrf.o ABSOLUTE
    RTE\Device\nRF52840_xxAA\arm_startup_nrf52840.s 0x00000000   Number         0  arm_startup_nrf52840.o ABSOLUTE
    RTE\Device\nRF52840_xxAA\system_nrf52.c  0x00000000   Number         0  system_nrf52.o ABSOLUTE
    RTE\\Device\\nRF52840_xxAA\\system_nrf52.c 0x00000000   Number         0  system_nrf52.o ABSOLUTE
    dc.s                                     0x00000000   Number         0  dc.o ABSOLUTE
    handlers.s                               0x00000000   Number         0  handlers.o ABSOLUTE
    init.s                                   0x00000000   Number         0  init.o ABSOLUTE
    .ARM.Collect$$$$00000000                 0x00000200   Section        0  entry.o(.ARM.Collect$$$$00000000)
    .ARM.Collect$$$$00000001                 0x00000200   Section        4  entry2.o(.ARM.Collect$$$$00000001)
    .ARM.Collect$$$$00000004                 0x00000204   Section        4  entry5.o(.ARM.Collect$$$$00000004)
    .ARM.Collect$$$$00000008                 0x00000208   Section        0  entry7b.o(.ARM.Collect$$$$00000008)
    .ARM.Collect$$$$0000000A                 0x00000208   Section        0  entry8b.o(.ARM.Collect$$$$0000000A)
    .ARM.Collect$$$$0000000B                 0x00000208   Section        8  entry9a.o(.ARM.Collect$$$$0000000B)
    .ARM.Collect$$$$0000000D                 0x00000210   Section        0  entry10a.o(.ARM.Collect$$$$0000000D)
    .ARM.Collect$$$$0000000F                 0x00000210   Section        0  entry11a.o(.ARM.Collect$$$$0000000F)
    .ARM.Collect$$$$00002712                 0x00000210   Section        4  entry2.o(.ARM.Collect$$$$00002712)
    __lit__00000000                          0x00000210   Data           4  entry2.o(.ARM.Collect$$$$00002712)
    .text                                    0x00000214   Section       36  arm_startup_nrf52840.o(.text)
    $v0                                      0x00000214   Number         0  arm_startup_nrf52840.o(.text)
    .text                                    0x00000238   Section        0  uldiv.o(.text)
    .text                                    0x0000029c   Section        0  rand.o(.text)
    .text                                    0x000002c0   Section        0  llshl.o(.text)
    .text                                    0x000002de   Section        0  llushr.o(.text)
    .text                                    0x00000300   Section       36  init.o(.text)
    i.GPIOTE_IRQHandler                      0x00000324   Section        0  hal_ext_int_nrf.o(i.GPIOTE_IRQHandler)
    i.SystemInit                             0x000003f4   Section        0  system_nrf52.o(i.SystemInit)
    i.TIMER0_IRQHandler                      0x00000674   Section        0  hal_tiempo_nrf.o(i.TIMER0_IRQHandler)
    i.TIMER1_IRQHandler                      0x000006a8   Section        0  hal_tiempo_nrf.o(i.TIMER1_IRQHandler)
    i.__scatterload_copy                     0x000006e8   Section       14  handlers.o(i.__scatterload_copy)
    i.__scatterload_null                     0x000006f6   Section        2  handlers.o(i.__scatterload_null)
    i.__scatterload_zeroinit                 0x000006f8   Section       14  handlers.o(i.__scatterload_zeroinit)
    i.actualizar_bit_counter_strike          0x00000708   Section        0  bit_counter_strike.o(i.actualizar_bit_counter_strike)
    i.bit_counter_strike                     0x000007c8   Section        0  bit_counter_strike.o(i.bit_counter_strike)
    i.callback_wrapper_interno               0x00000838   Section        0  drv_tiempo.o(i.callback_wrapper_interno)
    callback_wrapper_interno                 0x00000839   Thumb Code    16  drv_tiempo.o(i.callback_wrapper_interno)
    i.drv_botones_actualizar                 0x0000084c   Section        0  drv_botones.o(i.drv_botones_actualizar)
    i.drv_botones_iniciar                    0x00000930   Section        0  drv_botones.o(i.drv_botones_iniciar)
    i.drv_consumo_dormir                     0x000009a0   Section        0  drv_consumo.o(i.drv_consumo_dormir)
    i.drv_consumo_esperar                    0x000009c0   Section        0  drv_consumo.o(i.drv_consumo_esperar)
    i.drv_consumo_iniciar                    0x000009dc   Section        0  drv_consumo.o(i.drv_consumo_iniciar)
    i.drv_led_establecer                     0x000009f4   Section        0  drv_leds.o(i.drv_led_establecer)
    i.drv_leds_iniciar                       0x00000a20   Section        0  drv_leds.o(i.drv_leds_iniciar)
    i.drv_monitor_desmarcar                  0x00000a50   Section        0  drv_monitor.o(i.drv_monitor_desmarcar)
    i.drv_monitor_iniciar                    0x00000a74   Section        0  drv_monitor.o(i.drv_monitor_iniciar)
    i.drv_monitor_marcar                     0x00000aa4   Section        0  drv_monitor.o(i.drv_monitor_marcar)
    i.drv_sc_disable                         0x00000ac8   Section        0  drv_sc.o(i.drv_sc_disable)
    i.drv_sc_enable                          0x00000ae0   Section        0  drv_sc.o(i.drv_sc_enable)
    i.drv_tiempo_actual_us                   0x00000b00   Section        0  drv_tiempo.o(i.drv_tiempo_actual_us)
    i.drv_tiempo_iniciar                     0x00000b18   Section        0  drv_tiempo.o(i.drv_tiempo_iniciar)
    i.drv_tiempo_periodico_ms                0x00000b30   Section        0  drv_tiempo.o(i.drv_tiempo_periodico_ms)
    i.drv_wdt_feed                           0x00000b64   Section        0  drv_wdt.o(i.drv_wdt_feed)
    i.drv_wdt_iniciar                        0x00000b76   Section        0  drv_wdt.o(i.drv_wdt_iniciar)
    i.hal_consumo_dormir                     0x00000b8c   Section        0  hal_consumo_nrf.o(i.hal_consumo_dormir)
    i.hal_consumo_esperar                    0x00000bac   Section        0  hal_consumo_nrf.o(i.hal_consumo_esperar)
    i.hal_consumo_iniciar                    0x00000bb0   Section        0  hal_consumo_nrf.o(i.hal_consumo_iniciar)
    i.hal_ext_int_clear                      0x00000bb4   Section        0  hal_ext_int_nrf.o(i.hal_ext_int_clear)
    i.hal_ext_int_clear_flag                 0x00000bc4   Section        0  hal_ext_int_nrf.o(i.hal_ext_int_clear_flag)
    i.hal_ext_int_deshabilitar_int           0x00000bf8   Section        0  hal_ext_int_nrf.o(i.hal_ext_int_deshabilitar_int)
    i.hal_ext_int_habilitar_despertar        0x00000c3c   Section        0  hal_ext_int_nrf.o(i.hal_ext_int_habilitar_despertar)
    i.hal_ext_int_habilitar_int              0x00000c5c   Section        0  hal_ext_int_nrf.o(i.hal_ext_int_habilitar_int)
    i.hal_ext_int_iniciar                    0x00000ccc   Section        0  hal_ext_int_nrf.o(i.hal_ext_int_iniciar)
    i.hal_gpio_escribir                      0x00000d74   Section        0  hal_gpio_nrf.o(i.hal_gpio_escribir)
    i.hal_gpio_iniciar                       0x00000d90   Section        0  hal_gpio_nrf.o(i.hal_gpio_iniciar)
    i.hal_gpio_leer                          0x00000d9c   Section        0  hal_gpio_nrf.o(i.hal_gpio_leer)
    i.hal_gpio_sentido                       0x00000db4   Section        0  hal_gpio_nrf.o(i.hal_gpio_sentido)
    i.hal_iniciar_T0                         0x00000dd0   Section        0  hal_tiempo_nrf.o(i.hal_iniciar_T0)
    i.hal_sc_disable                         0x00000de0   Section        0  hal_sc_nrf.o(i.hal_sc_disable)
    i.hal_sc_restaurar                       0x00000df0   Section        0  hal_sc_nrf.o(i.hal_sc_restaurar)
    i.hal_tiempo_actual_tick64               0x00000df4   Section        0  hal_tiempo_nrf.o(i.hal_tiempo_actual_tick64)
    i.hal_tiempo_iniciar_tick                0x00000e34   Section        0  hal_tiempo_nrf.o(i.hal_tiempo_iniciar_tick)
    i.hal_tiempo_reloj_periodico_tick        0x00000e98   Section        0  hal_tiempo_nrf.o(i.hal_tiempo_reloj_periodico_tick)
    i.hal_wdt_feed                           0x00000f24   Section        0  hal_wdt_nrf.o(i.hal_wdt_feed)
    i.hal_wdt_iniciar                        0x00000f34   Section        0  hal_wdt_nrf.o(i.hal_wdt_iniciar)
    i.main                                   0x00000f64   Section        0  main.o(i.main)
    i.manejador_interrupcion_botones         0x00000f84   Section        0  bit_counter_strike.o(i.manejador_interrupcion_botones)
    i.pin_to_eint                            0x00000fa4   Section        0  hal_ext_int_nrf.o(i.pin_to_eint)
    i.pin_to_gpio                            0x00000fa6   Section        0  hal_ext_int_nrf.o(i.pin_to_gpio)
    i.random_iniciar                         0x00000fa8   Section        0  hal_random_nrf.o(i.random_iniciar)
    i.random_value                           0x00000fac   Section        0  hal_random_nrf.o(i.random_value)
    i.rt_FIFO_encolar                        0x00000fd4   Section        0  rt_fifo.o(i.rt_FIFO_encolar)
    i.rt_FIFO_extraer                        0x00001040   Section        0  rt_fifo.o(i.rt_FIFO_extraer)
    i.rt_FIFO_inicializar                    0x00001088   Section        0  rt_fifo.o(i.rt_FIFO_inicializar)
    i.rt_GE_actualizar                       0x000010e0   Section        0  rt_ge.o(i.rt_GE_actualizar)
    i.rt_GE_iniciar                          0x00001130   Section        0  rt_ge.o(i.rt_GE_iniciar)
    i.rt_GE_lanzador                         0x0000121c   Section        0  rt_ge.o(i.rt_GE_lanzador)
    i.svc_GE_suscribir                       0x000012ac   Section        0  rt_ge.o(i.svc_GE_suscribir)
    i.svc_alarma_activar                     0x0000133c   Section        0  svc_alarma.o(i.svc_alarma_activar)
    i.svc_alarma_actualizar                  0x00001434   Section        0  svc_alarma.o(i.svc_alarma_actualizar)
    i.svc_alarma_codificar                   0x0000148c   Section        0  svc_alarma.o(i.svc_alarma_codificar)
    i.svc_alarma_iniciar                     0x000014a4   Section        0  svc_alarma.o(i.svc_alarma_iniciar)
    i.timeout_led                            0x000014e8   Section        0  bit_counter_strike.o(i.timeout_led)
    .constdata                               0x00001520   Section       16  drv_leds.o(.constdata)
    s_led_list                               0x00001520   Data          16  drv_leds.o(.constdata)
    .constdata                               0x00001530   Section       16  drv_monitor.o(.constdata)
    s_monitor_list                           0x00001530   Data          16  drv_monitor.o(.constdata)
    .constdata                               0x00001540   Section       16  drv_botones.o(.constdata)
    lista_botones                            0x00001540   Data          16  drv_botones.o(.constdata)
    .data                                    0x20000000   Section        8  drv_tiempo.o(.data)
    s_callback_usuario                       0x20000000   Data           4  drv_tiempo.o(.data)
    s_ID_evento_guardado                     0x20000004   Data           4  drv_tiempo.o(.data)
    .data                                    0x20000008   Section        4  drv_consumo.o(.data)
    .data                                    0x2000000c   Section        8  rt_ge.o(.data)
    monitor_overflow                         0x2000000c   Data           4  rt_ge.o(.data)
    contador_inactividad                     0x20000010   Data           4  rt_ge.o(.data)
    .data                                    0x20000014   Section        8  svc_alarma.o(.data)
    monitor_overflow                         0x20000014   Data           4  svc_alarma.o(.data)
    f_cb                                     0x20000018   Data           4  svc_alarma.o(.data)
    .data                                    0x2000001c   Section       12  bit_counter_strike.o(.data)
    led                                      0x2000001c   Data           1  bit_counter_strike.o(.data)
    numLeds                                  0x20000020   Data           4  bit_counter_strike.o(.data)
    boton                                    0x20000024   Data           4  bit_counter_strike.o(.data)
    .data                                    0x20000028   Section        8  drv_sc.o(.data)
    restaurar                                0x20000028   Data           1  drv_sc.o(.data)
    anid_sc                                  0x2000002c   Data           4  drv_sc.o(.data)
    .data                                    0x20000030   Section       16  hal_tiempo_nrf.o(.data)
    s_cb                                     0x20000030   Data           4  hal_tiempo_nrf.o(.data)
    irq_count_t1                             0x20000038   Data           8  hal_tiempo_nrf.o(.data)
    .data                                    0x20000040   Section       28  hal_ext_int_nrf.o(.data)
    nvic_habilitado                          0x20000040   Data           1  hal_ext_int_nrf.o(.data)
    num_eint                                 0x20000044   Data           4  hal_ext_int_nrf.o(.data)
    f_cb                                     0x20000048   Data           4  hal_ext_int_nrf.o(.data)
    pines_eint                               0x2000004c   Data          16  hal_ext_int_nrf.o(.data)
    .data                                    0x2000005c   Section        4  system_nrf52.o(.data)
    __tagsym$$used                           0x2000005c   Number         0  system_nrf52.o(.data)
    .data                                    0x20000060   Section        4  rand.o(.data)
    _rand_state                              0x20000060   Data           4  rand.o(.data)
    .bss                                     0x20000064   Section       12  drv_tiempo.o(.bss)
    info                                     0x20000064   Data          12  drv_tiempo.o(.bss)
    .bss                                     0x20000070   Section     2096  rt_fifo.o(.bss)
    fifo                                     0x20000070   Data        2056  rt_fifo.o(.bss)
    estadisticas                             0x20000878   Data          40  rt_fifo.o(.bss)
    .bss                                     0x200008a0   Section       32  drv_botones.o(.bss)
    botones                                  0x200008a0   Data          32  drv_botones.o(.bss)
    .bss                                     0x200008c0   Section      240  rt_ge.o(.bss)
    tabla_suscripciones                      0x200008c0   Data         240  rt_ge.o(.bss)
    .bss                                     0x200009b0   Section       80  svc_alarma.o(.bss)
    alarmas                                  0x200009b0   Data          80  svc_alarma.o(.bss)
    STACK                                    0x20000a00   Section    16384  arm_startup_nrf52840.o(STACK)

    Global Symbols

    Symbol Name                              Value     Ov Type        Size  Object(Section)

    BuildAttributes$$THM_ISAv4$E$P$D$K$B$S$7EM$VFPi3$EXTD16$VFPS$VFMA$PE$A:L22UL41UL21$X:L11$S22US41US21$IEEE1$IW$USESV6$~STKCKD$USESV7$~SHL$OTIME$EBA8$MICROLIB$REQ8$PRES8$EABIv2 0x00000000   Number         0  anon$$obj.o ABSOLUTE
    __ARM_use_no_argv                        0x00000000   Number         0  main.o ABSOLUTE
    __Vectors                                0x00000000   Data           4  arm_startup_nrf52840.o(RESET)
    __cpp_initialize__aeabi_                  - Undefined Weak Reference
    __cxa_finalize                            - Undefined Weak Reference
    __decompress                              - Undefined Weak Reference
    _clock_init                               - Undefined Weak Reference
    _microlib_exit                            - Undefined Weak Reference
    __Vectors_End                            0x00000200   Data           0  arm_startup_nrf52840.o(RESET)
    __Vectors_Size                           0x00000200   Number         0  arm_startup_nrf52840.o ABSOLUTE
    __main                                   0x00000201   Thumb Code     0  entry.o(.ARM.Collect$$$$00000000)
    _main_stk                                0x00000201   Thumb Code     0  entry2.o(.ARM.Collect$$$$00000001)
    _main_scatterload                        0x00000205   Thumb Code     0  entry5.o(.ARM.Collect$$$$00000004)
    __main_after_scatterload                 0x00000209   Thumb Code     0  entry5.o(.ARM.Collect$$$$00000004)
    _main_clock                              0x00000209   Thumb Code     0  entry7b.o(.ARM.Collect$$$$00000008)
    _main_cpp_init                           0x00000209   Thumb Code     0  entry8b.o(.ARM.Collect$$$$0000000A)
    _main_init                               0x00000209   Thumb Code     0  entry9a.o(.ARM.Collect$$$$0000000B)
    __rt_final_cpp                           0x00000211   Thumb Code     0  entry10a.o(.ARM.Collect$$$$0000000D)
    __rt_final_exit                          0x00000211   Thumb Code     0  entry11a.o(.ARM.Collect$$$$0000000F)
    Reset_Handler                            0x00000215   Thumb Code     8  arm_startup_nrf52840.o(.text)
    NMI_Handler                              0x0000021d   Thumb Code     2  arm_startup_nrf52840.o(.text)
    HardFault_Handler                        0x0000021f   Thumb Code     2  arm_startup_nrf52840.o(.text)
    MemoryManagement_Handler                 0x00000221   Thumb Code     2  arm_startup_nrf52840.o(.text)
    BusFault_Handler                         0x00000223   Thumb Code     2  arm_startup_nrf52840.o(.text)
    UsageFault_Handler                       0x00000225   Thumb Code     2  arm_startup_nrf52840.o(.text)
    SVC_Handler                              0x00000227   Thumb Code     2  arm_startup_nrf52840.o(.text)
    DebugMon_Handler                         0x00000229   Thumb Code     2  arm_startup_nrf52840.o(.text)
    PendSV_Handler                           0x0000022b   Thumb Code     2  arm_startup_nrf52840.o(.text)
    SysTick_Handler                          0x0000022d   Thumb Code     2  arm_startup_nrf52840.o(.text)
    CCM_AAR_IRQHandler                       0x0000022f   Thumb Code     0  arm_startup_nrf52840.o(.text)
    COMP_LPCOMP_IRQHandler                   0x0000022f   Thumb Code     0  arm_startup_nrf52840.o(.text)
    CRYPTOCELL_IRQHandler                    0x0000022f   Thumb Code     0  arm_startup_nrf52840.o(.text)
    ECB_IRQHandler                           0x0000022f   Thumb Code     0  arm_startup_nrf52840.o(.text)
    FPU_IRQHandler                           0x0000022f   Thumb Code     0  arm_startup_nrf52840.o(.text)
    I2S_IRQHandler                           0x0000022f   Thumb Code     0  arm_startup_nrf52840.o(.text)
    MWU_IRQHandler                           0x0000022f   Thumb Code     0  arm_startup_nrf52840.o(.text)
    NFCT_IRQHandler                          0x0000022f   Thumb Code     0  arm_startup_nrf52840.o(.text)
    PDM_IRQHandler                           0x0000022f   Thumb Code     0  arm_startup_nrf52840.o(.text)
    POWER_CLOCK_IRQHandler                   0x0000022f   Thumb Code     0  arm_startup_nrf52840.o(.text)
    PWM0_IRQHandler                          0x0000022f   Thumb Code     0  arm_startup_nrf52840.o(.text)
    PWM1_IRQHandler                          0x0000022f   Thumb Code     0  arm_startup_nrf52840.o(.text)
    PWM2_IRQHandler                          0x0000022f   Thumb Code     0  arm_startup_nrf52840.o(.text)
    PWM3_IRQHandler                          0x0000022f   Thumb Code     0  arm_startup_nrf52840.o(.text)
    QDEC_IRQHandler                          0x0000022f   Thumb Code     0  arm_startup_nrf52840.o(.text)
    QSPI_IRQHandler                          0x0000022f   Thumb Code     0  arm_startup_nrf52840.o(.text)
    RADIO_IRQHandler                         0x0000022f   Thumb Code     0  arm_startup_nrf52840.o(.text)
    RNG_IRQHandler                           0x0000022f   Thumb Code     0  arm_startup_nrf52840.o(.text)
    RTC0_IRQHandler                          0x0000022f   Thumb Code     0  arm_startup_nrf52840.o(.text)
    RTC1_IRQHandler                          0x0000022f   Thumb Code     0  arm_startup_nrf52840.o(.text)
    RTC2_IRQHandler                          0x0000022f   Thumb Code     0  arm_startup_nrf52840.o(.text)
    SAADC_IRQHandler                         0x0000022f   Thumb Code     0  arm_startup_nrf52840.o(.text)
    SPIM0_SPIS0_TWIM0_TWIS0_SPI0_TWI0_IRQHandler 0x0000022f   Thumb Code     0  arm_startup_nrf52840.o(.text)
    SPIM1_SPIS1_TWIM1_TWIS1_SPI1_TWI1_IRQHandler 0x0000022f   Thumb Code     0  arm_startup_nrf52840.o(.text)
    SPIM2_SPIS2_SPI2_IRQHandler              0x0000022f   Thumb Code     0  arm_startup_nrf52840.o(.text)
    SPIM3_IRQHandler                         0x0000022f   Thumb Code     0  arm_startup_nrf52840.o(.text)
    SWI0_EGU0_IRQHandler                     0x0000022f   Thumb Code     0  arm_startup_nrf52840.o(.text)
    SWI1_EGU1_IRQHandler                     0x0000022f   Thumb Code     0  arm_startup_nrf52840.o(.text)
    SWI2_EGU2_IRQHandler                     0x0000022f   Thumb Code     0  arm_startup_nrf52840.o(.text)
    SWI3_EGU3_IRQHandler                     0x0000022f   Thumb Code     0  arm_startup_nrf52840.o(.text)
    SWI4_EGU4_IRQHandler                     0x0000022f   Thumb Code     0  arm_startup_nrf52840.o(.text)
    SWI5_EGU5_IRQHandler                     0x0000022f   Thumb Code     0  arm_startup_nrf52840.o(.text)
    TEMP_IRQHandler                          0x0000022f   Thumb Code     0  arm_startup_nrf52840.o(.text)
    TIMER2_IRQHandler                        0x0000022f   Thumb Code     0  arm_startup_nrf52840.o(.text)
    TIMER3_IRQHandler                        0x0000022f   Thumb Code     0  arm_startup_nrf52840.o(.text)
    TIMER4_IRQHandler                        0x0000022f   Thumb Code     0  arm_startup_nrf52840.o(.text)
    UARTE0_UART0_IRQHandler                  0x0000022f   Thumb Code     0  arm_startup_nrf52840.o(.text)
    UARTE1_IRQHandler                        0x0000022f   Thumb Code     0  arm_startup_nrf52840.o(.text)
    USBD_IRQHandler                          0x0000022f   Thumb Code     0  arm_startup_nrf52840.o(.text)
    WDT_IRQHandler                           0x0000022f   Thumb Code     0  arm_startup_nrf52840.o(.text)
    __aeabi_uldivmod                         0x00000239   Thumb Code    98  uldiv.o(.text)
    rand                                     0x0000029d   Thumb Code    20  rand.o(.text)
    srand                                    0x000002b1   Thumb Code     6  rand.o(.text)
    __aeabi_llsl                             0x000002c1   Thumb Code    30  llshl.o(.text)
    _ll_shift_l                              0x000002c1   Thumb Code     0  llshl.o(.text)
    __aeabi_llsr                             0x000002df   Thumb Code    32  llushr.o(.text)
    _ll_ushift_r                             0x000002df   Thumb Code     0  llushr.o(.text)
    __scatterload                            0x00000301   Thumb Code    28  init.o(.text)
    __scatterload_rt2                        0x00000301   Thumb Code     0  init.o(.text)
    GPIOTE_IRQHandler                        0x00000325   Thumb Code   200  hal_ext_int_nrf.o(i.GPIOTE_IRQHandler)
    SystemInit                               0x000003f5   Thumb Code   500  system_nrf52.o(i.SystemInit)
    TIMER0_IRQHandler                        0x00000675   Thumb Code    44  hal_tiempo_nrf.o(i.TIMER0_IRQHandler)
    TIMER1_IRQHandler                        0x000006a9   Thumb Code    56  hal_tiempo_nrf.o(i.TIMER1_IRQHandler)
    __scatterload_copy                       0x000006e9   Thumb Code    14  handlers.o(i.__scatterload_copy)
    __scatterload_null                       0x000006f7   Thumb Code     2  handlers.o(i.__scatterload_null)
    __scatterload_zeroinit                   0x000006f9   Thumb Code    14  handlers.o(i.__scatterload_zeroinit)
    actualizar_bit_counter_strike            0x00000709   Thumb Code   186  bit_counter_strike.o(i.actualizar_bit_counter_strike)
    bit_counter_strike                       0x000007c9   Thumb Code    96  bit_counter_strike.o(i.bit_counter_strike)
    drv_botones_actualizar                   0x0000084d   Thumb Code   222  drv_botones.o(i.drv_botones_actualizar)
    drv_botones_iniciar                      0x00000931   Thumb Code    96  drv_botones.o(i.drv_botones_iniciar)
    drv_consumo_dormir                       0x000009a1   Thumb Code    26  drv_consumo.o(i.drv_consumo_dormir)
    drv_consumo_esperar                      0x000009c1   Thumb Code    24  drv_consumo.o(i.drv_consumo_esperar)
    drv_consumo_iniciar                      0x000009dd   Thumb Code    18  drv_consumo.o(i.drv_consumo_iniciar)
    drv_led_establecer                       0x000009f5   Thumb Code    38  drv_leds.o(i.drv_led_establecer)
    drv_leds_iniciar                         0x00000a21   Thumb Code    44  drv_leds.o(i.drv_leds_iniciar)
    drv_monitor_desmarcar                    0x00000a51   Thumb Code    32  drv_monitor.o(i.drv_monitor_desmarcar)
    drv_monitor_iniciar                      0x00000a75   Thumb Code    42  drv_monitor.o(i.drv_monitor_iniciar)
    drv_monitor_marcar                       0x00000aa5   Thumb Code    32  drv_monitor.o(i.drv_monitor_marcar)
    drv_sc_disable                           0x00000ac9   Thumb Code    18  drv_sc.o(i.drv_sc_disable)
    drv_sc_enable                            0x00000ae1   Thumb Code    26  drv_sc.o(i.drv_sc_enable)
    drv_tiempo_actual_us                     0x00000b01   Thumb Code    18  drv_tiempo.o(i.drv_tiempo_actual_us)
    drv_tiempo_iniciar                       0x00000b19   Thumb Code    20  drv_tiempo.o(i.drv_tiempo_iniciar)
    drv_tiempo_periodico_ms                  0x00000b31   Thumb Code    38  drv_tiempo.o(i.drv_tiempo_periodico_ms)
    drv_wdt_feed                             0x00000b65   Thumb Code    18  drv_wdt.o(i.drv_wdt_feed)
    drv_wdt_iniciar                          0x00000b77   Thumb Code    22  drv_wdt.o(i.drv_wdt_iniciar)
    hal_consumo_dormir                       0x00000b8d   Thumb Code    22  hal_consumo_nrf.o(i.hal_consumo_dormir)
    hal_consumo_esperar                      0x00000bad   Thumb Code     4  hal_consumo_nrf.o(i.hal_consumo_esperar)
    hal_consumo_iniciar                      0x00000bb1   Thumb Code     2  hal_consumo_nrf.o(i.hal_consumo_iniciar)
    hal_ext_int_clear                        0x00000bb5   Thumb Code    12  hal_ext_int_nrf.o(i.hal_ext_int_clear)
    hal_ext_int_clear_flag                   0x00000bc5   Thumb Code    50  hal_ext_int_nrf.o(i.hal_ext_int_clear_flag)
    hal_ext_int_deshabilitar_int             0x00000bf9   Thumb Code    62  hal_ext_int_nrf.o(i.hal_ext_int_deshabilitar_int)
    hal_ext_int_habilitar_despertar          0x00000c3d   Thumb Code    32  hal_ext_int_nrf.o(i.hal_ext_int_habilitar_despertar)
    hal_ext_int_habilitar_int                0x00000c5d   Thumb Code   100  hal_ext_int_nrf.o(i.hal_ext_int_habilitar_int)
    hal_ext_int_iniciar                      0x00000ccd   Thumb Code   156  hal_ext_int_nrf.o(i.hal_ext_int_iniciar)
    hal_gpio_escribir                        0x00000d75   Thumb Code    20  hal_gpio_nrf.o(i.hal_gpio_escribir)
    hal_gpio_iniciar                         0x00000d91   Thumb Code     8  hal_gpio_nrf.o(i.hal_gpio_iniciar)
    hal_gpio_leer                            0x00000d9d   Thumb Code    18  hal_gpio_nrf.o(i.hal_gpio_leer)
    hal_gpio_sentido                         0x00000db5   Thumb Code    18  hal_gpio_nrf.o(i.hal_gpio_sentido)
    hal_iniciar_T0                           0x00000dd1   Thumb Code    16  hal_tiempo_nrf.o(i.hal_iniciar_T0)
    hal_sc_disable                           0x00000de1   Thumb Code    16  hal_sc_nrf.o(i.hal_sc_disable)
    hal_sc_restaurar                         0x00000df1   Thumb Code     4  hal_sc_nrf.o(i.hal_sc_restaurar)
    hal_tiempo_actual_tick64                 0x00000df5   Thumb Code    52  hal_tiempo_nrf.o(i.hal_tiempo_actual_tick64)
    hal_tiempo_iniciar_tick                  0x00000e35   Thumb Code    82  hal_tiempo_nrf.o(i.hal_tiempo_iniciar_tick)
    hal_tiempo_reloj_periodico_tick          0x00000e99   Thumb Code   120  hal_tiempo_nrf.o(i.hal_tiempo_reloj_periodico_tick)
    hal_wdt_feed                             0x00000f25   Thumb Code     8  hal_wdt_nrf.o(i.hal_wdt_feed)
    hal_wdt_iniciar                          0x00000f35   Thumb Code    36  hal_wdt_nrf.o(i.hal_wdt_iniciar)
    main                                     0x00000f65   Thumb Code    32  main.o(i.main)
    manejador_interrupcion_botones           0x00000f85   Thumb Code    32  bit_counter_strike.o(i.manejador_interrupcion_botones)
    pin_to_eint                              0x00000fa5   Thumb Code     2  hal_ext_int_nrf.o(i.pin_to_eint)
    pin_to_gpio                              0x00000fa7   Thumb Code     2  hal_ext_int_nrf.o(i.pin_to_gpio)
    random_iniciar                           0x00000fa9   Thumb Code     4  hal_random_nrf.o(i.random_iniciar)
    random_value                             0x00000fad   Thumb Code    40  hal_random_nrf.o(i.random_value)
    rt_FIFO_encolar                          0x00000fd5   Thumb Code    98  rt_fifo.o(i.rt_FIFO_encolar)
    rt_FIFO_extraer                          0x00001041   Thumb Code    66  rt_fifo.o(i.rt_FIFO_extraer)
    rt_FIFO_inicializar                      0x00001089   Thumb Code    78  rt_fifo.o(i.rt_FIFO_inicializar)
    rt_GE_actualizar                         0x000010e1   Thumb Code    76  rt_ge.o(i.rt_GE_actualizar)
    rt_GE_iniciar                            0x00001131   Thumb Code   220  rt_ge.o(i.rt_GE_iniciar)
    rt_GE_lanzador                           0x0000121d   Thumb Code   130  rt_ge.o(i.rt_GE_lanzador)
    svc_GE_suscribir                         0x000012ad   Thumb Code   136  rt_ge.o(i.svc_GE_suscribir)
    svc_alarma_activar                       0x0000133d   Thumb Code   238  svc_alarma.o(i.svc_alarma_activar)
    svc_alarma_actualizar                    0x00001435   Thumb Code    78  svc_alarma.o(i.svc_alarma_actualizar)
    svc_alarma_codificar                     0x0000148d   Thumb Code    22  svc_alarma.o(i.svc_alarma_codificar)
    svc_alarma_iniciar                       0x000014a5   Thumb Code    54  svc_alarma.o(i.svc_alarma_iniciar)
    timeout_led                              0x000014e9   Thumb Code    52  bit_counter_strike.o(i.timeout_led)
    Region$$Table$$Base                      0x00001550   Number         0  anon$$obj.o(Region$$Table)
    Region$$Table$$Limit                     0x00001570   Number         0  anon$$obj.o(Region$$Table)
    monitor_id                               0x20000008   Data           4  drv_consumo.o(.data)
    ledApagado                               0x2000001d   Data           1  bit_counter_strike.o(.data)
    SystemCoreClock                          0x2000005c   Data           4  system_nrf52.o(.data)
    __initial_sp                             0x20004a00   Data           0  arm_startup_nrf52840.o(STACK)



==============================================================================

Memory Map of the image

  Image Entry point : 0x00000201

  Load Region LR_IROM1 (Base: 0x00000000, Size: 0x000015d4, Max: 0x00100000, ABSOLUTE)

    Execution Region ER_IROM1 (Exec base: 0x00000000, Load base: 0x00000000, Size: 0x00001570, Max: 0x00100000, ABSOLUTE)

    Exec Addr    Load Addr    Size         Type   Attr      Idx    E Section Name        Object

    0x00000000   0x00000000   0x00000200   Data   RO          898    RESET               arm_startup_nrf52840.o
    0x00000200   0x00000200   0x00000000   Code   RO          968  * .ARM.Collect$$$$00000000  mc_w.l(entry.o)
    0x00000200   0x00000200   0x00000004   Code   RO          976    .ARM.Collect$$$$00000001  mc_w.l(entry2.o)
    0x00000204   0x00000204   0x00000004   Code   RO          979    .ARM.Collect$$$$00000004  mc_w.l(entry5.o)
    0x00000208   0x00000208   0x00000000   Code   RO          981    .ARM.Collect$$$$00000008  mc_w.l(entry7b.o)
    0x00000208   0x00000208   0x00000000   Code   RO          983    .ARM.Collect$$$$0000000A  mc_w.l(entry8b.o)
    0x00000208   0x00000208   0x00000008   Code   RO          984    .ARM.Collect$$$$0000000B  mc_w.l(entry9a.o)
    0x00000210   0x00000210   0x00000000   Code   RO          986    .ARM.Collect$$$$0000000D  mc_w.l(entry10a.o)
    0x00000210   0x00000210   0x00000000   Code   RO          988    .ARM.Collect$$$$0000000F  mc_w.l(entry11a.o)
    0x00000210   0x00000210   0x00000004   Code   RO          977    .ARM.Collect$$$$00002712  mc_w.l(entry2.o)
    0x00000214   0x00000214   0x00000024   Code   RO          899    .text               arm_startup_nrf52840.o
    0x00000238   0x00000238   0x00000062   Code   RO          971    .text               mc_w.l(uldiv.o)
    0x0000029a   0x0000029a   0x00000002   PAD
    0x0000029c   0x0000029c   0x00000024   Code   RO          973    .text               mc_w.l(rand.o)
    0x000002c0   0x000002c0   0x0000001e   Code   RO          990    .text               mc_w.l(llshl.o)
    0x000002de   0x000002de   0x00000020   Code   RO          992    .text               mc_w.l(llushr.o)
    0x000002fe   0x000002fe   0x00000002   PAD
    0x00000300   0x00000300   0x00000024   Code   RO          994    .text               mc_w.l(init.o)
    0x00000324   0x00000324   0x000000d0   Code   RO          713    i.GPIOTE_IRQHandler  hal_ext_int_nrf.o
    0x000003f4   0x000003f4   0x00000280   Code   RO          907    i.SystemInit        system_nrf52.o
    0x00000674   0x00000674   0x00000034   Code   RO          595    i.TIMER0_IRQHandler  hal_tiempo_nrf.o
    0x000006a8   0x000006a8   0x00000040   Code   RO          596    i.TIMER1_IRQHandler  hal_tiempo_nrf.o
    0x000006e8   0x000006e8   0x0000000e   Code   RO          998    i.__scatterload_copy  mc_w.l(handlers.o)
    0x000006f6   0x000006f6   0x00000002   Code   RO          999    i.__scatterload_null  mc_w.l(handlers.o)
    0x000006f8   0x000006f8   0x0000000e   Code   RO         1000    i.__scatterload_zeroinit  mc_w.l(handlers.o)
    0x00000706   0x00000706   0x00000002   PAD
    0x00000708   0x00000708   0x000000c0   Code   RO          415    i.actualizar_bit_counter_strike  bit_counter_strike.o
    0x000007c8   0x000007c8   0x00000070   Code   RO          416    i.bit_counter_strike  bit_counter_strike.o
    0x00000838   0x00000838   0x00000014   Code   RO          169    i.callback_wrapper_interno  drv_tiempo.o
    0x0000084c   0x0000084c   0x000000e4   Code   RO          319    i.drv_botones_actualizar  drv_botones.o
    0x00000930   0x00000930   0x00000070   Code   RO          320    i.drv_botones_iniciar  drv_botones.o
    0x000009a0   0x000009a0   0x00000020   Code   RO          221    i.drv_consumo_dormir  drv_consumo.o
    0x000009c0   0x000009c0   0x0000001c   Code   RO          222    i.drv_consumo_esperar  drv_consumo.o
    0x000009dc   0x000009dc   0x00000018   Code   RO          223    i.drv_consumo_iniciar  drv_consumo.o
    0x000009f4   0x000009f4   0x0000002c   Code   RO          139    i.drv_led_establecer  drv_leds.o
    0x00000a20   0x00000a20   0x00000030   Code   RO          141    i.drv_leds_iniciar  drv_leds.o
    0x00000a50   0x00000a50   0x00000024   Code   RO          254    i.drv_monitor_desmarcar  drv_monitor.o
    0x00000a74   0x00000a74   0x00000030   Code   RO          255    i.drv_monitor_iniciar  drv_monitor.o
    0x00000aa4   0x00000aa4   0x00000024   Code   RO          256    i.drv_monitor_marcar  drv_monitor.o
    0x00000ac8   0x00000ac8   0x00000018   Code   RO          464    i.drv_sc_disable    drv_sc.o
    0x00000ae0   0x00000ae0   0x00000020   Code   RO          465    i.drv_sc_enable     drv_sc.o
    0x00000b00   0x00000b00   0x00000018   Code   RO          171    i.drv_tiempo_actual_us  drv_tiempo.o
    0x00000b18   0x00000b18   0x00000018   Code   RO          174    i.drv_tiempo_iniciar  drv_tiempo.o
    0x00000b30   0x00000b30   0x00000034   Code   RO          175    i.drv_tiempo_periodico_ms  drv_tiempo.o
    0x00000b64   0x00000b64   0x00000012   Code   RO          487    i.drv_wdt_feed      drv_wdt.o
    0x00000b76   0x00000b76   0x00000016   Code   RO          488    i.drv_wdt_iniciar   drv_wdt.o
    0x00000b8c   0x00000b8c   0x00000020   Code   RO          674    i.hal_consumo_dormir  hal_consumo_nrf.o
    0x00000bac   0x00000bac   0x00000004   Code   RO          675    i.hal_consumo_esperar  hal_consumo_nrf.o
    0x00000bb0   0x00000bb0   0x00000002   Code   RO          676    i.hal_consumo_iniciar  hal_consumo_nrf.o
    0x00000bb2   0x00000bb2   0x00000002   PAD
    0x00000bb4   0x00000bb4   0x00000010   Code   RO          714    i.hal_ext_int_clear  hal_ext_int_nrf.o
    0x00000bc4   0x00000bc4   0x00000032   Code   RO          715    i.hal_ext_int_clear_flag  hal_ext_int_nrf.o
    0x00000bf6   0x00000bf6   0x00000002   PAD
    0x00000bf8   0x00000bf8   0x00000044   Code   RO          717    i.hal_ext_int_deshabilitar_int  hal_ext_int_nrf.o
    0x00000c3c   0x00000c3c   0x00000020   Code   RO          718    i.hal_ext_int_habilitar_despertar  hal_ext_int_nrf.o
    0x00000c5c   0x00000c5c   0x00000070   Code   RO          719    i.hal_ext_int_habilitar_int  hal_ext_int_nrf.o
    0x00000ccc   0x00000ccc   0x000000a8   Code   RO          720    i.hal_ext_int_iniciar  hal_ext_int_nrf.o
    0x00000d74   0x00000d74   0x0000001c   Code   RO          511    i.hal_gpio_escribir  hal_gpio_nrf.o
    0x00000d90   0x00000d90   0x0000000c   Code   RO          512    i.hal_gpio_iniciar  hal_gpio_nrf.o
    0x00000d9c   0x00000d9c   0x00000018   Code   RO          513    i.hal_gpio_leer     hal_gpio_nrf.o
    0x00000db4   0x00000db4   0x0000001c   Code   RO          514    i.hal_gpio_sentido  hal_gpio_nrf.o
    0x00000dd0   0x00000dd0   0x00000010   Code   RO          597    i.hal_iniciar_T0    hal_tiempo_nrf.o
    0x00000de0   0x00000de0   0x00000010   Code   RO          803    i.hal_sc_disable    hal_sc_nrf.o
    0x00000df0   0x00000df0   0x00000004   Code   RO          804    i.hal_sc_restaurar  hal_sc_nrf.o
    0x00000df4   0x00000df4   0x00000040   Code   RO          598    i.hal_tiempo_actual_tick64  hal_tiempo_nrf.o
    0x00000e34   0x00000e34   0x00000064   Code   RO          599    i.hal_tiempo_iniciar_tick  hal_tiempo_nrf.o
    0x00000e98   0x00000e98   0x0000008c   Code   RO          603    i.hal_tiempo_reloj_periodico_tick  hal_tiempo_nrf.o
    0x00000f24   0x00000f24   0x00000010   Code   RO          842    i.hal_wdt_feed      hal_wdt_nrf.o
    0x00000f34   0x00000f34   0x00000030   Code   RO          843    i.hal_wdt_iniciar   hal_wdt_nrf.o
    0x00000f64   0x00000f64   0x00000020   Code   RO            9    i.main              main.o
    0x00000f84   0x00000f84   0x00000020   Code   RO          418    i.manejador_interrupcion_botones  bit_counter_strike.o
    0x00000fa4   0x00000fa4   0x00000002   Code   RO          721    i.pin_to_eint       hal_ext_int_nrf.o
    0x00000fa6   0x00000fa6   0x00000002   Code   RO          722    i.pin_to_gpio       hal_ext_int_nrf.o
    0x00000fa8   0x00000fa8   0x00000004   Code   RO          872    i.random_iniciar    hal_random_nrf.o
    0x00000fac   0x00000fac   0x00000028   Code   RO          873    i.random_value      hal_random_nrf.o
    0x00000fd4   0x00000fd4   0x0000006c   Code   RO          280    i.rt_FIFO_encolar   rt_fifo.o
    0x00001040   0x00001040   0x00000048   Code   RO          282    i.rt_FIFO_extraer   rt_fifo.o
    0x00001088   0x00001088   0x00000058   Code   RO          283    i.rt_FIFO_inicializar  rt_fifo.o
    0x000010e0   0x000010e0   0x00000050   Code   RO          340    i.rt_GE_actualizar  rt_ge.o
    0x00001130   0x00001130   0x000000ec   Code   RO          341    i.rt_GE_iniciar     rt_ge.o
    0x0000121c   0x0000121c   0x00000090   Code   RO          342    i.rt_GE_lanzador    rt_ge.o
    0x000012ac   0x000012ac   0x00000090   Code   RO          344    i.svc_GE_suscribir  rt_ge.o
    0x0000133c   0x0000133c   0x000000f8   Code   RO          382    i.svc_alarma_activar  svc_alarma.o
    0x00001434   0x00001434   0x00000058   Code   RO          383    i.svc_alarma_actualizar  svc_alarma.o
    0x0000148c   0x0000148c   0x00000016   Code   RO          384    i.svc_alarma_codificar  svc_alarma.o
    0x000014a2   0x000014a2   0x00000002   PAD
    0x000014a4   0x000014a4   0x00000044   Code   RO          385    i.svc_alarma_iniciar  svc_alarma.o
    0x000014e8   0x000014e8   0x00000038   Code   RO          419    i.timeout_led       bit_counter_strike.o
    0x00001520   0x00001520   0x00000010   Data   RO          142    .constdata          drv_leds.o
    0x00001530   0x00001530   0x00000010   Data   RO          257    .constdata          drv_monitor.o
    0x00001540   0x00001540   0x00000010   Data   RO          322    .constdata          drv_botones.o
    0x00001550   0x00001550   0x00000020   Data   RO          996    Region$$Table       anon$$obj.o


    Execution Region RW_IRAM1 (Exec base: 0x20000000, Load base: 0x00001570, Size: 0x00004a00, Max: 0x00040000, ABSOLUTE)

    Exec Addr    Load Addr    Size         Type   Attr      Idx    E Section Name        Object

    0x20000000   0x00001570   0x00000008   Data   RW          177    .data               drv_tiempo.o
    0x20000008   0x00001578   0x00000004   Data   RW          224    .data               drv_consumo.o
    0x2000000c   0x0000157c   0x00000008   Data   RW          346    .data               rt_ge.o
    0x20000014   0x00001584   0x00000008   Data   RW          387    .data               svc_alarma.o
    0x2000001c   0x0000158c   0x0000000c   Data   RW          420    .data               bit_counter_strike.o
    0x20000028   0x00001598   0x00000008   Data   RW          466    .data               drv_sc.o
    0x20000030   0x000015a0   0x00000010   Data   RW          604    .data               hal_tiempo_nrf.o
    0x20000040   0x000015b0   0x0000001c   Data   RW          723    .data               hal_ext_int_nrf.o
    0x2000005c   0x000015cc   0x00000004   Data   RW          910    .data               system_nrf52.o
    0x20000060   0x000015d0   0x00000004   Data   RW          974    .data               mc_w.l(rand.o)
    0x20000064        -       0x0000000c   Zero   RW          176    .bss                drv_tiempo.o
    0x20000070        -       0x00000830   Zero   RW          284    .bss                rt_fifo.o
    0x200008a0        -       0x00000020   Zero   RW          321    .bss                drv_botones.o
    0x200008c0        -       0x000000f0   Zero   RW          345    .bss                rt_ge.o
    0x200009b0        -       0x00000050   Zero   RW          386    .bss                svc_alarma.o
    0x20000a00        -       0x00004000   Zero   RW          896    STACK               arm_startup_nrf52840.o


==============================================================================

Image component sizes


      Code (inc. data)   RO Data    RW Data    ZI Data      Debug   Object Name

        36          8        512          0      16384        860   arm_startup_nrf52840.o
       392         26          0         12          0       3277   bit_counter_strike.o
       340         22         16          0         32       2431   drv_botones.o
        84         16          0          4          0       1770   drv_consumo.o
        92         10         16          0          0       2155   drv_leds.o
       120         14         16          0          0       2519   drv_monitor.o
        56         12          0          8          0       1141   drv_sc.o
       120         28          0          8         12       3355   drv_tiempo.o
        40          0          0          0          0       1029   drv_wdt.o
        38         10          0          0          0       1425   hal_consumo_nrf.o
       658         42          0         28          0      37047   hal_ext_int_nrf.o
        92         28          0          0          0      37586   hal_gpio_nrf.o
        44          0          0          0          0       1084   hal_random_nrf.o
        20          0          0          0          0       6224   hal_sc_nrf.o
       436         66          0         16          0      35904   hal_tiempo_nrf.o
        64         20          0          0          0       1013   hal_wdt_nrf.o
        32          0          0          0          0       9703   main.o
       268         26          0          0       2096       3154   rt_fifo.o
       604         42          0          8        240       4943   rt_ge.o
       426         34          0          8         80       3973   svc_alarma.o
       640        140          0          4          0      61560   system_nrf52.o

    ----------------------------------------------------------------------
      4608        544        592         96      18844     222153   Object Totals
         0          0         32          0          0          0   (incl. Generated)
         6          0          0          0          0          0   (incl. Padding)

    ----------------------------------------------------------------------

      Code (inc. data)   RO Data    RW Data    ZI Data      Debug   Library Member Name

         0          0          0          0          0          0   entry.o
         0          0          0          0          0          0   entry10a.o
         0          0          0          0          0          0   entry11a.o
         8          4          0          0          0          0   entry2.o
         4          0          0          0          0          0   entry5.o
         0          0          0          0          0          0   entry7b.o
         0          0          0          0          0          0   entry8b.o
         8          4          0          0          0          0   entry9a.o
        30          0          0          0          0          0   handlers.o
        36          8          0          0          0         68   init.o
        30          0          0          0          0         68   llshl.o
        32          0          0          0          0         68   llushr.o
        36         10          0          4          0        136   rand.o
        98          0          0          0          0         92   uldiv.o

    ----------------------------------------------------------------------
       288         26          0          4          0        432   Library Totals
         6          0          0          0          0          0   (incl. Padding)

    ----------------------------------------------------------------------

      Code (inc. data)   RO Data    RW Data    ZI Data      Debug   Library Name

       282         26          0          4          0        432   mc_w.l

    ----------------------------------------------------------------------
       288         26          0          4          0        432   Library Totals

    ----------------------------------------------------------------------

==============================================================================


      Code (inc. data)   RO Data    RW Data    ZI Data      Debug   

      4896        570        592        100      18844     217137   Grand Totals
      4896        570        592        100      18844     217137   ELF Image Totals
      4896        570        592        100          0          0   ROM Totals

==============================================================================

    Total RO  Size (Code + RO Data)                 5488 (   5.36kB)
    Total RW  Size (RW Data + ZI Data)             18944 (  18.50kB)
    Total ROM Size (Code + RO Data + RW Data)       5588 (   5.46kB)

==============================================================================

