Component: ARM Compiler 5.06 update 6 (build 750) Tool: armlink [4d35ed]

==============================================================================

Section Cross References

    main.o(i.blink_v1) refers to drv_leds.o(i.drv_led_establecer) for drv_led_establecer
    main.o(i.blink_v1) refers to drv_leds.o(i.drv_led_conmutar) for drv_led_conmutar
    main.o(i.blink_v2) refers to drv_leds.o(i.drv_led_establecer) for drv_led_establecer
    main.o(i.blink_v2) refers to drv_tiempo.o(i.drv_tiempo_actual_ms) for drv_tiempo_actual_ms
    main.o(i.blink_v2) refers to drv_tiempo.o(i.drv_tiempo_esperar_hasta_ms) for drv_tiempo_esperar_hasta_ms
    main.o(i.blink_v2) refers to drv_leds.o(i.drv_led_conmutar) for drv_led_conmutar
    main.o(i.blink_v3) refers to drv_consumo.o(i.drv_consumo_iniciar) for drv_consumo_iniciar
    main.o(i.blink_v3) refers to drv_leds.o(i.drv_led_establecer) for drv_led_establecer
    main.o(i.blink_v3) refers to drv_tiempo.o(i.drv_tiempo_periodico_ms) for drv_tiempo_periodico_ms
    main.o(i.blink_v3) refers to drv_consumo.o(i.drv_consumo_esperar) for drv_consumo_esperar
    main.o(i.blink_v3) refers to main.o(i.leds_c) for leds_c
    main.o(i.blink_v3_bis) refers to drv_monitor.o(i.drv_monitor_iniciar) for drv_monitor_iniciar
    main.o(i.blink_v3_bis) refers to drv_consumo.o(i.drv_consumo_iniciar) for drv_consumo_iniciar
    main.o(i.blink_v3_bis) refers to drv_botones.o(i.drv_botones_iniciar) for drv_botones_iniciar
    main.o(i.blink_v3_bis) refers to drv_tiempo.o(i.drv_tiempo_periodico_ms) for drv_tiempo_periodico_ms
    main.o(i.blink_v3_bis) refers to drv_consumo.o(i.drv_consumo_esperar) for drv_consumo_esperar
    main.o(i.blink_v3_bis) refers to drv_consumo.o(i.drv_consumo_dormir) for drv_consumo_dormir
    main.o(i.blink_v3_bis) refers to main.o(i.drv_boton_estado_actualizar) for drv_boton_estado_actualizar
    main.o(i.blink_v3_bis) refers to main.o(i.leds_c) for leds_c
    main.o(i.blink_v4) refers to drv_consumo.o(i.drv_consumo_iniciar) for drv_consumo_iniciar
    main.o(i.blink_v4) refers to drv_monitor.o(i.drv_monitor_iniciar) for drv_monitor_iniciar
    main.o(i.blink_v4) refers to rt_fifo.o(i.rt_FIFO_inicializar) for rt_FIFO_inicializar
    main.o(i.blink_v4) refers to drv_leds.o(i.drv_led_establecer) for drv_led_establecer
    main.o(i.blink_v4) refers to drv_tiempo.o(i.drv_tiempo_periodico_ms) for drv_tiempo_periodico_ms
    main.o(i.blink_v4) refers to rt_fifo.o(i.rt_FIFO_extraer) for rt_FIFO_extraer
    main.o(i.blink_v4) refers to drv_leds.o(i.drv_led_conmutar) for drv_led_conmutar
    main.o(i.blink_v4) refers to drv_consumo.o(i.drv_consumo_esperar) for drv_consumo_esperar
    main.o(i.blink_v4) refers to rt_fifo.o(i.rt_FIFO_encolar) for rt_FIFO_encolar
    main.o(i.leds_c) refers to drv_monitor.o(i.drv_monitor_desmarcar) for drv_monitor_desmarcar
    main.o(i.leds_c) refers to drv_leds.o(i.drv_led_conmutar) for drv_led_conmutar
    main.o(i.leds_c) refers to drv_monitor.o(i.drv_monitor_marcar) for drv_monitor_marcar
    main.o(i.main) refers to drv_tiempo.o(i.drv_tiempo_iniciar) for drv_tiempo_iniciar
    main.o(i.main) refers to hal_gpio_nrf.o(i.hal_gpio_iniciar) for hal_gpio_iniciar
    main.o(i.main) refers to drv_leds.o(i.drv_leds_iniciar) for drv_leds_iniciar
    main.o(i.main) refers to drv_uart.o(i.drv_uart_init) for drv_uart_init
    main.o(i.main) refers to drv_monitor.o(i.drv_monitor_iniciar) for drv_monitor_iniciar
    main.o(i.main) refers to drv_consumo.o(i.drv_consumo_iniciar) for drv_consumo_iniciar
    main.o(i.main) refers to rt_fifo.o(i.rt_FIFO_inicializar) for rt_FIFO_inicializar
    main.o(i.main) refers to rt_ge.o(i.rt_GE_iniciar) for rt_GE_iniciar
    main.o(i.main) refers to drv_tiempo.o(i.drv_tiempo_actual_us) for drv_tiempo_actual_us
    main.o(i.main) refers to svc_random.o(i.svc_random_iniciar) for svc_random_iniciar
    main.o(i.main) refers to drv_wdt.o(i.drv_wdt_iniciar) for drv_wdt_iniciar
    main.o(i.main) refers to drv_botones.o(i.drv_botones_iniciar) for drv_botones_iniciar
    main.o(i.main) refers to app_guitar_hero.o(i.app_guitar_hero_iniciar) for app_guitar_hero_iniciar
    main.o(i.main) refers to rt_fifo.o(i.rt_FIFO_encolar) for rt_FIFO_encolar
    app_guitar_hero.o(i.app_guitar_hero_actualizar) refers to drv_leds.o(i.drv_led_establecer) for drv_led_establecer
    app_guitar_hero.o(i.app_guitar_hero_actualizar) refers to drv_tiempo.o(i.drv_tiempo_actual_ms) for drv_tiempo_actual_ms
    app_guitar_hero.o(i.app_guitar_hero_actualizar) refers to drv_tiempo.o(i.drv_tiempo_esperar_hasta_ms) for drv_tiempo_esperar_hasta_ms
    app_guitar_hero.o(i.app_guitar_hero_actualizar) refers to drv_leds.o(i.drv_leds_encender_todos) for drv_leds_encender_todos
    app_guitar_hero.o(i.app_guitar_hero_actualizar) refers to drv_leds.o(i.drv_leds_apagar_todos) for drv_leds_apagar_todos
    app_guitar_hero.o(i.app_guitar_hero_actualizar) refers to drv_sc.o(i.drv_sc_disable) for drv_sc_disable
    app_guitar_hero.o(i.app_guitar_hero_actualizar) refers to rt_fifo.o(i.rt_FIFO_encolar) for rt_FIFO_encolar
    app_guitar_hero.o(i.app_guitar_hero_actualizar) refers to drv_sc.o(i.drv_sc_enable) for drv_sc_enable
    app_guitar_hero.o(i.app_guitar_hero_actualizar) refers to drv_uart.o(i.drv_uart_puts) for drv_uart_puts
    app_guitar_hero.o(i.app_guitar_hero_actualizar) refers to app_guitar_hero.o(i.app_guitar_hero_estado_shift_leds) for app_guitar_hero_estado_shift_leds
    app_guitar_hero.o(i.app_guitar_hero_actualizar) refers to app_guitar_hero.o(i.modificar_puntuacion) for modificar_puntuacion
    app_guitar_hero.o(i.app_guitar_hero_actualizar) refers to app_guitar_hero.o(i.app_guitar_hero_estado_fin) for app_guitar_hero_estado_fin
    app_guitar_hero.o(i.app_guitar_hero_actualizar) refers to app_guitar_hero.o(.data) for .data
    app_guitar_hero.o(i.app_guitar_hero_actualizar) refers to app_guitar_hero.o(i.app_guitar_hero_estado_inicio) for i.app_guitar_hero_estado_inicio
    app_guitar_hero.o(i.app_guitar_hero_boton_terminar) refers to svc_alarma.o(i.svc_alarma_codificar) for svc_alarma_codificar
    app_guitar_hero.o(i.app_guitar_hero_boton_terminar) refers to svc_alarma.o(i.svc_alarma_activar) for svc_alarma_activar
    app_guitar_hero.o(i.app_guitar_hero_cancelar_timeout) refers to svc_alarma.o(i.svc_alarma_codificar) for svc_alarma_codificar
    app_guitar_hero.o(i.app_guitar_hero_cancelar_timeout) refers to svc_alarma.o(i.svc_alarma_activar) for svc_alarma_activar
    app_guitar_hero.o(i.app_guitar_hero_estadisticas) refers to drv_uart.o(i.drv_uart_puts) for drv_uart_puts
    app_guitar_hero.o(i.app_guitar_hero_estadisticas) refers to drv_uart.o(i.drv_uart_putint) for drv_uart_putint
    app_guitar_hero.o(i.app_guitar_hero_estadisticas) refers to app_guitar_hero.o(.data) for .data
    app_guitar_hero.o(i.app_guitar_hero_estado_boton) refers to app_guitar_hero.o(i.modificar_puntuacion) for modificar_puntuacion
    app_guitar_hero.o(i.app_guitar_hero_estado_boton) refers to app_guitar_hero.o(.data) for .data
    app_guitar_hero.o(i.app_guitar_hero_estado_fin) refers to drv_uart.o(i.drv_uart_puts) for drv_uart_puts
    app_guitar_hero.o(i.app_guitar_hero_estado_fin) refers to drv_uart.o(i.drv_uart_putint) for drv_uart_putint
    app_guitar_hero.o(i.app_guitar_hero_estado_fin) refers to drv_sc.o(i.drv_sc_disable) for drv_sc_disable
    app_guitar_hero.o(i.app_guitar_hero_estado_fin) refers to rt_fifo.o(i.rt_FIFO_encolar) for rt_FIFO_encolar
    app_guitar_hero.o(i.app_guitar_hero_estado_fin) refers to drv_sc.o(i.drv_sc_enable) for drv_sc_enable
    app_guitar_hero.o(i.app_guitar_hero_estado_fin) refers to app_guitar_hero.o(.data) for .data
    app_guitar_hero.o(i.app_guitar_hero_estado_fin) refers to app_guitar_hero.o(i.app_guitar_hero_estadisticas) for i.app_guitar_hero_estadisticas
    app_guitar_hero.o(i.app_guitar_hero_estado_inicio) refers to drv_leds.o(i.drv_led_establecer) for drv_led_establecer
    app_guitar_hero.o(i.app_guitar_hero_estado_inicio) refers to drv_tiempo.o(i.drv_tiempo_actual_ms) for drv_tiempo_actual_ms
    app_guitar_hero.o(i.app_guitar_hero_estado_inicio) refers to drv_tiempo.o(i.drv_tiempo_esperar_hasta_ms) for drv_tiempo_esperar_hasta_ms
    app_guitar_hero.o(i.app_guitar_hero_estado_inicio) refers to drv_leds.o(i.drv_leds_encender_todos) for drv_leds_encender_todos
    app_guitar_hero.o(i.app_guitar_hero_estado_inicio) refers to drv_leds.o(i.drv_leds_apagar_todos) for drv_leds_apagar_todos
    app_guitar_hero.o(i.app_guitar_hero_estado_inicio) refers to drv_sc.o(i.drv_sc_disable) for drv_sc_disable
    app_guitar_hero.o(i.app_guitar_hero_estado_inicio) refers to rt_fifo.o(i.rt_FIFO_encolar) for rt_FIFO_encolar
    app_guitar_hero.o(i.app_guitar_hero_estado_inicio) refers to drv_sc.o(i.drv_sc_enable) for drv_sc_enable
    app_guitar_hero.o(i.app_guitar_hero_estado_inicio) refers to drv_uart.o(i.drv_uart_puts) for drv_uart_puts
    app_guitar_hero.o(i.app_guitar_hero_estado_inicio) refers to app_guitar_hero.o(.data) for .data
    app_guitar_hero.o(i.app_guitar_hero_estado_inicio) refers to app_guitar_hero.o(i.modificar_puntuacion) for i.modificar_puntuacion
    app_guitar_hero.o(i.app_guitar_hero_estado_shift_leds) refers to svc_random.o(i.svc_random_value) for svc_random_value
    app_guitar_hero.o(i.app_guitar_hero_estado_shift_leds) refers to drv_leds.o(i.drv_led_establecer) for drv_led_establecer
    app_guitar_hero.o(i.app_guitar_hero_estado_shift_leds) refers to drv_sc.o(i.drv_sc_disable) for drv_sc_disable
    app_guitar_hero.o(i.app_guitar_hero_estado_shift_leds) refers to rt_fifo.o(i.rt_FIFO_encolar) for rt_FIFO_encolar
    app_guitar_hero.o(i.app_guitar_hero_estado_shift_leds) refers to drv_sc.o(i.drv_sc_enable) for drv_sc_enable
    app_guitar_hero.o(i.app_guitar_hero_estado_shift_leds) refers to svc_alarma.o(i.svc_alarma_codificar) for svc_alarma_codificar
    app_guitar_hero.o(i.app_guitar_hero_estado_shift_leds) refers to svc_alarma.o(i.svc_alarma_activar) for svc_alarma_activar
    app_guitar_hero.o(i.app_guitar_hero_estado_shift_leds) refers to app_guitar_hero.o(.data) for .data
    app_guitar_hero.o(i.app_guitar_hero_iniciar) refers to rt_ge.o(i.svc_GE_suscribir) for svc_GE_suscribir
    app_guitar_hero.o(i.app_guitar_hero_iniciar) refers to drv_botones.o(i.drv_botones_cantidad) for drv_botones_cantidad
    app_guitar_hero.o(i.app_guitar_hero_iniciar) refers to drv_sc.o(i.drv_sc_disable) for drv_sc_disable
    app_guitar_hero.o(i.app_guitar_hero_iniciar) refers to rt_fifo.o(i.rt_FIFO_encolar) for rt_FIFO_encolar
    app_guitar_hero.o(i.app_guitar_hero_iniciar) refers to drv_sc.o(i.drv_sc_enable) for drv_sc_enable
    app_guitar_hero.o(i.app_guitar_hero_iniciar) refers to rt_ge.o(i.rt_GE_lanzador) for rt_GE_lanzador
    app_guitar_hero.o(i.app_guitar_hero_iniciar) refers to app_guitar_hero.o(.data) for .data
    app_guitar_hero.o(i.app_guitar_hero_iniciar) refers to app_guitar_hero.o(i.app_guitar_hero_estado_fin) for app_guitar_hero_estado_fin
    app_guitar_hero.o(i.app_guitar_hero_iniciar) refers to app_guitar_hero.o(i.app_guitar_hero_actualizar) for app_guitar_hero_actualizar
    app_guitar_hero.o(i.app_guitar_hero_iniciar) refers to app_guitar_hero.o(i.app_guitar_hero_estado_boton) for app_guitar_hero_estado_boton
    app_guitar_hero.o(i.app_guitar_hero_iniciar) refers to app_guitar_hero.o(i.app_guitar_hero_cancelar_timeout) for app_guitar_hero_cancelar_timeout
    app_guitar_hero.o(i.app_guitar_hero_iniciar) refers to app_guitar_hero.o(i.app_guitar_hero_manejar_beat) for app_guitar_hero_manejar_beat
    app_guitar_hero.o(i.app_guitar_hero_iniciar) refers to app_guitar_hero.o(i.app_guitar_hero_boton_terminar) for app_guitar_hero_boton_terminar
    app_guitar_hero.o(i.app_guitar_hero_manejador_botones) refers to drv_botones.o(i.drv_botones_encontrar_indice) for drv_botones_encontrar_indice
    app_guitar_hero.o(i.app_guitar_hero_manejador_botones) refers to svc_alarma.o(i.svc_alarma_codificar) for svc_alarma_codificar
    app_guitar_hero.o(i.app_guitar_hero_manejador_botones) refers to svc_alarma.o(i.svc_alarma_activar) for svc_alarma_activar
    app_guitar_hero.o(i.app_guitar_hero_manejador_botones) refers to drv_botones.o(i.drv_botones_cantidad) for drv_botones_cantidad
    app_guitar_hero.o(i.app_guitar_hero_manejador_botones) refers to drv_sc.o(i.drv_sc_disable) for drv_sc_disable
    app_guitar_hero.o(i.app_guitar_hero_manejador_botones) refers to rt_fifo.o(i.rt_FIFO_encolar) for rt_FIFO_encolar
    app_guitar_hero.o(i.app_guitar_hero_manejador_botones) refers to drv_sc.o(i.drv_sc_enable) for drv_sc_enable
    app_guitar_hero.o(i.app_guitar_hero_manejar_beat) refers to drv_sc.o(i.drv_sc_disable) for drv_sc_disable
    app_guitar_hero.o(i.app_guitar_hero_manejar_beat) refers to rt_fifo.o(i.rt_FIFO_encolar) for rt_FIFO_encolar
    app_guitar_hero.o(i.app_guitar_hero_manejar_beat) refers to drv_sc.o(i.drv_sc_enable) for drv_sc_enable
    app_guitar_hero.o(i.comprobar_acierto) refers to app_guitar_hero.o(.data) for .data
    app_guitar_hero.o(i.encolar_EM) refers to drv_sc.o(i.drv_sc_disable) for drv_sc_disable
    app_guitar_hero.o(i.encolar_EM) refers to rt_fifo.o(i.rt_FIFO_encolar) for rt_FIFO_encolar
    app_guitar_hero.o(i.encolar_EM) refers to drv_sc.o(i.drv_sc_enable) for drv_sc_enable
    app_guitar_hero.o(i.modificar_puntuacion) refers to drv_uart.o(i.drv_uart_puts) for drv_uart_puts
    app_guitar_hero.o(i.modificar_puntuacion) refers to app_guitar_hero.o(.data) for .data
    app_bit_counter_strike.o(i.actualizar_bit_counter_strike) refers to svc_random.o(i.svc_random_value) for svc_random_value
    app_bit_counter_strike.o(i.actualizar_bit_counter_strike) refers to drv_leds.o(i.drv_led_establecer) for drv_led_establecer
    app_bit_counter_strike.o(i.actualizar_bit_counter_strike) refers to svc_alarma.o(i.svc_alarma_codificar) for svc_alarma_codificar
    app_bit_counter_strike.o(i.actualizar_bit_counter_strike) refers to svc_alarma.o(i.svc_alarma_activar) for svc_alarma_activar
    app_bit_counter_strike.o(i.actualizar_bit_counter_strike) refers to app_bit_counter_strike.o(.data) for .data
    app_bit_counter_strike.o(i.bit_counter_strike) refers to drv_monitor.o(i.drv_monitor_iniciar) for drv_monitor_iniciar
    app_bit_counter_strike.o(i.bit_counter_strike) refers to drv_consumo.o(i.drv_consumo_iniciar) for drv_consumo_iniciar
    app_bit_counter_strike.o(i.bit_counter_strike) refers to rt_fifo.o(i.rt_FIFO_inicializar) for rt_FIFO_inicializar
    app_bit_counter_strike.o(i.bit_counter_strike) refers to rt_ge.o(i.rt_GE_iniciar) for rt_GE_iniciar
    app_bit_counter_strike.o(i.bit_counter_strike) refers to drv_botones.o(i.drv_botones_iniciar) for drv_botones_iniciar
    app_bit_counter_strike.o(i.bit_counter_strike) refers to svc_alarma.o(i.svc_alarma_codificar) for svc_alarma_codificar
    app_bit_counter_strike.o(i.bit_counter_strike) refers to svc_alarma.o(i.svc_alarma_activar) for svc_alarma_activar
    app_bit_counter_strike.o(i.bit_counter_strike) refers to rt_ge.o(i.svc_GE_suscribir) for svc_GE_suscribir
    app_bit_counter_strike.o(i.bit_counter_strike) refers to drv_tiempo.o(i.drv_tiempo_actual_us) for drv_tiempo_actual_us
    app_bit_counter_strike.o(i.bit_counter_strike) refers to svc_random.o(i.svc_random_iniciar) for svc_random_iniciar
    app_bit_counter_strike.o(i.bit_counter_strike) refers to drv_wdt.o(i.drv_wdt_iniciar) for drv_wdt_iniciar
    app_bit_counter_strike.o(i.bit_counter_strike) refers to drv_leds.o(i.drv_led_establecer) for drv_led_establecer
    app_bit_counter_strike.o(i.bit_counter_strike) refers to drv_consumo.o(i.drv_consumo_esperar) for drv_consumo_esperar
    app_bit_counter_strike.o(i.bit_counter_strike) refers to rt_ge.o(i.rt_GE_lanzador) for rt_GE_lanzador
    app_bit_counter_strike.o(i.bit_counter_strike) refers to app_bit_counter_strike.o(.data) for .data
    app_bit_counter_strike.o(i.bit_counter_strike) refers to app_bit_counter_strike.o(i.manejador_interrupcion_botones) for manejador_interrupcion_botones
    app_bit_counter_strike.o(i.bit_counter_strike) refers to app_bit_counter_strike.o(i.actualizar_bit_counter_strike) for actualizar_bit_counter_strike
    app_bit_counter_strike.o(i.bit_counter_strike) refers to app_bit_counter_strike.o(i.timeout_led) for timeout_led
    app_bit_counter_strike.o(i.iniciarBCS) refers to drv_leds.o(i.drv_led_establecer) for drv_led_establecer
    app_bit_counter_strike.o(i.iniciarBCS) refers to drv_consumo.o(i.drv_consumo_esperar) for drv_consumo_esperar
    app_bit_counter_strike.o(i.iniciarBCS) refers to app_bit_counter_strike.o(.data) for .data
    app_bit_counter_strike.o(i.manejador_interrupcion_botones) refers to drv_botones.o(i.drv_botones_actualizar) for drv_botones_actualizar
    app_bit_counter_strike.o(i.manejador_interrupcion_botones) refers to rt_fifo.o(i.rt_FIFO_encolar) for rt_FIFO_encolar
    app_bit_counter_strike.o(i.timeout_led) refers to drv_leds.o(i.drv_led_establecer) for drv_led_establecer
    app_bit_counter_strike.o(i.timeout_led) refers to app_bit_counter_strike.o(.data) for .data
    drv_botones.o(i.callback_wrapper_interna) refers to drv_botones.o(.data) for .data
    drv_botones.o(i.drv_botones_actualizar) refers to hal_ext_int_nrf.o(i.pin_to_eint) for pin_to_eint
    drv_botones.o(i.drv_botones_actualizar) refers to hal_ext_int_nrf.o(i.hal_ext_int_clear_flag) for hal_ext_int_clear_flag
    drv_botones.o(i.drv_botones_actualizar) refers to hal_ext_int_nrf.o(i.hal_ext_int_habilitar_int) for hal_ext_int_habilitar_int
    drv_botones.o(i.drv_botones_actualizar) refers to svc_alarma.o(i.svc_alarma_codificar) for svc_alarma_codificar
    drv_botones.o(i.drv_botones_actualizar) refers to svc_alarma.o(i.svc_alarma_activar) for svc_alarma_activar
    drv_botones.o(i.drv_botones_actualizar) refers to hal_ext_int_nrf.o(i.pin_to_gpio) for pin_to_gpio
    drv_botones.o(i.drv_botones_actualizar) refers to hal_gpio_nrf.o(i.hal_gpio_leer_in) for hal_gpio_leer_in
    drv_botones.o(i.drv_botones_actualizar) refers to drv_botones.o(.bss) for .bss
    drv_botones.o(i.drv_botones_actualizar) refers to drv_botones.o(.data) for .data
    drv_botones.o(i.drv_botones_encontrar_indice) refers to drv_botones.o(.bss) for .bss
    drv_botones.o(i.drv_botones_iniciar) refers to hal_ext_int_nrf.o(i.hal_ext_int_iniciar) for hal_ext_int_iniciar
    drv_botones.o(i.drv_botones_iniciar) refers to svc_alarma.o(i.svc_alarma_iniciar) for svc_alarma_iniciar
    drv_botones.o(i.drv_botones_iniciar) refers to hal_ext_int_nrf.o(i.hal_ext_int_habilitar_int) for hal_ext_int_habilitar_int
    drv_botones.o(i.drv_botones_iniciar) refers to hal_ext_int_nrf.o(i.hal_ext_int_habilitar_despertar) for hal_ext_int_habilitar_despertar
    drv_botones.o(i.drv_botones_iniciar) refers to hal_gpio_nrf.o(i.hal_gpio_sentido) for hal_gpio_sentido
    drv_botones.o(i.drv_botones_iniciar) refers to rt_ge.o(i.svc_GE_suscribir) for svc_GE_suscribir
    drv_botones.o(i.drv_botones_iniciar) refers to drv_botones.o(i.callback_wrapper_interna) for callback_wrapper_interna
    drv_botones.o(i.drv_botones_iniciar) refers to drv_botones.o(.data) for .data
    drv_botones.o(i.drv_botones_iniciar) refers to rt_fifo.o(i.rt_FIFO_encolar) for rt_FIFO_encolar
    drv_botones.o(i.drv_botones_iniciar) refers to drv_botones.o(.bss) for .bss
    drv_botones.o(i.drv_botones_iniciar) refers to drv_botones.o(.constdata) for .constdata
    drv_botones.o(i.drv_botones_iniciar) refers to drv_botones.o(i.drv_botones_actualizar) for drv_botones_actualizar
    drv_consumo.o(i.drv_consumo_dormir) refers to hal_ext_int_nrf.o(i.hal_ext_int_clear) for hal_ext_int_clear
    drv_consumo.o(i.drv_consumo_dormir) refers to hal_consumo_nrf.o(i.hal_consumo_dormir) for hal_consumo_dormir
    drv_consumo.o(i.drv_consumo_dormir) refers to drv_monitor.o(i.drv_monitor_marcar) for drv_monitor_marcar
    drv_consumo.o(i.drv_consumo_dormir) refers to drv_consumo.o(.data) for .data
    drv_consumo.o(i.drv_consumo_esperar) refers to drv_monitor.o(i.drv_monitor_desmarcar) for drv_monitor_desmarcar
    drv_consumo.o(i.drv_consumo_esperar) refers to hal_consumo_nrf.o(i.hal_consumo_esperar) for hal_consumo_esperar
    drv_consumo.o(i.drv_consumo_esperar) refers to drv_monitor.o(i.drv_monitor_marcar) for drv_monitor_marcar
    drv_consumo.o(i.drv_consumo_esperar) refers to drv_consumo.o(.data) for .data
    drv_consumo.o(i.drv_consumo_iniciar) refers to hal_consumo_nrf.o(i.hal_consumo_iniciar) for hal_consumo_iniciar
    drv_consumo.o(i.drv_consumo_iniciar) refers to drv_monitor.o(i.drv_monitor_iniciar) for drv_monitor_iniciar
    drv_consumo.o(i.drv_consumo_iniciar) refers to drv_consumo.o(.data) for .data
    drv_leds.o(i.drv_led_conmutar) refers to hal_gpio_nrf.o(i.hal_gpio_leer) for hal_gpio_leer
    drv_leds.o(i.drv_led_conmutar) refers to hal_gpio_nrf.o(i.hal_gpio_escribir) for hal_gpio_escribir
    drv_leds.o(i.drv_led_conmutar) refers to drv_leds.o(.constdata) for .constdata
    drv_leds.o(i.drv_led_establecer) refers to hal_gpio_nrf.o(i.hal_gpio_escribir) for hal_gpio_escribir
    drv_leds.o(i.drv_led_establecer) refers to drv_leds.o(.constdata) for .constdata
    drv_leds.o(i.drv_led_estado) refers to hal_gpio_nrf.o(i.hal_gpio_leer) for hal_gpio_leer
    drv_leds.o(i.drv_led_estado) refers to drv_leds.o(.constdata) for .constdata
    drv_leds.o(i.drv_leds_apagar_todos) refers to hal_gpio_nrf.o(i.hal_gpio_escribir) for hal_gpio_escribir
    drv_leds.o(i.drv_leds_apagar_todos) refers to drv_leds.o(.constdata) for .constdata
    drv_leds.o(i.drv_leds_encender_todos) refers to hal_gpio_nrf.o(i.hal_gpio_escribir) for hal_gpio_escribir
    drv_leds.o(i.drv_leds_encender_todos) refers to drv_leds.o(.constdata) for .constdata
    drv_leds.o(i.drv_leds_iniciar) refers to hal_gpio_nrf.o(i.hal_gpio_sentido) for hal_gpio_sentido
    drv_leds.o(i.drv_leds_iniciar) refers to hal_gpio_nrf.o(i.hal_gpio_escribir) for hal_gpio_escribir
    drv_leds.o(i.drv_leds_iniciar) refers to drv_leds.o(.constdata) for .constdata
    drv_monitor.o(i.drv_monitor_desmarcar) refers to hal_gpio_nrf.o(i.hal_gpio_escribir) for hal_gpio_escribir
    drv_monitor.o(i.drv_monitor_desmarcar) refers to drv_monitor.o(.constdata) for .constdata
    drv_monitor.o(i.drv_monitor_iniciar) refers to hal_gpio_nrf.o(i.hal_gpio_sentido) for hal_gpio_sentido
    drv_monitor.o(i.drv_monitor_iniciar) refers to hal_gpio_nrf.o(i.hal_gpio_escribir) for hal_gpio_escribir
    drv_monitor.o(i.drv_monitor_iniciar) refers to drv_monitor.o(.constdata) for .constdata
    drv_monitor.o(i.drv_monitor_marcar) refers to hal_gpio_nrf.o(i.hal_gpio_escribir) for hal_gpio_escribir
    drv_monitor.o(i.drv_monitor_marcar) refers to drv_monitor.o(.constdata) for .constdata
    drv_sc.o(i.drv_sc_disable) refers to hal_sc_nrf.o(i.hal_sc_disable) for hal_sc_disable
    drv_sc.o(i.drv_sc_disable) refers to drv_sc.o(.data) for .data
    drv_sc.o(i.drv_sc_enable) refers to hal_sc_nrf.o(i.hal_sc_restaurar) for hal_sc_restaurar
    drv_sc.o(i.drv_sc_enable) refers to drv_sc.o(.data) for .data
    drv_tiempo.o(i.callback_wrapper_interno) refers to drv_tiempo.o(.data) for .data
    drv_tiempo.o(i.drv_tiempo_actual_ms) refers to hal_tiempo_nrf.o(i.hal_tiempo_actual_tick64) for hal_tiempo_actual_tick64
    drv_tiempo.o(i.drv_tiempo_actual_ms) refers to uldiv.o(.text) for __aeabi_uldivmod
    drv_tiempo.o(i.drv_tiempo_actual_ms) refers to drv_tiempo.o(.bss) for .bss
    drv_tiempo.o(i.drv_tiempo_actual_us) refers to hal_tiempo_nrf.o(i.hal_tiempo_actual_tick64) for hal_tiempo_actual_tick64
    drv_tiempo.o(i.drv_tiempo_actual_us) refers to uldiv.o(.text) for __aeabi_uldivmod
    drv_tiempo.o(i.drv_tiempo_actual_us) refers to drv_tiempo.o(.bss) for .bss
    drv_tiempo.o(i.drv_tiempo_esperar_hasta_ms) refers to hal_tiempo_nrf.o(i.hal_tiempo_actual_tick64) for hal_tiempo_actual_tick64
    drv_tiempo.o(i.drv_tiempo_esperar_hasta_ms) refers to uldiv.o(.text) for __aeabi_uldivmod
    drv_tiempo.o(i.drv_tiempo_esperar_hasta_ms) refers to drv_tiempo.o(.bss) for .bss
    drv_tiempo.o(i.drv_tiempo_esperar_ms) refers to hal_tiempo_nrf.o(i.hal_tiempo_actual_tick64) for hal_tiempo_actual_tick64
    drv_tiempo.o(i.drv_tiempo_esperar_ms) refers to uldiv.o(.text) for __aeabi_uldivmod
    drv_tiempo.o(i.drv_tiempo_esperar_ms) refers to drv_tiempo.o(.bss) for .bss
    drv_tiempo.o(i.drv_tiempo_iniciar) refers to hal_tiempo_nrf.o(i.hal_tiempo_iniciar_tick) for hal_tiempo_iniciar_tick
    drv_tiempo.o(i.drv_tiempo_iniciar) refers to drv_tiempo.o(.bss) for .bss
    drv_tiempo.o(i.drv_tiempo_periodico_ms) refers to hal_tiempo_nrf.o(i.hal_iniciar_T0) for hal_iniciar_T0
    drv_tiempo.o(i.drv_tiempo_periodico_ms) refers to hal_tiempo_nrf.o(i.hal_tiempo_reloj_periodico_tick) for hal_tiempo_reloj_periodico_tick
    drv_tiempo.o(i.drv_tiempo_periodico_ms) refers to drv_tiempo.o(.data) for .data
    drv_tiempo.o(i.drv_tiempo_periodico_ms) refers to drv_tiempo.o(.bss) for .bss
    drv_tiempo.o(i.drv_tiempo_periodico_ms) refers to drv_tiempo.o(i.callback_wrapper_interno) for callback_wrapper_interno
    drv_uart.o(i.drv_uart_init) refers to hal_uart_nrf.o(i.hal_uart_init) for hal_uart_init
    drv_uart.o(i.drv_uart_putchar) refers to hal_uart_nrf.o(i.hal_uart_putchar) for hal_uart_putchar
    drv_uart.o(i.drv_uart_putint) refers to hal_uart_nrf.o(i.hal_uart_putchar) for hal_uart_putchar
    drv_uart.o(i.drv_uart_puts) refers to hal_uart_nrf.o(i.hal_uart_putchar) for hal_uart_putchar
    drv_wdt.o(i.drv_wdt_feed) refers to drv_sc.o(i.drv_sc_disable) for drv_sc_disable
    drv_wdt.o(i.drv_wdt_feed) refers to hal_wdt_nrf.o(i.hal_wdt_feed) for hal_wdt_feed
    drv_wdt.o(i.drv_wdt_feed) refers to drv_sc.o(i.drv_sc_enable) for drv_sc_enable
    drv_wdt.o(i.drv_wdt_iniciar) refers to drv_sc.o(i.drv_sc_disable) for drv_sc_disable
    drv_wdt.o(i.drv_wdt_iniciar) refers to hal_wdt_nrf.o(i.hal_wdt_iniciar) for hal_wdt_iniciar
    drv_wdt.o(i.drv_wdt_iniciar) refers to drv_sc.o(i.drv_sc_enable) for drv_sc_enable
    svc_alarma.o(i.svc_alarma_activar) refers to drv_monitor.o(i.drv_monitor_marcar) for drv_monitor_marcar
    svc_alarma.o(i.svc_alarma_activar) refers to drv_uart.o(i.drv_uart_puts) for drv_uart_puts
    svc_alarma.o(i.svc_alarma_activar) refers to svc_alarma.o(.bss) for .bss
    svc_alarma.o(i.svc_alarma_activar) refers to svc_alarma.o(.data) for .data
    svc_alarma.o(i.svc_alarma_actualizar) refers to svc_alarma.o(.data) for .data
    svc_alarma.o(i.svc_alarma_actualizar) refers to svc_alarma.o(.bss) for .bss
    svc_alarma.o(i.svc_alarma_iniciar) refers to drv_tiempo.o(i.drv_tiempo_periodico_ms) for drv_tiempo_periodico_ms
    svc_alarma.o(i.svc_alarma_iniciar) refers to rt_ge.o(i.svc_GE_suscribir) for svc_GE_suscribir
    svc_alarma.o(i.svc_alarma_iniciar) refers to svc_alarma.o(.data) for .data
    svc_alarma.o(i.svc_alarma_iniciar) refers to svc_alarma.o(.bss) for .bss
    svc_alarma.o(i.svc_alarma_iniciar) refers to svc_alarma.o(i.svc_alarma_actualizar) for svc_alarma_actualizar
    svc_estadisticas.o(i.svc_estadisticas_iniciar) refers to svc_estadisticas.o(.bss) for .bss
    svc_estadisticas.o(i.svc_estadisticas_print) refers to drv_uart.o(i.drv_uart_puts) for drv_uart_puts
    svc_estadisticas.o(i.svc_estadisticas_print) refers to drv_uart.o(i.drv_uart_putint) for drv_uart_putint
    svc_estadisticas.o(i.svc_estadisticas_print) refers to svc_estadisticas.o(.bss) for .bss
    svc_estadisticas.o(i.svc_estadisticas_set_tmp) refers to drv_tiempo.o(i.drv_tiempo_actual_us) for drv_tiempo_actual_us
    svc_estadisticas.o(i.svc_estadisticas_set_tmp) refers to uldiv.o(.text) for __aeabi_uldivmod
    svc_estadisticas.o(i.svc_estadisticas_set_tmp) refers to svc_estadisticas.o(.bss) for .bss
    svc_estadisticas.o(i.svc_estadisticas_set_tmp_fifo) refers to drv_tiempo.o(i.drv_tiempo_actual_ms) for drv_tiempo_actual_ms
    svc_estadisticas.o(i.svc_estadisticas_set_tmp_fifo) refers to ldiv.o(.text) for __aeabi_ldivmod
    svc_estadisticas.o(i.svc_estadisticas_set_tmp_fifo) refers to svc_estadisticas.o(.bss) for .bss
    svc_random.o(i.svc_random_iniciar) refers to hal_random_nrf.o(i.hal_random_iniciar) for hal_random_iniciar
    svc_random.o(i.svc_random_value) refers to hal_random_nrf.o(i.hal_random_value) for hal_random_value
    rt_fifo.o(i.rt_FIFO_encolar) refers to drv_monitor.o(i.drv_monitor_marcar) for drv_monitor_marcar
    rt_fifo.o(i.rt_FIFO_encolar) refers to drv_leds.o(i.drv_led_establecer) for drv_led_establecer
    rt_fifo.o(i.rt_FIFO_encolar) refers to drv_sc.o(i.drv_sc_disable) for drv_sc_disable
    rt_fifo.o(i.rt_FIFO_encolar) refers to drv_tiempo.o(i.drv_tiempo_actual_us) for drv_tiempo_actual_us
    rt_fifo.o(i.rt_FIFO_encolar) refers to drv_sc.o(i.drv_sc_enable) for drv_sc_enable
    rt_fifo.o(i.rt_FIFO_encolar) refers to rt_fifo.o(.bss) for .bss
    rt_fifo.o(i.rt_FIFO_estadisticas) refers to rt_fifo.o(.bss) for .bss
    rt_fifo.o(i.rt_FIFO_extraer) refers to drv_sc.o(i.drv_sc_disable) for drv_sc_disable
    rt_fifo.o(i.rt_FIFO_extraer) refers to drv_sc.o(i.drv_sc_enable) for drv_sc_enable
    rt_fifo.o(i.rt_FIFO_extraer) refers to rt_fifo.o(.bss) for .bss
    rt_fifo.o(i.rt_FIFO_inicializar) refers to rt_fifo.o(.bss) for .bss
    rt_ge.o(i.rt_GE_actualizar) refers to svc_alarma.o(i.svc_alarma_codificar) for svc_alarma_codificar
    rt_ge.o(i.rt_GE_actualizar) refers to svc_alarma.o(i.svc_alarma_activar) for svc_alarma_activar
    rt_ge.o(i.rt_GE_actualizar) refers to drv_consumo.o(i.drv_consumo_dormir) for drv_consumo_dormir
    rt_ge.o(i.rt_GE_actualizar) refers to rt_ge.o(.data) for .data
    rt_ge.o(i.rt_GE_iniciar) refers to drv_monitor.o(i.drv_monitor_marcar) for drv_monitor_marcar
    rt_ge.o(i.rt_GE_iniciar) refers to rt_ge.o(.data) for .data
    rt_ge.o(i.rt_GE_iniciar) refers to rt_ge.o(.bss) for .bss
    rt_ge.o(i.rt_GE_iniciar) refers to rt_ge.o(i.rt_GE_actualizar) for rt_GE_actualizar
    rt_ge.o(i.rt_GE_lanzador) refers to svc_alarma.o(i.svc_alarma_codificar) for svc_alarma_codificar
    rt_ge.o(i.rt_GE_lanzador) refers to svc_alarma.o(i.svc_alarma_activar) for svc_alarma_activar
    rt_ge.o(i.rt_GE_lanzador) refers to rt_fifo.o(i.rt_FIFO_extraer) for rt_FIFO_extraer
    rt_ge.o(i.rt_GE_lanzador) refers to drv_wdt.o(i.drv_wdt_feed) for drv_wdt_feed
    rt_ge.o(i.rt_GE_lanzador) refers to drv_consumo.o(i.drv_consumo_esperar) for drv_consumo_esperar
    rt_ge.o(i.rt_GE_lanzador) refers to rt_ge.o(.data) for .data
    rt_ge.o(i.rt_GE_lanzador) refers to rt_ge.o(.bss) for .bss
    rt_ge.o(i.svc_GE_cancelar) refers to rt_ge.o(.bss) for .bss
    rt_ge.o(i.svc_GE_suscribir) refers to drv_monitor.o(i.drv_monitor_marcar) for drv_monitor_marcar
    rt_ge.o(i.svc_GE_suscribir) refers to rt_ge.o(.bss) for .bss
    rt_ge.o(i.svc_GE_suscribir) refers to rt_ge.o(.data) for .data
    hal_ext_int_nrf.o(i.GPIOTE_IRQHandler) refers to hal_ext_int_nrf.o(.data) for .data
    hal_ext_int_nrf.o(i.hal_ext_int_habilitar_int) refers to hal_ext_int_nrf.o(.data) for .data
    hal_ext_int_nrf.o(i.hal_ext_int_iniciar) refers to hal_ext_int_nrf.o(.data) for .data
    hal_tiempo_nrf.o(i.TIMER0_IRQHandler) refers to hal_tiempo_nrf.o(.data) for .data
    hal_tiempo_nrf.o(i.TIMER1_IRQHandler) refers to hal_tiempo_nrf.o(.data) for .data
    hal_tiempo_nrf.o(i.hal_tiempo_actual_tick64) refers to hal_tiempo_nrf.o(.data) for .data
    hal_tiempo_nrf.o(i.hal_tiempo_periodico_set_callback) refers to hal_tiempo_nrf.o(.data) for .data
    hal_tiempo_nrf.o(i.hal_tiempo_reloj_periodico_tick) refers to hal_tiempo_nrf.o(.data) for .data
    hal_uart_nrf.o(i.hal_uart_putchar) refers to hal_uart_nrf.o(.data) for .data
    arm_startup_nrf52840.o(RESET) refers to arm_startup_nrf52840.o(STACK) for __initial_sp
    arm_startup_nrf52840.o(RESET) refers to arm_startup_nrf52840.o(.text) for Reset_Handler
    arm_startup_nrf52840.o(RESET) refers to hal_ext_int_nrf.o(i.GPIOTE_IRQHandler) for GPIOTE_IRQHandler
    arm_startup_nrf52840.o(RESET) refers to hal_tiempo_nrf.o(i.TIMER0_IRQHandler) for TIMER0_IRQHandler
    arm_startup_nrf52840.o(RESET) refers to hal_tiempo_nrf.o(i.TIMER1_IRQHandler) for TIMER1_IRQHandler
    arm_startup_nrf52840.o(.text) refers to system_nrf52.o(i.SystemInit) for SystemInit
    arm_startup_nrf52840.o(.text) refers to entry.o(.ARM.Collect$$$$00000000) for __main
    system_nrf52.o(i.SystemCoreClockUpdate) refers to system_nrf52.o(.data) for .data
    system_nrf52.o(i.SystemInit) refers to system_nrf52.o(.data) for .data
    entry.o(.ARM.Collect$$$$00000000) refers (Special) to entry10a.o(.ARM.Collect$$$$0000000D) for __rt_final_cpp
    entry.o(.ARM.Collect$$$$00000000) refers (Special) to entry11a.o(.ARM.Collect$$$$0000000F) for __rt_final_exit
    entry.o(.ARM.Collect$$$$00000000) refers (Special) to entry7b.o(.ARM.Collect$$$$00000008) for _main_clock
    entry.o(.ARM.Collect$$$$00000000) refers (Special) to entry8b.o(.ARM.Collect$$$$0000000A) for _main_cpp_init
    entry.o(.ARM.Collect$$$$00000000) refers (Special) to entry9a.o(.ARM.Collect$$$$0000000B) for _main_init
    entry.o(.ARM.Collect$$$$00000000) refers (Special) to entry5.o(.ARM.Collect$$$$00000004) for _main_scatterload
    entry.o(.ARM.Collect$$$$00000000) refers (Special) to entry2.o(.ARM.Collect$$$$00000001) for _main_stk
    uldiv.o(.text) refers to llushr.o(.text) for __aeabi_llsr
    uldiv.o(.text) refers to llshl.o(.text) for __aeabi_llsl
    ldiv.o(.text) refers to uldiv.o(.text) for __aeabi_uldivmod
    entry2.o(.ARM.Collect$$$$00000001) refers to entry2.o(.ARM.Collect$$$$00002712) for __lit__00000000
    entry2.o(.ARM.Collect$$$$00002712) refers to arm_startup_nrf52840.o(STACK) for __initial_sp
    entry2.o(__vectab_stack_and_reset_area) refers to arm_startup_nrf52840.o(STACK) for __initial_sp
    entry2.o(__vectab_stack_and_reset_area) refers to entry.o(.ARM.Collect$$$$00000000) for __main
    entry5.o(.ARM.Collect$$$$00000004) refers to init.o(.text) for __scatterload
    entry9a.o(.ARM.Collect$$$$0000000B) refers to main.o(i.main) for main
    entry9b.o(.ARM.Collect$$$$0000000C) refers to main.o(i.main) for main
    init.o(.text) refers to entry5.o(.ARM.Collect$$$$00000004) for __main_after_scatterload


==============================================================================

Removing Unused input sections from the image.

    Removing main.o(i.blink_v1), (44 bytes).
    Removing main.o(i.blink_v2), (34 bytes).
    Removing main.o(i.blink_v3), (40 bytes).
    Removing main.o(i.blink_v3_bis), (68 bytes).
    Removing main.o(i.blink_v4), (80 bytes).
    Removing main.o(i.drv_boton_estado_actualizar), (2 bytes).
    Removing main.o(i.leds_c), (28 bytes).
    Removing app_guitar_hero.o(i.app_guitar_hero_manejador_botones), (96 bytes).
    Removing app_guitar_hero.o(i.comprobar_acierto), (24 bytes).
    Removing app_guitar_hero.o(i.encolar_EM), (26 bytes).
    Removing app_bit_counter_strike.o(i.actualizar_bit_counter_strike), (188 bytes).
    Removing app_bit_counter_strike.o(i.bit_counter_strike), (184 bytes).
    Removing app_bit_counter_strike.o(i.iniciarBCS), (80 bytes).
    Removing app_bit_counter_strike.o(i.manejador_interrupcion_botones), (32 bytes).
    Removing app_bit_counter_strike.o(i.timeout_led), (56 bytes).
    Removing app_bit_counter_strike.o(.data), (12 bytes).
    Removing drv_botones.o(i.drv_botones_encontrar_indice), (52 bytes).
    Removing drv_leds.o(i.drv_led_conmutar), (92 bytes).
    Removing drv_leds.o(i.drv_led_estado), (56 bytes).
    Removing drv_leds.o(i.drv_leds_cantidad), (4 bytes).
    Removing drv_tiempo.o(i.drv_tiempo_esperar_ms), (64 bytes).
    Removing drv_uart.o(i.drv_uart_putchar), (4 bytes).
    Removing svc_estadisticas.o(i.svc_estadisticas_iniciar), (160 bytes).
    Removing svc_estadisticas.o(i.svc_estadisticas_print), (704 bytes).
    Removing svc_estadisticas.o(i.svc_estadisticas_set_tmp), (352 bytes).
    Removing svc_estadisticas.o(i.svc_estadisticas_set_tmp_fifo), (156 bytes).
    Removing svc_estadisticas.o(.bss), (680 bytes).
    Removing rt_fifo.o(i.rt_FIFO_estadisticas), (20 bytes).
    Removing rt_ge.o(i.svc_GE_cancelar), (164 bytes).
    Removing hal_consumo_nrf.o(.rev16_text), (4 bytes).
    Removing hal_consumo_nrf.o(.revsh_text), (4 bytes).
    Removing hal_consumo_nrf.o(.rrx_text), (6 bytes).
    Removing hal_ext_int_nrf.o(.rev16_text), (4 bytes).
    Removing hal_ext_int_nrf.o(.revsh_text), (4 bytes).
    Removing hal_ext_int_nrf.o(.rrx_text), (6 bytes).
    Removing hal_ext_int_nrf.o(i.hal_ext_int_deshabilitar_despertar), (28 bytes).
    Removing hal_ext_int_nrf.o(i.hal_ext_int_deshabilitar_int), (68 bytes).
    Removing hal_gpio_nrf.o(.rev16_text), (4 bytes).
    Removing hal_gpio_nrf.o(.revsh_text), (4 bytes).
    Removing hal_gpio_nrf.o(.rrx_text), (6 bytes).
    Removing hal_gpio_nrf.o(i.hal_gpio_leer), (24 bytes).
    Removing hal_random_nrf.o(.rev16_text), (4 bytes).
    Removing hal_random_nrf.o(.revsh_text), (4 bytes).
    Removing hal_random_nrf.o(.rrx_text), (6 bytes).
    Removing hal_sc_nrf.o(.rev16_text), (4 bytes).
    Removing hal_sc_nrf.o(.revsh_text), (4 bytes).
    Removing hal_sc_nrf.o(.rrx_text), (6 bytes).
    Removing hal_tiempo_nrf.o(.rev16_text), (4 bytes).
    Removing hal_tiempo_nrf.o(.revsh_text), (4 bytes).
    Removing hal_tiempo_nrf.o(.rrx_text), (6 bytes).
    Removing hal_tiempo_nrf.o(i.hal_tiempo_periodico_config_tick), (80 bytes).
    Removing hal_tiempo_nrf.o(i.hal_tiempo_periodico_enable), (44 bytes).
    Removing hal_tiempo_nrf.o(i.hal_tiempo_periodico_set_callback), (12 bytes).
    Removing hal_uart_nrf.o(.rev16_text), (4 bytes).
    Removing hal_uart_nrf.o(.revsh_text), (4 bytes).
    Removing hal_uart_nrf.o(.rrx_text), (6 bytes).
    Removing hal_uart_nrf.o(i.hal_uart_data_available), (20 bytes).
    Removing hal_uart_nrf.o(i.hal_uart_getchar), (56 bytes).
    Removing hal_uart_nrf.o(i.uarte_baudrate), (160 bytes).
    Removing hal_wdt_nrf.o(.rev16_text), (4 bytes).
    Removing hal_wdt_nrf.o(.revsh_text), (4 bytes).
    Removing hal_wdt_nrf.o(.rrx_text), (6 bytes).
    Removing arm_startup_nrf52840.o(HEAP), (16384 bytes).
    Removing system_nrf52.o(.rev16_text), (4 bytes).
    Removing system_nrf52.o(.revsh_text), (4 bytes).
    Removing system_nrf52.o(.rrx_text), (6 bytes).
    Removing system_nrf52.o(i.SystemCoreClockUpdate), (16 bytes).
    Removing system_nrf52.o(i.nvmc_config), (24 bytes).
    Removing system_nrf52.o(i.nvmc_wait), (16 bytes).

69 unused section(s) (total 20560 bytes) removed from the image.

==============================================================================

Image Symbol Table

    Local Symbols

    Symbol Name                              Value     Ov Type        Size  Object(Section)

    RESET                                    0x00000000   Section      512  arm_startup_nrf52840.o(RESET)
    ../clib/microlib/division.c              0x00000000   Number         0  uldiv.o ABSOLUTE
    ../clib/microlib/division.c              0x00000000   Number         0  ldiv.o ABSOLUTE
    ../clib/microlib/init/entry.s            0x00000000   Number         0  entry5.o ABSOLUTE
    ../clib/microlib/init/entry.s            0x00000000   Number         0  entry7a.o ABSOLUTE
    ../clib/microlib/init/entry.s            0x00000000   Number         0  entry7b.o ABSOLUTE
    ../clib/microlib/init/entry.s            0x00000000   Number         0  entry11b.o ABSOLUTE
    ../clib/microlib/init/entry.s            0x00000000   Number         0  entry2.o ABSOLUTE
    ../clib/microlib/init/entry.s            0x00000000   Number         0  entry8a.o ABSOLUTE
    ../clib/microlib/init/entry.s            0x00000000   Number         0  entry.o ABSOLUTE
    ../clib/microlib/init/entry.s            0x00000000   Number         0  entry8b.o ABSOLUTE
    ../clib/microlib/init/entry.s            0x00000000   Number         0  entry9a.o ABSOLUTE
    ../clib/microlib/init/entry.s            0x00000000   Number         0  entry11a.o ABSOLUTE
    ../clib/microlib/init/entry.s            0x00000000   Number         0  entry9b.o ABSOLUTE
    ../clib/microlib/init/entry.s            0x00000000   Number         0  entry10b.o ABSOLUTE
    ../clib/microlib/init/entry.s            0x00000000   Number         0  entry10a.o ABSOLUTE
    ../clib/microlib/longlong.c              0x00000000   Number         0  llushr.o ABSOLUTE
    ../clib/microlib/longlong.c              0x00000000   Number         0  llshl.o ABSOLUTE
    ..\..\src\app_bit_counter_strike.c       0x00000000   Number         0  app_bit_counter_strike.o ABSOLUTE
    ..\..\src\app_guitar_hero.c              0x00000000   Number         0  app_guitar_hero.o ABSOLUTE
    ..\..\src\drv_botones.c                  0x00000000   Number         0  drv_botones.o ABSOLUTE
    ..\..\src\drv_consumo.c                  0x00000000   Number         0  drv_consumo.o ABSOLUTE
    ..\..\src\drv_leds.c                     0x00000000   Number         0  drv_leds.o ABSOLUTE
    ..\..\src\drv_monitor.c                  0x00000000   Number         0  drv_monitor.o ABSOLUTE
    ..\..\src\drv_sc.c                       0x00000000   Number         0  drv_sc.o ABSOLUTE
    ..\..\src\drv_tiempo.c                   0x00000000   Number         0  drv_tiempo.o ABSOLUTE
    ..\..\src\drv_uart.c                     0x00000000   Number         0  drv_uart.o ABSOLUTE
    ..\..\src\drv_wdt.c                      0x00000000   Number         0  drv_wdt.o ABSOLUTE
    ..\..\src\main.c                         0x00000000   Number         0  main.o ABSOLUTE
    ..\..\src\rt_GE.c                        0x00000000   Number         0  rt_ge.o ABSOLUTE
    ..\..\src\rt_fifo.c                      0x00000000   Number         0  rt_fifo.o ABSOLUTE
    ..\..\src\svc_alarma.c                   0x00000000   Number         0  svc_alarma.o ABSOLUTE
    ..\..\src\svc_estadisticas.c             0x00000000   Number         0  svc_estadisticas.o ABSOLUTE
    ..\..\src\svc_random.c                   0x00000000   Number         0  svc_random.o ABSOLUTE
    ..\\src_nrf\\hal_consumo_nrf.c           0x00000000   Number         0  hal_consumo_nrf.o ABSOLUTE
    ..\\src_nrf\\hal_ext_int_nrf.c           0x00000000   Number         0  hal_ext_int_nrf.o ABSOLUTE
    ..\\src_nrf\\hal_gpio_nrf.c              0x00000000   Number         0  hal_gpio_nrf.o ABSOLUTE
    ..\\src_nrf\\hal_random_nrf.c            0x00000000   Number         0  hal_random_nrf.o ABSOLUTE
    ..\\src_nrf\\hal_sc_nrf.c                0x00000000   Number         0  hal_sc_nrf.o ABSOLUTE
    ..\\src_nrf\\hal_tiempo_nrf.c            0x00000000   Number         0  hal_tiempo_nrf.o ABSOLUTE
    ..\\src_nrf\\hal_uart_nrf.c              0x00000000   Number         0  hal_uart_nrf.o ABSOLUTE
    ..\\src_nrf\\hal_wdt_nrf.c               0x00000000   Number         0  hal_wdt_nrf.o ABSOLUTE
    ..\src_nrf\hal_consumo_nrf.c             0x00000000   Number         0  hal_consumo_nrf.o ABSOLUTE
    ..\src_nrf\hal_ext_int_nrf.c             0x00000000   Number         0  hal_ext_int_nrf.o ABSOLUTE
    ..\src_nrf\hal_gpio_nrf.c                0x00000000   Number         0  hal_gpio_nrf.o ABSOLUTE
    ..\src_nrf\hal_random_nrf.c              0x00000000   Number         0  hal_random_nrf.o ABSOLUTE
    ..\src_nrf\hal_sc_nrf.c                  0x00000000   Number         0  hal_sc_nrf.o ABSOLUTE
    ..\src_nrf\hal_tiempo_nrf.c              0x00000000   Number         0  hal_tiempo_nrf.o ABSOLUTE
    ..\src_nrf\hal_uart_nrf.c                0x00000000   Number         0  hal_uart_nrf.o ABSOLUTE
    ..\src_nrf\hal_wdt_nrf.c                 0x00000000   Number         0  hal_wdt_nrf.o ABSOLUTE
    RTE\Device\nRF52840_xxAA\arm_startup_nrf52840.s 0x00000000   Number         0  arm_startup_nrf52840.o ABSOLUTE
    RTE\Device\nRF52840_xxAA\system_nrf52.c  0x00000000   Number         0  system_nrf52.o ABSOLUTE
    RTE\\Device\\nRF52840_xxAA\\system_nrf52.c 0x00000000   Number         0  system_nrf52.o ABSOLUTE
    dc.s                                     0x00000000   Number         0  dc.o ABSOLUTE
    handlers.s                               0x00000000   Number         0  handlers.o ABSOLUTE
    init.s                                   0x00000000   Number         0  init.o ABSOLUTE
    .ARM.Collect$$$$00000000                 0x00000200   Section        0  entry.o(.ARM.Collect$$$$00000000)
    .ARM.Collect$$$$00000001                 0x00000200   Section        4  entry2.o(.ARM.Collect$$$$00000001)
    .ARM.Collect$$$$00000004                 0x00000204   Section        4  entry5.o(.ARM.Collect$$$$00000004)
    .ARM.Collect$$$$00000008                 0x00000208   Section        0  entry7b.o(.ARM.Collect$$$$00000008)
    .ARM.Collect$$$$0000000A                 0x00000208   Section        0  entry8b.o(.ARM.Collect$$$$0000000A)
    .ARM.Collect$$$$0000000B                 0x00000208   Section        8  entry9a.o(.ARM.Collect$$$$0000000B)
    .ARM.Collect$$$$0000000D                 0x00000210   Section        0  entry10a.o(.ARM.Collect$$$$0000000D)
    .ARM.Collect$$$$0000000F                 0x00000210   Section        0  entry11a.o(.ARM.Collect$$$$0000000F)
    .ARM.Collect$$$$00002712                 0x00000210   Section        4  entry2.o(.ARM.Collect$$$$00002712)
    __lit__00000000                          0x00000210   Data           4  entry2.o(.ARM.Collect$$$$00002712)
    .text                                    0x00000214   Section       36  arm_startup_nrf52840.o(.text)
    $v0                                      0x00000214   Number         0  arm_startup_nrf52840.o(.text)
    .text                                    0x00000238   Section        0  uldiv.o(.text)
    .text                                    0x0000029a   Section        0  llshl.o(.text)
    .text                                    0x000002b8   Section        0  llushr.o(.text)
    .text                                    0x000002d8   Section       36  init.o(.text)
    i.GPIOTE_IRQHandler                      0x000002fc   Section        0  hal_ext_int_nrf.o(i.GPIOTE_IRQHandler)
    i.SystemInit                             0x000003ac   Section        0  system_nrf52.o(i.SystemInit)
    i.TIMER0_IRQHandler                      0x0000062c   Section        0  hal_tiempo_nrf.o(i.TIMER0_IRQHandler)
    i.TIMER1_IRQHandler                      0x00000660   Section        0  hal_tiempo_nrf.o(i.TIMER1_IRQHandler)
    i.__scatterload_copy                     0x000006a0   Section       14  handlers.o(i.__scatterload_copy)
    i.__scatterload_null                     0x000006ae   Section        2  handlers.o(i.__scatterload_null)
    i.__scatterload_zeroinit                 0x000006b0   Section       14  handlers.o(i.__scatterload_zeroinit)
    i.app_guitar_hero_actualizar             0x000006c0   Section        0  app_guitar_hero.o(i.app_guitar_hero_actualizar)
    i.app_guitar_hero_boton_terminar         0x00000780   Section        0  app_guitar_hero.o(i.app_guitar_hero_boton_terminar)
    i.app_guitar_hero_cancelar_timeout       0x0000079a   Section        0  app_guitar_hero.o(i.app_guitar_hero_cancelar_timeout)
    i.app_guitar_hero_estadisticas           0x000007b4   Section        0  app_guitar_hero.o(i.app_guitar_hero_estadisticas)
    i.app_guitar_hero_estado_boton           0x000008d8   Section        0  app_guitar_hero.o(i.app_guitar_hero_estado_boton)
    i.app_guitar_hero_estado_fin             0x000008f4   Section        0  app_guitar_hero.o(i.app_guitar_hero_estado_fin)
    i.app_guitar_hero_estado_inicio          0x000009b4   Section        0  app_guitar_hero.o(i.app_guitar_hero_estado_inicio)
    i.app_guitar_hero_estado_shift_leds      0x00000a64   Section        0  app_guitar_hero.o(i.app_guitar_hero_estado_shift_leds)
    i.app_guitar_hero_iniciar                0x00000b14   Section        0  app_guitar_hero.o(i.app_guitar_hero_iniciar)
    i.app_guitar_hero_manejar_beat           0x00000ba0   Section        0  app_guitar_hero.o(i.app_guitar_hero_manejar_beat)
    i.callback_wrapper_interna               0x00000bbc   Section        0  drv_botones.o(i.callback_wrapper_interna)
    callback_wrapper_interna                 0x00000bbd   Thumb Code    10  drv_botones.o(i.callback_wrapper_interna)
    i.callback_wrapper_interno               0x00000bcc   Section        0  drv_tiempo.o(i.callback_wrapper_interno)
    callback_wrapper_interno                 0x00000bcd   Thumb Code    16  drv_tiempo.o(i.callback_wrapper_interno)
    i.drv_botones_actualizar                 0x00000be0   Section        0  drv_botones.o(i.drv_botones_actualizar)
    i.drv_botones_cantidad                   0x00000cec   Section        0  drv_botones.o(i.drv_botones_cantidad)
    i.drv_botones_iniciar                    0x00000cf0   Section        0  drv_botones.o(i.drv_botones_iniciar)
    i.drv_consumo_dormir                     0x00000d78   Section        0  drv_consumo.o(i.drv_consumo_dormir)
    i.drv_consumo_esperar                    0x00000d98   Section        0  drv_consumo.o(i.drv_consumo_esperar)
    i.drv_consumo_iniciar                    0x00000db4   Section        0  drv_consumo.o(i.drv_consumo_iniciar)
    i.drv_led_establecer                     0x00000dcc   Section        0  drv_leds.o(i.drv_led_establecer)
    i.drv_leds_apagar_todos                  0x00000df8   Section        0  drv_leds.o(i.drv_leds_apagar_todos)
    i.drv_leds_encender_todos                0x00000e1c   Section        0  drv_leds.o(i.drv_leds_encender_todos)
    i.drv_leds_iniciar                       0x00000e40   Section        0  drv_leds.o(i.drv_leds_iniciar)
    i.drv_monitor_desmarcar                  0x00000e70   Section        0  drv_monitor.o(i.drv_monitor_desmarcar)
    i.drv_monitor_iniciar                    0x00000e94   Section        0  drv_monitor.o(i.drv_monitor_iniciar)
    i.drv_monitor_marcar                     0x00000ec4   Section        0  drv_monitor.o(i.drv_monitor_marcar)
    i.drv_sc_disable                         0x00000ee8   Section        0  drv_sc.o(i.drv_sc_disable)
    i.drv_sc_enable                          0x00000f00   Section        0  drv_sc.o(i.drv_sc_enable)
    i.drv_tiempo_actual_ms                   0x00000f20   Section        0  drv_tiempo.o(i.drv_tiempo_actual_ms)
    i.drv_tiempo_actual_us                   0x00000f40   Section        0  drv_tiempo.o(i.drv_tiempo_actual_us)
    i.drv_tiempo_esperar_hasta_ms            0x00000f58   Section        0  drv_tiempo.o(i.drv_tiempo_esperar_hasta_ms)
    i.drv_tiempo_iniciar                     0x00000f98   Section        0  drv_tiempo.o(i.drv_tiempo_iniciar)
    i.drv_tiempo_periodico_ms                0x00000fb0   Section        0  drv_tiempo.o(i.drv_tiempo_periodico_ms)
    i.drv_uart_init                          0x00000fe4   Section        0  drv_uart.o(i.drv_uart_init)
    i.drv_uart_putint                        0x00000fe8   Section        0  drv_uart.o(i.drv_uart_putint)
    i.drv_uart_puts                          0x0000105c   Section        0  drv_uart.o(i.drv_uart_puts)
    i.drv_wdt_feed                           0x00001078   Section        0  drv_wdt.o(i.drv_wdt_feed)
    i.drv_wdt_iniciar                        0x0000108a   Section        0  drv_wdt.o(i.drv_wdt_iniciar)
    i.hal_consumo_dormir                     0x000010a0   Section        0  hal_consumo_nrf.o(i.hal_consumo_dormir)
    i.hal_consumo_esperar                    0x000010c0   Section        0  hal_consumo_nrf.o(i.hal_consumo_esperar)
    i.hal_consumo_iniciar                    0x000010c4   Section        0  hal_consumo_nrf.o(i.hal_consumo_iniciar)
    i.hal_ext_int_clear                      0x000010c8   Section        0  hal_ext_int_nrf.o(i.hal_ext_int_clear)
    i.hal_ext_int_clear_flag                 0x000010d8   Section        0  hal_ext_int_nrf.o(i.hal_ext_int_clear_flag)
    i.hal_ext_int_habilitar_despertar        0x0000110a   Section        0  hal_ext_int_nrf.o(i.hal_ext_int_habilitar_despertar)
    i.hal_ext_int_habilitar_int              0x0000112c   Section        0  hal_ext_int_nrf.o(i.hal_ext_int_habilitar_int)
    i.hal_ext_int_iniciar                    0x0000119c   Section        0  hal_ext_int_nrf.o(i.hal_ext_int_iniciar)
    i.hal_gpio_escribir                      0x00001244   Section        0  hal_gpio_nrf.o(i.hal_gpio_escribir)
    i.hal_gpio_iniciar                       0x00001260   Section        0  hal_gpio_nrf.o(i.hal_gpio_iniciar)
    i.hal_gpio_leer_in                       0x0000126c   Section        0  hal_gpio_nrf.o(i.hal_gpio_leer_in)
    i.hal_gpio_sentido                       0x00001284   Section        0  hal_gpio_nrf.o(i.hal_gpio_sentido)
    i.hal_iniciar_T0                         0x000012a0   Section        0  hal_tiempo_nrf.o(i.hal_iniciar_T0)
    i.hal_random_iniciar                     0x000012b0   Section        0  hal_random_nrf.o(i.hal_random_iniciar)
    i.hal_random_value                       0x000012cc   Section        0  hal_random_nrf.o(i.hal_random_value)
    i.hal_sc_disable                         0x00001348   Section        0  hal_sc_nrf.o(i.hal_sc_disable)
    i.hal_sc_restaurar                       0x00001358   Section        0  hal_sc_nrf.o(i.hal_sc_restaurar)
    i.hal_tiempo_actual_tick64               0x0000135c   Section        0  hal_tiempo_nrf.o(i.hal_tiempo_actual_tick64)
    i.hal_tiempo_iniciar_tick                0x0000139c   Section        0  hal_tiempo_nrf.o(i.hal_tiempo_iniciar_tick)
    i.hal_tiempo_reloj_periodico_tick        0x00001400   Section        0  hal_tiempo_nrf.o(i.hal_tiempo_reloj_periodico_tick)
    i.hal_uart_init                          0x0000148c   Section        0  hal_uart_nrf.o(i.hal_uart_init)
    i.hal_uart_putchar                       0x00001568   Section        0  hal_uart_nrf.o(i.hal_uart_putchar)
    i.hal_wdt_feed                           0x0000159c   Section        0  hal_wdt_nrf.o(i.hal_wdt_feed)
    i.hal_wdt_iniciar                        0x000015ac   Section        0  hal_wdt_nrf.o(i.hal_wdt_iniciar)
    i.main                                   0x000015dc   Section        0  main.o(i.main)
    i.modificar_puntuacion                   0x00001638   Section        0  app_guitar_hero.o(i.modificar_puntuacion)
    i.pin_to_eint                            0x000016e8   Section        0  hal_ext_int_nrf.o(i.pin_to_eint)
    i.pin_to_gpio                            0x000016ea   Section        0  hal_ext_int_nrf.o(i.pin_to_gpio)
    i.rt_FIFO_encolar                        0x000016ec   Section        0  rt_fifo.o(i.rt_FIFO_encolar)
    i.rt_FIFO_extraer                        0x00001764   Section        0  rt_fifo.o(i.rt_FIFO_extraer)
    i.rt_FIFO_inicializar                    0x000017bc   Section        0  rt_fifo.o(i.rt_FIFO_inicializar)
    i.rt_GE_actualizar                       0x00001818   Section        0  rt_ge.o(i.rt_GE_actualizar)
    i.rt_GE_iniciar                          0x00001864   Section        0  rt_ge.o(i.rt_GE_iniciar)
    i.rt_GE_lanzador                         0x00001924   Section        0  rt_ge.o(i.rt_GE_lanzador)
    i.svc_GE_suscribir                       0x000019b4   Section        0  rt_ge.o(i.svc_GE_suscribir)
    i.svc_alarma_activar                     0x00001a44   Section        0  svc_alarma.o(i.svc_alarma_activar)
    i.svc_alarma_actualizar                  0x00001ba4   Section        0  svc_alarma.o(i.svc_alarma_actualizar)
    i.svc_alarma_codificar                   0x00001bfc   Section        0  svc_alarma.o(i.svc_alarma_codificar)
    i.svc_alarma_iniciar                     0x00001c14   Section        0  svc_alarma.o(i.svc_alarma_iniciar)
    i.svc_random_iniciar                     0x00001c58   Section        0  svc_random.o(i.svc_random_iniciar)
    i.svc_random_value                       0x00001c5c   Section        0  svc_random.o(i.svc_random_value)
    .constdata                               0x00001c60   Section       16  drv_botones.o(.constdata)
    lista_botones                            0x00001c60   Data          16  drv_botones.o(.constdata)
    .constdata                               0x00001c70   Section       16  drv_leds.o(.constdata)
    s_led_list                               0x00001c70   Data          16  drv_leds.o(.constdata)
    .constdata                               0x00001c80   Section       16  drv_monitor.o(.constdata)
    s_monitor_list                           0x00001c80   Data          16  drv_monitor.o(.constdata)
    .data                                    0x20000000   Section       44  app_guitar_hero.o(.data)
    estado_actual                            0x20000000   Data           1  app_guitar_hero.o(.data)
    estados_notas                            0x20000001   Data           3  app_guitar_hero.o(.data)
    leds                                     0x20000004   Data           4  app_guitar_hero.o(.data)
    min                                      0x20000008   Data           4  app_guitar_hero.o(.data)
    max                                      0x2000000c   Data           4  app_guitar_hero.o(.data)
    notas_tocadas                            0x20000010   Data           4  app_guitar_hero.o(.data)
    num_partidas                             0x20000014   Data           4  app_guitar_hero.o(.data)
    puntuacion                               0x20000018   Data           4  app_guitar_hero.o(.data)
    aciertos                                 0x2000001c   Data           4  app_guitar_hero.o(.data)
    fallos                                   0x20000020   Data           4  app_guitar_hero.o(.data)
    puntuacion_total                         0x20000024   Data           4  app_guitar_hero.o(.data)
    racha                                    0x20000028   Data           4  app_guitar_hero.o(.data)
    .data                                    0x2000002c   Section        8  drv_botones.o(.data)
    evento_ult_boton                         0x2000002c   Data           1  drv_botones.o(.data)
    evento_a_notificar                       0x2000002d   Data           1  drv_botones.o(.data)
    f_cb                                     0x20000030   Data           4  drv_botones.o(.data)
    .data                                    0x20000034   Section        4  drv_consumo.o(.data)
    .data                                    0x20000038   Section        8  drv_sc.o(.data)
    restaurar                                0x20000038   Data           1  drv_sc.o(.data)
    anid_sc                                  0x2000003c   Data           4  drv_sc.o(.data)
    .data                                    0x20000040   Section        8  drv_tiempo.o(.data)
    s_callback_usuario                       0x20000040   Data           4  drv_tiempo.o(.data)
    s_ID_evento_guardado                     0x20000044   Data           4  drv_tiempo.o(.data)
    .data                                    0x20000048   Section        8  svc_alarma.o(.data)
    monitor_overflow                         0x20000048   Data           4  svc_alarma.o(.data)
    f_cb                                     0x2000004c   Data           4  svc_alarma.o(.data)
    .data                                    0x20000050   Section        8  rt_ge.o(.data)
    monitor_overflow                         0x20000050   Data           4  rt_ge.o(.data)
    contador_inactividad                     0x20000054   Data           4  rt_ge.o(.data)
    .data                                    0x20000058   Section       28  hal_ext_int_nrf.o(.data)
    nvic_habilitado                          0x20000058   Data           1  hal_ext_int_nrf.o(.data)
    num_eint                                 0x2000005c   Data           4  hal_ext_int_nrf.o(.data)
    f_cb                                     0x20000060   Data           4  hal_ext_int_nrf.o(.data)
    pines_eint                               0x20000064   Data          16  hal_ext_int_nrf.o(.data)
    .data                                    0x20000078   Section       16  hal_tiempo_nrf.o(.data)
    s_cb                                     0x20000078   Data           4  hal_tiempo_nrf.o(.data)
    irq_count_t1                             0x20000080   Data           8  hal_tiempo_nrf.o(.data)
    .data                                    0x20000088   Section        1  hal_uart_nrf.o(.data)
    tx_buf                                   0x20000088   Data           1  hal_uart_nrf.o(.data)
    .data                                    0x2000008c   Section        4  system_nrf52.o(.data)
    __tagsym$$used                           0x2000008c   Number         0  system_nrf52.o(.data)
    .bss                                     0x20000090   Section       32  drv_botones.o(.bss)
    botones                                  0x20000090   Data          32  drv_botones.o(.bss)
    .bss                                     0x200000b0   Section       12  drv_tiempo.o(.bss)
    info                                     0x200000b0   Data          12  drv_tiempo.o(.bss)
    .bss                                     0x200000bc   Section      200  svc_alarma.o(.bss)
    alarmas                                  0x200000bc   Data         200  svc_alarma.o(.bss)
    .bss                                     0x20000188   Section     1084  rt_fifo.o(.bss)
    fifo                                     0x20000188   Data        1032  rt_fifo.o(.bss)
    estadisticas_eventos                     0x20000590   Data          52  rt_fifo.o(.bss)
    .bss                                     0x200005c4   Section      312  rt_ge.o(.bss)
    tabla_suscripciones                      0x200005c4   Data         312  rt_ge.o(.bss)
    STACK                                    0x20000700   Section    16384  arm_startup_nrf52840.o(STACK)

    Global Symbols

    Symbol Name                              Value     Ov Type        Size  Object(Section)

    BuildAttributes$$THM_ISAv4$E$P$D$K$B$S$7EM$VFPi3$EXTD16$VFPS$VFMA$PE$A:L22UL41UL21$X:L11$S22US41US21$IEEE1$IW$USESV6$~STKCKD$USESV7$~SHL$OTIME$EBA8$MICROLIB$REQ8$PRES8$EABIv2 0x00000000   Number         0  anon$$obj.o ABSOLUTE
    __ARM_use_no_argv                        0x00000000   Number         0  main.o ABSOLUTE
    __Vectors                                0x00000000   Data           4  arm_startup_nrf52840.o(RESET)
    __cpp_initialize__aeabi_                  - Undefined Weak Reference
    __cxa_finalize                            - Undefined Weak Reference
    __decompress                              - Undefined Weak Reference
    _clock_init                               - Undefined Weak Reference
    _microlib_exit                            - Undefined Weak Reference
    __Vectors_End                            0x00000200   Data           0  arm_startup_nrf52840.o(RESET)
    __Vectors_Size                           0x00000200   Number         0  arm_startup_nrf52840.o ABSOLUTE
    __main                                   0x00000201   Thumb Code     0  entry.o(.ARM.Collect$$$$00000000)
    _main_stk                                0x00000201   Thumb Code     0  entry2.o(.ARM.Collect$$$$00000001)
    _main_scatterload                        0x00000205   Thumb Code     0  entry5.o(.ARM.Collect$$$$00000004)
    __main_after_scatterload                 0x00000209   Thumb Code     0  entry5.o(.ARM.Collect$$$$00000004)
    _main_clock                              0x00000209   Thumb Code     0  entry7b.o(.ARM.Collect$$$$00000008)
    _main_cpp_init                           0x00000209   Thumb Code     0  entry8b.o(.ARM.Collect$$$$0000000A)
    _main_init                               0x00000209   Thumb Code     0  entry9a.o(.ARM.Collect$$$$0000000B)
    __rt_final_cpp                           0x00000211   Thumb Code     0  entry10a.o(.ARM.Collect$$$$0000000D)
    __rt_final_exit                          0x00000211   Thumb Code     0  entry11a.o(.ARM.Collect$$$$0000000F)
    Reset_Handler                            0x00000215   Thumb Code     8  arm_startup_nrf52840.o(.text)
    NMI_Handler                              0x0000021d   Thumb Code     2  arm_startup_nrf52840.o(.text)
    HardFault_Handler                        0x0000021f   Thumb Code     2  arm_startup_nrf52840.o(.text)
    MemoryManagement_Handler                 0x00000221   Thumb Code     2  arm_startup_nrf52840.o(.text)
    BusFault_Handler                         0x00000223   Thumb Code     2  arm_startup_nrf52840.o(.text)
    UsageFault_Handler                       0x00000225   Thumb Code     2  arm_startup_nrf52840.o(.text)
    SVC_Handler                              0x00000227   Thumb Code     2  arm_startup_nrf52840.o(.text)
    DebugMon_Handler                         0x00000229   Thumb Code     2  arm_startup_nrf52840.o(.text)
    PendSV_Handler                           0x0000022b   Thumb Code     2  arm_startup_nrf52840.o(.text)
    SysTick_Handler                          0x0000022d   Thumb Code     2  arm_startup_nrf52840.o(.text)
    CCM_AAR_IRQHandler                       0x0000022f   Thumb Code     0  arm_startup_nrf52840.o(.text)
    COMP_LPCOMP_IRQHandler                   0x0000022f   Thumb Code     0  arm_startup_nrf52840.o(.text)
    CRYPTOCELL_IRQHandler                    0x0000022f   Thumb Code     0  arm_startup_nrf52840.o(.text)
    ECB_IRQHandler                           0x0000022f   Thumb Code     0  arm_startup_nrf52840.o(.text)
    FPU_IRQHandler                           0x0000022f   Thumb Code     0  arm_startup_nrf52840.o(.text)
    I2S_IRQHandler                           0x0000022f   Thumb Code     0  arm_startup_nrf52840.o(.text)
    MWU_IRQHandler                           0x0000022f   Thumb Code     0  arm_startup_nrf52840.o(.text)
    NFCT_IRQHandler                          0x0000022f   Thumb Code     0  arm_startup_nrf52840.o(.text)
    PDM_IRQHandler                           0x0000022f   Thumb Code     0  arm_startup_nrf52840.o(.text)
    POWER_CLOCK_IRQHandler                   0x0000022f   Thumb Code     0  arm_startup_nrf52840.o(.text)
    PWM0_IRQHandler                          0x0000022f   Thumb Code     0  arm_startup_nrf52840.o(.text)
    PWM1_IRQHandler                          0x0000022f   Thumb Code     0  arm_startup_nrf52840.o(.text)
    PWM2_IRQHandler                          0x0000022f   Thumb Code     0  arm_startup_nrf52840.o(.text)
    PWM3_IRQHandler                          0x0000022f   Thumb Code     0  arm_startup_nrf52840.o(.text)
    QDEC_IRQHandler                          0x0000022f   Thumb Code     0  arm_startup_nrf52840.o(.text)
    QSPI_IRQHandler                          0x0000022f   Thumb Code     0  arm_startup_nrf52840.o(.text)
    RADIO_IRQHandler                         0x0000022f   Thumb Code     0  arm_startup_nrf52840.o(.text)
    RNG_IRQHandler                           0x0000022f   Thumb Code     0  arm_startup_nrf52840.o(.text)
    RTC0_IRQHandler                          0x0000022f   Thumb Code     0  arm_startup_nrf52840.o(.text)
    RTC1_IRQHandler                          0x0000022f   Thumb Code     0  arm_startup_nrf52840.o(.text)
    RTC2_IRQHandler                          0x0000022f   Thumb Code     0  arm_startup_nrf52840.o(.text)
    SAADC_IRQHandler                         0x0000022f   Thumb Code     0  arm_startup_nrf52840.o(.text)
    SPIM0_SPIS0_TWIM0_TWIS0_SPI0_TWI0_IRQHandler 0x0000022f   Thumb Code     0  arm_startup_nrf52840.o(.text)
    SPIM1_SPIS1_TWIM1_TWIS1_SPI1_TWI1_IRQHandler 0x0000022f   Thumb Code     0  arm_startup_nrf52840.o(.text)
    SPIM2_SPIS2_SPI2_IRQHandler              0x0000022f   Thumb Code     0  arm_startup_nrf52840.o(.text)
    SPIM3_IRQHandler                         0x0000022f   Thumb Code     0  arm_startup_nrf52840.o(.text)
    SWI0_EGU0_IRQHandler                     0x0000022f   Thumb Code     0  arm_startup_nrf52840.o(.text)
    SWI1_EGU1_IRQHandler                     0x0000022f   Thumb Code     0  arm_startup_nrf52840.o(.text)
    SWI2_EGU2_IRQHandler                     0x0000022f   Thumb Code     0  arm_startup_nrf52840.o(.text)
    SWI3_EGU3_IRQHandler                     0x0000022f   Thumb Code     0  arm_startup_nrf52840.o(.text)
    SWI4_EGU4_IRQHandler                     0x0000022f   Thumb Code     0  arm_startup_nrf52840.o(.text)
    SWI5_EGU5_IRQHandler                     0x0000022f   Thumb Code     0  arm_startup_nrf52840.o(.text)
    TEMP_IRQHandler                          0x0000022f   Thumb Code     0  arm_startup_nrf52840.o(.text)
    TIMER2_IRQHandler                        0x0000022f   Thumb Code     0  arm_startup_nrf52840.o(.text)
    TIMER3_IRQHandler                        0x0000022f   Thumb Code     0  arm_startup_nrf52840.o(.text)
    TIMER4_IRQHandler                        0x0000022f   Thumb Code     0  arm_startup_nrf52840.o(.text)
    UARTE0_UART0_IRQHandler                  0x0000022f   Thumb Code     0  arm_startup_nrf52840.o(.text)
    UARTE1_IRQHandler                        0x0000022f   Thumb Code     0  arm_startup_nrf52840.o(.text)
    USBD_IRQHandler                          0x0000022f   Thumb Code     0  arm_startup_nrf52840.o(.text)
    WDT_IRQHandler                           0x0000022f   Thumb Code     0  arm_startup_nrf52840.o(.text)
    __aeabi_uldivmod                         0x00000239   Thumb Code    98  uldiv.o(.text)
    __aeabi_llsl                             0x0000029b   Thumb Code    30  llshl.o(.text)
    _ll_shift_l                              0x0000029b   Thumb Code     0  llshl.o(.text)
    __aeabi_llsr                             0x000002b9   Thumb Code    32  llushr.o(.text)
    _ll_ushift_r                             0x000002b9   Thumb Code     0  llushr.o(.text)
    __scatterload                            0x000002d9   Thumb Code    28  init.o(.text)
    __scatterload_rt2                        0x000002d9   Thumb Code     0  init.o(.text)
    GPIOTE_IRQHandler                        0x000002fd   Thumb Code   166  hal_ext_int_nrf.o(i.GPIOTE_IRQHandler)
    SystemInit                               0x000003ad   Thumb Code   500  system_nrf52.o(i.SystemInit)
    TIMER0_IRQHandler                        0x0000062d   Thumb Code    44  hal_tiempo_nrf.o(i.TIMER0_IRQHandler)
    TIMER1_IRQHandler                        0x00000661   Thumb Code    56  hal_tiempo_nrf.o(i.TIMER1_IRQHandler)
    __scatterload_copy                       0x000006a1   Thumb Code    14  handlers.o(i.__scatterload_copy)
    __scatterload_null                       0x000006af   Thumb Code     2  handlers.o(i.__scatterload_null)
    __scatterload_zeroinit                   0x000006b1   Thumb Code    14  handlers.o(i.__scatterload_zeroinit)
    app_guitar_hero_actualizar               0x000006c1   Thumb Code   176  app_guitar_hero.o(i.app_guitar_hero_actualizar)
    app_guitar_hero_boton_terminar           0x00000781   Thumb Code    26  app_guitar_hero.o(i.app_guitar_hero_boton_terminar)
    app_guitar_hero_cancelar_timeout         0x0000079b   Thumb Code    24  app_guitar_hero.o(i.app_guitar_hero_cancelar_timeout)
    app_guitar_hero_estadisticas             0x000007b5   Thumb Code    98  app_guitar_hero.o(i.app_guitar_hero_estadisticas)
    app_guitar_hero_estado_boton             0x000008d9   Thumb Code    22  app_guitar_hero.o(i.app_guitar_hero_estado_boton)
    app_guitar_hero_estado_fin               0x000008f5   Thumb Code   150  app_guitar_hero.o(i.app_guitar_hero_estado_fin)
    app_guitar_hero_estado_inicio            0x000009b5   Thumb Code   126  app_guitar_hero.o(i.app_guitar_hero_estado_inicio)
    app_guitar_hero_estado_shift_leds        0x00000a65   Thumb Code   172  app_guitar_hero.o(i.app_guitar_hero_estado_shift_leds)
    app_guitar_hero_iniciar                  0x00000b15   Thumb Code   110  app_guitar_hero.o(i.app_guitar_hero_iniciar)
    app_guitar_hero_manejar_beat             0x00000ba1   Thumb Code    26  app_guitar_hero.o(i.app_guitar_hero_manejar_beat)
    drv_botones_actualizar                   0x00000be1   Thumb Code   260  drv_botones.o(i.drv_botones_actualizar)
    drv_botones_cantidad                     0x00000ced   Thumb Code     4  drv_botones.o(i.drv_botones_cantidad)
    drv_botones_iniciar                      0x00000cf1   Thumb Code   112  drv_botones.o(i.drv_botones_iniciar)
    drv_consumo_dormir                       0x00000d79   Thumb Code    26  drv_consumo.o(i.drv_consumo_dormir)
    drv_consumo_esperar                      0x00000d99   Thumb Code    24  drv_consumo.o(i.drv_consumo_esperar)
    drv_consumo_iniciar                      0x00000db5   Thumb Code    18  drv_consumo.o(i.drv_consumo_iniciar)
    drv_led_establecer                       0x00000dcd   Thumb Code    38  drv_leds.o(i.drv_led_establecer)
    drv_leds_apagar_todos                    0x00000df9   Thumb Code    32  drv_leds.o(i.drv_leds_apagar_todos)
    drv_leds_encender_todos                  0x00000e1d   Thumb Code    32  drv_leds.o(i.drv_leds_encender_todos)
    drv_leds_iniciar                         0x00000e41   Thumb Code    44  drv_leds.o(i.drv_leds_iniciar)
    drv_monitor_desmarcar                    0x00000e71   Thumb Code    32  drv_monitor.o(i.drv_monitor_desmarcar)
    drv_monitor_iniciar                      0x00000e95   Thumb Code    42  drv_monitor.o(i.drv_monitor_iniciar)
    drv_monitor_marcar                       0x00000ec5   Thumb Code    32  drv_monitor.o(i.drv_monitor_marcar)
    drv_sc_disable                           0x00000ee9   Thumb Code    18  drv_sc.o(i.drv_sc_disable)
    drv_sc_enable                            0x00000f01   Thumb Code    26  drv_sc.o(i.drv_sc_enable)
    drv_tiempo_actual_ms                     0x00000f21   Thumb Code    28  drv_tiempo.o(i.drv_tiempo_actual_ms)
    drv_tiempo_actual_us                     0x00000f41   Thumb Code    18  drv_tiempo.o(i.drv_tiempo_actual_us)
    drv_tiempo_esperar_hasta_ms              0x00000f59   Thumb Code    58  drv_tiempo.o(i.drv_tiempo_esperar_hasta_ms)
    drv_tiempo_iniciar                       0x00000f99   Thumb Code    20  drv_tiempo.o(i.drv_tiempo_iniciar)
    drv_tiempo_periodico_ms                  0x00000fb1   Thumb Code    38  drv_tiempo.o(i.drv_tiempo_periodico_ms)
    drv_uart_init                            0x00000fe5   Thumb Code     4  drv_uart.o(i.drv_uart_init)
    drv_uart_putint                          0x00000fe9   Thumb Code   110  drv_uart.o(i.drv_uart_putint)
    drv_uart_puts                            0x0000105d   Thumb Code    28  drv_uart.o(i.drv_uart_puts)
    drv_wdt_feed                             0x00001079   Thumb Code    18  drv_wdt.o(i.drv_wdt_feed)
    drv_wdt_iniciar                          0x0000108b   Thumb Code    22  drv_wdt.o(i.drv_wdt_iniciar)
    hal_consumo_dormir                       0x000010a1   Thumb Code    22  hal_consumo_nrf.o(i.hal_consumo_dormir)
    hal_consumo_esperar                      0x000010c1   Thumb Code     4  hal_consumo_nrf.o(i.hal_consumo_esperar)
    hal_consumo_iniciar                      0x000010c5   Thumb Code     2  hal_consumo_nrf.o(i.hal_consumo_iniciar)
    hal_ext_int_clear                        0x000010c9   Thumb Code    12  hal_ext_int_nrf.o(i.hal_ext_int_clear)
    hal_ext_int_clear_flag                   0x000010d9   Thumb Code    50  hal_ext_int_nrf.o(i.hal_ext_int_clear_flag)
    hal_ext_int_habilitar_despertar          0x0000110b   Thumb Code    32  hal_ext_int_nrf.o(i.hal_ext_int_habilitar_despertar)
    hal_ext_int_habilitar_int                0x0000112d   Thumb Code   100  hal_ext_int_nrf.o(i.hal_ext_int_habilitar_int)
    hal_ext_int_iniciar                      0x0000119d   Thumb Code   156  hal_ext_int_nrf.o(i.hal_ext_int_iniciar)
    hal_gpio_escribir                        0x00001245   Thumb Code    20  hal_gpio_nrf.o(i.hal_gpio_escribir)
    hal_gpio_iniciar                         0x00001261   Thumb Code     8  hal_gpio_nrf.o(i.hal_gpio_iniciar)
    hal_gpio_leer_in                         0x0000126d   Thumb Code    18  hal_gpio_nrf.o(i.hal_gpio_leer_in)
    hal_gpio_sentido                         0x00001285   Thumb Code    18  hal_gpio_nrf.o(i.hal_gpio_sentido)
    hal_iniciar_T0                           0x000012a1   Thumb Code    16  hal_tiempo_nrf.o(i.hal_iniciar_T0)
    hal_random_iniciar                       0x000012b1   Thumb Code    18  hal_random_nrf.o(i.hal_random_iniciar)
    hal_random_value                         0x000012cd   Thumb Code   116  hal_random_nrf.o(i.hal_random_value)
    hal_sc_disable                           0x00001349   Thumb Code    16  hal_sc_nrf.o(i.hal_sc_disable)
    hal_sc_restaurar                         0x00001359   Thumb Code     4  hal_sc_nrf.o(i.hal_sc_restaurar)
    hal_tiempo_actual_tick64                 0x0000135d   Thumb Code    52  hal_tiempo_nrf.o(i.hal_tiempo_actual_tick64)
    hal_tiempo_iniciar_tick                  0x0000139d   Thumb Code    82  hal_tiempo_nrf.o(i.hal_tiempo_iniciar_tick)
    hal_tiempo_reloj_periodico_tick          0x00001401   Thumb Code   120  hal_tiempo_nrf.o(i.hal_tiempo_reloj_periodico_tick)
    hal_uart_init                            0x0000148d   Thumb Code   178  hal_uart_nrf.o(i.hal_uart_init)
    hal_uart_putchar                         0x00001569   Thumb Code    38  hal_uart_nrf.o(i.hal_uart_putchar)
    hal_wdt_feed                             0x0000159d   Thumb Code     8  hal_wdt_nrf.o(i.hal_wdt_feed)
    hal_wdt_iniciar                          0x000015ad   Thumb Code    36  hal_wdt_nrf.o(i.hal_wdt_iniciar)
    main                                     0x000015dd   Thumb Code    88  main.o(i.main)
    modificar_puntuacion                     0x00001639   Thumb Code   124  app_guitar_hero.o(i.modificar_puntuacion)
    pin_to_eint                              0x000016e9   Thumb Code     2  hal_ext_int_nrf.o(i.pin_to_eint)
    pin_to_gpio                              0x000016eb   Thumb Code     2  hal_ext_int_nrf.o(i.pin_to_gpio)
    rt_FIFO_encolar                          0x000016ed   Thumb Code   110  rt_fifo.o(i.rt_FIFO_encolar)
    rt_FIFO_extraer                          0x00001765   Thumb Code    82  rt_fifo.o(i.rt_FIFO_extraer)
    rt_FIFO_inicializar                      0x000017bd   Thumb Code    84  rt_fifo.o(i.rt_FIFO_inicializar)
    rt_GE_actualizar                         0x00001819   Thumb Code    72  rt_ge.o(i.rt_GE_actualizar)
    rt_GE_iniciar                            0x00001865   Thumb Code   176  rt_ge.o(i.rt_GE_iniciar)
    rt_GE_lanzador                           0x00001925   Thumb Code   130  rt_ge.o(i.rt_GE_lanzador)
    svc_GE_suscribir                         0x000019b5   Thumb Code   136  rt_ge.o(i.svc_GE_suscribir)
    svc_alarma_activar                       0x00001a45   Thumb Code   302  svc_alarma.o(i.svc_alarma_activar)
    svc_alarma_actualizar                    0x00001ba5   Thumb Code    78  svc_alarma.o(i.svc_alarma_actualizar)
    svc_alarma_codificar                     0x00001bfd   Thumb Code    22  svc_alarma.o(i.svc_alarma_codificar)
    svc_alarma_iniciar                       0x00001c15   Thumb Code    54  svc_alarma.o(i.svc_alarma_iniciar)
    svc_random_iniciar                       0x00001c59   Thumb Code     4  svc_random.o(i.svc_random_iniciar)
    svc_random_value                         0x00001c5d   Thumb Code     4  svc_random.o(i.svc_random_value)
    Region$$Table$$Base                      0x00001c90   Number         0  anon$$obj.o(Region$$Table)
    Region$$Table$$Limit                     0x00001cb0   Number         0  anon$$obj.o(Region$$Table)
    monitor_id                               0x20000034   Data           4  drv_consumo.o(.data)
    SystemCoreClock                          0x2000008c   Data           4  system_nrf52.o(.data)
    __initial_sp                             0x20004700   Data           0  arm_startup_nrf52840.o(STACK)



==============================================================================

Memory Map of the image

  Image Entry point : 0x00000201

  Load Region LR_IROM1 (Base: 0x00000000, Size: 0x00001d40, Max: 0x00100000, ABSOLUTE)

    Execution Region ER_IROM1 (Exec base: 0x00000000, Load base: 0x00000000, Size: 0x00001cb0, Max: 0x00100000, ABSOLUTE)

    Exec Addr    Load Addr    Size         Type   Attr      Idx    E Section Name        Object

    0x00000000   0x00000000   0x00000200   Data   RO         1176    RESET               arm_startup_nrf52840.o
    0x00000200   0x00000200   0x00000000   Code   RO         1246  * .ARM.Collect$$$$00000000  mc_w.l(entry.o)
    0x00000200   0x00000200   0x00000004   Code   RO         1253    .ARM.Collect$$$$00000001  mc_w.l(entry2.o)
    0x00000204   0x00000204   0x00000004   Code   RO         1256    .ARM.Collect$$$$00000004  mc_w.l(entry5.o)
    0x00000208   0x00000208   0x00000000   Code   RO         1258    .ARM.Collect$$$$00000008  mc_w.l(entry7b.o)
    0x00000208   0x00000208   0x00000000   Code   RO         1260    .ARM.Collect$$$$0000000A  mc_w.l(entry8b.o)
    0x00000208   0x00000208   0x00000008   Code   RO         1261    .ARM.Collect$$$$0000000B  mc_w.l(entry9a.o)
    0x00000210   0x00000210   0x00000000   Code   RO         1263    .ARM.Collect$$$$0000000D  mc_w.l(entry10a.o)
    0x00000210   0x00000210   0x00000000   Code   RO         1265    .ARM.Collect$$$$0000000F  mc_w.l(entry11a.o)
    0x00000210   0x00000210   0x00000004   Code   RO         1254    .ARM.Collect$$$$00002712  mc_w.l(entry2.o)
    0x00000214   0x00000214   0x00000024   Code   RO         1177    .text               arm_startup_nrf52840.o
    0x00000238   0x00000238   0x00000062   Code   RO         1249    .text               mc_w.l(uldiv.o)
    0x0000029a   0x0000029a   0x0000001e   Code   RO         1267    .text               mc_w.l(llshl.o)
    0x000002b8   0x000002b8   0x00000020   Code   RO         1269    .text               mc_w.l(llushr.o)
    0x000002d8   0x000002d8   0x00000024   Code   RO         1271    .text               mc_w.l(init.o)
    0x000002fc   0x000002fc   0x000000b0   Code   RO          799    i.GPIOTE_IRQHandler  hal_ext_int_nrf.o
    0x000003ac   0x000003ac   0x00000280   Code   RO         1185    i.SystemInit        system_nrf52.o
    0x0000062c   0x0000062c   0x00000034   Code   RO         1012    i.TIMER0_IRQHandler  hal_tiempo_nrf.o
    0x00000660   0x00000660   0x00000040   Code   RO         1013    i.TIMER1_IRQHandler  hal_tiempo_nrf.o
    0x000006a0   0x000006a0   0x0000000e   Code   RO         1275    i.__scatterload_copy  mc_w.l(handlers.o)
    0x000006ae   0x000006ae   0x00000002   Code   RO         1276    i.__scatterload_null  mc_w.l(handlers.o)
    0x000006b0   0x000006b0   0x0000000e   Code   RO         1277    i.__scatterload_zeroinit  mc_w.l(handlers.o)
    0x000006be   0x000006be   0x00000002   PAD
    0x000006c0   0x000006c0   0x000000c0   Code   RO          130    i.app_guitar_hero_actualizar  app_guitar_hero.o
    0x00000780   0x00000780   0x0000001a   Code   RO          131    i.app_guitar_hero_boton_terminar  app_guitar_hero.o
    0x0000079a   0x0000079a   0x00000018   Code   RO          132    i.app_guitar_hero_cancelar_timeout  app_guitar_hero.o
    0x000007b2   0x000007b2   0x00000002   PAD
    0x000007b4   0x000007b4   0x00000124   Code   RO          133    i.app_guitar_hero_estadisticas  app_guitar_hero.o
    0x000008d8   0x000008d8   0x0000001c   Code   RO          134    i.app_guitar_hero_estado_boton  app_guitar_hero.o
    0x000008f4   0x000008f4   0x000000c0   Code   RO          135    i.app_guitar_hero_estado_fin  app_guitar_hero.o
    0x000009b4   0x000009b4   0x000000b0   Code   RO          136    i.app_guitar_hero_estado_inicio  app_guitar_hero.o
    0x00000a64   0x00000a64   0x000000b0   Code   RO          137    i.app_guitar_hero_estado_shift_leds  app_guitar_hero.o
    0x00000b14   0x00000b14   0x0000008c   Code   RO          138    i.app_guitar_hero_iniciar  app_guitar_hero.o
    0x00000ba0   0x00000ba0   0x0000001a   Code   RO          140    i.app_guitar_hero_manejar_beat  app_guitar_hero.o
    0x00000bba   0x00000bba   0x00000002   PAD
    0x00000bbc   0x00000bbc   0x00000010   Code   RO          274    i.callback_wrapper_interna  drv_botones.o
    0x00000bcc   0x00000bcc   0x00000014   Code   RO          444    i.callback_wrapper_interno  drv_tiempo.o
    0x00000be0   0x00000be0   0x0000010c   Code   RO          275    i.drv_botones_actualizar  drv_botones.o
    0x00000cec   0x00000cec   0x00000004   Code   RO          276    i.drv_botones_cantidad  drv_botones.o
    0x00000cf0   0x00000cf0   0x00000088   Code   RO          278    i.drv_botones_iniciar  drv_botones.o
    0x00000d78   0x00000d78   0x00000020   Code   RO          316    i.drv_consumo_dormir  drv_consumo.o
    0x00000d98   0x00000d98   0x0000001c   Code   RO          317    i.drv_consumo_esperar  drv_consumo.o
    0x00000db4   0x00000db4   0x00000018   Code   RO          318    i.drv_consumo_iniciar  drv_consumo.o
    0x00000dcc   0x00000dcc   0x0000002c   Code   RO          347    i.drv_led_establecer  drv_leds.o
    0x00000df8   0x00000df8   0x00000024   Code   RO          349    i.drv_leds_apagar_todos  drv_leds.o
    0x00000e1c   0x00000e1c   0x00000024   Code   RO          351    i.drv_leds_encender_todos  drv_leds.o
    0x00000e40   0x00000e40   0x00000030   Code   RO          352    i.drv_leds_iniciar  drv_leds.o
    0x00000e70   0x00000e70   0x00000024   Code   RO          395    i.drv_monitor_desmarcar  drv_monitor.o
    0x00000e94   0x00000e94   0x00000030   Code   RO          396    i.drv_monitor_iniciar  drv_monitor.o
    0x00000ec4   0x00000ec4   0x00000024   Code   RO          397    i.drv_monitor_marcar  drv_monitor.o
    0x00000ee8   0x00000ee8   0x00000018   Code   RO          421    i.drv_sc_disable    drv_sc.o
    0x00000f00   0x00000f00   0x00000020   Code   RO          422    i.drv_sc_enable     drv_sc.o
    0x00000f20   0x00000f20   0x00000020   Code   RO          445    i.drv_tiempo_actual_ms  drv_tiempo.o
    0x00000f40   0x00000f40   0x00000018   Code   RO          446    i.drv_tiempo_actual_us  drv_tiempo.o
    0x00000f58   0x00000f58   0x00000040   Code   RO          447    i.drv_tiempo_esperar_hasta_ms  drv_tiempo.o
    0x00000f98   0x00000f98   0x00000018   Code   RO          449    i.drv_tiempo_iniciar  drv_tiempo.o
    0x00000fb0   0x00000fb0   0x00000034   Code   RO          450    i.drv_tiempo_periodico_ms  drv_tiempo.o
    0x00000fe4   0x00000fe4   0x00000004   Code   RO          496    i.drv_uart_init     drv_uart.o
    0x00000fe8   0x00000fe8   0x00000074   Code   RO          498    i.drv_uart_putint   drv_uart.o
    0x0000105c   0x0000105c   0x0000001c   Code   RO          499    i.drv_uart_puts     drv_uart.o
    0x00001078   0x00001078   0x00000012   Code   RO          529    i.drv_wdt_feed      drv_wdt.o
    0x0000108a   0x0000108a   0x00000016   Code   RO          530    i.drv_wdt_iniciar   drv_wdt.o
    0x000010a0   0x000010a0   0x00000020   Code   RO          721    i.hal_consumo_dormir  hal_consumo_nrf.o
    0x000010c0   0x000010c0   0x00000004   Code   RO          722    i.hal_consumo_esperar  hal_consumo_nrf.o
    0x000010c4   0x000010c4   0x00000002   Code   RO          723    i.hal_consumo_iniciar  hal_consumo_nrf.o
    0x000010c6   0x000010c6   0x00000002   PAD
    0x000010c8   0x000010c8   0x00000010   Code   RO          800    i.hal_ext_int_clear  hal_ext_int_nrf.o
    0x000010d8   0x000010d8   0x00000032   Code   RO          801    i.hal_ext_int_clear_flag  hal_ext_int_nrf.o
    0x0000110a   0x0000110a   0x00000020   Code   RO          804    i.hal_ext_int_habilitar_despertar  hal_ext_int_nrf.o
    0x0000112a   0x0000112a   0x00000002   PAD
    0x0000112c   0x0000112c   0x00000070   Code   RO          805    i.hal_ext_int_habilitar_int  hal_ext_int_nrf.o
    0x0000119c   0x0000119c   0x000000a8   Code   RO          806    i.hal_ext_int_iniciar  hal_ext_int_nrf.o
    0x00001244   0x00001244   0x0000001c   Code   RO          892    i.hal_gpio_escribir  hal_gpio_nrf.o
    0x00001260   0x00001260   0x0000000c   Code   RO          893    i.hal_gpio_iniciar  hal_gpio_nrf.o
    0x0000126c   0x0000126c   0x00000018   Code   RO          895    i.hal_gpio_leer_in  hal_gpio_nrf.o
    0x00001284   0x00001284   0x0000001c   Code   RO          896    i.hal_gpio_sentido  hal_gpio_nrf.o
    0x000012a0   0x000012a0   0x00000010   Code   RO         1014    i.hal_iniciar_T0    hal_tiempo_nrf.o
    0x000012b0   0x000012b0   0x0000001c   Code   RO          940    i.hal_random_iniciar  hal_random_nrf.o
    0x000012cc   0x000012cc   0x0000007c   Code   RO          941    i.hal_random_value  hal_random_nrf.o
    0x00001348   0x00001348   0x00000010   Code   RO          973    i.hal_sc_disable    hal_sc_nrf.o
    0x00001358   0x00001358   0x00000004   Code   RO          974    i.hal_sc_restaurar  hal_sc_nrf.o
    0x0000135c   0x0000135c   0x00000040   Code   RO         1015    i.hal_tiempo_actual_tick64  hal_tiempo_nrf.o
    0x0000139c   0x0000139c   0x00000064   Code   RO         1016    i.hal_tiempo_iniciar_tick  hal_tiempo_nrf.o
    0x00001400   0x00001400   0x0000008c   Code   RO         1020    i.hal_tiempo_reloj_periodico_tick  hal_tiempo_nrf.o
    0x0000148c   0x0000148c   0x000000dc   Code   RO         1093    i.hal_uart_init     hal_uart_nrf.o
    0x00001568   0x00001568   0x00000034   Code   RO         1094    i.hal_uart_putchar  hal_uart_nrf.o
    0x0000159c   0x0000159c   0x00000010   Code   RO         1144    i.hal_wdt_feed      hal_wdt_nrf.o
    0x000015ac   0x000015ac   0x00000030   Code   RO         1145    i.hal_wdt_iniciar   hal_wdt_nrf.o
    0x000015dc   0x000015dc   0x0000005c   Code   RO            8    i.main              main.o
    0x00001638   0x00001638   0x000000b0   Code   RO          143    i.modificar_puntuacion  app_guitar_hero.o
    0x000016e8   0x000016e8   0x00000002   Code   RO          807    i.pin_to_eint       hal_ext_int_nrf.o
    0x000016ea   0x000016ea   0x00000002   Code   RO          808    i.pin_to_gpio       hal_ext_int_nrf.o
    0x000016ec   0x000016ec   0x00000078   Code   RO          647    i.rt_FIFO_encolar   rt_fifo.o
    0x00001764   0x00001764   0x00000058   Code   RO          649    i.rt_FIFO_extraer   rt_fifo.o
    0x000017bc   0x000017bc   0x0000005c   Code   RO          650    i.rt_FIFO_inicializar  rt_fifo.o
    0x00001818   0x00001818   0x0000004c   Code   RO          679    i.rt_GE_actualizar  rt_ge.o
    0x00001864   0x00001864   0x000000c0   Code   RO          680    i.rt_GE_iniciar     rt_ge.o
    0x00001924   0x00001924   0x00000090   Code   RO          681    i.rt_GE_lanzador    rt_ge.o
    0x000019b4   0x000019b4   0x00000090   Code   RO          683    i.svc_GE_suscribir  rt_ge.o
    0x00001a44   0x00001a44   0x00000160   Code   RO          550    i.svc_alarma_activar  svc_alarma.o
    0x00001ba4   0x00001ba4   0x00000058   Code   RO          551    i.svc_alarma_actualizar  svc_alarma.o
    0x00001bfc   0x00001bfc   0x00000016   Code   RO          552    i.svc_alarma_codificar  svc_alarma.o
    0x00001c12   0x00001c12   0x00000002   PAD
    0x00001c14   0x00001c14   0x00000044   Code   RO          553    i.svc_alarma_iniciar  svc_alarma.o
    0x00001c58   0x00001c58   0x00000004   Code   RO          626    i.svc_random_iniciar  svc_random.o
    0x00001c5c   0x00001c5c   0x00000004   Code   RO          627    i.svc_random_value  svc_random.o
    0x00001c60   0x00001c60   0x00000010   Data   RO          280    .constdata          drv_botones.o
    0x00001c70   0x00001c70   0x00000010   Data   RO          353    .constdata          drv_leds.o
    0x00001c80   0x00001c80   0x00000010   Data   RO          398    .constdata          drv_monitor.o
    0x00001c90   0x00001c90   0x00000020   Data   RO         1273    Region$$Table       anon$$obj.o


    Execution Region RW_IRAM1 (Exec base: 0x20000000, Load base: 0x00001cb0, Size: 0x00004700, Max: 0x00040000, ABSOLUTE)

    Exec Addr    Load Addr    Size         Type   Attr      Idx    E Section Name        Object

    0x20000000   0x00001cb0   0x0000002c   Data   RW          144    .data               app_guitar_hero.o
    0x2000002c   0x00001cdc   0x00000008   Data   RW          281    .data               drv_botones.o
    0x20000034   0x00001ce4   0x00000004   Data   RW          319    .data               drv_consumo.o
    0x20000038   0x00001ce8   0x00000008   Data   RW          423    .data               drv_sc.o
    0x20000040   0x00001cf0   0x00000008   Data   RW          452    .data               drv_tiempo.o
    0x20000048   0x00001cf8   0x00000008   Data   RW          555    .data               svc_alarma.o
    0x20000050   0x00001d00   0x00000008   Data   RW          685    .data               rt_ge.o
    0x20000058   0x00001d08   0x0000001c   Data   RW          809    .data               hal_ext_int_nrf.o
    0x20000074   0x00001d24   0x00000004   PAD
    0x20000078   0x00001d28   0x00000010   Data   RW         1021    .data               hal_tiempo_nrf.o
    0x20000088   0x00001d38   0x00000001   Data   RW         1096    .data               hal_uart_nrf.o
    0x20000089   0x00001d39   0x00000003   PAD
    0x2000008c   0x00001d3c   0x00000004   Data   RW         1188    .data               system_nrf52.o
    0x20000090        -       0x00000020   Zero   RW          279    .bss                drv_botones.o
    0x200000b0        -       0x0000000c   Zero   RW          451    .bss                drv_tiempo.o
    0x200000bc        -       0x000000c8   Zero   RW          554    .bss                svc_alarma.o
    0x20000184   0x00001d40   0x00000004   PAD
    0x20000188        -       0x0000043c   Zero   RW          651    .bss                rt_fifo.o
    0x200005c4        -       0x00000138   Zero   RW          684    .bss                rt_ge.o
    0x200006fc   0x00001d40   0x00000004   PAD
    0x20000700        -       0x00004000   Zero   RW         1174    STACK               arm_startup_nrf52840.o


==============================================================================

Image component sizes


      Code (inc. data)   RO Data    RW Data    ZI Data      Debug   Object Name

      1448        400          0         44          0       9539   app_guitar_hero.o
        36          8        512          0      16384        868   arm_startup_nrf52840.o
       424         38         16          8         32       3849   drv_botones.o
        84         16          0          4          0       1818   drv_consumo.o
       164         18         16          0          0       3341   drv_leds.o
       120         14         16          0          0       2567   drv_monitor.o
        56         12          0          8          0       1165   drv_sc.o
       216         38          0          8         12       4541   drv_tiempo.o
       148          6          0          0          0       2537   drv_uart.o
        40          0          0          0          0       1045   drv_wdt.o
        38         10          0          0          0      36473   hal_consumo_nrf.o
       558         38          0         28          0      36816   hal_ext_int_nrf.o
        92         28          0          0          0       2209   hal_gpio_nrf.o
       152         18          0          0          0       1844   hal_random_nrf.o
        20          0          0          0          0       6240   hal_sc_nrf.o
       436         66          0         16          0      35976   hal_tiempo_nrf.o
       272         56          0          1          0       2112   hal_uart_nrf.o
        64         20          0          0          0       1033   hal_wdt_nrf.o
        92          4          0          0          0       9927   main.o
       300         24          0          0       1084       3238   rt_fifo.o
       556         42          0          8        312       4859   rt_ge.o
       530         74          0          8        200       4549   svc_alarma.o
         8          0          0          0          0       1052   svc_random.o
       640        140          0          4          0      61584   system_nrf52.o

    ----------------------------------------------------------------------
      6504       1070        592        144      18032     239182   Object Totals
         0          0         32          0          0          0   (incl. Generated)
        10          0          0          7          8          0   (incl. Padding)

    ----------------------------------------------------------------------

      Code (inc. data)   RO Data    RW Data    ZI Data      Debug   Library Member Name

         0          0          0          0          0          0   entry.o
         0          0          0          0          0          0   entry10a.o
         0          0          0          0          0          0   entry11a.o
         8          4          0          0          0          0   entry2.o
         4          0          0          0          0          0   entry5.o
         0          0          0          0          0          0   entry7b.o
         0          0          0          0          0          0   entry8b.o
         8          4          0          0          0          0   entry9a.o
        30          0          0          0          0          0   handlers.o
        36          8          0          0          0         68   init.o
        30          0          0          0          0         68   llshl.o
        32          0          0          0          0         68   llushr.o
        98          0          0          0          0         92   uldiv.o

    ----------------------------------------------------------------------
       248         16          0          0          0        296   Library Totals
         2          0          0          0          0          0   (incl. Padding)

    ----------------------------------------------------------------------

      Code (inc. data)   RO Data    RW Data    ZI Data      Debug   Library Name

       246         16          0          0          0        296   mc_w.l

    ----------------------------------------------------------------------
       248         16          0          0          0        296   Library Totals

    ----------------------------------------------------------------------

==============================================================================


      Code (inc. data)   RO Data    RW Data    ZI Data      Debug   

      6752       1086        592        144      18032     232130   Grand Totals
      6752       1086        592        144      18032     232130   ELF Image Totals
      6752       1086        592        144          0          0   ROM Totals

==============================================================================

    Total RO  Size (Code + RO Data)                 7344 (   7.17kB)
    Total RW  Size (RW Data + ZI Data)             18176 (  17.75kB)
    Total ROM Size (Code + RO Data + RW Data)       7488 (   7.31kB)

==============================================================================

